Overriding config with config/train_shakespeare_char.py:
# train a miniature character-level shakespeare model
# good for debugging and playing on macbooks and such

out_dir = 'out-shakespeare-char'
eval_interval = 250 # keep frequent because we'll overfit
eval_iters = 200
log_interval = 10 # don't print too too often

# we expect to overfit on this small dataset, so only save when val improves
always_save_checkpoint = False

wandb_log = False # override via command line if you like
wandb_project = 'shakespeare-char'
wandb_run_name = 'mini-gpt'

dataset = 'shakespeare_char'
gradient_accumulation_steps = 1
batch_size = 64
block_size = 256 # context of up to 256 previous characters

# baby GPT model :)
n_layer = 6
n_head = 6
n_embd = 384
dropout = 0.2

learning_rate = 1e-3 # with baby networks can afford to go a bit higher
max_iters = 5000
lr_decay_iters = 5000 # make equal to max_iters usually
min_lr = 1e-4 # learning_rate / 10 usually
beta2 = 0.99 # make a bit bigger because number of tokens per iter is small

warmup_iters = 100 # not super necessary potentially

# on macbook also add
# device = 'cpu'  # run on cpu only
# compile = False # do not torch compile the model

Overriding: device = cpu
Overriding: compile = False
Overriding: eval_iters = 200
Overriding: log_interval = 10
Overriding: block_size = 64
Overriding: batch_size = 12
Overriding: n_layer = 4
Overriding: n_head = 4
Overriding: n_embd = 128
Overriding: max_iters = 2000
Overriding: lr_decay_iters = 2000
Overriding: dropout = 0.0
Overriding: learning_rate = 0.008
Overriding: out_dir = runs/nope_lr8e-3
Overriding: pos_type = none
tokens per iteration will be: 768
found vocab_size = 65 (inside data/shakespeare_char/meta.pkl)
Initializing a new model from scratch
number of parameters: 0.80M
train.py:203: FutureWarning: `torch.cuda.amp.GradScaler(args...)` is deprecated. Please use `torch.amp.GradScaler('cuda', args...)` instead.
  scaler = torch.cuda.amp.GradScaler(enabled=(dtype == 'float16'))
.venv/lib/python3.13/site-packages/torch/cuda/amp/grad_scaler.py:31: UserWarning: torch.cuda.amp.GradScaler is enabled, but CUDA is not available.  Disabling.
  super().__init__(
num decayed parameter tensors: 17, with 794,752 parameters
num non-decayed parameter tensors: 9, with 1,152 parameters
using fused AdamW: False
step 0: train loss 4.1996, val loss 4.1984
iter 0: loss 4.1950, time 1450.10ms, mfu -100.00%
iter 10: loss 3.3724, time 12.28ms, mfu 0.10%
iter 20: loss 2.8693, time 12.32ms, mfu 0.10%
iter 30: loss 2.7252, time 12.57ms, mfu 0.10%
iter 40: loss 2.7049, time 12.67ms, mfu 0.10%
iter 50: loss 2.6603, time 12.54ms, mfu 0.10%
iter 60: loss 2.6481, time 12.57ms, mfu 0.10%
iter 70: loss 2.5800, time 13.01ms, mfu 0.10%
iter 80: loss 2.6156, time 13.45ms, mfu 0.10%
iter 90: loss 2.5521, time 13.60ms, mfu 0.10%
iter 100: loss 2.5909, time 12.77ms, mfu 0.10%
iter 110: loss 2.6126, time 12.56ms, mfu 0.10%
iter 120: loss 2.5076, time 13.81ms, mfu 0.10%
iter 130: loss 2.5603, time 15.10ms, mfu 0.10%
iter 140: loss 2.5159, time 14.68ms, mfu 0.10%
iter 150: loss 2.6013, time 14.95ms, mfu 0.10%
iter 160: loss 2.5247, time 14.56ms, mfu 0.10%
iter 170: loss 2.4980, time 14.79ms, mfu 0.09%
iter 180: loss 2.5072, time 15.87ms, mfu 0.09%
iter 190: loss 2.5361, time 15.63ms, mfu 0.09%
iter 200: loss 2.5317, time 15.59ms, mfu 0.09%
iter 210: loss 2.5883, time 15.80ms, mfu 0.09%
iter 220: loss 2.4807, time 16.32ms, mfu 0.09%
iter 230: loss 2.5211, time 14.10ms, mfu 0.09%
iter 240: loss 2.4337, time 15.42ms, mfu 0.09%
step 250: train loss 2.5087, val loss 2.4991
saving checkpoint to runs/nope_lr8e-3
iter 250: loss 2.4933, time 1795.14ms, mfu 0.08%
iter 260: loss 2.4118, time 14.12ms, mfu 0.08%
iter 270: loss 2.5411, time 13.95ms, mfu 0.08%
iter 280: loss 2.4401, time 15.18ms, mfu 0.08%
iter 290: loss 2.5661, time 14.55ms, mfu 0.08%
iter 300: loss 2.4183, time 16.09ms, mfu 0.08%
iter 310: loss 2.5173, time 13.83ms, mfu 0.08%
iter 320: loss 2.4391, time 14.57ms, mfu 0.08%
iter 330: loss 2.4160, time 14.72ms, mfu 0.08%
iter 340: loss 2.4728, time 15.66ms, mfu 0.08%
iter 350: loss 2.4114, time 14.98ms, mfu 0.08%
iter 360: loss 2.4749, time 14.99ms, mfu 0.08%
iter 370: loss 2.3667, time 14.32ms, mfu 0.08%
iter 380: loss 2.4729, time 14.82ms, mfu 0.08%
iter 390: loss 2.6106, time 15.03ms, mfu 0.08%
iter 400: loss 2.4669, time 14.60ms, mfu 0.08%
iter 410: loss 2.4631, time 15.09ms, mfu 0.08%
iter 420: loss 2.4039, time 14.39ms, mfu 0.09%
iter 430: loss 2.5201, time 15.54ms, mfu 0.08%
iter 440: loss 2.3858, time 14.18ms, mfu 0.09%
iter 450: loss 2.4967, time 15.05ms, mfu 0.09%
iter 460: loss 2.5284, time 14.35ms, mfu 0.09%
iter 470: loss 2.4282, time 15.28ms, mfu 0.09%
iter 480: loss 2.3486, time 13.38ms, mfu 0.09%
iter 490: loss 2.4312, time 16.13ms, mfu 0.09%
step 500: train loss 2.4339, val loss 2.4688
saving checkpoint to runs/nope_lr8e-3
iter 500: loss 2.4270, time 1812.66ms, mfu 0.08%
iter 510: loss 2.4304, time 16.83ms, mfu 0.08%
iter 520: loss 2.4503, time 13.99ms, mfu 0.08%
iter 530: loss 2.4444, time 14.33ms, mfu 0.08%
iter 540: loss 2.4088, time 14.89ms, mfu 0.08%
iter 550: loss 2.4448, time 14.55ms, mfu 0.08%
iter 560: loss 2.4764, time 14.85ms, mfu 0.08%
iter 570: loss 2.4047, time 15.49ms, mfu 0.08%
iter 580: loss 2.3663, time 15.19ms, mfu 0.08%
iter 590: loss 2.4422, time 14.58ms, mfu 0.08%
iter 600: loss 2.4685, time 15.63ms, mfu 0.08%
iter 610: loss 2.3895, time 14.38ms, mfu 0.08%
iter 620: loss 2.3500, time 15.09ms, mfu 0.08%
iter 630: loss 2.4263, time 14.24ms, mfu 0.08%
iter 640: loss 2.4311, time 15.04ms, mfu 0.08%
iter 650: loss 2.4716, time 14.25ms, mfu 0.08%
iter 660: loss 2.4784, time 14.82ms, mfu 0.08%
iter 670: loss 2.2862, time 14.68ms, mfu 0.08%
iter 680: loss 2.3927, time 14.69ms, mfu 0.08%
iter 690: loss 2.3670, time 14.17ms, mfu 0.09%
iter 700: loss 2.4625, time 15.21ms, mfu 0.09%
iter 710: loss 2.4488, time 15.59ms, mfu 0.08%
iter 720: loss 2.3504, time 14.30ms, mfu 0.09%
iter 730: loss 2.4346, time 15.24ms, mfu 0.09%
iter 740: loss 2.4491, time 13.95ms, mfu 0.09%
step 750: train loss 2.3998, val loss 2.4286
saving checkpoint to runs/nope_lr8e-3
iter 750: loss 2.3836, time 1792.42ms, mfu 0.08%
iter 760: loss 2.4234, time 14.61ms, mfu 0.08%
iter 770: loss 2.3446, time 14.49ms, mfu 0.08%
iter 780: loss 2.3668, time 14.31ms, mfu 0.08%
iter 790: loss 2.3916, time 14.62ms, mfu 0.08%
iter 800: loss 2.4605, time 15.84ms, mfu 0.08%
iter 810: loss 2.3184, time 14.35ms, mfu 0.08%
iter 820: loss 2.3166, time 14.55ms, mfu 0.08%
iter 830: loss 2.3677, time 14.66ms, mfu 0.08%
iter 840: loss 2.3271, time 14.46ms, mfu 0.08%
iter 850: loss 2.3632, time 15.17ms, mfu 0.08%
iter 860: loss 2.4287, time 14.34ms, mfu 0.08%
iter 870: loss 2.3898, time 15.57ms, mfu 0.08%
iter 880: loss 2.2496, time 14.68ms, mfu 0.08%
iter 890: loss 2.3898, time 22.87ms, mfu 0.08%
iter 900: loss 2.4307, time 24.03ms, mfu 0.08%
iter 910: loss 2.3307, time 15.76ms, mfu 0.08%
iter 920: loss 2.4550, time 14.64ms, mfu 0.08%
iter 930: loss 2.3969, time 14.79ms, mfu 0.08%
iter 940: loss 2.3286, time 15.05ms, mfu 0.08%
iter 950: loss 2.3109, time 16.21ms, mfu 0.08%
iter 960: loss 2.3899, time 15.24ms, mfu 0.08%
iter 970: loss 2.3462, time 15.67ms, mfu 0.08%
iter 980: loss 2.3513, time 15.99ms, mfu 0.08%
iter 990: loss 2.3926, time 14.91ms, mfu 0.08%
step 1000: train loss 2.3530, val loss 2.3765
saving checkpoint to runs/nope_lr8e-3
iter 1000: loss 2.3413, time 1817.68ms, mfu 0.07%
iter 1010: loss 2.4177, time 15.00ms, mfu 0.07%
iter 1020: loss 2.3173, time 14.15ms, mfu 0.08%
iter 1030: loss 2.3497, time 15.14ms, mfu 0.08%
iter 1040: loss 2.3503, time 14.27ms, mfu 0.08%
iter 1050: loss 2.3533, time 15.62ms, mfu 0.08%
iter 1060: loss 2.3367, time 14.66ms, mfu 0.08%
iter 1070: loss 2.3816, time 15.72ms, mfu 0.08%
iter 1080: loss 2.3750, time 15.54ms, mfu 0.08%
iter 1090: loss 2.2933, time 15.34ms, mfu 0.08%
iter 1100: loss 2.2754, time 13.98ms, mfu 0.08%
iter 1110: loss 2.2526, time 15.09ms, mfu 0.08%
iter 1120: loss 2.2966, time 15.42ms, mfu 0.08%
iter 1130: loss 2.3382, time 14.16ms, mfu 0.08%
iter 1140: loss 2.3944, time 14.44ms, mfu 0.08%
iter 1150: loss 2.3504, time 14.20ms, mfu 0.08%
iter 1160: loss 2.2855, time 15.68ms, mfu 0.08%
iter 1170: loss 2.2320, time 13.31ms, mfu 0.08%
iter 1180: loss 2.3408, time 14.94ms, mfu 0.08%
iter 1190: loss 2.2551, time 15.39ms, mfu 0.08%
iter 1200: loss 2.2038, time 14.90ms, mfu 0.08%
iter 1210: loss 2.2099, time 15.07ms, mfu 0.08%
iter 1220: loss 2.2127, time 14.31ms, mfu 0.08%
iter 1230: loss 2.2785, time 17.84ms, mfu 0.08%
iter 1240: loss 2.2702, time 15.17ms, mfu 0.08%
step 1250: train loss 2.2642, val loss 2.3024
saving checkpoint to runs/nope_lr8e-3
iter 1250: loss 2.2725, time 1819.55ms, mfu 0.08%
iter 1260: loss 2.1818, time 14.99ms, mfu 0.08%
iter 1270: loss 2.2530, time 14.73ms, mfu 0.08%
iter 1280: loss 2.3034, time 15.56ms, mfu 0.08%
iter 1290: loss 2.2404, time 14.49ms, mfu 0.08%
iter 1300: loss 2.2309, time 14.73ms, mfu 0.08%
iter 1310: loss 2.2245, time 14.89ms, mfu 0.08%
iter 1320: loss 2.2869, time 18.77ms, mfu 0.08%
iter 1330: loss 2.1807, time 15.19ms, mfu 0.08%
iter 1340: loss 2.1209, time 14.58ms, mfu 0.08%
iter 1350: loss 2.2540, time 15.27ms, mfu 0.08%
iter 1360: loss 2.2344, time 15.25ms, mfu 0.08%
iter 1370: loss 2.2348, time 15.50ms, mfu 0.08%
iter 1380: loss 2.2677, time 16.56ms, mfu 0.08%
iter 1390: loss 2.2725, time 14.22ms, mfu 0.08%
iter 1400: loss 2.2612, time 15.68ms, mfu 0.08%
iter 1410: loss 2.2192, time 14.37ms, mfu 0.08%
iter 1420: loss 2.1762, time 15.45ms, mfu 0.08%
iter 1430: loss 2.2914, time 14.17ms, mfu 0.08%
iter 1440: loss 2.2728, time 14.51ms, mfu 0.08%
iter 1450: loss 2.2948, time 15.40ms, mfu 0.08%
iter 1460: loss 2.2079, time 14.37ms, mfu 0.08%
iter 1470: loss 2.2190, time 15.15ms, mfu 0.08%
iter 1480: loss 2.2135, time 14.10ms, mfu 0.08%
iter 1490: loss 2.1383, time 14.67ms, mfu 0.08%
step 1500: train loss 2.2015, val loss 2.2583
saving checkpoint to runs/nope_lr8e-3
iter 1500: loss 2.1314, time 1824.27ms, mfu 0.08%
iter 1510: loss 2.2180, time 13.89ms, mfu 0.08%
iter 1520: loss 2.2692, time 15.77ms, mfu 0.08%
iter 1530: loss 2.1500, time 14.78ms, mfu 0.08%
iter 1540: loss 2.2458, time 15.16ms, mfu 0.08%
iter 1550: loss 2.1612, time 15.11ms, mfu 0.08%
iter 1560: loss 2.2695, time 18.45ms, mfu 0.08%
iter 1570: loss 2.2356, time 15.57ms, mfu 0.08%
iter 1580: loss 2.1645, time 14.43ms, mfu 0.08%
iter 1590: loss 2.1375, time 15.38ms, mfu 0.08%
iter 1600: loss 2.2223, time 14.87ms, mfu 0.08%
iter 1610: loss 2.2050, time 14.40ms, mfu 0.08%
iter 1620: loss 2.1039, time 14.96ms, mfu 0.08%
iter 1630: loss 2.1650, time 14.15ms, mfu 0.08%
iter 1640: loss 2.1787, time 15.66ms, mfu 0.08%
iter 1650: loss 2.1886, time 14.83ms, mfu 0.08%
iter 1660: loss 2.0821, time 15.71ms, mfu 0.08%
iter 1670: loss 2.1620, time 14.82ms, mfu 0.08%
iter 1680: loss 2.2320, time 15.24ms, mfu 0.08%
iter 1690: loss 2.1701, time 15.21ms, mfu 0.08%
iter 1700: loss 2.0905, time 14.17ms, mfu 0.08%
iter 1710: loss 2.1664, time 15.04ms, mfu 0.08%
iter 1720: loss 2.1420, time 15.11ms, mfu 0.08%
iter 1730: loss 2.1879, time 15.46ms, mfu 0.08%
iter 1740: loss 2.0721, time 13.66ms, mfu 0.08%
step 1750: train loss 2.1665, val loss 2.2269
saving checkpoint to runs/nope_lr8e-3
iter 1750: loss 2.1342, time 1908.77ms, mfu 0.08%
iter 1760: loss 2.1245, time 14.84ms, mfu 0.08%
iter 1770: loss 2.0725, time 18.19ms, mfu 0.08%
iter 1780: loss 2.2189, time 16.21ms, mfu 0.08%
iter 1790: loss 2.0975, time 16.74ms, mfu 0.08%
iter 1800: loss 2.2192, time 15.14ms, mfu 0.08%
iter 1810: loss 2.2471, time 16.03ms, mfu 0.08%
iter 1820: loss 2.1710, time 15.40ms, mfu 0.08%
iter 1830: loss 2.1526, time 15.79ms, mfu 0.08%
iter 1840: loss 2.1995, time 16.18ms, mfu 0.08%
iter 1850: loss 2.2081, time 15.37ms, mfu 0.08%
iter 1860: loss 2.0949, time 16.90ms, mfu 0.08%
iter 1870: loss 2.1825, time 16.39ms, mfu 0.08%
iter 1880: loss 2.2393, time 15.74ms, mfu 0.08%
iter 1890: loss 2.1264, time 16.41ms, mfu 0.08%
iter 1900: loss 2.1904, time 14.61ms, mfu 0.08%
iter 1910: loss 2.1407, time 15.86ms, mfu 0.08%
iter 1920: loss 2.2819, time 15.91ms, mfu 0.08%
iter 1930: loss 2.1786, time 15.74ms, mfu 0.08%
iter 1940: loss 2.2016, time 15.57ms, mfu 0.08%
iter 1950: loss 2.1738, time 15.59ms, mfu 0.08%
iter 1960: loss 2.1465, time 15.56ms, mfu 0.08%
iter 1970: loss 2.0945, time 16.33ms, mfu 0.08%
iter 1980: loss 2.1712, time 15.76ms, mfu 0.08%
iter 1990: loss 2.1303, time 15.04ms, mfu 0.08%
step 2000: train loss 2.1519, val loss 2.2046
saving checkpoint to runs/nope_lr8e-3
iter 2000: loss 2.0999, time 1911.79ms, mfu 0.07%
