Overriding config with config/train_shakespeare_char.py:
# train a miniature character-level shakespeare model
# good for debugging and playing on macbooks and such

out_dir = 'out-shakespeare-char'
eval_interval = 250 # keep frequent because we'll overfit
eval_iters = 200
log_interval = 10 # don't print too too often

# we expect to overfit on this small dataset, so only save when val improves
always_save_checkpoint = False

wandb_log = False # override via command line if you like
wandb_project = 'shakespeare-char'
wandb_run_name = 'mini-gpt'

dataset = 'shakespeare_char'
gradient_accumulation_steps = 1
batch_size = 64
block_size = 256 # context of up to 256 previous characters

# baby GPT model :)
n_layer = 6
n_head = 6
n_embd = 384
dropout = 0.2

learning_rate = 1e-3 # with baby networks can afford to go a bit higher
max_iters = 5000
lr_decay_iters = 5000 # make equal to max_iters usually
min_lr = 1e-4 # learning_rate / 10 usually
beta2 = 0.99 # make a bit bigger because number of tokens per iter is small

warmup_iters = 100 # not super necessary potentially

# on macbook also add
# device = 'cpu'  # run on cpu only
# compile = False # do not torch compile the model

Overriding: learning_rate = 0.002
Overriding: out_dir = runs_full/swiglu_lr2e-3
Overriding: mlp_type = swiglu
tokens per iteration will be: 16,384
found vocab_size = 65 (inside data/shakespeare_char/meta.pkl)
Initializing a new model from scratch
number of parameters: 10.65M
/scratch/guo.jiayin/nanoGPT/train.py:203: FutureWarning: `torch.cuda.amp.GradScaler(args...)` is deprecated. Please use `torch.amp.GradScaler('cuda', args...)` instead.
  scaler = torch.cuda.amp.GradScaler(enabled=(dtype == 'float16'))
num decayed parameter tensors: 32, with 10,740,096 parameters
num non-decayed parameter tensors: 13, with 4,992 parameters
using fused AdamW: True
compiling the model... (takes a ~minute)
step 0: train loss 4.3300, val loss 4.3197
iter 0: loss 4.3276, time 9697.70ms, mfu -100.00%
iter 10: loss 3.2769, time 8.14ms, mfu 45.77%
iter 20: loss 2.7013, time 12.03ms, mfu 44.29%
iter 30: loss 2.5486, time 7.64ms, mfu 44.73%
iter 40: loss 2.5015, time 7.86ms, mfu 45.00%
iter 50: loss 2.4825, time 7.31ms, mfu 45.60%
iter 60: loss 2.4677, time 7.71ms, mfu 45.88%
iter 70: loss 2.4461, time 9.80ms, mfu 45.09%
iter 80: loss 2.4544, time 7.83ms, mfu 45.34%
iter 90: loss 2.4406, time 8.70ms, mfu 45.09%
iter 100: loss 2.4179, time 7.36ms, mfu 45.64%
iter 110: loss 2.3879, time 11.61ms, mfu 44.29%
iter 120: loss 2.3754, time 8.72ms, mfu 44.13%
iter 130: loss 2.3505, time 7.71ms, mfu 44.55%
iter 140: loss 2.3272, time 8.75ms, mfu 44.36%
iter 150: loss 2.2627, time 8.15ms, mfu 44.49%
iter 160: loss 2.2450, time 7.74ms, mfu 44.86%
iter 170: loss 2.1742, time 8.13ms, mfu 44.95%
iter 180: loss 2.0880, time 8.66ms, mfu 44.76%
iter 190: loss 2.0658, time 6.90ms, mfu 45.68%
iter 200: loss 2.0061, time 8.24ms, mfu 45.64%
iter 210: loss 1.9505, time 8.73ms, mfu 45.34%
iter 220: loss 1.9309, time 8.74ms, mfu 45.08%
iter 230: loss 1.8661, time 8.52ms, mfu 44.94%
iter 240: loss 1.8435, time 8.12ms, mfu 45.03%
step 250: train loss 1.7466, val loss 1.9002
saving checkpoint to runs_full/swiglu_lr2e-3
iter 250: loss 1.8364, time 4986.22ms, mfu 40.54%
iter 260: loss 1.8225, time 8.23ms, mfu 41.01%
iter 270: loss 1.7721, time 8.17ms, mfu 41.47%
iter 280: loss 1.7653, time 7.92ms, mfu 42.03%
iter 290: loss 1.7520, time 7.55ms, mfu 42.76%
iter 300: loss 1.7540, time 8.78ms, mfu 42.72%
iter 310: loss 1.7373, time 11.33ms, mfu 41.74%
iter 320: loss 1.7080, time 10.59ms, mfu 41.09%
iter 330: loss 1.6947, time 8.69ms, mfu 41.26%
iter 340: loss 1.7041, time 7.58ms, mfu 42.06%
iter 350: loss 1.6281, time 7.72ms, mfu 42.67%
iter 360: loss 1.6374, time 8.29ms, mfu 42.90%
iter 370: loss 1.6549, time 9.33ms, mfu 42.60%
iter 380: loss 1.6435, time 7.90ms, mfu 43.06%
iter 390: loss 1.6514, time 9.86ms, mfu 42.53%
iter 400: loss 1.6323, time 7.77ms, mfu 43.08%
iter 410: loss 1.6559, time 7.61ms, mfu 43.66%
iter 420: loss 1.5954, time 9.15ms, mfu 43.37%
iter 430: loss 1.5990, time 8.18ms, mfu 43.58%
iter 440: loss 1.6086, time 8.53ms, mfu 43.59%
iter 450: loss 1.6094, time 7.54ms, mfu 44.18%
iter 460: loss 1.5639, time 8.69ms, mfu 44.05%
iter 470: loss 1.6090, time 7.46ms, mfu 44.64%
iter 480: loss 1.5922, time 9.22ms, mfu 44.22%
iter 490: loss 1.5637, time 7.34ms, mfu 44.88%
step 500: train loss 1.4741, val loss 1.6900
saving checkpoint to runs_full/swiglu_lr2e-3
iter 500: loss 1.5739, time 5256.27ms, mfu 40.39%
iter 510: loss 1.5645, time 9.15ms, mfu 40.43%
iter 520: loss 1.5781, time 8.23ms, mfu 40.91%
iter 530: loss 1.5424, time 7.03ms, mfu 42.12%
iter 540: loss 1.5346, time 7.80ms, mfu 42.69%
iter 550: loss 1.5592, time 7.64ms, mfu 43.30%
iter 560: loss 1.5073, time 7.97ms, mfu 43.64%
iter 570: loss 1.5034, time 7.15ms, mfu 44.49%
iter 580: loss 1.4956, time 7.46ms, mfu 45.03%
iter 590: loss 1.5367, time 9.35ms, mfu 44.52%
iter 600: loss 1.4800, time 7.94ms, mfu 44.76%
iter 610: loss 1.4996, time 8.39ms, mfu 44.72%
iter 620: loss 1.4739, time 10.16ms, mfu 43.92%
iter 630: loss 1.5038, time 8.96ms, mfu 43.69%
iter 640: loss 1.4957, time 8.54ms, mfu 43.68%
iter 650: loss 1.4713, time 11.32ms, mfu 42.61%
iter 660: loss 1.4844, time 10.74ms, mfu 41.82%
iter 670: loss 1.4658, time 10.35ms, mfu 41.23%
iter 680: loss 1.4489, time 8.97ms, mfu 41.26%
iter 690: loss 1.4498, time 11.04ms, mfu 40.51%
iter 700: loss 1.4421, time 10.79ms, mfu 39.92%
iter 710: loss 1.4242, time 11.20ms, mfu 39.25%
iter 720: loss 1.4346, time 10.65ms, mfu 38.83%
iter 730: loss 1.4199, time 9.76ms, mfu 38.76%
iter 740: loss 1.4365, time 9.85ms, mfu 38.67%
step 750: train loss 1.3401, val loss 1.5816
saving checkpoint to runs_full/swiglu_lr2e-3
iter 750: loss 1.4286, time 6736.54ms, mfu 34.81%
iter 760: loss 1.4141, time 10.13ms, mfu 35.00%
iter 770: loss 1.4199, time 10.42ms, mfu 35.08%
iter 780: loss 1.4102, time 9.20ms, mfu 35.62%
iter 790: loss 1.4045, time 10.38ms, mfu 35.65%
iter 800: loss 1.4250, time 9.83ms, mfu 35.88%
iter 810: loss 1.3928, time 8.76ms, mfu 36.54%
iter 820: loss 1.3612, time 8.55ms, mfu 37.25%
iter 830: loss 1.3684, time 8.58ms, mfu 37.86%
iter 840: loss 1.4061, time 8.84ms, mfu 38.29%
iter 850: loss 1.3822, time 9.21ms, mfu 38.51%
iter 860: loss 1.3734, time 9.57ms, mfu 38.55%
iter 870: loss 1.3957, time 8.73ms, mfu 38.96%
iter 880: loss 1.3445, time 8.40ms, mfu 39.50%
iter 890: loss 1.3828, time 7.91ms, mfu 40.26%
iter 900: loss 1.3347, time 8.07ms, mfu 40.85%
iter 910: loss 1.3339, time 8.48ms, mfu 41.16%
iter 920: loss 1.3666, time 8.29ms, mfu 41.54%
iter 930: loss 1.3348, time 8.56ms, mfu 41.74%
iter 940: loss 1.3639, time 10.10ms, mfu 41.26%
iter 950: loss 1.3786, time 10.07ms, mfu 40.83%
iter 960: loss 1.3331, time 10.21ms, mfu 40.40%
iter 970: loss 1.3501, time 8.32ms, mfu 40.83%
iter 980: loss 1.3483, time 9.19ms, mfu 40.80%
iter 990: loss 1.3251, time 9.03ms, mfu 40.85%
step 1000: train loss 1.2595, val loss 1.5338
saving checkpoint to runs_full/swiglu_lr2e-3
iter 1000: loss 1.3271, time 5831.57ms, mfu 36.77%
iter 1010: loss 1.3427, time 12.06ms, mfu 36.18%
iter 1020: loss 1.2800, time 7.50ms, mfu 37.53%
iter 1030: loss 1.3270, time 8.26ms, mfu 38.29%
iter 1040: loss 1.3082, time 8.44ms, mfu 38.87%
iter 1050: loss 1.3180, time 9.08ms, mfu 39.09%
iter 1060: loss 1.3033, time 9.80ms, mfu 38.99%
iter 1070: loss 1.3247, time 8.41ms, mfu 39.52%
iter 1080: loss 1.2954, time 8.46ms, mfu 39.97%
iter 1090: loss 1.3292, time 8.98ms, mfu 40.12%
iter 1100: loss 1.3224, time 7.81ms, mfu 40.88%
iter 1110: loss 1.3180, time 9.35ms, mfu 40.78%
iter 1120: loss 1.2895, time 9.59ms, mfu 40.59%
iter 1130: loss 1.3147, time 9.03ms, mfu 40.65%
iter 1140: loss 1.2891, time 8.43ms, mfu 41.01%
iter 1150: loss 1.3654, time 8.57ms, mfu 41.25%
iter 1160: loss 1.3254, time 7.52ms, mfu 42.09%
iter 1170: loss 1.3316, time 7.73ms, mfu 42.70%
iter 1180: loss 1.3131, time 9.00ms, mfu 42.57%
iter 1190: loss 1.3169, time 10.81ms, mfu 41.76%
iter 1200: loss 1.2739, time 9.58ms, mfu 41.47%
iter 1210: loss 1.2884, time 7.56ms, mfu 42.25%
iter 1220: loss 1.2787, time 11.59ms, mfu 41.24%
iter 1230: loss 1.2969, time 10.75ms, mfu 40.58%
iter 1240: loss 1.3055, time 11.23ms, mfu 39.84%
step 1250: train loss 1.1938, val loss 1.5005
saving checkpoint to runs_full/swiglu_lr2e-3
iter 1250: loss 1.2821, time 5352.30ms, mfu 35.87%
iter 1260: loss 1.2711, time 9.04ms, mfu 36.40%
iter 1270: loss 1.2862, time 8.92ms, mfu 36.94%
iter 1280: loss 1.2599, time 9.72ms, mfu 37.08%
iter 1290: loss 1.2724, time 10.21ms, mfu 37.02%
iter 1300: loss 1.2685, time 10.73ms, mfu 36.79%
iter 1310: loss 1.2937, time 9.03ms, mfu 37.24%
iter 1320: loss 1.3035, time 10.59ms, mfu 37.04%
iter 1330: loss 1.2861, time 9.03ms, mfu 37.46%
iter 1340: loss 1.2375, time 8.21ms, mfu 38.25%
iter 1350: loss 1.2815, time 10.92ms, mfu 37.84%
iter 1360: loss 1.2805, time 8.06ms, mfu 38.68%
iter 1370: loss 1.2480, time 9.71ms, mfu 38.65%
iter 1380: loss 1.2776, time 9.03ms, mfu 38.91%
iter 1390: loss 1.2657, time 7.96ms, mfu 39.70%
iter 1400: loss 1.2264, time 8.59ms, mfu 40.07%
iter 1410: loss 1.2739, time 7.98ms, mfu 40.73%
iter 1420: loss 1.2420, time 8.07ms, mfu 41.28%
iter 1430: loss 1.2111, time 7.30ms, mfu 42.25%
iter 1440: loss 1.2303, time 9.93ms, mfu 41.78%
iter 1450: loss 1.2601, time 7.99ms, mfu 42.27%
iter 1460: loss 1.2120, time 9.47ms, mfu 41.98%
iter 1470: loss 1.2218, time 8.10ms, mfu 42.38%
iter 1480: loss 1.2728, time 7.49ms, mfu 43.12%
iter 1490: loss 1.2194, time 8.16ms, mfu 43.37%
step 1500: train loss 1.1461, val loss 1.4869
saving checkpoint to runs_full/swiglu_lr2e-3
iter 1500: loss 1.1932, time 5864.55ms, mfu 39.04%
iter 1510: loss 1.2098, time 9.13ms, mfu 39.22%
iter 1520: loss 1.2251, time 8.02ms, mfu 39.94%
iter 1530: loss 1.2437, time 8.04ms, mfu 40.58%
iter 1540: loss 1.2446, time 9.76ms, mfu 40.34%
iter 1550: loss 1.2203, time 8.58ms, mfu 40.65%
iter 1560: loss 1.2203, time 9.44ms, mfu 40.54%
iter 1570: loss 1.1908, time 9.36ms, mfu 40.46%
iter 1580: loss 1.2021, time 10.35ms, mfu 40.02%
iter 1590: loss 1.2141, time 8.94ms, mfu 40.18%
iter 1600: loss 1.1855, time 14.91ms, mfu 38.66%
iter 1610: loss 1.2149, time 9.67ms, mfu 38.65%
iter 1620: loss 1.2306, time 10.00ms, mfu 38.51%
iter 1630: loss 1.1914, time 9.30ms, mfu 38.67%
iter 1640: loss 1.2309, time 13.00ms, mfu 37.67%
iter 1650: loss 1.1981, time 7.50ms, mfu 38.87%
iter 1660: loss 1.2023, time 9.13ms, mfu 39.07%
iter 1670: loss 1.2058, time 11.24ms, mfu 38.47%
iter 1680: loss 1.1922, time 7.97ms, mfu 39.30%
iter 1690: loss 1.2160, time 9.55ms, mfu 39.27%
iter 1700: loss 1.1726, time 8.53ms, mfu 39.71%
iter 1710: loss 1.1742, time 7.72ms, mfu 40.57%
iter 1720: loss 1.1824, time 8.34ms, mfu 40.98%
iter 1730: loss 1.1953, time 14.09ms, mfu 39.53%
iter 1740: loss 1.1965, time 7.49ms, mfu 40.55%
step 1750: train loss 1.1035, val loss 1.4906
iter 1750: loss 1.1946, time 2840.10ms, mfu 36.51%
iter 1760: loss 1.1918, time 8.39ms, mfu 37.30%
iter 1770: loss 1.1784, time 9.24ms, mfu 37.60%
iter 1780: loss 1.1950, time 8.35ms, mfu 38.30%
iter 1790: loss 1.1968, time 9.07ms, mfu 38.58%
iter 1800: loss 1.1736, time 8.01ms, mfu 39.38%
iter 1810: loss 1.1840, time 8.97ms, mfu 39.59%
iter 1820: loss 1.1362, time 10.77ms, mfu 39.09%
iter 1830: loss 1.1597, time 10.33ms, mfu 38.79%
iter 1840: loss 1.1472, time 7.65ms, mfu 39.78%
iter 1850: loss 1.1739, time 8.68ms, mfu 40.10%
iter 1860: loss 1.1627, time 9.51ms, mfu 40.01%
iter 1870: loss 1.1786, time 7.86ms, mfu 40.75%
iter 1880: loss 1.1550, time 7.98ms, mfu 41.35%
iter 1890: loss 1.1693, time 7.67ms, mfu 42.07%
iter 1900: loss 1.1678, time 7.97ms, mfu 42.54%
iter 1910: loss 1.1512, time 11.01ms, mfu 41.67%
iter 1920: loss 1.1666, time 8.90ms, mfu 41.69%
iter 1930: loss 1.1731, time 8.70ms, mfu 41.80%
iter 1940: loss 1.1542, time 9.94ms, mfu 41.37%
iter 1950: loss 1.1630, time 8.57ms, mfu 41.58%
iter 1960: loss 1.1642, time 9.25ms, mfu 41.45%
iter 1970: loss 1.1707, time 7.71ms, mfu 42.14%
iter 1980: loss 1.1863, time 7.66ms, mfu 42.80%
iter 1990: loss 1.1208, time 9.56ms, mfu 42.41%
step 2000: train loss 1.0527, val loss 1.4853
saving checkpoint to runs_full/swiglu_lr2e-3
iter 2000: loss 1.1977, time 5221.91ms, mfu 38.18%
iter 2010: loss 1.1593, time 11.34ms, mfu 37.65%
iter 2020: loss 1.1613, time 9.07ms, mfu 37.99%
iter 2030: loss 1.1350, time 7.00ms, mfu 39.51%
iter 2040: loss 1.1312, time 9.20ms, mfu 39.62%
iter 2050: loss 1.1276, time 7.59ms, mfu 40.56%
iter 2060: loss 1.1246, time 8.64ms, mfu 40.82%
iter 2070: loss 1.1372, time 8.54ms, mfu 41.10%
iter 2080: loss 1.1456, time 8.85ms, mfu 41.20%
iter 2090: loss 1.1013, time 7.29ms, mfu 42.19%
iter 2100: loss 1.1386, time 10.24ms, mfu 41.61%
iter 2110: loss 1.1019, time 10.51ms, mfu 40.99%
iter 2120: loss 1.0916, time 8.92ms, mfu 41.07%
iter 2130: loss 1.1419, time 7.19ms, mfu 42.15%
iter 2140: loss 1.1317, time 9.85ms, mfu 41.71%
iter 2150: loss 1.0854, time 7.93ms, mfu 42.24%
iter 2160: loss 1.1057, time 8.23ms, mfu 42.55%
iter 2170: loss 1.1146, time 8.90ms, mfu 42.48%
iter 2180: loss 1.1311, time 7.44ms, mfu 43.24%
iter 2190: loss 1.1126, time 10.71ms, mfu 42.39%
iter 2200: loss 1.1395, time 8.94ms, mfu 42.32%
iter 2210: loss 1.1149, time 10.50ms, mfu 41.64%
iter 2220: loss 1.1128, time 7.46ms, mfu 42.47%
iter 2230: loss 1.1140, time 7.77ms, mfu 43.02%
iter 2240: loss 1.1275, time 9.74ms, mfu 42.54%
step 2250: train loss 1.0087, val loss 1.5173
iter 2250: loss 1.0700, time 2951.83ms, mfu 38.30%
iter 2260: loss 1.1121, time 10.53ms, mfu 38.01%
iter 2270: loss 1.1240, time 7.55ms, mfu 39.14%
iter 2280: loss 1.0878, time 7.39ms, mfu 40.27%
iter 2290: loss 1.1042, time 7.16ms, mfu 41.45%
iter 2300: loss 1.1244, time 7.36ms, mfu 42.37%
iter 2310: loss 1.1235, time 10.26ms, mfu 41.76%
iter 2320: loss 1.0922, time 7.62ms, mfu 42.48%
iter 2330: loss 1.1371, time 8.55ms, mfu 42.59%
iter 2340: loss 1.0981, time 9.51ms, mfu 42.25%
iter 2350: loss 1.0855, time 8.10ms, mfu 42.63%
iter 2360: loss 1.0750, time 8.94ms, mfu 42.53%
iter 2370: loss 1.1294, time 10.02ms, mfu 41.99%
iter 2380: loss 1.0805, time 10.27ms, mfu 41.42%
iter 2390: loss 1.0924, time 7.69ms, mfu 42.12%
iter 2400: loss 1.0732, time 9.34ms, mfu 41.90%
iter 2410: loss 1.0810, time 7.90ms, mfu 42.43%
iter 2420: loss 1.1103, time 7.96ms, mfu 42.86%
iter 2430: loss 1.1061, time 7.06ms, mfu 43.86%
iter 2440: loss 1.0853, time 9.02ms, mfu 43.60%
iter 2450: loss 1.0702, time 9.02ms, mfu 43.37%
iter 2460: loss 1.0696, time 7.31ms, mfu 44.13%
iter 2470: loss 1.0484, time 8.73ms, mfu 43.98%
iter 2480: loss 1.0974, time 7.65ms, mfu 44.46%
iter 2490: loss 1.0963, time 7.30ms, mfu 45.12%
step 2500: train loss 0.9654, val loss 1.5225
iter 2500: loss 1.1003, time 3027.38ms, mfu 40.62%
iter 2510: loss 1.0934, time 10.31ms, mfu 40.17%
iter 2520: loss 1.0773, time 7.71ms, mfu 40.99%
iter 2530: loss 1.0771, time 8.20ms, mfu 41.43%
iter 2540: loss 1.0760, time 7.73ms, mfu 42.11%
iter 2550: loss 1.0850, time 7.87ms, mfu 42.64%
iter 2560: loss 1.0562, time 9.29ms, mfu 42.38%
iter 2570: loss 1.0570, time 7.13ms, mfu 43.37%
iter 2580: loss 1.0701, time 17.87ms, mfu 41.12%
iter 2590: loss 1.0329, time 19.46ms, mfu 38.92%
iter 2600: loss 1.0292, time 7.63ms, mfu 39.92%
iter 2610: loss 1.0471, time 7.49ms, mfu 40.90%
iter 2620: loss 1.0321, time 8.28ms, mfu 41.31%
iter 2630: loss 1.0559, time 9.03ms, mfu 41.31%
iter 2640: loss 1.0355, time 9.55ms, mfu 41.08%
iter 2650: loss 1.0570, time 8.29ms, mfu 41.46%
iter 2660: loss 1.0791, time 7.50ms, mfu 42.28%
iter 2670: loss 1.0473, time 7.87ms, mfu 42.79%
iter 2680: loss 1.0425, time 8.26ms, mfu 43.02%
iter 2690: loss 0.9960, time 8.07ms, mfu 43.33%
iter 2700: loss 1.0237, time 10.16ms, mfu 42.66%
iter 2710: loss 1.0306, time 9.89ms, mfu 42.16%
iter 2720: loss 1.0096, time 8.13ms, mfu 42.53%
iter 2730: loss 1.0398, time 7.65ms, mfu 43.15%
iter 2740: loss 1.0157, time 9.35ms, mfu 42.82%
step 2750: train loss 0.9165, val loss 1.5284
iter 2750: loss 0.9993, time 2961.37ms, mfu 38.55%
iter 2760: loss 1.0219, time 8.87ms, mfu 38.90%
iter 2770: loss 1.0418, time 9.17ms, mfu 39.07%
iter 2780: loss 1.0343, time 8.42ms, mfu 39.59%
iter 2790: loss 1.0172, time 10.17ms, mfu 39.29%
iter 2800: loss 1.0397, time 9.01ms, mfu 39.50%
iter 2810: loss 1.0126, time 8.54ms, mfu 39.91%
iter 2820: loss 1.0032, time 9.08ms, mfu 40.02%
iter 2830: loss 1.0590, time 8.56ms, mfu 40.38%
iter 2840: loss 1.0157, time 8.90ms, mfu 40.53%
iter 2850: loss 1.0031, time 9.96ms, mfu 40.22%
iter 2860: loss 0.9799, time 8.71ms, mfu 40.47%
iter 2870: loss 1.0017, time 8.65ms, mfu 40.73%
iter 2880: loss 1.0155, time 9.27ms, mfu 40.68%
iter 2890: loss 1.0173, time 8.06ms, mfu 41.23%
iter 2900: loss 1.0002, time 9.14ms, mfu 41.19%
iter 2910: loss 0.9947, time 9.05ms, mfu 41.19%
iter 2920: loss 1.0081, time 8.26ms, mfu 41.58%
iter 2930: loss 1.0096, time 9.81ms, mfu 41.22%
iter 2940: loss 0.9820, time 7.77ms, mfu 41.89%
iter 2950: loss 0.9813, time 10.97ms, mfu 41.10%
iter 2960: loss 1.0104, time 9.81ms, mfu 40.78%
iter 2970: loss 0.9997, time 9.61ms, mfu 40.58%
iter 2980: loss 1.0077, time 10.15ms, mfu 40.19%
iter 2990: loss 1.0327, time 7.60ms, mfu 41.07%
step 3000: train loss 0.8641, val loss 1.5633
iter 3000: loss 0.9654, time 3106.51ms, mfu 36.98%
iter 3010: loss 1.0083, time 7.91ms, mfu 37.99%
iter 3020: loss 0.9950, time 7.70ms, mfu 39.03%
iter 3030: loss 0.9852, time 7.89ms, mfu 39.85%
iter 3040: loss 0.9957, time 8.68ms, mfu 40.16%
iter 3050: loss 0.9763, time 8.69ms, mfu 40.43%
iter 3060: loss 0.9897, time 8.13ms, mfu 40.97%
iter 3070: loss 0.9788, time 7.33ms, mfu 41.96%
iter 3080: loss 0.9707, time 9.12ms, mfu 41.85%
iter 3090: loss 1.0002, time 9.81ms, mfu 41.46%
iter 3100: loss 0.9849, time 7.76ms, mfu 42.12%
iter 3110: loss 0.9527, time 8.72ms, mfu 42.18%
iter 3120: loss 1.0000, time 7.65ms, mfu 42.83%
iter 3130: loss 0.9615, time 8.43ms, mfu 42.97%
iter 3140: loss 0.9969, time 8.36ms, mfu 43.13%
iter 3150: loss 0.9722, time 9.74ms, mfu 42.64%
iter 3160: loss 1.0064, time 8.41ms, mfu 42.81%
iter 3170: loss 0.9900, time 8.33ms, mfu 43.00%
iter 3180: loss 0.9245, time 8.24ms, mfu 43.22%
iter 3190: loss 0.9799, time 8.59ms, mfu 43.24%
iter 3200: loss 0.9760, time 8.96ms, mfu 43.07%
iter 3210: loss 0.9463, time 7.94ms, mfu 43.46%
iter 3220: loss 0.9719, time 7.77ms, mfu 43.91%
iter 3230: loss 0.9503, time 8.99ms, mfu 43.66%
iter 3240: loss 0.9396, time 7.52ms, mfu 44.25%
step 3250: train loss 0.8211, val loss 1.5944
iter 3250: loss 0.9497, time 2979.77ms, mfu 39.84%
iter 3260: loss 0.9367, time 8.70ms, mfu 40.14%
iter 3270: loss 0.9738, time 10.44ms, mfu 39.70%
iter 3280: loss 0.9382, time 9.72ms, mfu 39.56%
iter 3290: loss 0.9526, time 9.26ms, mfu 39.63%
iter 3300: loss 0.9391, time 8.98ms, mfu 39.82%
iter 3310: loss 0.9633, time 8.69ms, mfu 40.12%
iter 3320: loss 0.9327, time 9.50ms, mfu 40.03%
iter 3330: loss 0.9627, time 7.65ms, mfu 40.90%
iter 3340: loss 0.9590, time 9.10ms, mfu 40.90%
iter 3350: loss 0.9330, time 8.35ms, mfu 41.27%
iter 3360: loss 0.9595, time 9.87ms, mfu 40.92%
iter 3370: loss 0.9786, time 7.90ms, mfu 41.54%
iter 3380: loss 0.9586, time 7.80ms, mfu 42.17%
iter 3390: loss 0.9399, time 9.32ms, mfu 41.95%
iter 3400: loss 0.9289, time 8.27ms, mfu 42.26%
iter 3410: loss 0.9132, time 9.63ms, mfu 41.90%
iter 3420: loss 0.9260, time 8.11ms, mfu 42.31%
iter 3430: loss 0.9669, time 9.08ms, mfu 42.18%
iter 3440: loss 0.9464, time 9.94ms, mfu 41.71%
iter 3450: loss 0.9456, time 8.63ms, mfu 41.85%
iter 3460: loss 0.9491, time 9.22ms, mfu 41.71%
iter 3470: loss 0.9249, time 7.83ms, mfu 42.30%
iter 3480: loss 0.9105, time 10.26ms, mfu 41.70%
iter 3490: loss 0.9026, time 9.47ms, mfu 41.46%
step 3500: train loss 0.7780, val loss 1.6087
iter 3500: loss 0.9383, time 3220.13ms, mfu 37.33%
iter 3510: loss 0.9051, time 10.55ms, mfu 37.13%
iter 3520: loss 0.9155, time 7.44ms, mfu 38.42%
iter 3530: loss 0.9219, time 8.69ms, mfu 38.87%
iter 3540: loss 0.9009, time 8.75ms, mfu 39.24%
iter 3550: loss 0.9269, time 7.48ms, mfu 40.29%
iter 3560: loss 0.9017, time 7.24ms, mfu 41.42%
iter 3570: loss 0.9316, time 9.01ms, mfu 41.41%
iter 3580: loss 0.9265, time 7.57ms, mfu 42.19%
iter 3590: loss 0.8893, time 8.94ms, mfu 42.14%
iter 3600: loss 0.8946, time 9.66ms, mfu 41.79%
iter 3610: loss 0.9289, time 8.39ms, mfu 42.05%
iter 3620: loss 0.8984, time 9.71ms, mfu 41.68%
iter 3630: loss 0.9072, time 8.47ms, mfu 41.91%
iter 3640: loss 0.9153, time 7.19ms, mfu 42.90%
iter 3650: loss 0.9117, time 8.40ms, mfu 43.05%
iter 3660: loss 0.8767, time 8.43ms, mfu 43.16%
iter 3670: loss 0.9333, time 8.14ms, mfu 43.42%
iter 3680: loss 0.9023, time 9.04ms, mfu 43.20%
iter 3690: loss 0.8989, time 9.05ms, mfu 43.00%
iter 3700: loss 0.9052, time 8.10ms, mfu 43.30%
iter 3710: loss 0.9001, time 9.16ms, mfu 43.04%
iter 3720: loss 0.8753, time 9.04ms, mfu 42.85%
iter 3730: loss 0.8771, time 8.13ms, mfu 43.15%
iter 3740: loss 0.8884, time 8.02ms, mfu 43.48%
step 3750: train loss 0.7365, val loss 1.6543
iter 3750: loss 0.8965, time 3111.87ms, mfu 39.15%
iter 3760: loss 0.8631, time 10.20ms, mfu 38.89%
iter 3770: loss 0.9140, time 8.03ms, mfu 39.64%
iter 3780: loss 0.8914, time 9.13ms, mfu 39.76%
iter 3790: loss 0.8789, time 8.31ms, mfu 40.27%
iter 3800: loss 0.9153, time 8.21ms, mfu 40.78%
iter 3810: loss 0.9056, time 8.37ms, mfu 41.15%
iter 3820: loss 0.9093, time 8.47ms, mfu 41.44%
iter 3830: loss 0.8757, time 8.72ms, mfu 41.57%
iter 3840: loss 0.8983, time 8.26ms, mfu 41.92%
iter 3850: loss 0.8817, time 8.41ms, mfu 42.16%
iter 3860: loss 0.8861, time 9.79ms, mfu 41.75%
iter 3870: loss 0.8708, time 8.12ms, mfu 42.16%
iter 3880: loss 0.8966, time 8.36ms, mfu 42.41%
iter 3890: loss 0.8862, time 8.10ms, mfu 42.77%
iter 3900: loss 0.8850, time 8.55ms, mfu 42.85%
iter 3910: loss 0.8997, time 8.29ms, mfu 43.06%
iter 3920: loss 0.8845, time 8.21ms, mfu 43.29%
iter 3930: loss 0.8838, time 9.45ms, mfu 42.91%
iter 3940: loss 0.8814, time 10.84ms, mfu 42.05%
iter 3950: loss 0.8645, time 7.77ms, mfu 42.64%
iter 3960: loss 0.8694, time 9.07ms, mfu 42.49%
iter 3970: loss 0.8708, time 9.55ms, mfu 42.14%
iter 3980: loss 0.8912, time 8.12ms, mfu 42.52%
iter 3990: loss 0.8687, time 8.59ms, mfu 42.61%
step 4000: train loss 0.7000, val loss 1.6693
iter 4000: loss 0.8785, time 3169.63ms, mfu 38.36%
iter 4010: loss 0.8643, time 9.29ms, mfu 38.53%
iter 4020: loss 0.8677, time 9.04ms, mfu 38.80%
iter 4030: loss 0.8780, time 9.85ms, mfu 38.70%
iter 4040: loss 0.8761, time 8.24ms, mfu 39.36%
iter 4050: loss 0.8719, time 7.36ms, mfu 40.48%
iter 4060: loss 0.8700, time 10.90ms, mfu 39.85%
iter 4070: loss 0.8737, time 10.87ms, mfu 39.29%
iter 4080: loss 0.8556, time 7.43ms, mfu 40.38%
iter 4090: loss 0.8381, time 8.98ms, mfu 40.49%
iter 4100: loss 0.8499, time 8.94ms, mfu 40.61%
iter 4110: loss 0.8699, time 8.99ms, mfu 40.69%
iter 4120: loss 0.8374, time 8.28ms, mfu 41.12%
iter 4130: loss 0.8581, time 9.35ms, mfu 41.00%
iter 4140: loss 0.8684, time 8.68ms, mfu 41.19%
iter 4150: loss 0.8517, time 8.77ms, mfu 41.32%
iter 4160: loss 0.8597, time 9.99ms, mfu 40.92%
iter 4170: loss 0.8508, time 8.96ms, mfu 40.98%
iter 4180: loss 0.8193, time 8.05ms, mfu 41.51%
iter 4190: loss 0.8524, time 8.29ms, mfu 41.86%
iter 4200: loss 0.8329, time 8.64ms, mfu 41.98%
iter 4210: loss 0.8522, time 8.02ms, mfu 42.43%
iter 4220: loss 0.8531, time 8.86ms, mfu 42.39%
iter 4230: loss 0.8556, time 8.54ms, mfu 42.52%
iter 4240: loss 0.8599, time 7.48ms, mfu 43.25%
step 4250: train loss 0.6738, val loss 1.6930
iter 4250: loss 0.8380, time 3136.97ms, mfu 38.93%
iter 4260: loss 0.8554, time 8.82ms, mfu 39.26%
iter 4270: loss 0.8377, time 9.01ms, mfu 39.47%
iter 4280: loss 0.8443, time 7.16ms, mfu 40.73%
iter 4290: loss 0.8738, time 6.99ms, mfu 41.98%
iter 4300: loss 0.8683, time 7.40ms, mfu 42.82%
iter 4310: loss 0.8462, time 9.68ms, mfu 42.39%
iter 4320: loss 0.8339, time 8.16ms, mfu 42.72%
iter 4330: loss 0.8505, time 7.26ms, mfu 43.58%
iter 4340: loss 0.8266, time 7.08ms, mfu 44.48%
iter 4350: loss 0.8464, time 7.79ms, mfu 44.82%
iter 4360: loss 0.8476, time 10.30ms, mfu 43.95%
iter 4370: loss 0.8445, time 8.06ms, mfu 44.18%
iter 4380: loss 0.8331, time 10.09ms, mfu 43.46%
iter 4390: loss 0.8568, time 8.02ms, mfu 43.76%
iter 4400: loss 0.8343, time 7.91ms, mfu 44.09%
iter 4410: loss 0.8470, time 9.31ms, mfu 43.69%
iter 4420: loss 0.8484, time 7.38ms, mfu 44.37%
iter 4430: loss 0.8417, time 10.77ms, mfu 43.39%
iter 4440: loss 0.8296, time 8.64ms, mfu 43.37%
iter 4450: loss 0.8204, time 8.75ms, mfu 43.29%
iter 4460: loss 0.8601, time 7.28ms, mfu 44.08%
iter 4470: loss 0.8401, time 7.90ms, mfu 44.39%
iter 4480: loss 0.8237, time 8.76ms, mfu 44.20%
iter 4490: loss 0.8295, time 9.36ms, mfu 43.76%
step 4500: train loss 0.6536, val loss 1.7069
iter 4500: loss 0.8336, time 3098.75ms, mfu 39.40%
iter 4510: loss 0.8320, time 7.83ms, mfu 40.21%
iter 4520: loss 0.8300, time 7.95ms, mfu 40.88%
iter 4530: loss 0.8357, time 8.90ms, mfu 40.98%
iter 4540: loss 0.8326, time 9.05ms, mfu 41.00%
iter 4550: loss 0.8433, time 8.31ms, mfu 41.38%
iter 4560: loss 0.8206, time 8.97ms, mfu 41.40%
iter 4570: loss 0.8387, time 8.95ms, mfu 41.42%
iter 4580: loss 0.8487, time 8.71ms, mfu 41.56%
iter 4590: loss 0.8473, time 7.09ms, mfu 42.66%
iter 4600: loss 0.8079, time 9.29ms, mfu 42.40%
iter 4610: loss 0.8283, time 8.70ms, mfu 42.45%
iter 4620: loss 0.7988, time 8.50ms, mfu 42.59%
iter 4630: loss 0.8244, time 7.63ms, mfu 43.21%
iter 4640: loss 0.8122, time 8.30ms, mfu 43.38%
iter 4650: loss 0.8465, time 8.03ms, mfu 43.68%
iter 4660: loss 0.8375, time 8.63ms, mfu 43.63%
iter 4670: loss 0.8296, time 7.78ms, mfu 44.06%
iter 4680: loss 0.8216, time 8.88ms, mfu 43.85%
iter 4690: loss 0.8353, time 9.33ms, mfu 43.46%
iter 4700: loss 0.8280, time 8.11ms, mfu 43.71%
iter 4710: loss 0.8244, time 8.48ms, mfu 43.73%
iter 4720: loss 0.8123, time 7.71ms, mfu 44.19%
iter 4730: loss 0.8386, time 8.61ms, mfu 44.10%
iter 4740: loss 0.8171, time 7.16ms, mfu 44.89%
step 4750: train loss 0.6356, val loss 1.7321
iter 4750: loss 0.8081, time 3341.95ms, mfu 40.42%
iter 4760: loss 0.8234, time 9.03ms, mfu 40.50%
iter 4770: loss 0.8291, time 9.63ms, mfu 40.32%
iter 4780: loss 0.8181, time 7.21ms, mfu 41.46%
iter 4790: loss 0.8114, time 8.20ms, mfu 41.85%
iter 4800: loss 0.8231, time 8.10ms, mfu 42.27%
iter 4810: loss 0.8091, time 9.17ms, mfu 42.11%
iter 4820: loss 0.8393, time 9.29ms, mfu 41.91%
iter 4830: loss 0.8081, time 8.76ms, mfu 41.97%
iter 4840: loss 0.8150, time 8.44ms, mfu 42.19%
iter 4850: loss 0.8206, time 8.10ms, mfu 42.57%
iter 4860: loss 0.8171, time 9.37ms, mfu 42.29%
iter 4870: loss 0.8215, time 9.98ms, mfu 41.80%
iter 4880: loss 0.8366, time 7.33ms, mfu 42.70%
iter 4890: loss 0.8145, time 8.66ms, mfu 42.73%
iter 4900: loss 0.8456, time 8.30ms, mfu 42.95%
iter 4910: loss 0.8202, time 9.23ms, mfu 42.69%
iter 4920: loss 0.8122, time 10.27ms, mfu 42.05%
iter 4930: loss 0.7975, time 7.73ms, mfu 42.67%
iter 4940: loss 0.8131, time 7.38ms, mfu 43.45%
iter 4950: loss 0.8087, time 7.84ms, mfu 43.86%
iter 4960: loss 0.8006, time 9.37ms, mfu 43.45%
iter 4970: loss 0.8085, time 7.29ms, mfu 44.21%
iter 4980: loss 0.8267, time 8.37ms, mfu 44.25%
iter 4990: loss 0.8076, time 10.48ms, mfu 43.38%
step 5000: train loss 0.6268, val loss 1.7382
iter 5000: loss 0.8141, time 3078.27ms, mfu 39.05%
