Overriding config with config/train_shakespeare_char.py:
# train a miniature character-level shakespeare model
# good for debugging and playing on macbooks and such

out_dir = 'out-shakespeare-char'
eval_interval = 250 # keep frequent because we'll overfit
eval_iters = 200
log_interval = 10 # don't print too too often

# we expect to overfit on this small dataset, so only save when val improves
always_save_checkpoint = False

wandb_log = False # override via command line if you like
wandb_project = 'shakespeare-char'
wandb_run_name = 'mini-gpt'

dataset = 'shakespeare_char'
gradient_accumulation_steps = 1
batch_size = 64
block_size = 256 # context of up to 256 previous characters

# baby GPT model :)
n_layer = 6
n_head = 6
n_embd = 384
dropout = 0.2

learning_rate = 1e-3 # with baby networks can afford to go a bit higher
max_iters = 5000
lr_decay_iters = 5000 # make equal to max_iters usually
min_lr = 1e-4 # learning_rate / 10 usually
beta2 = 0.99 # make a bit bigger because number of tokens per iter is small

warmup_iters = 100 # not super necessary potentially

# on macbook also add
# device = 'cpu'  # run on cpu only
# compile = False # do not torch compile the model

Overriding: device = cpu
Overriding: compile = False
Overriding: eval_iters = 200
Overriding: log_interval = 10
Overriding: block_size = 64
Overriding: batch_size = 12
Overriding: n_layer = 4
Overriding: n_head = 4
Overriding: n_embd = 128
Overriding: max_iters = 2000
Overriding: lr_decay_iters = 2000
Overriding: dropout = 0.0
Overriding: learning_rate = 0.001
Overriding: out_dir = runs/rope_lr1e-3
Overriding: pos_type = rope
tokens per iteration will be: 768
found vocab_size = 65 (inside data/shakespeare_char/meta.pkl)
Initializing a new model from scratch
number of parameters: 0.80M
train.py:203: FutureWarning: `torch.cuda.amp.GradScaler(args...)` is deprecated. Please use `torch.amp.GradScaler('cuda', args...)` instead.
  scaler = torch.cuda.amp.GradScaler(enabled=(dtype == 'float16'))
.venv/lib/python3.13/site-packages/torch/cuda/amp/grad_scaler.py:31: UserWarning: torch.cuda.amp.GradScaler is enabled, but CUDA is not available.  Disabling.
  super().__init__(
num decayed parameter tensors: 17, with 794,752 parameters
num non-decayed parameter tensors: 9, with 1,152 parameters
using fused AdamW: False
step 0: train loss 4.1996, val loss 4.1984
iter 0: loss 4.1948, time 2132.83ms, mfu -100.00%
iter 10: loss 3.7553, time 16.91ms, mfu 0.08%
iter 20: loss 3.4526, time 16.67ms, mfu 0.08%
iter 30: loss 3.2433, time 17.00ms, mfu 0.08%
iter 40: loss 3.0570, time 16.76ms, mfu 0.08%
iter 50: loss 2.8853, time 16.89ms, mfu 0.08%
iter 60: loss 2.8162, time 16.65ms, mfu 0.08%
iter 70: loss 2.6920, time 16.74ms, mfu 0.08%
iter 80: loss 2.6201, time 16.77ms, mfu 0.08%
iter 90: loss 2.4912, time 16.41ms, mfu 0.08%
iter 100: loss 2.4718, time 16.78ms, mfu 0.08%
iter 110: loss 2.4620, time 16.19ms, mfu 0.08%
iter 120: loss 2.3658, time 19.86ms, mfu 0.07%
iter 130: loss 2.4015, time 16.56ms, mfu 0.08%
iter 140: loss 2.3343, time 16.58ms, mfu 0.08%
iter 150: loss 2.4017, time 16.57ms, mfu 0.08%
iter 160: loss 2.2998, time 16.89ms, mfu 0.08%
iter 170: loss 2.2678, time 16.76ms, mfu 0.08%
iter 180: loss 2.2790, time 16.91ms, mfu 0.08%
iter 190: loss 2.2708, time 16.99ms, mfu 0.08%
iter 200: loss 2.2614, time 16.56ms, mfu 0.08%
iter 210: loss 2.3246, time 16.64ms, mfu 0.08%
iter 220: loss 2.2378, time 16.64ms, mfu 0.08%
iter 230: loss 2.2407, time 16.80ms, mfu 0.08%
iter 240: loss 2.1914, time 20.43ms, mfu 0.07%
step 250: train loss 2.2163, val loss 2.2207
saving checkpoint to runs/rope_lr1e-3
iter 250: loss 2.2277, time 2198.48ms, mfu 0.07%
iter 260: loss 2.0945, time 17.13ms, mfu 0.07%
iter 270: loss 2.1579, time 21.49ms, mfu 0.07%
iter 280: loss 2.1542, time 16.85ms, mfu 0.07%
iter 290: loss 2.1615, time 16.78ms, mfu 0.07%
iter 300: loss 2.0799, time 16.79ms, mfu 0.07%
iter 310: loss 2.1687, time 17.47ms, mfu 0.07%
iter 320: loss 2.1240, time 16.89ms, mfu 0.07%
iter 330: loss 2.0725, time 16.95ms, mfu 0.07%
iter 340: loss 2.0833, time 17.49ms, mfu 0.07%
iter 350: loss 2.0649, time 16.70ms, mfu 0.07%
iter 360: loss 2.0942, time 16.95ms, mfu 0.07%
iter 370: loss 1.9919, time 17.03ms, mfu 0.07%
iter 380: loss 2.1522, time 16.83ms, mfu 0.07%
iter 390: loss 2.2732, time 17.02ms, mfu 0.07%
iter 400: loss 2.1102, time 17.06ms, mfu 0.07%
iter 410: loss 2.0468, time 16.97ms, mfu 0.07%
iter 420: loss 2.0129, time 16.86ms, mfu 0.07%
iter 430: loss 2.1937, time 17.06ms, mfu 0.07%
iter 440: loss 1.9424, time 17.17ms, mfu 0.07%
iter 450: loss 2.0471, time 16.78ms, mfu 0.07%
iter 460: loss 2.0605, time 16.66ms, mfu 0.07%
iter 470: loss 2.0056, time 16.81ms, mfu 0.07%
iter 480: loss 1.9220, time 17.12ms, mfu 0.07%
iter 490: loss 1.9811, time 17.26ms, mfu 0.07%
step 500: train loss 2.0027, val loss 2.0931
saving checkpoint to runs/rope_lr1e-3
iter 500: loss 2.0576, time 2291.07ms, mfu 0.07%
iter 510: loss 2.0348, time 17.17ms, mfu 0.07%
iter 520: loss 2.0206, time 17.20ms, mfu 0.07%
iter 530: loss 1.9551, time 17.14ms, mfu 0.07%
iter 540: loss 1.9414, time 16.46ms, mfu 0.07%
iter 550: loss 1.9366, time 16.97ms, mfu 0.07%
iter 560: loss 2.0412, time 16.39ms, mfu 0.07%
iter 570: loss 1.9584, time 17.20ms, mfu 0.07%
iter 580: loss 1.9397, time 16.36ms, mfu 0.07%
iter 590: loss 2.0235, time 17.40ms, mfu 0.07%
iter 600: loss 2.0720, time 16.79ms, mfu 0.07%
iter 610: loss 1.9248, time 17.12ms, mfu 0.07%
iter 620: loss 1.8360, time 16.92ms, mfu 0.07%
iter 630: loss 1.8412, time 16.96ms, mfu 0.07%
iter 640: loss 1.9564, time 17.05ms, mfu 0.07%
iter 650: loss 1.9105, time 17.05ms, mfu 0.07%
iter 660: loss 1.9573, time 16.60ms, mfu 0.07%
iter 670: loss 1.8997, time 16.61ms, mfu 0.07%
iter 680: loss 1.8579, time 16.74ms, mfu 0.07%
iter 690: loss 1.8763, time 17.20ms, mfu 0.07%
iter 700: loss 1.9702, time 17.09ms, mfu 0.07%
iter 710: loss 1.9423, time 16.82ms, mfu 0.07%
iter 720: loss 1.8422, time 20.75ms, mfu 0.07%
iter 730: loss 1.8951, time 16.92ms, mfu 0.07%
iter 740: loss 1.8680, time 16.58ms, mfu 0.07%
step 750: train loss 1.8937, val loss 2.0066
saving checkpoint to runs/rope_lr1e-3
iter 750: loss 1.8881, time 2425.05ms, mfu 0.07%
iter 760: loss 1.8907, time 16.83ms, mfu 0.07%
iter 770: loss 1.8506, time 17.26ms, mfu 0.07%
iter 780: loss 1.8139, time 17.07ms, mfu 0.07%
iter 790: loss 1.8170, time 17.22ms, mfu 0.07%
iter 800: loss 1.9297, time 19.51ms, mfu 0.07%
iter 810: loss 1.8458, time 16.39ms, mfu 0.07%
iter 820: loss 1.8491, time 17.07ms, mfu 0.07%
iter 830: loss 1.8393, time 17.17ms, mfu 0.07%
iter 840: loss 1.7682, time 16.77ms, mfu 0.07%
iter 850: loss 1.8421, time 17.42ms, mfu 0.07%
iter 860: loss 1.9226, time 16.88ms, mfu 0.07%
iter 870: loss 1.8011, time 17.35ms, mfu 0.07%
iter 880: loss 1.7136, time 16.74ms, mfu 0.07%
iter 890: loss 1.9008, time 16.76ms, mfu 0.07%
iter 900: loss 1.8733, time 16.79ms, mfu 0.07%
iter 910: loss 1.7410, time 16.94ms, mfu 0.07%
iter 920: loss 1.9867, time 16.96ms, mfu 0.07%
iter 930: loss 1.9084, time 17.10ms, mfu 0.07%
iter 940: loss 1.8645, time 17.39ms, mfu 0.07%
iter 950: loss 1.8122, time 16.82ms, mfu 0.07%
iter 960: loss 1.8068, time 16.89ms, mfu 0.07%
iter 970: loss 1.8106, time 17.05ms, mfu 0.07%
iter 980: loss 1.8150, time 16.41ms, mfu 0.07%
iter 990: loss 1.8563, time 16.99ms, mfu 0.07%
step 1000: train loss 1.8115, val loss 1.9301
saving checkpoint to runs/rope_lr1e-3
iter 1000: loss 1.7870, time 2226.91ms, mfu 0.07%
iter 1010: loss 1.9173, time 17.03ms, mfu 0.07%
iter 1020: loss 1.8146, time 16.61ms, mfu 0.07%
iter 1030: loss 1.8059, time 16.86ms, mfu 0.07%
iter 1040: loss 1.7161, time 16.54ms, mfu 0.07%
iter 1050: loss 1.7953, time 16.49ms, mfu 0.07%
iter 1060: loss 1.8314, time 16.60ms, mfu 0.07%
iter 1070: loss 1.8633, time 16.87ms, mfu 0.07%
iter 1080: loss 1.8200, time 17.04ms, mfu 0.07%
iter 1090: loss 1.7461, time 16.94ms, mfu 0.07%
iter 1100: loss 1.7382, time 16.88ms, mfu 0.07%
iter 1110: loss 1.7336, time 16.95ms, mfu 0.07%
iter 1120: loss 1.7567, time 16.82ms, mfu 0.07%
iter 1130: loss 1.7705, time 16.69ms, mfu 0.07%
iter 1140: loss 1.8057, time 16.62ms, mfu 0.07%
iter 1150: loss 1.8076, time 16.88ms, mfu 0.07%
iter 1160: loss 1.7002, time 16.69ms, mfu 0.07%
iter 1170: loss 1.7126, time 16.41ms, mfu 0.07%
iter 1180: loss 1.7699, time 16.70ms, mfu 0.07%
iter 1190: loss 1.7442, time 16.76ms, mfu 0.07%
iter 1200: loss 1.6185, time 16.90ms, mfu 0.07%
iter 1210: loss 1.6615, time 16.93ms, mfu 0.07%
iter 1220: loss 1.6316, time 16.49ms, mfu 0.08%
iter 1230: loss 1.7620, time 16.26ms, mfu 0.08%
iter 1240: loss 1.7255, time 17.27ms, mfu 0.08%
step 1250: train loss 1.7296, val loss 1.8691
saving checkpoint to runs/rope_lr1e-3
iter 1250: loss 1.6644, time 2289.22ms, mfu 0.07%
iter 1260: loss 1.6015, time 17.71ms, mfu 0.07%
iter 1270: loss 1.6446, time 17.18ms, mfu 0.07%
iter 1280: loss 1.7651, time 17.10ms, mfu 0.07%
iter 1290: loss 1.6615, time 16.82ms, mfu 0.07%
iter 1300: loss 1.6548, time 16.65ms, mfu 0.07%
iter 1310: loss 1.6581, time 17.03ms, mfu 0.07%
iter 1320: loss 1.7078, time 16.84ms, mfu 0.07%
iter 1330: loss 1.7210, time 16.40ms, mfu 0.07%
iter 1340: loss 1.6151, time 17.57ms, mfu 0.07%
iter 1350: loss 1.7968, time 16.81ms, mfu 0.07%
iter 1360: loss 1.7362, time 19.09ms, mfu 0.07%
iter 1370: loss 1.6711, time 16.79ms, mfu 0.07%
iter 1380: loss 1.6813, time 17.06ms, mfu 0.07%
iter 1390: loss 1.7747, time 16.66ms, mfu 0.07%
iter 1400: loss 1.7106, time 16.88ms, mfu 0.07%
iter 1410: loss 1.6573, time 16.58ms, mfu 0.07%
iter 1420: loss 1.6215, time 17.19ms, mfu 0.07%
iter 1430: loss 1.7393, time 16.92ms, mfu 0.07%
iter 1440: loss 1.7333, time 17.31ms, mfu 0.07%
iter 1450: loss 1.7618, time 16.67ms, mfu 0.07%
iter 1460: loss 1.7169, time 16.86ms, mfu 0.07%
iter 1470: loss 1.7264, time 17.04ms, mfu 0.07%
iter 1480: loss 1.6998, time 16.57ms, mfu 0.07%
iter 1490: loss 1.6389, time 16.94ms, mfu 0.07%
step 1500: train loss 1.6710, val loss 1.8403
saving checkpoint to runs/rope_lr1e-3
iter 1500: loss 1.5262, time 2269.85ms, mfu 0.07%
iter 1510: loss 1.6527, time 16.97ms, mfu 0.07%
iter 1520: loss 1.7502, time 16.98ms, mfu 0.07%
iter 1530: loss 1.5949, time 17.25ms, mfu 0.07%
iter 1540: loss 1.7239, time 17.15ms, mfu 0.07%
iter 1550: loss 1.6134, time 16.81ms, mfu 0.07%
iter 1560: loss 1.7638, time 17.00ms, mfu 0.07%
iter 1570: loss 1.6376, time 16.46ms, mfu 0.07%
iter 1580: loss 1.5349, time 16.98ms, mfu 0.07%
iter 1590: loss 1.5921, time 16.92ms, mfu 0.07%
iter 1600: loss 1.6925, time 16.41ms, mfu 0.07%
iter 1610: loss 1.6790, time 16.83ms, mfu 0.07%
iter 1620: loss 1.5757, time 16.84ms, mfu 0.07%
iter 1630: loss 1.6513, time 17.00ms, mfu 0.07%
iter 1640: loss 1.6929, time 16.64ms, mfu 0.07%
iter 1650: loss 1.6883, time 16.95ms, mfu 0.07%
iter 1660: loss 1.6466, time 16.64ms, mfu 0.07%
iter 1670: loss 1.6814, time 16.66ms, mfu 0.07%
iter 1680: loss 1.7353, time 16.71ms, mfu 0.07%
iter 1690: loss 1.6299, time 17.06ms, mfu 0.07%
iter 1700: loss 1.5612, time 16.77ms, mfu 0.07%
iter 1710: loss 1.6661, time 16.89ms, mfu 0.07%
iter 1720: loss 1.6281, time 16.59ms, mfu 0.07%
iter 1730: loss 1.6700, time 16.75ms, mfu 0.07%
iter 1740: loss 1.5194, time 16.90ms, mfu 0.08%
step 1750: train loss 1.6427, val loss 1.8141
saving checkpoint to runs/rope_lr1e-3
iter 1750: loss 1.6347, time 2345.33ms, mfu 0.07%
iter 1760: loss 1.6117, time 17.16ms, mfu 0.07%
iter 1770: loss 1.5576, time 16.99ms, mfu 0.07%
iter 1780: loss 1.6413, time 16.92ms, mfu 0.07%
iter 1790: loss 1.6017, time 16.36ms, mfu 0.07%
iter 1800: loss 1.7474, time 16.89ms, mfu 0.07%
iter 1810: loss 1.7083, time 17.14ms, mfu 0.07%
iter 1820: loss 1.7647, time 17.47ms, mfu 0.07%
iter 1830: loss 1.6355, time 16.77ms, mfu 0.07%
iter 1840: loss 1.6814, time 17.00ms, mfu 0.07%
iter 1850: loss 1.7149, time 17.60ms, mfu 0.07%
iter 1860: loss 1.5942, time 17.06ms, mfu 0.07%
iter 1870: loss 1.6793, time 16.98ms, mfu 0.07%
iter 1880: loss 1.7563, time 17.20ms, mfu 0.07%
iter 1890: loss 1.5671, time 16.89ms, mfu 0.07%
iter 1900: loss 1.7443, time 16.95ms, mfu 0.07%
iter 1910: loss 1.6301, time 16.65ms, mfu 0.07%
iter 1920: loss 1.6771, time 17.01ms, mfu 0.07%
iter 1930: loss 1.6524, time 17.06ms, mfu 0.07%
iter 1940: loss 1.7231, time 17.03ms, mfu 0.07%
iter 1950: loss 1.6231, time 16.74ms, mfu 0.07%
iter 1960: loss 1.6002, time 16.42ms, mfu 0.07%
iter 1970: loss 1.6128, time 16.39ms, mfu 0.07%
iter 1980: loss 1.6045, time 16.67ms, mfu 0.07%
iter 1990: loss 1.6031, time 16.97ms, mfu 0.07%
step 2000: train loss 1.6211, val loss 1.7969
saving checkpoint to runs/rope_lr1e-3
iter 2000: loss 1.6006, time 2327.37ms, mfu 0.07%
