Overriding config with config/train_shakespeare_char.py:
# train a miniature character-level shakespeare model
# good for debugging and playing on macbooks and such

out_dir = 'out-shakespeare-char'
eval_interval = 250 # keep frequent because we'll overfit
eval_iters = 200
log_interval = 10 # don't print too too often

# we expect to overfit on this small dataset, so only save when val improves
always_save_checkpoint = False

wandb_log = False # override via command line if you like
wandb_project = 'shakespeare-char'
wandb_run_name = 'mini-gpt'

dataset = 'shakespeare_char'
gradient_accumulation_steps = 1
batch_size = 64
block_size = 256 # context of up to 256 previous characters

# baby GPT model :)
n_layer = 6
n_head = 6
n_embd = 384
dropout = 0.2

learning_rate = 1e-3 # with baby networks can afford to go a bit higher
max_iters = 5000
lr_decay_iters = 5000 # make equal to max_iters usually
min_lr = 1e-4 # learning_rate / 10 usually
beta2 = 0.99 # make a bit bigger because number of tokens per iter is small

warmup_iters = 100 # not super necessary potentially

# on macbook also add
# device = 'cpu'  # run on cpu only
# compile = False # do not torch compile the model

Overriding: learning_rate = 0.002
Overriding: out_dir = runs_full/rope_lr2e-3
Overriding: pos_type = rope
tokens per iteration will be: 16,384
found vocab_size = 65 (inside data/shakespeare_char/meta.pkl)
Initializing a new model from scratch
number of parameters: 10.65M
/scratch/guo.jiayin/nanoGPT/train.py:203: FutureWarning: `torch.cuda.amp.GradScaler(args...)` is deprecated. Please use `torch.amp.GradScaler('cuda', args...)` instead.
  scaler = torch.cuda.amp.GradScaler(enabled=(dtype == 'float16'))
num decayed parameter tensors: 25, with 10,641,792 parameters
num non-decayed parameter tensors: 13, with 4,992 parameters
using fused AdamW: True
compiling the model... (takes a ~minute)
step 0: train loss 4.1935, val loss 4.2004
iter 0: loss 4.2114, time 9235.56ms, mfu -100.00%
iter 10: loss 2.8819, time 10.61ms, mfu 35.13%
iter 20: loss 2.6275, time 12.71ms, mfu 34.55%
iter 30: loss 2.5016, time 8.85ms, mfu 35.30%
iter 40: loss 2.4170, time 9.68ms, mfu 35.62%
iter 50: loss 2.3308, time 8.01ms, mfu 36.71%
iter 60: loss 2.2370, time 11.81ms, mfu 36.19%
iter 70: loss 2.2249, time 11.95ms, mfu 35.69%
iter 80: loss 2.1156, time 11.83ms, mfu 35.27%
iter 90: loss 2.0750, time 7.12ms, mfu 36.98%
iter 100: loss 2.0236, time 10.01ms, mfu 37.01%
iter 110: loss 2.0017, time 8.09ms, mfu 37.91%
iter 120: loss 1.9493, time 7.53ms, mfu 39.07%
iter 130: loss 1.8893, time 9.73ms, mfu 38.99%
iter 140: loss 1.9000, time 10.32ms, mfu 38.70%
iter 150: loss 1.8555, time 7.69ms, mfu 39.68%
iter 160: loss 1.8057, time 7.35ms, mfu 40.78%
iter 170: loss 1.7794, time 8.53ms, mfu 41.07%
iter 180: loss 1.7955, time 8.05ms, mfu 41.60%
iter 190: loss 1.7568, time 8.79ms, mfu 41.67%
iter 200: loss 1.7196, time 7.46ms, mfu 42.50%
iter 210: loss 1.6929, time 8.97ms, mfu 42.40%
iter 220: loss 1.7129, time 8.66ms, mfu 42.47%
iter 230: loss 1.6880, time 11.82ms, mfu 41.37%
iter 240: loss 1.6536, time 9.10ms, mfu 41.33%
step 250: train loss 1.5634, val loss 1.7460
saving checkpoint to runs_full/rope_lr2e-3
iter 250: loss 1.6265, time 5198.87ms, mfu 37.21%
iter 260: loss 1.5959, time 12.70ms, mfu 36.42%
iter 270: loss 1.6143, time 11.83ms, mfu 35.93%
iter 280: loss 1.6428, time 8.07ms, mfu 36.95%
iter 290: loss 1.6064, time 11.79ms, mfu 36.41%
iter 300: loss 1.6034, time 11.60ms, mfu 35.99%
iter 310: loss 1.5575, time 7.22ms, mfu 37.55%
iter 320: loss 1.5696, time 11.80ms, mfu 36.95%
iter 330: loss 1.5276, time 11.43ms, mfu 36.52%
iter 340: loss 1.5370, time 9.24ms, mfu 36.90%
iter 350: loss 1.5372, time 10.71ms, mfu 36.69%
iter 360: loss 1.5380, time 10.74ms, mfu 36.49%
iter 370: loss 1.5405, time 11.09ms, mfu 36.20%
iter 380: loss 1.5174, time 9.01ms, mfu 36.72%
iter 390: loss 1.4997, time 9.33ms, mfu 37.04%
iter 400: loss 1.4587, time 8.01ms, mfu 37.99%
iter 410: loss 1.5017, time 8.90ms, mfu 38.38%
iter 420: loss 1.4423, time 11.85ms, mfu 37.68%
iter 430: loss 1.4364, time 9.36ms, mfu 37.90%
iter 440: loss 1.4768, time 9.34ms, mfu 38.10%
iter 450: loss 1.4558, time 7.00ms, mfu 39.61%
iter 460: loss 1.4063, time 11.16ms, mfu 38.99%
iter 470: loss 1.4090, time 11.81ms, mfu 38.24%
iter 480: loss 1.4280, time 7.84ms, mfu 39.17%
iter 490: loss 1.4220, time 10.04ms, mfu 38.97%
step 500: train loss 1.3501, val loss 1.5711
saving checkpoint to runs_full/rope_lr2e-3
iter 500: loss 1.4827, time 5105.86ms, mfu 35.08%
iter 510: loss 1.4336, time 11.14ms, mfu 34.92%
iter 520: loss 1.4139, time 11.84ms, mfu 34.57%
iter 530: loss 1.4189, time 8.01ms, mfu 35.76%
iter 540: loss 1.4077, time 8.10ms, mfu 36.79%
iter 550: loss 1.3994, time 8.46ms, mfu 37.51%
iter 560: loss 1.3832, time 11.82ms, mfu 36.91%
iter 570: loss 1.3814, time 7.59ms, mfu 38.13%
iter 580: loss 1.3792, time 8.32ms, mfu 38.80%
iter 590: loss 1.4142, time 7.26ms, mfu 40.05%
iter 600: loss 1.3753, time 11.97ms, mfu 39.16%
iter 610: loss 1.3418, time 6.99ms, mfu 40.57%
iter 620: loss 1.3698, time 11.53ms, mfu 39.75%
iter 630: loss 1.3792, time 7.28ms, mfu 40.89%
iter 640: loss 1.3670, time 11.35ms, mfu 40.09%
iter 650: loss 1.3682, time 6.71ms, mfu 41.63%
iter 660: loss 1.3145, time 9.90ms, mfu 41.23%
iter 670: loss 1.3457, time 8.37ms, mfu 41.56%
iter 680: loss 1.3101, time 9.32ms, mfu 41.40%
iter 690: loss 1.3301, time 8.19ms, mfu 41.81%
iter 700: loss 1.2987, time 10.29ms, mfu 41.25%
iter 710: loss 1.3154, time 8.06ms, mfu 41.74%
iter 720: loss 1.3219, time 8.21ms, mfu 42.10%
iter 730: loss 1.3476, time 8.57ms, mfu 42.24%
iter 740: loss 1.3167, time 11.49ms, mfu 41.26%
step 750: train loss 1.2595, val loss 1.5274
saving checkpoint to runs_full/rope_lr2e-3
iter 750: loss 1.2993, time 5886.19ms, mfu 37.14%
iter 760: loss 1.3244, time 8.95ms, mfu 37.59%
iter 770: loss 1.3113, time 7.00ms, mfu 39.16%
iter 780: loss 1.2847, time 9.78ms, mfu 39.05%
iter 790: loss 1.3144, time 8.82ms, mfu 39.37%
iter 800: loss 1.2738, time 9.77ms, mfu 39.25%
iter 810: loss 1.2886, time 7.96ms, mfu 40.01%
iter 820: loss 1.3007, time 10.85ms, mfu 39.44%
iter 830: loss 1.2581, time 7.34ms, mfu 40.57%
iter 840: loss 1.2798, time 9.03ms, mfu 40.64%
iter 850: loss 1.3052, time 7.25ms, mfu 41.72%
iter 860: loss 1.2740, time 8.86ms, mfu 41.75%
iter 870: loss 1.2740, time 7.41ms, mfu 42.61%
iter 880: loss 1.2681, time 7.21ms, mfu 43.52%
iter 890: loss 1.2855, time 8.62ms, mfu 43.49%
iter 900: loss 1.2761, time 7.44ms, mfu 44.14%
iter 910: loss 1.2732, time 7.71ms, mfu 44.56%
iter 920: loss 1.2613, time 7.87ms, mfu 44.84%
iter 930: loss 1.2730, time 8.16ms, mfu 44.92%
iter 940: loss 1.2695, time 9.06ms, mfu 44.54%
iter 950: loss 1.2091, time 7.75ms, mfu 44.89%
iter 960: loss 1.2502, time 8.63ms, mfu 44.72%
iter 970: loss 1.2668, time 8.03ms, mfu 44.89%
iter 980: loss 1.2687, time 7.87ms, mfu 45.13%
iter 990: loss 1.2639, time 9.54ms, mfu 44.53%
step 1000: train loss 1.1878, val loss 1.4811
saving checkpoint to runs_full/rope_lr2e-3
iter 1000: loss 1.2591, time 5582.61ms, mfu 40.08%
iter 1010: loss 1.2420, time 8.84ms, mfu 40.29%
iter 1020: loss 1.2540, time 9.47ms, mfu 40.19%
iter 1030: loss 1.2309, time 11.33ms, mfu 39.46%
iter 1040: loss 1.2150, time 10.00ms, mfu 39.24%
iter 1050: loss 1.2599, time 10.50ms, mfu 38.87%
iter 1060: loss 1.2464, time 9.99ms, mfu 38.71%
iter 1070: loss 1.2449, time 9.37ms, mfu 38.82%
iter 1080: loss 1.2600, time 12.39ms, mfu 37.94%
iter 1090: loss 1.2537, time 11.60ms, mfu 37.36%
iter 1100: loss 1.2246, time 11.44ms, mfu 36.88%
iter 1110: loss 1.2220, time 10.66ms, mfu 36.68%
iter 1120: loss 1.2380, time 11.02ms, mfu 36.40%
iter 1130: loss 1.2019, time 7.34ms, mfu 37.84%
iter 1140: loss 1.2338, time 10.27ms, mfu 37.68%
iter 1150: loss 1.2675, time 8.95ms, mfu 38.08%
iter 1160: loss 1.2220, time 9.57ms, mfu 38.16%
iter 1170: loss 1.2131, time 8.21ms, mfu 38.89%
iter 1180: loss 1.2208, time 7.24ms, mfu 40.15%
iter 1190: loss 1.2430, time 11.77ms, mfu 39.30%
iter 1200: loss 1.2247, time 11.85ms, mfu 38.51%
iter 1210: loss 1.1985, time 11.97ms, mfu 37.77%
iter 1220: loss 1.2126, time 7.58ms, mfu 38.91%
iter 1230: loss 1.1657, time 11.80ms, mfu 38.18%
iter 1240: loss 1.2061, time 7.19ms, mfu 39.54%
step 1250: train loss 1.1362, val loss 1.4807
saving checkpoint to runs_full/rope_lr2e-3
iter 1250: loss 1.2017, time 5180.79ms, mfu 35.60%
iter 1260: loss 1.2131, time 9.98ms, mfu 35.77%
iter 1270: loss 1.1868, time 7.17ms, mfu 37.39%
iter 1280: loss 1.2183, time 8.49ms, mfu 38.04%
iter 1290: loss 1.2037, time 8.14ms, mfu 38.81%
iter 1300: loss 1.1676, time 8.96ms, mfu 39.09%
iter 1310: loss 1.2007, time 8.40ms, mfu 39.61%
iter 1320: loss 1.1966, time 7.42ms, mfu 40.68%
iter 1330: loss 1.1844, time 8.93ms, mfu 40.78%
iter 1340: loss 1.1938, time 7.72ms, mfu 41.53%
iter 1350: loss 1.1617, time 9.91ms, mfu 41.14%
iter 1360: loss 1.1830, time 11.83ms, mfu 40.17%
iter 1370: loss 1.1884, time 7.81ms, mfu 40.93%
iter 1380: loss 1.1471, time 11.82ms, mfu 39.99%
iter 1390: loss 1.1667, time 11.52ms, mfu 39.22%
iter 1400: loss 1.1698, time 11.93ms, mfu 38.43%
iter 1410: loss 1.1856, time 8.46ms, mfu 38.99%
iter 1420: loss 1.1821, time 11.95ms, mfu 38.21%
iter 1430: loss 1.1801, time 8.33ms, mfu 38.86%
iter 1440: loss 1.1781, time 8.07ms, mfu 39.59%
iter 1450: loss 1.1536, time 7.85ms, mfu 40.38%
iter 1460: loss 1.1480, time 8.27ms, mfu 40.85%
iter 1470: loss 1.1590, time 8.68ms, mfu 41.06%
iter 1480: loss 1.1694, time 8.59ms, mfu 41.29%
iter 1490: loss 1.1943, time 8.48ms, mfu 41.55%
step 1500: train loss 1.0867, val loss 1.4708
saving checkpoint to runs_full/rope_lr2e-3
iter 1500: loss 1.1439, time 4808.60ms, mfu 37.41%
iter 1510: loss 1.1578, time 12.70ms, mfu 36.60%
iter 1520: loss 1.1614, time 9.46ms, mfu 36.88%
iter 1530: loss 1.1529, time 10.98ms, mfu 36.59%
iter 1540: loss 1.1724, time 8.43ms, mfu 37.35%
iter 1550: loss 1.1453, time 6.83ms, mfu 39.07%
iter 1560: loss 1.1605, time 9.99ms, mfu 38.89%
iter 1570: loss 1.1623, time 7.62ms, mfu 39.89%
iter 1580: loss 1.1253, time 8.53ms, mfu 40.27%
iter 1590: loss 1.1356, time 9.02ms, mfu 40.37%
iter 1600: loss 1.0991, time 9.07ms, mfu 40.45%
iter 1610: loss 1.1360, time 9.90ms, mfu 40.16%
iter 1620: loss 1.1270, time 10.09ms, mfu 39.84%
iter 1630: loss 1.1504, time 7.99ms, mfu 40.52%
iter 1640: loss 1.1533, time 9.60ms, mfu 40.35%
iter 1650: loss 1.1448, time 11.83ms, mfu 39.46%
iter 1660: loss 1.1204, time 10.60ms, mfu 39.03%
iter 1670: loss 1.1619, time 8.22ms, mfu 39.66%
iter 1680: loss 1.1483, time 10.34ms, mfu 39.30%
iter 1690: loss 1.1163, time 8.51ms, mfu 39.75%
iter 1700: loss 1.1284, time 11.57ms, mfu 38.99%
iter 1710: loss 1.1248, time 11.24ms, mfu 38.41%
iter 1720: loss 1.1376, time 11.85ms, mfu 37.71%
iter 1730: loss 1.1028, time 11.83ms, mfu 37.09%
iter 1740: loss 1.1130, time 11.85ms, mfu 36.53%
step 1750: train loss 1.0391, val loss 1.4754
iter 1750: loss 1.1166, time 2881.59ms, mfu 32.89%
iter 1760: loss 1.1443, time 12.01ms, mfu 32.70%
iter 1770: loss 1.1054, time 7.09ms, mfu 34.68%
iter 1780: loss 1.1247, time 11.81ms, mfu 34.37%
iter 1790: loss 1.1166, time 11.57ms, mfu 34.15%
iter 1800: loss 1.1229, time 11.86ms, mfu 33.88%
iter 1810: loss 1.1411, time 10.79ms, mfu 33.94%
iter 1820: loss 1.1285, time 11.82ms, mfu 33.70%
iter 1830: loss 1.0906, time 7.17ms, mfu 35.53%
iter 1840: loss 1.0908, time 8.01ms, mfu 36.63%
iter 1850: loss 1.1191, time 11.86ms, mfu 36.11%
iter 1860: loss 1.1346, time 8.79ms, mfu 36.74%
iter 1870: loss 1.0663, time 11.85ms, mfu 36.21%
iter 1880: loss 1.1370, time 9.27ms, mfu 36.61%
iter 1890: loss 1.0831, time 8.35ms, mfu 37.41%
iter 1900: loss 1.1163, time 7.05ms, mfu 38.95%
iter 1910: loss 1.1205, time 9.15ms, mfu 39.13%
iter 1920: loss 1.1034, time 9.32ms, mfu 39.21%
iter 1930: loss 1.0882, time 8.32ms, mfu 39.77%
iter 1940: loss 1.0870, time 11.77ms, mfu 38.96%
iter 1950: loss 1.1182, time 11.85ms, mfu 38.21%
iter 1960: loss 1.0730, time 11.83ms, mfu 37.54%
iter 1970: loss 1.1018, time 9.16ms, mfu 37.85%
iter 1980: loss 1.1118, time 8.86ms, mfu 38.27%
iter 1990: loss 1.1020, time 11.84ms, mfu 37.59%
step 2000: train loss 0.9901, val loss 1.4888
iter 2000: loss 1.1274, time 3107.39ms, mfu 33.85%
iter 2010: loss 1.1038, time 8.60ms, mfu 34.80%
iter 2020: loss 1.0865, time 11.84ms, mfu 34.46%
iter 2030: loss 1.1045, time 9.17ms, mfu 35.08%
iter 2040: loss 1.0563, time 9.80ms, mfu 35.38%
iter 2050: loss 1.0788, time 9.46ms, mfu 35.78%
iter 2060: loss 1.0740, time 7.23ms, mfu 37.35%
iter 2070: loss 1.0813, time 7.40ms, mfu 38.65%
iter 2080: loss 1.0758, time 7.88ms, mfu 39.52%
iter 2090: loss 1.0692, time 11.59ms, mfu 38.78%
iter 2100: loss 1.0936, time 9.00ms, mfu 39.04%
iter 2110: loss 1.1041, time 8.89ms, mfu 39.33%
iter 2120: loss 1.0747, time 11.82ms, mfu 38.55%
iter 2130: loss 1.0468, time 9.35ms, mfu 38.68%
iter 2140: loss 1.0552, time 8.20ms, mfu 39.35%
iter 2150: loss 1.0702, time 7.74ms, mfu 40.23%
iter 2160: loss 1.0564, time 8.55ms, mfu 40.57%
iter 2170: loss 1.0490, time 7.89ms, mfu 41.24%
iter 2180: loss 1.0547, time 9.06ms, mfu 41.22%
iter 2190: loss 1.0516, time 9.08ms, mfu 41.21%
iter 2200: loss 1.0427, time 7.98ms, mfu 41.76%
iter 2210: loss 1.0390, time 10.31ms, mfu 41.19%
iter 2220: loss 1.0438, time 8.98ms, mfu 41.23%
iter 2230: loss 1.0528, time 9.39ms, mfu 41.07%
iter 2240: loss 1.0494, time 9.94ms, mfu 40.71%
step 2250: train loss 0.9427, val loss 1.5016
iter 2250: loss 1.0374, time 3065.72ms, mfu 36.65%
iter 2260: loss 1.0269, time 10.58ms, mfu 36.51%
iter 2270: loss 1.0360, time 9.86ms, mfu 36.64%
iter 2280: loss 1.0315, time 11.82ms, mfu 36.13%
iter 2290: loss 1.0371, time 8.77ms, mfu 36.76%
iter 2300: loss 1.0319, time 11.83ms, mfu 36.23%
iter 2310: loss 1.0681, time 11.62ms, mfu 35.82%
iter 2320: loss 1.0305, time 7.78ms, mfu 37.03%
iter 2330: loss 1.0330, time 9.71ms, mfu 37.16%
iter 2340: loss 1.0182, time 9.98ms, mfu 37.18%
iter 2350: loss 1.0319, time 10.47ms, mfu 37.02%
iter 2360: loss 1.0354, time 7.31ms, mfu 38.42%
iter 2370: loss 1.0419, time 11.38ms, mfu 37.85%
iter 2380: loss 1.0326, time 11.55ms, mfu 37.29%
iter 2390: loss 1.0388, time 9.60ms, mfu 37.44%
iter 2400: loss 1.0277, time 11.83ms, mfu 36.85%
iter 2410: loss 1.0430, time 9.85ms, mfu 36.95%
iter 2420: loss 1.0141, time 9.19ms, mfu 37.30%
iter 2430: loss 1.0062, time 8.00ms, mfu 38.23%
iter 2440: loss 0.9997, time 10.22ms, mfu 38.05%
iter 2450: loss 0.9960, time 8.00ms, mfu 38.90%
iter 2460: loss 1.0194, time 8.75ms, mfu 39.27%
iter 2470: loss 1.0182, time 9.21ms, mfu 39.39%
iter 2480: loss 1.0117, time 8.02ms, mfu 40.10%
iter 2490: loss 0.9862, time 9.46ms, mfu 40.03%
step 2500: train loss 0.8903, val loss 1.5167
iter 2500: loss 1.0102, time 3613.96ms, mfu 36.03%
iter 2510: loss 1.0215, time 8.75ms, mfu 36.69%
iter 2520: loss 1.0234, time 8.44ms, mfu 37.44%
iter 2530: loss 1.0213, time 11.60ms, mfu 36.91%
iter 2540: loss 1.0150, time 10.48ms, mfu 36.77%
iter 2550: loss 1.0166, time 8.59ms, mfu 37.43%
iter 2560: loss 0.9839, time 9.81ms, mfu 37.49%
iter 2570: loss 1.0131, time 11.39ms, mfu 37.01%
iter 2580: loss 1.0070, time 8.13ms, mfu 37.90%
iter 2590: loss 1.0094, time 10.00ms, mfu 37.83%
iter 2600: loss 1.0029, time 10.67ms, mfu 37.54%
iter 2610: loss 1.0146, time 13.71ms, mfu 36.50%
iter 2620: loss 0.9922, time 11.66ms, mfu 36.05%
iter 2630: loss 0.9986, time 11.24ms, mfu 35.76%
iter 2640: loss 0.9970, time 12.12ms, mfu 35.26%
iter 2650: loss 0.9830, time 12.13ms, mfu 34.80%
iter 2660: loss 1.0241, time 10.89ms, mfu 34.75%
iter 2670: loss 1.0131, time 10.74ms, mfu 34.74%
iter 2680: loss 0.9794, time 10.43ms, mfu 34.84%
iter 2690: loss 0.9899, time 10.14ms, mfu 35.03%
iter 2700: loss 0.9571, time 10.03ms, mfu 35.24%
iter 2710: loss 0.9897, time 14.56ms, mfu 34.28%
iter 2720: loss 0.9724, time 11.59ms, mfu 34.07%
iter 2730: loss 0.9686, time 11.82ms, mfu 33.81%
iter 2740: loss 0.9765, time 12.15ms, mfu 33.50%
step 2750: train loss 0.8447, val loss 1.5325
iter 2750: loss 0.9941, time 4134.64ms, mfu 30.16%
iter 2760: loss 0.9510, time 10.06ms, mfu 30.85%
iter 2770: loss 0.9829, time 9.72ms, mfu 31.60%
iter 2780: loss 0.9313, time 9.84ms, mfu 32.22%
iter 2790: loss 0.9658, time 10.32ms, mfu 32.61%
iter 2800: loss 0.9634, time 11.04ms, mfu 32.73%
iter 2810: loss 0.9902, time 11.12ms, mfu 32.80%
iter 2820: loss 0.9585, time 9.06ms, mfu 33.64%
iter 2830: loss 0.9398, time 10.20ms, mfu 33.93%
iter 2840: loss 0.9520, time 10.45ms, mfu 34.10%
iter 2850: loss 0.9597, time 9.10ms, mfu 34.78%
iter 2860: loss 0.9530, time 9.30ms, mfu 35.31%
iter 2870: loss 0.9624, time 9.71ms, mfu 35.62%
iter 2880: loss 0.9388, time 12.63ms, mfu 35.01%
iter 2890: loss 0.9682, time 11.26ms, mfu 34.82%
iter 2900: loss 0.9652, time 9.06ms, mfu 35.45%
iter 2910: loss 0.9568, time 10.51ms, mfu 35.45%
iter 2920: loss 0.9677, time 8.61ms, mfu 36.23%
iter 2930: loss 0.9165, time 10.71ms, mfu 36.09%
iter 2940: loss 0.9545, time 11.56ms, mfu 35.70%
iter 2950: loss 0.9752, time 9.36ms, mfu 36.11%
iter 2960: loss 0.9269, time 9.91ms, mfu 36.26%
iter 2970: loss 0.9395, time 9.04ms, mfu 36.76%
iter 2980: loss 0.9369, time 11.05ms, mfu 36.45%
iter 2990: loss 0.9322, time 10.52ms, mfu 36.35%
step 3000: train loss 0.7949, val loss 1.5711
iter 3000: loss 0.9488, time 3509.12ms, mfu 32.73%
iter 3010: loss 0.9317, time 7.43ms, mfu 34.47%
iter 3020: loss 0.9401, time 7.17ms, mfu 36.22%
iter 3030: loss 0.9413, time 9.58ms, mfu 36.49%
iter 3040: loss 0.9283, time 11.57ms, mfu 36.06%
iter 3050: loss 0.9446, time 9.47ms, mfu 36.39%
iter 3060: loss 0.9249, time 7.36ms, mfu 37.81%
iter 3070: loss 0.9207, time 7.16ms, mfu 39.24%
iter 3080: loss 0.9123, time 8.28ms, mfu 39.81%
iter 3090: loss 0.9165, time 9.77ms, mfu 39.65%
iter 3100: loss 0.9170, time 8.30ms, mfu 40.17%
iter 3110: loss 0.9051, time 9.27ms, mfu 40.17%
iter 3120: loss 0.9323, time 9.66ms, mfu 40.01%
iter 3130: loss 0.9047, time 7.39ms, mfu 41.06%
iter 3140: loss 0.9147, time 12.19ms, mfu 40.01%
iter 3150: loss 0.9281, time 9.19ms, mfu 40.06%
iter 3160: loss 0.9068, time 8.73ms, mfu 40.33%
iter 3170: loss 0.9064, time 9.85ms, mfu 40.08%
iter 3180: loss 0.9223, time 8.92ms, mfu 40.25%
iter 3190: loss 0.9008, time 7.82ms, mfu 40.99%
iter 3200: loss 0.8892, time 12.63ms, mfu 39.84%
iter 3210: loss 0.9140, time 7.76ms, mfu 40.66%
iter 3220: loss 0.9000, time 7.53ms, mfu 41.54%
iter 3230: loss 0.8997, time 9.00ms, mfu 41.53%
iter 3240: loss 0.8995, time 8.97ms, mfu 41.53%
step 3250: train loss 0.7447, val loss 1.6008
iter 3250: loss 0.8910, time 3267.40ms, mfu 37.39%
iter 3260: loss 0.8897, time 10.56ms, mfu 37.18%
iter 3270: loss 0.8700, time 9.40ms, mfu 37.43%
iter 3280: loss 0.9078, time 8.25ms, mfu 38.20%
iter 3290: loss 0.8892, time 8.99ms, mfu 38.53%
iter 3300: loss 0.8931, time 8.69ms, mfu 38.97%
iter 3310: loss 0.8918, time 9.74ms, mfu 38.90%
iter 3320: loss 0.8920, time 8.91ms, mfu 39.19%
iter 3330: loss 0.8910, time 8.89ms, mfu 39.46%
iter 3340: loss 0.8856, time 8.92ms, mfu 39.69%
iter 3350: loss 0.8921, time 8.16ms, mfu 40.29%
iter 3360: loss 0.8553, time 9.21ms, mfu 40.31%
iter 3370: loss 0.8608, time 8.67ms, mfu 40.57%
iter 3380: loss 0.8741, time 7.66ms, mfu 41.38%
iter 3390: loss 0.8524, time 7.62ms, mfu 42.13%
iter 3400: loss 0.8602, time 9.29ms, mfu 41.93%
iter 3410: loss 0.8775, time 9.89ms, mfu 41.50%
iter 3420: loss 0.8880, time 8.06ms, mfu 41.98%
iter 3430: loss 0.9069, time 9.05ms, mfu 41.90%
iter 3440: loss 0.8714, time 7.64ms, mfu 42.59%
iter 3450: loss 0.8736, time 9.48ms, mfu 42.26%
iter 3460: loss 0.8518, time 8.19ms, mfu 42.58%
iter 3470: loss 0.8491, time 8.50ms, mfu 42.71%
iter 3480: loss 0.8602, time 8.86ms, mfu 42.64%
iter 3490: loss 0.8773, time 8.58ms, mfu 42.72%
step 3500: train loss 0.6979, val loss 1.6376
iter 3500: loss 0.8617, time 3792.49ms, mfu 38.46%
iter 3510: loss 0.8996, time 7.61ms, mfu 39.51%
iter 3520: loss 0.8657, time 8.23ms, mfu 40.08%
iter 3530: loss 0.8557, time 8.15ms, mfu 40.65%
iter 3540: loss 0.8707, time 9.11ms, mfu 40.67%
iter 3550: loss 0.8483, time 8.23ms, mfu 41.13%
iter 3560: loss 0.8789, time 7.35ms, mfu 42.09%
iter 3570: loss 0.8611, time 7.75ms, mfu 42.69%
iter 3580: loss 0.8630, time 9.34ms, mfu 42.41%
iter 3590: loss 0.8519, time 8.70ms, mfu 42.45%
iter 3600: loss 0.8412, time 8.97ms, mfu 42.36%
iter 3610: loss 0.8306, time 7.89ms, mfu 42.85%
iter 3620: loss 0.8514, time 7.38ms, mfu 43.61%
iter 3630: loss 0.8552, time 8.96ms, mfu 43.41%
iter 3640: loss 0.8375, time 7.18ms, mfu 44.26%
iter 3650: loss 0.8590, time 8.14ms, mfu 44.41%
iter 3660: loss 0.8522, time 9.53ms, mfu 43.88%
iter 3670: loss 0.8387, time 7.50ms, mfu 44.46%
iter 3680: loss 0.8498, time 9.55ms, mfu 43.92%
iter 3690: loss 0.8619, time 9.65ms, mfu 43.39%
iter 3700: loss 0.8542, time 7.15ms, mfu 44.26%
iter 3710: loss 0.8576, time 9.58ms, mfu 43.72%
iter 3720: loss 0.8360, time 7.38ms, mfu 44.39%
iter 3730: loss 0.8355, time 9.74ms, mfu 43.78%
iter 3740: loss 0.8436, time 7.61ms, mfu 44.30%
step 3750: train loss 0.6558, val loss 1.6660
iter 3750: loss 0.8407, time 3881.65ms, mfu 39.88%
iter 3760: loss 0.8302, time 11.20ms, mfu 39.22%
iter 3770: loss 0.8313, time 11.69ms, mfu 38.48%
iter 3780: loss 0.8277, time 8.78ms, mfu 38.88%
iter 3790: loss 0.8205, time 7.66ms, mfu 39.85%
iter 3800: loss 0.8341, time 10.21ms, mfu 39.52%
iter 3810: loss 0.8323, time 11.85ms, mfu 38.71%
iter 3820: loss 0.8079, time 9.52ms, mfu 38.76%
iter 3830: loss 0.8242, time 11.66ms, mfu 38.08%
iter 3840: loss 0.8335, time 8.71ms, mfu 38.55%
iter 3850: loss 0.8134, time 7.79ms, mfu 39.48%
iter 3860: loss 0.8105, time 9.70ms, mfu 39.37%
iter 3870: loss 0.8362, time 8.90ms, mfu 39.62%
iter 3880: loss 0.8272, time 11.83ms, mfu 38.81%
iter 3890: loss 0.8274, time 11.57ms, mfu 38.15%
iter 3900: loss 0.8212, time 7.31ms, mfu 39.43%
iter 3910: loss 0.8341, time 10.32ms, mfu 39.10%
iter 3920: loss 0.8050, time 11.71ms, mfu 38.37%
iter 3930: loss 0.8141, time 8.94ms, mfu 38.70%
iter 3940: loss 0.7865, time 7.40ms, mfu 39.87%
iter 3950: loss 0.8232, time 10.85ms, mfu 39.31%
iter 3960: loss 0.8228, time 8.18ms, mfu 39.93%
iter 3970: loss 0.8167, time 10.06ms, mfu 39.64%
iter 3980: loss 0.8228, time 11.36ms, mfu 38.96%
iter 3990: loss 0.7967, time 9.87ms, mfu 38.84%
step 4000: train loss 0.6198, val loss 1.6872
iter 4000: loss 0.8069, time 2999.34ms, mfu 34.97%
iter 4010: loss 0.8429, time 6.71ms, mfu 37.02%
iter 4020: loss 0.8293, time 11.57ms, mfu 36.54%
iter 4030: loss 0.8147, time 8.02ms, mfu 37.53%
iter 4040: loss 0.8141, time 7.67ms, mfu 38.64%
iter 4050: loss 0.7936, time 10.16ms, mfu 38.44%
iter 4060: loss 0.8026, time 8.74ms, mfu 38.86%
iter 4070: loss 0.8282, time 8.06ms, mfu 39.60%
iter 4080: loss 0.8095, time 10.35ms, mfu 39.24%
iter 4090: loss 0.8302, time 9.22ms, mfu 39.36%
iter 4100: loss 0.7955, time 8.46ms, mfu 39.82%
iter 4110: loss 0.7964, time 8.91ms, mfu 40.02%
iter 4120: loss 0.7860, time 7.11ms, mfu 41.26%
iter 4130: loss 0.7960, time 7.49ms, mfu 42.11%
iter 4140: loss 0.7878, time 10.70ms, mfu 41.38%
iter 4150: loss 0.8109, time 8.65ms, mfu 41.55%
iter 4160: loss 0.8078, time 7.71ms, mfu 42.23%
iter 4170: loss 0.7699, time 73.17ms, mfu 38.52%
iter 4180: loss 0.7949, time 7.33ms, mfu 39.75%
iter 4190: loss 0.8001, time 10.75ms, mfu 39.24%
iter 4200: loss 0.7961, time 8.32ms, mfu 39.79%
iter 4210: loss 0.8074, time 7.91ms, mfu 40.52%
iter 4220: loss 0.8029, time 7.63ms, mfu 41.35%
iter 4230: loss 0.7895, time 8.70ms, mfu 41.50%
iter 4240: loss 0.8020, time 9.46ms, mfu 41.29%
step 4250: train loss 0.5941, val loss 1.7160
iter 4250: loss 0.7832, time 3082.76ms, mfu 37.17%
iter 4260: loss 0.7899, time 11.49ms, mfu 36.70%
iter 4270: loss 0.7979, time 9.35ms, mfu 37.01%
iter 4280: loss 0.8151, time 10.01ms, mfu 37.03%
iter 4290: loss 0.7883, time 7.63ms, mfu 38.21%
iter 4300: loss 0.7813, time 7.56ms, mfu 39.32%
iter 4310: loss 0.7829, time 9.03ms, mfu 39.51%
iter 4320: loss 0.8010, time 7.45ms, mfu 40.57%
iter 4330: loss 0.7843, time 9.49ms, mfu 40.44%
iter 4340: loss 0.7825, time 7.33ms, mfu 41.48%
iter 4350: loss 0.7929, time 11.78ms, mfu 40.50%
iter 4360: loss 0.7835, time 8.53ms, mfu 40.82%
iter 4370: loss 0.7827, time 8.88ms, mfu 40.93%
iter 4380: loss 0.8029, time 7.90ms, mfu 41.55%
iter 4390: loss 0.7762, time 8.12ms, mfu 41.99%
iter 4400: loss 0.7695, time 7.41ms, mfu 42.82%
iter 4410: loss 0.8024, time 11.85ms, mfu 41.68%
iter 4420: loss 0.7935, time 9.69ms, mfu 41.36%
iter 4430: loss 0.7797, time 7.83ms, mfu 41.98%
iter 4440: loss 0.7891, time 12.10ms, mfu 40.86%
iter 4450: loss 0.7969, time 12.13ms, mfu 39.85%
iter 4460: loss 0.7792, time 8.36ms, mfu 40.32%
iter 4470: loss 0.7846, time 9.79ms, mfu 40.09%
iter 4480: loss 0.7806, time 11.31ms, mfu 39.38%
iter 4490: loss 0.7747, time 9.50ms, mfu 39.36%
step 4500: train loss 0.5713, val loss 1.7249
iter 4500: loss 0.8080, time 3234.67ms, mfu 35.44%
iter 4510: loss 0.7561, time 9.18ms, mfu 35.95%
iter 4520: loss 0.7655, time 9.43ms, mfu 36.31%
iter 4530: loss 0.7732, time 10.02ms, mfu 36.40%
iter 4540: loss 0.7764, time 7.07ms, mfu 38.03%
iter 4550: loss 0.7802, time 7.15ms, mfu 39.43%
iter 4560: loss 0.7765, time 7.34ms, mfu 40.57%
iter 4570: loss 0.8041, time 7.97ms, mfu 41.19%
iter 4580: loss 0.7923, time 7.88ms, mfu 41.80%
iter 4590: loss 0.7723, time 9.57ms, mfu 41.51%
iter 4600: loss 0.7742, time 10.05ms, mfu 41.07%
iter 4610: loss 0.7671, time 7.99ms, mfu 41.63%
iter 4620: loss 0.7550, time 7.56ms, mfu 42.39%
iter 4630: loss 0.7623, time 8.30ms, mfu 42.64%
iter 4640: loss 0.7643, time 7.37ms, mfu 43.43%
iter 4650: loss 0.7708, time 8.63ms, mfu 43.41%
iter 4660: loss 0.7835, time 9.24ms, mfu 43.10%
iter 4670: loss 0.7683, time 7.55ms, mfu 43.72%
iter 4680: loss 0.7597, time 7.45ms, mfu 44.35%
iter 4690: loss 0.7543, time 7.46ms, mfu 44.91%
iter 4700: loss 0.7765, time 8.10ms, mfu 45.02%
iter 4710: loss 0.7704, time 9.73ms, mfu 44.35%
iter 4720: loss 0.7581, time 6.92ms, mfu 45.30%
iter 4730: loss 0.7589, time 9.44ms, mfu 44.72%
iter 4740: loss 0.7511, time 9.52ms, mfu 44.16%
step 4750: train loss 0.5580, val loss 1.7337
iter 4750: loss 0.7763, time 3751.10ms, mfu 39.76%
iter 4760: loss 0.7714, time 10.25ms, mfu 39.42%
iter 4770: loss 0.7504, time 7.44ms, mfu 40.49%
iter 4780: loss 0.7655, time 11.65ms, mfu 39.64%
iter 4790: loss 0.7739, time 11.52ms, mfu 38.91%
iter 4800: loss 0.7758, time 10.78ms, mfu 38.47%
iter 4810: loss 0.7551, time 8.54ms, mfu 38.99%
iter 4820: loss 0.7628, time 11.83ms, mfu 38.24%
iter 4830: loss 0.7538, time 11.90ms, mfu 37.55%
iter 4840: loss 0.7509, time 11.81ms, mfu 36.95%
iter 4850: loss 0.7678, time 9.32ms, mfu 37.25%
iter 4860: loss 0.7657, time 9.73ms, mfu 37.36%
iter 4870: loss 0.7629, time 7.06ms, mfu 38.90%
iter 4880: loss 0.7518, time 11.35ms, mfu 38.29%
iter 4890: loss 0.7901, time 10.77ms, mfu 37.92%
iter 4900: loss 0.7717, time 7.37ms, mfu 39.19%
iter 4910: loss 0.7432, time 9.45ms, mfu 39.21%
iter 4920: loss 0.7473, time 9.31ms, mfu 39.29%
iter 4930: loss 0.7624, time 11.82ms, mfu 38.51%
iter 4940: loss 0.7563, time 9.81ms, mfu 38.46%
iter 4950: loss 0.7649, time 7.88ms, mfu 39.35%
iter 4960: loss 0.7452, time 7.79ms, mfu 40.20%
iter 4970: loss 0.7368, time 8.43ms, mfu 40.60%
iter 4980: loss 0.7750, time 10.37ms, mfu 40.13%
iter 4990: loss 0.7721, time 9.24ms, mfu 40.15%
step 5000: train loss 0.5486, val loss 1.7449
iter 5000: loss 0.7626, time 3214.96ms, mfu 36.14%
