Overriding config with config/train_shakespeare_char.py:
# train a miniature character-level shakespeare model
# good for debugging and playing on macbooks and such

out_dir = 'out-shakespeare-char'
eval_interval = 250 # keep frequent because we'll overfit
eval_iters = 200
log_interval = 10 # don't print too too often

# we expect to overfit on this small dataset, so only save when val improves
always_save_checkpoint = False

wandb_log = False # override via command line if you like
wandb_project = 'shakespeare-char'
wandb_run_name = 'mini-gpt'

dataset = 'shakespeare_char'
gradient_accumulation_steps = 1
batch_size = 64
block_size = 256 # context of up to 256 previous characters

# baby GPT model :)
n_layer = 6
n_head = 6
n_embd = 384
dropout = 0.2

learning_rate = 1e-3 # with baby networks can afford to go a bit higher
max_iters = 5000
lr_decay_iters = 5000 # make equal to max_iters usually
min_lr = 1e-4 # learning_rate / 10 usually
beta2 = 0.99 # make a bit bigger because number of tokens per iter is small

warmup_iters = 100 # not super necessary potentially

# on macbook also add
# device = 'cpu'  # run on cpu only
# compile = False # do not torch compile the model

Overriding: learning_rate = 0.0005
Overriding: out_dir = runs_full/swiglu_lr5e-4
Overriding: mlp_type = swiglu
tokens per iteration will be: 16,384
found vocab_size = 65 (inside data/shakespeare_char/meta.pkl)
Initializing a new model from scratch
number of parameters: 10.65M
/scratch/guo.jiayin/nanoGPT/train.py:203: FutureWarning: `torch.cuda.amp.GradScaler(args...)` is deprecated. Please use `torch.amp.GradScaler('cuda', args...)` instead.
  scaler = torch.cuda.amp.GradScaler(enabled=(dtype == 'float16'))
num decayed parameter tensors: 32, with 10,740,096 parameters
num non-decayed parameter tensors: 13, with 4,992 parameters
using fused AdamW: True
compiling the model... (takes a ~minute)
step 0: train loss 4.3300, val loss 4.3197
iter 0: loss 4.3276, time 16444.31ms, mfu -100.00%
iter 10: loss 3.4500, time 7.31ms, mfu 50.97%
iter 20: loss 3.1327, time 7.65ms, mfu 50.74%
iter 30: loss 2.7497, time 7.25ms, mfu 50.81%
iter 40: loss 2.6115, time 11.33ms, mfu 49.01%
iter 50: loss 2.5478, time 9.72ms, mfu 47.95%
iter 60: loss 2.5083, time 7.64ms, mfu 48.03%
iter 70: loss 2.4852, time 7.29ms, mfu 48.34%
iter 80: loss 2.4668, time 7.13ms, mfu 48.73%
iter 90: loss 2.4632, time 9.64ms, mfu 47.72%
iter 100: loss 2.4495, time 9.74ms, mfu 46.77%
iter 110: loss 2.4169, time 8.18ms, mfu 46.65%
iter 120: loss 2.4034, time 8.86ms, mfu 46.19%
iter 130: loss 2.3796, time 10.05ms, mfu 45.28%
iter 140: loss 2.3553, time 9.11ms, mfu 44.84%
iter 150: loss 2.3466, time 7.81ms, mfu 45.12%
iter 160: loss 2.3407, time 8.74ms, mfu 44.88%
iter 170: loss 2.2967, time 7.34ms, mfu 45.47%
iter 180: loss 2.2747, time 7.21ms, mfu 46.09%
iter 190: loss 2.2519, time 7.50ms, mfu 46.45%
iter 200: loss 2.2060, time 9.70ms, mfu 45.65%
iter 210: loss 2.1545, time 9.19ms, mfu 45.14%
iter 220: loss 2.1206, time 7.99ms, mfu 45.29%
iter 230: loss 2.0682, time 7.20ms, mfu 45.93%
iter 240: loss 2.0292, time 7.84ms, mfu 46.09%
step 250: train loss 1.9116, val loss 2.0327
saving checkpoint to runs_full/swiglu_lr5e-4
iter 250: loss 2.0076, time 4258.50ms, mfu 41.49%
iter 260: loss 1.9923, time 8.59ms, mfu 41.68%
iter 270: loss 1.9218, time 12.09ms, mfu 40.59%
iter 280: loss 1.8909, time 7.94ms, mfu 41.23%
iter 290: loss 1.9049, time 9.50ms, mfu 41.03%
iter 300: loss 1.8590, time 9.62ms, mfu 40.80%
iter 310: loss 1.8294, time 8.18ms, mfu 41.27%
iter 320: loss 1.8058, time 9.97ms, mfu 40.89%
iter 330: loss 1.7723, time 8.00ms, mfu 41.45%
iter 340: loss 1.7857, time 9.87ms, mfu 41.08%
iter 350: loss 1.7170, time 7.75ms, mfu 41.78%
iter 360: loss 1.7062, time 9.93ms, mfu 41.35%
iter 370: loss 1.7104, time 9.66ms, mfu 41.07%
iter 380: loss 1.6964, time 13.90ms, mfu 39.65%
iter 390: loss 1.6922, time 8.43ms, mfu 40.10%
iter 400: loss 1.6764, time 9.08ms, mfu 40.20%
iter 410: loss 1.6902, time 9.67ms, mfu 40.03%
iter 420: loss 1.6315, time 9.86ms, mfu 39.80%
iter 430: loss 1.6289, time 12.71ms, mfu 38.76%
iter 440: loss 1.6371, time 9.56ms, mfu 38.78%
iter 450: loss 1.6302, time 11.30ms, mfu 38.20%
iter 460: loss 1.5824, time 8.49ms, mfu 38.77%
iter 470: loss 1.6257, time 11.76ms, mfu 38.06%
iter 480: loss 1.6070, time 7.76ms, mfu 39.05%
iter 490: loss 1.5815, time 10.35ms, mfu 38.75%
step 500: train loss 1.4802, val loss 1.6818
saving checkpoint to runs_full/swiglu_lr5e-4
iter 500: loss 1.5769, time 4955.58ms, mfu 34.88%
iter 510: loss 1.5794, time 7.63ms, mfu 36.28%
iter 520: loss 1.5879, time 8.79ms, mfu 36.89%
iter 530: loss 1.5624, time 8.93ms, mfu 37.37%
iter 540: loss 1.5436, time 8.20ms, mfu 38.18%
iter 550: loss 1.5636, time 12.07ms, mfu 37.45%
iter 560: loss 1.5186, time 8.12ms, mfu 38.29%
iter 570: loss 1.5166, time 10.66ms, mfu 37.96%
iter 580: loss 1.4889, time 10.42ms, mfu 37.74%
iter 590: loss 1.5343, time 11.89ms, mfu 37.10%
iter 600: loss 1.4925, time 11.20ms, mfu 36.71%
iter 610: loss 1.5035, time 8.46ms, mfu 37.45%
iter 620: loss 1.4739, time 10.53ms, mfu 37.24%
iter 630: loss 1.5084, time 7.96ms, mfu 38.20%
iter 640: loss 1.4926, time 10.42ms, mfu 37.95%
iter 650: loss 1.4739, time 9.68ms, mfu 38.00%
iter 660: loss 1.4938, time 10.02ms, mfu 37.92%
iter 670: loss 1.4706, time 11.00ms, mfu 37.52%
iter 680: loss 1.4482, time 12.92ms, mfu 36.65%
iter 690: loss 1.4531, time 13.91ms, mfu 35.66%
iter 700: loss 1.4396, time 8.34ms, mfu 36.56%
iter 710: loss 1.4266, time 9.53ms, mfu 36.82%
iter 720: loss 1.4326, time 10.24ms, mfu 36.78%
iter 730: loss 1.4220, time 13.47ms, mfu 35.86%
iter 740: loss 1.4269, time 8.13ms, mfu 36.86%
step 750: train loss 1.3485, val loss 1.5856
saving checkpoint to runs_full/swiglu_lr5e-4
iter 750: loss 1.4422, time 6177.19ms, mfu 33.18%
iter 760: loss 1.4173, time 12.44ms, mfu 32.86%
iter 770: loss 1.4295, time 8.68ms, mfu 33.87%
iter 780: loss 1.4247, time 9.80ms, mfu 34.28%
iter 790: loss 1.4203, time 7.86ms, mfu 35.59%
iter 800: loss 1.4365, time 10.88ms, mfu 35.46%
iter 810: loss 1.3988, time 10.43ms, mfu 35.49%
iter 820: loss 1.3746, time 11.39ms, mfu 35.21%
iter 830: loss 1.3796, time 10.72ms, mfu 35.16%
iter 840: loss 1.4119, time 10.05ms, mfu 35.35%
iter 850: loss 1.3988, time 12.21ms, mfu 34.87%
iter 860: loss 1.3831, time 8.39ms, mfu 35.82%
iter 870: loss 1.3990, time 11.33ms, mfu 35.53%
iter 880: loss 1.3586, time 8.52ms, mfu 36.35%
iter 890: loss 1.3883, time 10.05ms, mfu 36.42%
iter 900: loss 1.3432, time 10.13ms, mfu 36.46%
iter 910: loss 1.3393, time 10.39ms, mfu 36.40%
iter 920: loss 1.3807, time 14.96ms, mfu 35.25%
iter 930: loss 1.3468, time 8.97ms, mfu 35.88%
iter 940: loss 1.3667, time 11.43ms, mfu 35.55%
iter 950: loss 1.3909, time 9.59ms, mfu 35.89%
iter 960: loss 1.3413, time 10.64ms, mfu 35.80%
iter 970: loss 1.3660, time 8.98ms, mfu 36.37%
iter 980: loss 1.3508, time 10.28ms, mfu 36.36%
iter 990: loss 1.3307, time 12.29ms, mfu 35.75%
step 1000: train loss 1.2689, val loss 1.5375
saving checkpoint to runs_full/swiglu_lr5e-4
iter 1000: loss 1.3337, time 5481.29ms, mfu 32.18%
iter 1010: loss 1.3438, time 9.46ms, mfu 32.90%
iter 1020: loss 1.2955, time 9.07ms, mfu 33.72%
iter 1030: loss 1.3387, time 7.48ms, mfu 35.33%
iter 1040: loss 1.3255, time 7.35ms, mfu 36.87%
iter 1050: loss 1.3430, time 8.52ms, mfu 37.56%
iter 1060: loss 1.3166, time 7.18ms, mfu 38.99%
iter 1070: loss 1.3296, time 8.14ms, mfu 39.67%
iter 1080: loss 1.3068, time 10.23ms, mfu 39.35%
iter 1090: loss 1.3367, time 8.72ms, mfu 39.69%
iter 1100: loss 1.3277, time 9.10ms, mfu 39.81%
iter 1110: loss 1.3219, time 9.28ms, mfu 39.85%
iter 1120: loss 1.2905, time 10.14ms, mfu 39.54%
iter 1130: loss 1.3317, time 9.56ms, mfu 39.48%
iter 1140: loss 1.2992, time 9.14ms, mfu 39.61%
iter 1150: loss 1.3635, time 8.19ms, mfu 40.20%
iter 1160: loss 1.3364, time 8.01ms, mfu 40.83%
iter 1170: loss 1.3389, time 7.82ms, mfu 41.52%
iter 1180: loss 1.3238, time 7.34ms, mfu 42.44%
iter 1190: loss 1.3272, time 7.90ms, mfu 42.92%
iter 1200: loss 1.2916, time 8.94ms, mfu 42.79%
iter 1210: loss 1.2998, time 8.78ms, mfu 42.76%
iter 1220: loss 1.2796, time 7.83ms, mfu 43.24%
iter 1230: loss 1.2993, time 8.04ms, mfu 43.56%
iter 1240: loss 1.3098, time 8.37ms, mfu 43.65%
step 1250: train loss 1.2097, val loss 1.5120
saving checkpoint to runs_full/swiglu_lr5e-4
iter 1250: loss 1.2890, time 5816.23ms, mfu 39.29%
iter 1260: loss 1.2887, time 9.83ms, mfu 39.15%
iter 1270: loss 1.3005, time 7.88ms, mfu 39.97%
iter 1280: loss 1.2774, time 8.84ms, mfu 40.19%
iter 1290: loss 1.2940, time 8.27ms, mfu 40.68%
iter 1300: loss 1.2791, time 9.15ms, mfu 40.68%
iter 1310: loss 1.3055, time 9.23ms, mfu 40.65%
iter 1320: loss 1.3069, time 10.13ms, mfu 40.26%
iter 1330: loss 1.2949, time 9.54ms, mfu 40.15%
iter 1340: loss 1.2486, time 8.53ms, mfu 40.50%
iter 1350: loss 1.2890, time 8.35ms, mfu 40.91%
iter 1360: loss 1.2934, time 9.25ms, mfu 40.84%
iter 1370: loss 1.2555, time 7.34ms, mfu 41.83%
iter 1380: loss 1.2880, time 7.99ms, mfu 42.31%
iter 1390: loss 1.2850, time 9.01ms, mfu 42.22%
iter 1400: loss 1.2369, time 9.04ms, mfu 42.12%
iter 1410: loss 1.2822, time 8.65ms, mfu 42.21%
iter 1420: loss 1.2499, time 8.62ms, mfu 42.32%
iter 1430: loss 1.2253, time 8.06ms, mfu 42.71%
iter 1440: loss 1.2440, time 10.11ms, mfu 42.13%
iter 1450: loss 1.2709, time 9.39ms, mfu 41.88%
iter 1460: loss 1.2304, time 7.68ms, mfu 42.55%
iter 1470: loss 1.2449, time 9.96ms, mfu 42.03%
iter 1480: loss 1.2795, time 7.05ms, mfu 43.11%
iter 1490: loss 1.2309, time 9.08ms, mfu 42.91%
step 1500: train loss 1.1607, val loss 1.5033
saving checkpoint to runs_full/swiglu_lr5e-4
iter 1500: loss 1.2148, time 5236.43ms, mfu 38.62%
iter 1510: loss 1.2295, time 10.53ms, mfu 38.30%
iter 1520: loss 1.2434, time 9.07ms, mfu 38.58%
iter 1530: loss 1.2613, time 8.12ms, mfu 39.31%
iter 1540: loss 1.2589, time 9.60ms, mfu 39.26%
iter 1550: loss 1.2286, time 9.37ms, mfu 39.31%
iter 1560: loss 1.2345, time 8.49ms, mfu 39.77%
iter 1570: loss 1.2029, time 10.20ms, mfu 39.44%
iter 1580: loss 1.2147, time 7.53ms, mfu 40.45%
iter 1590: loss 1.2346, time 9.81ms, mfu 40.20%
iter 1600: loss 1.2040, time 8.63ms, mfu 40.50%
iter 1610: loss 1.2229, time 7.62ms, mfu 41.34%
iter 1620: loss 1.2383, time 9.65ms, mfu 41.07%
iter 1630: loss 1.2157, time 8.89ms, mfu 41.15%
iter 1640: loss 1.2424, time 9.10ms, mfu 41.13%
iter 1650: loss 1.2138, time 8.72ms, mfu 41.29%
iter 1660: loss 1.2131, time 8.41ms, mfu 41.59%
iter 1670: loss 1.2201, time 8.97ms, mfu 41.59%
iter 1680: loss 1.2003, time 8.29ms, mfu 41.92%
iter 1690: loss 1.2218, time 7.73ms, mfu 42.55%
iter 1700: loss 1.1886, time 8.75ms, mfu 42.56%
iter 1710: loss 1.2008, time 7.37ms, mfu 43.36%
iter 1720: loss 1.1943, time 9.34ms, mfu 43.01%
iter 1730: loss 1.2192, time 9.53ms, mfu 42.62%
iter 1740: loss 1.2100, time 8.94ms, mfu 42.53%
step 1750: train loss 1.1136, val loss 1.5016
saving checkpoint to runs_full/swiglu_lr5e-4
iter 1750: loss 1.2019, time 4944.40ms, mfu 38.28%
iter 1760: loss 1.2003, time 10.60ms, mfu 37.97%
iter 1770: loss 1.2018, time 9.11ms, mfu 38.26%
iter 1780: loss 1.2018, time 7.81ms, mfu 39.21%
iter 1790: loss 1.2191, time 9.32ms, mfu 39.29%
iter 1800: loss 1.1904, time 9.01ms, mfu 39.49%
iter 1810: loss 1.1914, time 9.03ms, mfu 39.67%
iter 1820: loss 1.1535, time 8.04ms, mfu 40.34%
iter 1830: loss 1.1733, time 8.52ms, mfu 40.68%
iter 1840: loss 1.1666, time 7.94ms, mfu 41.30%
iter 1850: loss 1.1998, time 8.85ms, mfu 41.38%
iter 1860: loss 1.1846, time 9.28ms, mfu 41.26%
iter 1870: loss 1.1936, time 10.75ms, mfu 40.60%
iter 1880: loss 1.1678, time 7.72ms, mfu 41.36%
iter 1890: loss 1.1893, time 7.24ms, mfu 42.37%
iter 1900: loss 1.1891, time 9.94ms, mfu 41.88%
iter 1910: loss 1.1710, time 8.36ms, mfu 42.15%
iter 1920: loss 1.1870, time 8.52ms, mfu 42.31%
iter 1930: loss 1.1911, time 7.34ms, mfu 43.16%
iter 1940: loss 1.1758, time 9.16ms, mfu 42.91%
iter 1950: loss 1.1806, time 8.67ms, mfu 42.92%
iter 1960: loss 1.1742, time 8.90ms, mfu 42.81%
iter 1970: loss 1.1731, time 8.14ms, mfu 43.11%
iter 1980: loss 1.2097, time 8.79ms, mfu 43.04%
iter 1990: loss 1.1424, time 8.64ms, mfu 43.05%
step 2000: train loss 1.0693, val loss 1.5101
iter 2000: loss 1.2068, time 3880.08ms, mfu 38.75%
iter 2010: loss 1.1700, time 7.88ms, mfu 39.61%
iter 2020: loss 1.1759, time 8.16ms, mfu 40.21%
iter 2030: loss 1.1509, time 7.48ms, mfu 41.17%
iter 2040: loss 1.1515, time 8.97ms, mfu 41.21%
iter 2050: loss 1.1475, time 10.00ms, mfu 40.81%
iter 2060: loss 1.1428, time 7.55ms, mfu 41.66%
iter 2070: loss 1.1527, time 8.80ms, mfu 41.73%
iter 2080: loss 1.1561, time 7.62ms, mfu 42.45%
iter 2090: loss 1.1285, time 9.13ms, mfu 42.29%
iter 2100: loss 1.1663, time 9.14ms, mfu 42.14%
iter 2110: loss 1.1219, time 8.95ms, mfu 42.09%
iter 2120: loss 1.1171, time 9.05ms, mfu 42.00%
iter 2130: loss 1.1720, time 8.02ms, mfu 42.44%
iter 2140: loss 1.1538, time 9.94ms, mfu 41.95%
iter 2150: loss 1.1167, time 9.03ms, mfu 41.88%
iter 2160: loss 1.1278, time 8.68ms, mfu 41.99%
iter 2170: loss 1.1301, time 7.47ms, mfu 42.77%
iter 2180: loss 1.1483, time 8.57ms, mfu 42.84%
iter 2190: loss 1.1350, time 8.96ms, mfu 42.71%
iter 2200: loss 1.1595, time 7.99ms, mfu 43.10%
iter 2210: loss 1.1429, time 8.99ms, mfu 42.94%
iter 2220: loss 1.1372, time 8.88ms, mfu 42.84%
iter 2230: loss 1.1320, time 9.75ms, mfu 42.38%
iter 2240: loss 1.1521, time 8.44ms, mfu 42.56%
step 2250: train loss 1.0285, val loss 1.5174
iter 2250: loss 1.0855, time 3460.81ms, mfu 38.31%
iter 2260: loss 1.1286, time 8.30ms, mfu 38.97%
iter 2270: loss 1.1494, time 9.86ms, mfu 38.85%
iter 2280: loss 1.1220, time 10.18ms, mfu 38.63%
iter 2290: loss 1.1414, time 8.53ms, mfu 39.13%
iter 2300: loss 1.1438, time 9.40ms, mfu 39.19%
iter 2310: loss 1.1489, time 10.59ms, mfu 38.79%
iter 2320: loss 1.1199, time 8.59ms, mfu 39.24%
iter 2330: loss 1.1549, time 9.13ms, mfu 39.40%
iter 2340: loss 1.1242, time 10.31ms, mfu 39.08%
iter 2350: loss 1.1142, time 9.29ms, mfu 39.18%
iter 2360: loss 1.1054, time 8.75ms, mfu 39.52%
iter 2370: loss 1.1550, time 8.27ms, mfu 40.07%
iter 2380: loss 1.1111, time 10.03ms, mfu 39.78%
iter 2390: loss 1.1155, time 15.70ms, mfu 38.18%
iter 2400: loss 1.0986, time 9.30ms, mfu 38.37%
iter 2410: loss 1.0982, time 9.21ms, mfu 38.57%
iter 2420: loss 1.1382, time 8.74ms, mfu 38.98%
iter 2430: loss 1.1231, time 10.95ms, mfu 38.48%
iter 2440: loss 1.1038, time 9.93ms, mfu 38.39%
iter 2450: loss 1.1009, time 9.63ms, mfu 38.42%
iter 2460: loss 1.0998, time 9.25ms, mfu 38.61%
iter 2470: loss 1.0821, time 10.60ms, mfu 38.26%
iter 2480: loss 1.1221, time 10.43ms, mfu 38.01%
iter 2490: loss 1.1270, time 8.79ms, mfu 38.45%
step 2500: train loss 0.9860, val loss 1.5400
iter 2500: loss 1.1227, time 3471.67ms, mfu 34.61%
iter 2510: loss 1.1203, time 9.12ms, mfu 35.24%
iter 2520: loss 1.1077, time 7.93ms, mfu 36.41%
iter 2530: loss 1.1042, time 11.60ms, mfu 35.99%
iter 2540: loss 1.1109, time 11.53ms, mfu 35.62%
iter 2550: loss 1.1100, time 9.79ms, mfu 35.86%
iter 2560: loss 1.0844, time 12.14ms, mfu 35.34%
iter 2570: loss 1.0865, time 9.91ms, mfu 35.57%
iter 2580: loss 1.0917, time 8.85ms, mfu 36.22%
iter 2590: loss 1.0650, time 7.60ms, mfu 37.51%
iter 2600: loss 1.0614, time 14.50ms, mfu 36.33%
iter 2610: loss 1.0730, time 14.44ms, mfu 35.27%
iter 2620: loss 1.0633, time 8.36ms, mfu 36.20%
iter 2630: loss 1.0785, time 9.44ms, mfu 36.53%
iter 2640: loss 1.0577, time 10.13ms, mfu 36.56%
iter 2650: loss 1.0889, time 9.49ms, mfu 36.83%
iter 2660: loss 1.1162, time 12.77ms, mfu 36.06%
iter 2670: loss 1.0863, time 12.53ms, mfu 35.43%
iter 2680: loss 1.0697, time 10.47ms, mfu 35.44%
iter 2690: loss 1.0313, time 9.07ms, mfu 36.01%
iter 2700: loss 1.0632, time 10.12ms, mfu 36.09%
iter 2710: loss 1.0638, time 10.63ms, mfu 35.99%
iter 2720: loss 1.0507, time 7.60ms, mfu 37.29%
iter 2730: loss 1.0773, time 12.36ms, mfu 36.58%
iter 2740: loss 1.0414, time 9.24ms, mfu 36.95%
step 2750: train loss 0.9455, val loss 1.5440
iter 2750: loss 1.0343, time 3504.88ms, mfu 33.27%
iter 2760: loss 1.0664, time 14.59ms, mfu 32.49%
iter 2770: loss 1.0705, time 11.72ms, mfu 32.42%
iter 2780: loss 1.0657, time 10.09ms, mfu 32.87%
iter 2790: loss 1.0409, time 9.14ms, mfu 33.66%
iter 2800: loss 1.0656, time 11.55ms, mfu 33.52%
iter 2810: loss 1.0388, time 9.04ms, mfu 34.29%
iter 2820: loss 1.0408, time 10.24ms, mfu 34.50%
iter 2830: loss 1.0801, time 11.65ms, mfu 34.25%
iter 2840: loss 1.0556, time 11.05ms, mfu 34.20%
iter 2850: loss 1.0469, time 8.05ms, mfu 35.41%
iter 2860: loss 1.0174, time 9.79ms, mfu 35.67%
iter 2870: loss 1.0376, time 12.58ms, mfu 35.07%
iter 2880: loss 1.0471, time 10.03ms, mfu 35.28%
iter 2890: loss 1.0457, time 9.09ms, mfu 35.85%
iter 2900: loss 1.0376, time 11.13ms, mfu 35.61%
iter 2910: loss 1.0301, time 10.18ms, mfu 35.71%
iter 2920: loss 1.0444, time 9.10ms, mfu 36.24%
iter 2930: loss 1.0384, time 8.60ms, mfu 36.95%
iter 2940: loss 1.0224, time 9.70ms, mfu 37.09%
iter 2950: loss 1.0308, time 11.10ms, mfu 36.74%
iter 2960: loss 1.0434, time 9.18ms, mfu 37.12%
iter 2970: loss 1.0362, time 7.72ms, mfu 38.24%
iter 2980: loss 1.0450, time 11.47ms, mfu 37.66%
iter 2990: loss 1.0737, time 10.69ms, mfu 37.38%
step 3000: train loss 0.9011, val loss 1.5723
iter 3000: loss 0.9971, time 3736.88ms, mfu 33.66%
iter 3010: loss 1.0409, time 13.20ms, mfu 33.11%
iter 3020: loss 1.0280, time 11.94ms, mfu 32.92%
iter 3030: loss 1.0180, time 9.79ms, mfu 33.44%
iter 3040: loss 1.0471, time 11.11ms, mfu 33.45%
iter 3050: loss 1.0165, time 9.97ms, mfu 33.84%
iter 3060: loss 1.0227, time 11.06ms, mfu 33.83%
iter 3070: loss 1.0190, time 10.66ms, mfu 33.94%
iter 3080: loss 1.0174, time 13.74ms, mfu 33.26%
iter 3090: loss 1.0293, time 14.18ms, mfu 32.56%
iter 3100: loss 1.0276, time 11.52ms, mfu 32.54%
iter 3110: loss 0.9959, time 16.49ms, mfu 31.54%
iter 3120: loss 1.0466, time 12.28ms, mfu 31.42%
iter 3130: loss 0.9970, time 14.52ms, mfu 30.85%
iter 3140: loss 1.0366, time 10.29ms, mfu 31.39%
iter 3150: loss 1.0166, time 13.09ms, mfu 31.09%
iter 3160: loss 1.0480, time 8.95ms, mfu 32.15%
iter 3170: loss 1.0401, time 13.05ms, mfu 31.79%
iter 3180: loss 0.9734, time 8.01ms, mfu 33.26%
iter 3190: loss 1.0134, time 9.83ms, mfu 33.72%
iter 3200: loss 1.0240, time 9.38ms, mfu 34.32%
iter 3210: loss 0.9797, time 10.66ms, mfu 34.39%
iter 3220: loss 1.0170, time 10.24ms, mfu 34.59%
iter 3230: loss 0.9937, time 12.76ms, mfu 34.05%
iter 3240: loss 0.9882, time 7.15ms, mfu 35.86%
step 3250: train loss 0.8631, val loss 1.5986
iter 3250: loss 0.9934, time 3870.17ms, mfu 32.28%
iter 3260: loss 0.9819, time 9.91ms, mfu 32.81%
iter 3270: loss 1.0282, time 8.23ms, mfu 34.06%
iter 3280: loss 0.9815, time 12.14ms, mfu 33.72%
iter 3290: loss 1.0144, time 8.29ms, mfu 34.84%
iter 3300: loss 0.9831, time 12.02ms, mfu 34.46%
iter 3310: loss 1.0179, time 8.32ms, mfu 35.49%
iter 3320: loss 0.9900, time 12.01ms, mfu 35.05%
iter 3330: loss 1.0139, time 9.43ms, mfu 35.49%
iter 3340: loss 1.0051, time 11.77ms, mfu 35.11%
iter 3350: loss 0.9796, time 7.59ms, mfu 36.51%
iter 3360: loss 1.0006, time 10.89ms, mfu 36.28%
iter 3370: loss 1.0169, time 8.93ms, mfu 36.82%
iter 3380: loss 1.0060, time 10.22ms, mfu 36.78%
iter 3390: loss 0.9967, time 9.69ms, mfu 36.95%
iter 3400: loss 0.9838, time 10.17ms, mfu 36.92%
iter 3410: loss 0.9735, time 12.38ms, mfu 36.24%
iter 3420: loss 0.9906, time 10.10ms, mfu 36.30%
iter 3430: loss 1.0226, time 10.76ms, mfu 36.14%
iter 3440: loss 0.9803, time 10.21ms, mfu 36.17%
iter 3450: loss 0.9988, time 10.32ms, mfu 36.17%
iter 3460: loss 0.9970, time 8.68ms, mfu 36.84%
iter 3470: loss 0.9743, time 10.76ms, mfu 36.62%
iter 3480: loss 0.9635, time 10.27ms, mfu 36.59%
iter 3490: loss 0.9623, time 9.14ms, mfu 37.01%
step 3500: train loss 0.8270, val loss 1.6182
iter 3500: loss 0.9935, time 3417.35ms, mfu 33.32%
iter 3510: loss 0.9692, time 8.49ms, mfu 34.38%
iter 3520: loss 0.9731, time 12.53ms, mfu 33.91%
iter 3530: loss 0.9643, time 8.19ms, mfu 35.07%
iter 3540: loss 0.9537, time 9.98ms, mfu 35.30%
iter 3550: loss 0.9906, time 12.24ms, mfu 34.81%
iter 3560: loss 0.9670, time 9.24ms, mfu 35.36%
iter 3570: loss 0.9839, time 12.74ms, mfu 34.75%
iter 3580: loss 0.9840, time 11.51ms, mfu 34.52%
iter 3590: loss 0.9493, time 15.84ms, mfu 33.42%
iter 3600: loss 0.9523, time 10.14ms, mfu 33.75%
iter 3610: loss 0.9839, time 9.40ms, mfu 34.34%
iter 3620: loss 0.9534, time 10.16ms, mfu 34.57%
iter 3630: loss 0.9633, time 8.50ms, mfu 35.50%
iter 3640: loss 0.9611, time 11.01ms, mfu 35.33%
iter 3650: loss 0.9726, time 9.76ms, mfu 35.62%
iter 3660: loss 0.9418, time 7.62ms, mfu 36.94%
iter 3670: loss 0.9732, time 8.39ms, mfu 37.69%
iter 3680: loss 0.9562, time 10.27ms, mfu 37.55%
iter 3690: loss 0.9582, time 8.95ms, mfu 37.96%
iter 3700: loss 0.9543, time 11.78ms, mfu 37.33%
iter 3710: loss 0.9617, time 9.93ms, mfu 37.35%
iter 3720: loss 0.9379, time 7.70ms, mfu 38.45%
iter 3730: loss 0.9282, time 11.87ms, mfu 37.74%
iter 3740: loss 0.9433, time 9.29ms, mfu 37.98%
step 3750: train loss 0.7923, val loss 1.6410
iter 3750: loss 0.9645, time 3793.87ms, mfu 34.19%
iter 3760: loss 0.9337, time 8.76ms, mfu 35.02%
iter 3770: loss 0.9650, time 9.91ms, mfu 35.28%
iter 3780: loss 0.9430, time 9.12ms, mfu 35.84%
iter 3790: loss 0.9222, time 8.98ms, mfu 36.40%
iter 3800: loss 0.9660, time 8.41ms, mfu 37.19%
iter 3810: loss 0.9691, time 9.73ms, mfu 37.31%
iter 3820: loss 0.9784, time 7.75ms, mfu 38.38%
iter 3830: loss 0.9422, time 7.57ms, mfu 39.46%
iter 3840: loss 0.9482, time 10.14ms, mfu 39.19%
iter 3850: loss 0.9366, time 9.72ms, mfu 39.10%
iter 3860: loss 0.9403, time 9.01ms, mfu 39.33%
iter 3870: loss 0.9299, time 9.06ms, mfu 39.51%
iter 3880: loss 0.9612, time 8.58ms, mfu 39.90%
iter 3890: loss 0.9427, time 8.02ms, mfu 40.56%
iter 3900: loss 0.9466, time 8.77ms, mfu 40.75%
iter 3910: loss 0.9546, time 7.50ms, mfu 41.65%
iter 3920: loss 0.9371, time 20.70ms, mfu 39.28%
iter 3930: loss 0.9411, time 9.37ms, mfu 39.33%
iter 3940: loss 0.9454, time 7.81ms, mfu 40.16%
iter 3950: loss 0.9202, time 8.82ms, mfu 40.37%
iter 3960: loss 0.9285, time 7.64ms, mfu 41.22%
iter 3970: loss 0.9304, time 8.80ms, mfu 41.33%
iter 3980: loss 0.9464, time 7.80ms, mfu 41.97%
iter 3990: loss 0.9422, time 9.32ms, mfu 41.78%
step 4000: train loss 0.7575, val loss 1.6625
iter 4000: loss 0.9370, time 3676.43ms, mfu 37.61%
iter 4010: loss 0.9318, time 8.75ms, mfu 38.11%
iter 4020: loss 0.9206, time 22.92ms, mfu 35.92%
iter 4030: loss 0.9351, time 18.16ms, mfu 34.38%
iter 4040: loss 0.9324, time 8.75ms, mfu 35.20%
iter 4050: loss 0.9426, time 9.69ms, mfu 35.53%
iter 4060: loss 0.9450, time 9.17ms, mfu 36.04%
iter 4070: loss 0.9418, time 16.57ms, mfu 34.68%
iter 4080: loss 0.9123, time 14.16ms, mfu 33.85%
iter 4090: loss 0.9024, time 16.59ms, mfu 32.71%
iter 4100: loss 0.9177, time 9.34ms, mfu 33.43%
iter 4110: loss 0.9274, time 8.73ms, mfu 34.36%
iter 4120: loss 0.9084, time 9.69ms, mfu 34.76%
iter 4130: loss 0.9140, time 12.86ms, mfu 34.19%
iter 4140: loss 0.9337, time 9.27ms, mfu 34.78%
iter 4150: loss 0.9095, time 8.39ms, mfu 35.75%
iter 4160: loss 0.9253, time 8.86ms, mfu 36.38%
iter 4170: loss 0.8918, time 7.49ms, mfu 37.72%
iter 4180: loss 0.8831, time 7.87ms, mfu 38.68%
iter 4190: loss 0.9162, time 10.35ms, mfu 38.41%
iter 4200: loss 0.9024, time 10.41ms, mfu 38.15%
iter 4210: loss 0.9176, time 8.01ms, mfu 38.99%
iter 4220: loss 0.9161, time 7.41ms, mfu 40.12%
iter 4230: loss 0.9228, time 8.65ms, mfu 40.42%
iter 4240: loss 0.9173, time 16.46ms, mfu 38.64%
step 4250: train loss 0.7303, val loss 1.6801
iter 4250: loss 0.8979, time 4503.73ms, mfu 34.78%
iter 4260: loss 0.9213, time 16.67ms, mfu 33.54%
iter 4270: loss 0.9070, time 8.15ms, mfu 34.76%
iter 4280: loss 0.9016, time 9.56ms, mfu 35.18%
iter 4290: loss 0.9397, time 9.88ms, mfu 35.43%
iter 4300: loss 0.9217, time 9.97ms, mfu 35.63%
iter 4310: loss 0.9115, time 8.03ms, mfu 36.70%
iter 4320: loss 0.8940, time 10.71ms, mfu 36.51%
iter 4330: loss 0.9154, time 20.75ms, mfu 34.66%
iter 4340: loss 0.8939, time 8.73ms, mfu 35.46%
iter 4350: loss 0.9093, time 10.12ms, mfu 35.60%
iter 4360: loss 0.9070, time 8.44ms, mfu 36.45%
iter 4370: loss 0.8932, time 9.51ms, mfu 36.72%
iter 4380: loss 0.8928, time 10.05ms, mfu 36.76%
iter 4390: loss 0.9092, time 9.25ms, mfu 37.11%
iter 4400: loss 0.8968, time 19.67ms, mfu 35.30%
iter 4410: loss 0.9012, time 18.72ms, mfu 33.76%
iter 4420: loss 0.9003, time 8.87ms, mfu 34.58%
iter 4430: loss 0.8950, time 10.35ms, mfu 34.73%
iter 4440: loss 0.8753, time 19.68ms, mfu 33.15%
iter 4450: loss 0.8775, time 21.84ms, mfu 31.54%
iter 4460: loss 0.9096, time 9.05ms, mfu 32.50%
iter 4470: loss 0.8935, time 18.07ms, mfu 31.31%
iter 4480: loss 0.8714, time 19.20ms, mfu 30.12%
iter 4490: loss 0.8992, time 8.68ms, mfu 31.40%
step 4500: train loss 0.7071, val loss 1.7051
iter 4500: loss 0.9005, time 3930.84ms, mfu 28.27%
iter 4510: loss 0.8949, time 9.07ms, mfu 29.55%
iter 4520: loss 0.8912, time 8.80ms, mfu 30.83%
iter 4530: loss 0.8915, time 8.47ms, mfu 32.15%
iter 4540: loss 0.8868, time 14.62ms, mfu 31.48%
iter 4550: loss 0.8941, time 8.78ms, mfu 32.58%
iter 4560: loss 0.8795, time 18.57ms, mfu 31.33%
iter 4570: loss 0.8934, time 9.29ms, mfu 32.21%
iter 4580: loss 0.9028, time 10.71ms, mfu 32.46%
iter 4590: loss 0.8946, time 8.53ms, mfu 33.59%
iter 4600: loss 0.8804, time 7.96ms, mfu 34.91%
iter 4610: loss 0.8821, time 19.47ms, mfu 33.33%
iter 4620: loss 0.8516, time 8.26ms, mfu 34.51%
iter 4630: loss 0.8786, time 16.09ms, mfu 33.38%
iter 4640: loss 0.8733, time 9.90ms, mfu 33.80%
iter 4650: loss 0.8971, time 9.06ms, mfu 34.54%
iter 4660: loss 0.8810, time 9.72ms, mfu 34.92%
iter 4670: loss 0.8896, time 8.20ms, mfu 35.97%
iter 4680: loss 0.8790, time 7.88ms, mfu 37.10%
iter 4690: loss 0.8809, time 13.91ms, mfu 36.07%
iter 4700: loss 0.8876, time 13.04ms, mfu 35.32%
iter 4710: loss 0.8728, time 12.47ms, mfu 34.78%
iter 4720: loss 0.8520, time 7.97ms, mfu 35.98%
iter 4730: loss 0.9037, time 15.32ms, mfu 34.81%
iter 4740: loss 0.8756, time 17.79ms, mfu 33.43%
step 4750: train loss 0.6843, val loss 1.7301
iter 4750: loss 0.8651, time 4849.06ms, mfu 30.09%
iter 4760: loss 0.8618, time 18.84ms, mfu 29.06%
iter 4770: loss 0.8815, time 15.79ms, mfu 28.51%
iter 4780: loss 0.8758, time 8.44ms, mfu 30.08%
iter 4790: loss 0.8565, time 16.41ms, mfu 29.34%
iter 4800: loss 0.8777, time 13.33ms, mfu 29.20%
iter 4810: loss 0.8711, time 7.05ms, mfu 31.57%
iter 4820: loss 0.8822, time 16.98ms, mfu 30.61%
iter 4830: loss 0.8572, time 8.31ms, mfu 32.03%
iter 4840: loss 0.8637, time 10.19ms, mfu 32.49%
iter 4850: loss 0.8753, time 14.02ms, mfu 31.90%
iter 4860: loss 0.8904, time 15.56ms, mfu 31.10%
iter 4870: loss 0.8799, time 15.99ms, mfu 30.32%
iter 4880: loss 0.8926, time 7.94ms, mfu 31.99%
iter 4890: loss 0.8664, time 9.04ms, mfu 32.91%
iter 4900: loss 0.8917, time 8.18ms, mfu 34.17%
iter 4910: loss 0.8680, time 9.59ms, mfu 34.64%
iter 4920: loss 0.8667, time 18.85ms, mfu 33.16%
iter 4930: loss 0.8363, time 21.41ms, mfu 31.58%
iter 4940: loss 0.8618, time 13.27ms, mfu 31.23%
iter 4950: loss 0.8630, time 8.74ms, mfu 32.37%
iter 4960: loss 0.8562, time 9.92ms, mfu 32.89%
iter 4970: loss 0.8547, time 19.61ms, mfu 31.50%
iter 4980: loss 0.8786, time 9.68ms, mfu 32.20%
iter 4990: loss 0.8595, time 7.79ms, mfu 33.77%
step 5000: train loss 0.6652, val loss 1.7368
iter 5000: loss 0.8723, time 5399.01ms, mfu 30.40%
