Overriding config with config/train_shakespeare_char.py:
# train a miniature character-level shakespeare model
# good for debugging and playing on macbooks and such

out_dir = 'out-shakespeare-char'
eval_interval = 250 # keep frequent because we'll overfit
eval_iters = 200
log_interval = 10 # don't print too too often

# we expect to overfit on this small dataset, so only save when val improves
always_save_checkpoint = False

wandb_log = False # override via command line if you like
wandb_project = 'shakespeare-char'
wandb_run_name = 'mini-gpt'

dataset = 'shakespeare_char'
gradient_accumulation_steps = 1
batch_size = 64
block_size = 256 # context of up to 256 previous characters

# baby GPT model :)
n_layer = 6
n_head = 6
n_embd = 384
dropout = 0.2

learning_rate = 1e-3 # with baby networks can afford to go a bit higher
max_iters = 5000
lr_decay_iters = 5000 # make equal to max_iters usually
min_lr = 1e-4 # learning_rate / 10 usually
beta2 = 0.99 # make a bit bigger because number of tokens per iter is small

warmup_iters = 100 # not super necessary potentially

# on macbook also add
# device = 'cpu'  # run on cpu only
# compile = False # do not torch compile the model

Overriding: learning_rate = 0.001
Overriding: out_dir = runs_full/rope_lr1e-3
Overriding: pos_type = rope
tokens per iteration will be: 16,384
found vocab_size = 65 (inside data/shakespeare_char/meta.pkl)
Initializing a new model from scratch
number of parameters: 10.65M
/scratch/guo.jiayin/nanoGPT/train.py:203: FutureWarning: `torch.cuda.amp.GradScaler(args...)` is deprecated. Please use `torch.amp.GradScaler('cuda', args...)` instead.
  scaler = torch.cuda.amp.GradScaler(enabled=(dtype == 'float16'))
num decayed parameter tensors: 25, with 10,641,792 parameters
num non-decayed parameter tensors: 13, with 4,992 parameters
using fused AdamW: True
compiling the model... (takes a ~minute)
step 0: train loss 4.1935, val loss 4.2004
iter 0: loss 4.2114, time 20150.73ms, mfu -100.00%
iter 10: loss 3.0470, time 11.83ms, mfu 31.51%
iter 20: loss 2.6905, time 11.81ms, mfu 31.51%
iter 30: loss 2.5534, time 11.82ms, mfu 31.51%
iter 40: loss 2.4976, time 11.81ms, mfu 31.52%
iter 50: loss 2.4269, time 13.56ms, mfu 31.11%
iter 60: loss 2.3136, time 9.56ms, mfu 31.90%
iter 70: loss 2.2787, time 12.01ms, mfu 31.81%
iter 80: loss 2.1963, time 9.83ms, mfu 32.42%
iter 90: loss 2.1199, time 10.75ms, mfu 32.64%
iter 100: loss 2.0781, time 7.25ms, mfu 34.52%
iter 110: loss 2.0350, time 10.63ms, mfu 34.57%
iter 120: loss 1.9980, time 11.81ms, mfu 34.27%
iter 130: loss 1.9120, time 11.81ms, mfu 34.00%
iter 140: loss 1.9449, time 11.68ms, mfu 33.79%
iter 150: loss 1.8815, time 11.84ms, mfu 33.55%
iter 160: loss 1.8351, time 11.82ms, mfu 33.35%
iter 170: loss 1.8100, time 11.84ms, mfu 33.16%
iter 180: loss 1.8211, time 10.52ms, mfu 33.39%
iter 190: loss 1.7867, time 11.50ms, mfu 33.29%
iter 200: loss 1.7361, time 10.67ms, mfu 33.45%
iter 210: loss 1.7220, time 11.84ms, mfu 33.25%
iter 220: loss 1.7492, time 11.82ms, mfu 33.08%
iter 230: loss 1.7159, time 11.90ms, mfu 32.91%
iter 240: loss 1.6696, time 9.70ms, mfu 33.46%
step 250: train loss 1.5845, val loss 1.7715
saving checkpoint to runs_full/rope_lr1e-3
iter 250: loss 1.6583, time 2593.82ms, mfu 30.12%
iter 260: loss 1.6207, time 11.81ms, mfu 30.27%
iter 270: loss 1.6425, time 12.10ms, mfu 30.32%
iter 280: loss 1.6646, time 11.80ms, mfu 30.45%
iter 290: loss 1.6433, time 12.19ms, mfu 30.46%
iter 300: loss 1.6292, time 11.75ms, mfu 30.58%
iter 310: loss 1.5885, time 11.96ms, mfu 30.64%
iter 320: loss 1.5930, time 11.81ms, mfu 30.73%
iter 330: loss 1.5525, time 11.72ms, mfu 30.84%
iter 340: loss 1.5623, time 11.79ms, mfu 30.92%
iter 350: loss 1.5613, time 11.82ms, mfu 30.98%
iter 360: loss 1.5670, time 11.80ms, mfu 31.04%
iter 370: loss 1.5615, time 11.80ms, mfu 31.09%
iter 380: loss 1.5378, time 11.83ms, mfu 31.13%
iter 390: loss 1.5223, time 11.21ms, mfu 31.34%
iter 400: loss 1.4813, time 11.80ms, mfu 31.36%
iter 410: loss 1.5145, time 11.83ms, mfu 31.38%
iter 420: loss 1.4563, time 11.82ms, mfu 31.39%
iter 430: loss 1.4565, time 11.81ms, mfu 31.41%
iter 440: loss 1.5055, time 11.81ms, mfu 31.42%
iter 450: loss 1.4716, time 11.81ms, mfu 31.43%
iter 460: loss 1.4335, time 11.82ms, mfu 31.44%
iter 470: loss 1.4251, time 11.81ms, mfu 31.45%
iter 480: loss 1.4395, time 11.22ms, mfu 31.63%
iter 490: loss 1.4398, time 11.83ms, mfu 31.61%
step 500: train loss 1.3596, val loss 1.5965
saving checkpoint to runs_full/rope_lr1e-3
iter 500: loss 1.5095, time 2631.69ms, mfu 28.47%
iter 510: loss 1.4493, time 11.58ms, mfu 28.84%
iter 520: loss 1.4310, time 11.76ms, mfu 29.12%
iter 530: loss 1.4301, time 12.00ms, mfu 29.32%
iter 540: loss 1.4231, time 11.80ms, mfu 29.54%
iter 550: loss 1.4186, time 11.98ms, mfu 29.70%
iter 560: loss 1.4024, time 11.84ms, mfu 29.87%
iter 570: loss 1.4080, time 11.96ms, mfu 30.00%
iter 580: loss 1.3928, time 12.80ms, mfu 29.91%
iter 590: loss 1.4316, time 11.98ms, mfu 30.03%
iter 600: loss 1.3878, time 12.09ms, mfu 30.11%
iter 610: loss 1.3584, time 11.81ms, mfu 30.26%
iter 620: loss 1.3815, time 11.14ms, mfu 30.57%
iter 630: loss 1.3875, time 11.82ms, mfu 30.67%
iter 640: loss 1.3749, time 12.08ms, mfu 30.69%
iter 650: loss 1.3810, time 11.83ms, mfu 30.77%
iter 660: loss 1.3351, time 12.09ms, mfu 30.78%
iter 670: loss 1.3469, time 11.80ms, mfu 30.86%
iter 680: loss 1.3168, time 11.78ms, mfu 30.93%
iter 690: loss 1.3413, time 11.82ms, mfu 30.99%
iter 700: loss 1.3094, time 11.81ms, mfu 31.05%
iter 710: loss 1.3163, time 11.84ms, mfu 31.09%
iter 720: loss 1.3265, time 11.82ms, mfu 31.13%
iter 730: loss 1.3644, time 11.98ms, mfu 31.13%
iter 740: loss 1.3251, time 11.83ms, mfu 31.17%
step 750: train loss 1.2591, val loss 1.5258
saving checkpoint to runs_full/rope_lr1e-3
iter 750: loss 1.2995, time 2597.55ms, mfu 28.07%
iter 760: loss 1.3333, time 11.84ms, mfu 28.41%
iter 770: loss 1.3194, time 11.98ms, mfu 28.68%
iter 780: loss 1.2927, time 11.81ms, mfu 28.96%
iter 790: loss 1.3354, time 10.09ms, mfu 29.76%
iter 800: loss 1.2871, time 11.86ms, mfu 29.93%
iter 810: loss 1.2893, time 11.83ms, mfu 30.08%
iter 820: loss 1.3133, time 11.83ms, mfu 30.22%
iter 830: loss 1.2696, time 11.82ms, mfu 30.36%
iter 840: loss 1.2766, time 11.81ms, mfu 30.48%
iter 850: loss 1.3121, time 11.84ms, mfu 30.58%
iter 860: loss 1.2688, time 11.81ms, mfu 30.67%
iter 870: loss 1.2757, time 12.20ms, mfu 30.66%
iter 880: loss 1.2739, time 11.83ms, mfu 30.74%
iter 890: loss 1.2887, time 11.82ms, mfu 30.82%
iter 900: loss 1.2739, time 11.81ms, mfu 30.89%
iter 910: loss 1.2930, time 11.85ms, mfu 30.95%
iter 920: loss 1.2697, time 11.47ms, mfu 31.10%
iter 930: loss 1.2731, time 11.84ms, mfu 31.14%
iter 940: loss 1.2711, time 11.83ms, mfu 31.18%
iter 950: loss 1.2192, time 11.82ms, mfu 31.21%
iter 960: loss 1.2528, time 11.86ms, mfu 31.23%
iter 970: loss 1.2723, time 11.81ms, mfu 31.26%
iter 980: loss 1.2686, time 11.84ms, mfu 31.29%
iter 990: loss 1.2632, time 11.83ms, mfu 31.31%
step 1000: train loss 1.1855, val loss 1.4866
saving checkpoint to runs_full/rope_lr1e-3
iter 1000: loss 1.2615, time 2605.33ms, mfu 28.19%
iter 1010: loss 1.2400, time 11.79ms, mfu 28.53%
iter 1020: loss 1.2552, time 11.81ms, mfu 28.83%
iter 1030: loss 1.2433, time 11.39ms, mfu 29.22%
iter 1040: loss 1.2190, time 11.81ms, mfu 29.46%
iter 1050: loss 1.2603, time 11.82ms, mfu 29.66%
iter 1060: loss 1.2519, time 11.79ms, mfu 29.86%
iter 1070: loss 1.2414, time 11.84ms, mfu 30.02%
iter 1080: loss 1.2652, time 11.83ms, mfu 30.16%
iter 1090: loss 1.2454, time 11.82ms, mfu 30.30%
iter 1100: loss 1.2290, time 11.83ms, mfu 30.42%
iter 1110: loss 1.2296, time 12.44ms, mfu 30.37%
iter 1120: loss 1.2401, time 11.83ms, mfu 30.49%
iter 1130: loss 1.2045, time 11.82ms, mfu 30.59%
iter 1140: loss 1.2295, time 11.83ms, mfu 30.68%
iter 1150: loss 1.2612, time 11.82ms, mfu 30.76%
iter 1160: loss 1.2173, time 11.49ms, mfu 30.93%
iter 1170: loss 1.2150, time 11.82ms, mfu 30.99%
iter 1180: loss 1.2173, time 11.83ms, mfu 31.04%
iter 1190: loss 1.2388, time 11.97ms, mfu 31.05%
iter 1200: loss 1.2251, time 12.77ms, mfu 30.87%
iter 1210: loss 1.2052, time 11.70ms, mfu 30.96%
iter 1220: loss 1.2110, time 11.78ms, mfu 31.03%
iter 1230: loss 1.1579, time 11.54ms, mfu 31.16%
iter 1240: loss 1.2004, time 11.87ms, mfu 31.18%
step 1250: train loss 1.1257, val loss 1.4832
saving checkpoint to runs_full/rope_lr1e-3
iter 1250: loss 1.1951, time 2602.00ms, mfu 28.08%
iter 1260: loss 1.2209, time 11.86ms, mfu 28.41%
iter 1270: loss 1.1872, time 11.87ms, mfu 28.71%
iter 1280: loss 1.2232, time 11.81ms, mfu 28.99%
iter 1290: loss 1.2004, time 11.23ms, mfu 29.41%
iter 1300: loss 1.1760, time 11.84ms, mfu 29.62%
iter 1310: loss 1.2002, time 11.84ms, mfu 29.80%
iter 1320: loss 1.1878, time 11.82ms, mfu 29.98%
iter 1330: loss 1.1748, time 11.83ms, mfu 30.13%
iter 1340: loss 1.1964, time 11.81ms, mfu 30.27%
iter 1350: loss 1.1646, time 11.79ms, mfu 30.40%
iter 1360: loss 1.1848, time 11.82ms, mfu 30.52%
iter 1370: loss 1.1874, time 11.88ms, mfu 30.60%
iter 1380: loss 1.1490, time 11.81ms, mfu 30.70%
iter 1390: loss 1.1625, time 11.82ms, mfu 30.78%
iter 1400: loss 1.1734, time 11.83ms, mfu 30.85%
iter 1410: loss 1.1871, time 11.97ms, mfu 30.88%
iter 1420: loss 1.1715, time 11.82ms, mfu 30.94%
iter 1430: loss 1.1786, time 11.74ms, mfu 31.02%
iter 1440: loss 1.1739, time 11.47ms, mfu 31.17%
iter 1450: loss 1.1582, time 11.97ms, mfu 31.17%
iter 1460: loss 1.1442, time 11.81ms, mfu 31.21%
iter 1470: loss 1.1571, time 11.81ms, mfu 31.24%
iter 1480: loss 1.1505, time 11.83ms, mfu 31.27%
iter 1490: loss 1.1944, time 11.92ms, mfu 31.27%
step 1500: train loss 1.0783, val loss 1.4791
saving checkpoint to runs_full/rope_lr1e-3
iter 1500: loss 1.1436, time 2647.67ms, mfu 28.15%
iter 1510: loss 1.1625, time 12.15ms, mfu 28.41%
iter 1520: loss 1.1534, time 11.99ms, mfu 28.67%
iter 1530: loss 1.1405, time 11.86ms, mfu 28.95%
iter 1540: loss 1.1677, time 11.82ms, mfu 29.20%
iter 1550: loss 1.1407, time 11.81ms, mfu 29.44%
iter 1560: loss 1.1617, time 11.82ms, mfu 29.65%
iter 1570: loss 1.1628, time 11.07ms, mfu 30.05%
iter 1580: loss 1.1195, time 11.83ms, mfu 30.19%
iter 1590: loss 1.1330, time 11.80ms, mfu 30.33%
iter 1600: loss 1.0930, time 11.81ms, mfu 30.45%
iter 1610: loss 1.1267, time 11.82ms, mfu 30.56%
iter 1620: loss 1.1189, time 12.06ms, mfu 30.59%
iter 1630: loss 1.1470, time 11.82ms, mfu 30.69%
iter 1640: loss 1.1499, time 11.65ms, mfu 30.82%
iter 1650: loss 1.1501, time 12.41ms, mfu 30.74%
iter 1660: loss 1.1214, time 11.82ms, mfu 30.82%
iter 1670: loss 1.1586, time 11.04ms, mfu 31.11%
iter 1680: loss 1.1411, time 11.93ms, mfu 31.12%
iter 1690: loss 1.1113, time 11.83ms, mfu 31.16%
iter 1700: loss 1.1236, time 11.82ms, mfu 31.20%
iter 1710: loss 1.1166, time 11.63ms, mfu 31.28%
iter 1720: loss 1.1315, time 11.82ms, mfu 31.31%
iter 1730: loss 1.0912, time 12.36ms, mfu 31.19%
iter 1740: loss 1.1126, time 11.81ms, mfu 31.23%
step 1750: train loss 1.0238, val loss 1.4793
iter 1750: loss 1.1143, time 2315.10ms, mfu 28.12%
iter 1760: loss 1.1392, time 11.94ms, mfu 28.43%
iter 1770: loss 1.1032, time 12.61ms, mfu 28.54%
iter 1780: loss 1.1259, time 11.83ms, mfu 28.84%
iter 1790: loss 1.1095, time 11.80ms, mfu 29.11%
iter 1800: loss 1.1150, time 9.00ms, mfu 30.34%
iter 1810: loss 1.1227, time 11.80ms, mfu 30.46%
iter 1820: loss 1.1329, time 11.69ms, mfu 30.60%
iter 1830: loss 1.0861, time 11.83ms, mfu 30.69%
iter 1840: loss 1.0749, time 11.83ms, mfu 30.77%
iter 1850: loss 1.1090, time 11.79ms, mfu 30.86%
iter 1860: loss 1.1230, time 12.11ms, mfu 30.85%
iter 1870: loss 1.0577, time 11.82ms, mfu 30.92%
iter 1880: loss 1.1276, time 11.84ms, mfu 30.97%
iter 1890: loss 1.0876, time 9.18ms, mfu 31.93%
iter 1900: loss 1.1083, time 11.94ms, mfu 31.86%
iter 1910: loss 1.1159, time 11.82ms, mfu 31.83%
iter 1920: loss 1.0964, time 11.83ms, mfu 31.79%
iter 1930: loss 1.0881, time 11.81ms, mfu 31.77%
iter 1940: loss 1.0728, time 11.82ms, mfu 31.74%
iter 1950: loss 1.1094, time 11.81ms, mfu 31.72%
iter 1960: loss 1.0685, time 11.84ms, mfu 31.70%
iter 1970: loss 1.0947, time 11.84ms, mfu 31.68%
iter 1980: loss 1.0997, time 11.82ms, mfu 31.66%
iter 1990: loss 1.0895, time 11.83ms, mfu 31.65%
step 2000: train loss 0.9766, val loss 1.5037
iter 2000: loss 1.1223, time 2388.22ms, mfu 28.50%
iter 2010: loss 1.1023, time 11.80ms, mfu 28.80%
iter 2020: loss 1.0749, time 11.89ms, mfu 29.06%
iter 2030: loss 1.0895, time 11.82ms, mfu 29.30%
iter 2040: loss 1.0553, time 11.84ms, mfu 29.52%
iter 2050: loss 1.0682, time 11.83ms, mfu 29.72%
iter 2060: loss 1.0635, time 11.98ms, mfu 29.86%
iter 2070: loss 1.0689, time 12.30ms, mfu 29.90%
iter 2080: loss 1.0729, time 11.85ms, mfu 30.06%
iter 2090: loss 1.0636, time 12.26ms, mfu 30.09%
iter 2100: loss 1.0925, time 11.83ms, mfu 30.23%
iter 2110: loss 1.0989, time 11.80ms, mfu 30.37%
iter 2120: loss 1.0571, time 11.82ms, mfu 30.48%
iter 2130: loss 1.0454, time 12.72ms, mfu 30.36%
iter 2140: loss 1.0458, time 11.83ms, mfu 30.48%
iter 2150: loss 1.0560, time 11.83ms, mfu 30.58%
iter 2160: loss 1.0485, time 11.81ms, mfu 30.68%
iter 2170: loss 1.0372, time 11.18ms, mfu 30.94%
iter 2180: loss 1.0395, time 11.81ms, mfu 31.00%
iter 2190: loss 1.0526, time 10.11ms, mfu 31.59%
iter 2200: loss 1.0492, time 11.83ms, mfu 31.58%
iter 2210: loss 1.0330, time 11.90ms, mfu 31.55%
iter 2220: loss 1.0343, time 11.84ms, mfu 31.54%
iter 2230: loss 1.0427, time 10.92ms, mfu 31.80%
iter 2240: loss 1.0311, time 11.82ms, mfu 31.78%
step 2250: train loss 0.9245, val loss 1.5180
iter 2250: loss 1.0321, time 2429.31ms, mfu 28.61%
iter 2260: loss 1.0132, time 12.09ms, mfu 28.83%
iter 2270: loss 1.0310, time 11.84ms, mfu 29.10%
iter 2280: loss 1.0331, time 12.03ms, mfu 29.29%
iter 2290: loss 1.0406, time 11.84ms, mfu 29.51%
iter 2300: loss 1.0314, time 11.87ms, mfu 29.69%
iter 2310: loss 1.0605, time 11.83ms, mfu 29.87%
iter 2320: loss 1.0211, time 11.82ms, mfu 30.04%
iter 2330: loss 1.0206, time 11.80ms, mfu 30.19%
iter 2340: loss 1.0123, time 11.82ms, mfu 30.33%
iter 2350: loss 1.0276, time 11.97ms, mfu 30.41%
iter 2360: loss 1.0279, time 12.00ms, mfu 30.47%
iter 2370: loss 1.0300, time 13.07ms, mfu 30.28%
iter 2380: loss 1.0355, time 12.17ms, mfu 30.31%
iter 2390: loss 1.0410, time 11.83ms, mfu 30.43%
iter 2400: loss 1.0163, time 11.82ms, mfu 30.54%
iter 2410: loss 1.0321, time 11.82ms, mfu 30.64%
iter 2420: loss 1.0030, time 11.44ms, mfu 30.83%
iter 2430: loss 1.0085, time 11.84ms, mfu 30.89%
iter 2440: loss 0.9930, time 11.85ms, mfu 30.95%
iter 2450: loss 0.9812, time 11.83ms, mfu 31.01%
iter 2460: loss 1.0202, time 11.83ms, mfu 31.05%
iter 2470: loss 0.9987, time 11.83ms, mfu 31.10%
iter 2480: loss 1.0070, time 11.83ms, mfu 31.14%
iter 2490: loss 0.9695, time 11.84ms, mfu 31.17%
step 2500: train loss 0.8753, val loss 1.5282
iter 2500: loss 1.0012, time 2312.06ms, mfu 28.07%
iter 2510: loss 1.0166, time 12.62ms, mfu 28.21%
iter 2520: loss 1.0199, time 9.66ms, mfu 29.25%
iter 2530: loss 1.0088, time 8.02ms, mfu 30.97%
iter 2540: loss 1.0038, time 8.46ms, mfu 32.28%
iter 2550: loss 1.0125, time 9.51ms, mfu 32.97%
iter 2560: loss 0.9730, time 7.33ms, mfu 34.75%
iter 2570: loss 1.0116, time 8.74ms, mfu 35.54%
iter 2580: loss 1.0007, time 8.85ms, mfu 36.20%
iter 2590: loss 1.0026, time 7.20ms, mfu 37.75%
iter 2600: loss 0.9997, time 8.68ms, mfu 38.27%
iter 2610: loss 1.0121, time 9.36ms, mfu 38.42%
iter 2620: loss 0.9883, time 8.58ms, mfu 38.92%
iter 2630: loss 0.9924, time 10.74ms, mfu 38.50%
iter 2640: loss 0.9963, time 7.28ms, mfu 39.77%
iter 2650: loss 0.9719, time 7.32ms, mfu 40.88%
iter 2660: loss 1.0156, time 7.59ms, mfu 41.70%
iter 2670: loss 1.0083, time 9.33ms, mfu 41.53%
iter 2680: loss 0.9817, time 11.83ms, mfu 40.53%
iter 2690: loss 0.9904, time 11.84ms, mfu 39.62%
iter 2700: loss 0.9584, time 11.84ms, mfu 38.80%
iter 2710: loss 0.9787, time 11.81ms, mfu 38.08%
iter 2720: loss 0.9656, time 10.90ms, mfu 37.69%
iter 2730: loss 0.9705, time 10.16ms, mfu 37.59%
iter 2740: loss 0.9741, time 11.85ms, mfu 36.97%
step 2750: train loss 0.8300, val loss 1.5429
iter 2750: loss 0.9879, time 2270.52ms, mfu 33.29%
iter 2760: loss 0.9489, time 11.82ms, mfu 33.11%
iter 2770: loss 0.9750, time 11.82ms, mfu 32.96%
iter 2780: loss 0.9249, time 11.85ms, mfu 32.81%
iter 2790: loss 0.9566, time 11.85ms, mfu 32.67%
iter 2800: loss 0.9547, time 11.82ms, mfu 32.56%
iter 2810: loss 0.9903, time 11.84ms, mfu 32.45%
iter 2820: loss 0.9576, time 11.84ms, mfu 32.35%
iter 2830: loss 0.9374, time 11.82ms, mfu 32.27%
iter 2840: loss 0.9451, time 11.83ms, mfu 32.19%
iter 2850: loss 0.9560, time 11.69ms, mfu 32.16%
iter 2860: loss 0.9510, time 11.81ms, mfu 32.10%
iter 2870: loss 0.9484, time 11.84ms, mfu 32.04%
iter 2880: loss 0.9388, time 11.93ms, mfu 31.96%
iter 2890: loss 0.9636, time 11.81ms, mfu 31.92%
iter 2900: loss 0.9565, time 12.09ms, mfu 31.81%
iter 2910: loss 0.9518, time 11.80ms, mfu 31.78%
iter 2920: loss 0.9659, time 11.75ms, mfu 31.78%
iter 2930: loss 0.9072, time 11.83ms, mfu 31.75%
iter 2940: loss 0.9473, time 11.82ms, mfu 31.73%
iter 2950: loss 0.9670, time 11.83ms, mfu 31.70%
iter 2960: loss 0.9236, time 11.83ms, mfu 31.68%
iter 2970: loss 0.9390, time 11.81ms, mfu 31.67%
iter 2980: loss 0.9349, time 11.83ms, mfu 31.65%
iter 2990: loss 0.9235, time 11.82ms, mfu 31.64%
step 3000: train loss 0.7854, val loss 1.5690
iter 3000: loss 0.9380, time 2267.55ms, mfu 28.49%
iter 3010: loss 0.9228, time 11.84ms, mfu 28.79%
iter 3020: loss 0.9316, time 11.81ms, mfu 29.06%
iter 3030: loss 0.9435, time 11.81ms, mfu 29.31%
iter 3040: loss 0.9264, time 11.80ms, mfu 29.54%
iter 3050: loss 0.9298, time 11.82ms, mfu 29.74%
iter 3060: loss 0.9261, time 11.82ms, mfu 29.92%
iter 3070: loss 0.9208, time 11.83ms, mfu 30.07%
iter 3080: loss 0.9103, time 11.99ms, mfu 30.18%
iter 3090: loss 0.9104, time 11.82ms, mfu 30.31%
iter 3100: loss 0.9111, time 12.16ms, mfu 30.34%
iter 3110: loss 0.9033, time 11.81ms, mfu 30.46%
iter 3120: loss 0.9326, time 12.08ms, mfu 30.50%
iter 3130: loss 0.9027, time 11.82ms, mfu 30.61%
iter 3140: loss 0.9109, time 11.85ms, mfu 30.69%
iter 3150: loss 0.9182, time 11.82ms, mfu 30.77%
iter 3160: loss 0.9115, time 11.83ms, mfu 30.84%
iter 3170: loss 0.9097, time 11.81ms, mfu 30.91%
iter 3180: loss 0.9287, time 11.88ms, mfu 30.96%
iter 3190: loss 0.9042, time 12.00ms, mfu 30.97%
iter 3200: loss 0.8960, time 11.85ms, mfu 31.02%
iter 3210: loss 0.9182, time 11.97ms, mfu 31.03%
iter 3220: loss 0.9006, time 11.61ms, mfu 31.14%
iter 3230: loss 0.9100, time 10.09ms, mfu 31.72%
iter 3240: loss 0.8980, time 8.46ms, mfu 32.95%
step 3250: train loss 0.7401, val loss 1.5998
iter 3250: loss 0.8955, time 2285.16ms, mfu 29.67%
iter 3260: loss 0.8989, time 11.84ms, mfu 29.85%
iter 3270: loss 0.8694, time 11.83ms, mfu 30.02%
iter 3280: loss 0.9099, time 11.83ms, mfu 30.17%
iter 3290: loss 0.8862, time 11.81ms, mfu 30.30%
iter 3300: loss 0.8904, time 11.81ms, mfu 30.43%
iter 3310: loss 0.8967, time 11.83ms, mfu 30.53%
iter 3320: loss 0.8974, time 12.02ms, mfu 30.58%
iter 3330: loss 0.8834, time 11.81ms, mfu 30.68%
iter 3340: loss 0.8735, time 11.83ms, mfu 30.76%
iter 3350: loss 0.8888, time 11.82ms, mfu 30.84%
iter 3360: loss 0.8678, time 11.78ms, mfu 30.92%
iter 3370: loss 0.8537, time 11.84ms, mfu 30.97%
iter 3380: loss 0.8761, time 11.82ms, mfu 31.03%
iter 3390: loss 0.8531, time 12.91ms, mfu 30.81%
iter 3400: loss 0.8777, time 9.97ms, mfu 31.47%
iter 3410: loss 0.8750, time 10.72ms, mfu 31.80%
iter 3420: loss 0.8792, time 10.10ms, mfu 32.31%
iter 3430: loss 0.9088, time 10.31ms, mfu 32.69%
iter 3440: loss 0.8683, time 9.96ms, mfu 33.16%
iter 3450: loss 0.8690, time 9.88ms, mfu 33.62%
iter 3460: loss 0.8672, time 10.26ms, mfu 33.89%
iter 3470: loss 0.8540, time 10.51ms, mfu 34.04%
iter 3480: loss 0.8589, time 9.14ms, mfu 34.72%
iter 3490: loss 0.8712, time 9.97ms, mfu 34.98%
step 3500: train loss 0.6952, val loss 1.6418
iter 3500: loss 0.8588, time 2283.18ms, mfu 31.50%
iter 3510: loss 0.9066, time 8.89ms, mfu 32.54%
iter 3520: loss 0.8701, time 9.87ms, mfu 33.06%
iter 3530: loss 0.8508, time 10.20ms, mfu 33.41%
iter 3540: loss 0.8790, time 9.26ms, mfu 34.09%
iter 3550: loss 0.8499, time 11.42ms, mfu 33.95%
iter 3560: loss 0.8893, time 11.10ms, mfu 33.91%
iter 3570: loss 0.8659, time 8.05ms, mfu 35.15%
iter 3580: loss 0.8701, time 8.67ms, mfu 35.93%
iter 3590: loss 0.8513, time 10.68ms, mfu 35.83%
iter 3600: loss 0.8563, time 9.22ms, mfu 36.29%
iter 3610: loss 0.8530, time 8.01ms, mfu 37.31%
iter 3620: loss 0.8613, time 11.05ms, mfu 36.95%
iter 3630: loss 0.8573, time 10.47ms, mfu 36.82%
iter 3640: loss 0.8463, time 8.91ms, mfu 37.32%
iter 3650: loss 0.8647, time 9.94ms, mfu 37.33%
iter 3660: loss 0.8521, time 10.00ms, mfu 37.33%
iter 3670: loss 0.8477, time 8.72ms, mfu 37.87%
iter 3680: loss 0.8515, time 8.15ms, mfu 38.65%
iter 3690: loss 0.8692, time 8.95ms, mfu 38.95%
iter 3700: loss 0.8629, time 8.28ms, mfu 39.56%
iter 3710: loss 0.8671, time 8.74ms, mfu 39.87%
iter 3720: loss 0.8476, time 10.79ms, mfu 39.33%
iter 3730: loss 0.8448, time 8.55ms, mfu 39.76%
iter 3740: loss 0.8491, time 7.91ms, mfu 40.49%
step 3750: train loss 0.6563, val loss 1.6516
iter 3750: loss 0.8392, time 2253.68ms, mfu 36.46%
iter 3760: loss 0.8332, time 12.00ms, mfu 35.92%
iter 3770: loss 0.8465, time 7.81ms, mfu 37.10%
iter 3780: loss 0.8240, time 8.88ms, mfu 37.58%
iter 3790: loss 0.8273, time 11.85ms, mfu 36.97%
iter 3800: loss 0.8310, time 7.59ms, mfu 38.18%
iter 3810: loss 0.8344, time 9.99ms, mfu 38.09%
iter 3820: loss 0.8223, time 11.82ms, mfu 37.43%
iter 3830: loss 0.8355, time 11.83ms, mfu 36.84%
iter 3840: loss 0.8293, time 10.55ms, mfu 36.69%
iter 3850: loss 0.8182, time 11.84ms, mfu 36.17%
iter 3860: loss 0.8147, time 12.60ms, mfu 35.51%
iter 3870: loss 0.8411, time 11.85ms, mfu 35.10%
iter 3880: loss 0.8304, time 11.82ms, mfu 34.74%
iter 3890: loss 0.8305, time 11.84ms, mfu 34.42%
iter 3900: loss 0.8319, time 11.85ms, mfu 34.12%
iter 3910: loss 0.8400, time 11.80ms, mfu 33.86%
iter 3920: loss 0.8130, time 11.85ms, mfu 33.62%
iter 3930: loss 0.8255, time 11.84ms, mfu 33.41%
iter 3940: loss 0.7983, time 11.16ms, mfu 33.41%
iter 3950: loss 0.8280, time 11.81ms, mfu 33.22%
iter 3960: loss 0.8287, time 11.84ms, mfu 33.05%
iter 3970: loss 0.8176, time 11.83ms, mfu 32.89%
iter 3980: loss 0.8384, time 11.80ms, mfu 32.76%
iter 3990: loss 0.7921, time 11.84ms, mfu 32.63%
step 4000: train loss 0.6251, val loss 1.6738
iter 4000: loss 0.8204, time 2281.66ms, mfu 29.38%
iter 4010: loss 0.8407, time 11.80ms, mfu 29.60%
iter 4020: loss 0.8331, time 11.85ms, mfu 29.79%
iter 4030: loss 0.8198, time 11.81ms, mfu 29.96%
iter 4040: loss 0.8152, time 11.79ms, mfu 30.13%
iter 4050: loss 0.8059, time 11.81ms, mfu 30.27%
iter 4060: loss 0.8106, time 11.87ms, mfu 30.38%
iter 4070: loss 0.8336, time 11.80ms, mfu 30.50%
iter 4080: loss 0.8078, time 11.82ms, mfu 30.60%
iter 4090: loss 0.8430, time 11.84ms, mfu 30.69%
iter 4100: loss 0.8117, time 11.81ms, mfu 30.77%
iter 4110: loss 0.8040, time 11.85ms, mfu 30.84%
iter 4120: loss 0.7914, time 11.81ms, mfu 30.91%
iter 4130: loss 0.7898, time 11.85ms, mfu 30.97%
iter 4140: loss 0.8059, time 11.80ms, mfu 31.03%
iter 4150: loss 0.8165, time 11.82ms, mfu 31.08%
iter 4160: loss 0.8100, time 11.86ms, mfu 31.11%
iter 4170: loss 0.7805, time 11.84ms, mfu 31.15%
iter 4180: loss 0.8013, time 11.83ms, mfu 31.18%
iter 4190: loss 0.8073, time 11.87ms, mfu 31.20%
iter 4200: loss 0.8083, time 11.86ms, mfu 31.22%
iter 4210: loss 0.8165, time 11.82ms, mfu 31.25%
iter 4220: loss 0.8131, time 11.80ms, mfu 31.29%
iter 4230: loss 0.7896, time 11.85ms, mfu 31.30%
iter 4240: loss 0.8122, time 11.85ms, mfu 31.32%
step 4250: train loss 0.5965, val loss 1.7122
iter 4250: loss 0.8009, time 2316.46ms, mfu 28.20%
iter 4260: loss 0.8033, time 12.02ms, mfu 28.48%
iter 4270: loss 0.7985, time 11.96ms, mfu 28.75%
iter 4280: loss 0.8227, time 11.66ms, mfu 29.07%
iter 4290: loss 0.7964, time 11.81ms, mfu 29.32%
iter 4300: loss 0.7975, time 9.88ms, mfu 30.16%
iter 4310: loss 0.7863, time 11.84ms, mfu 30.29%
iter 4320: loss 0.8050, time 11.84ms, mfu 30.41%
iter 4330: loss 0.8010, time 11.82ms, mfu 30.52%
iter 4340: loss 0.7848, time 11.84ms, mfu 30.61%
iter 4350: loss 0.7988, time 11.82ms, mfu 30.70%
iter 4360: loss 0.7977, time 11.84ms, mfu 30.78%
iter 4370: loss 0.7919, time 11.82ms, mfu 30.85%
iter 4380: loss 0.8050, time 11.83ms, mfu 30.92%
iter 4390: loss 0.7789, time 12.34ms, mfu 30.84%
iter 4400: loss 0.7754, time 11.84ms, mfu 30.91%
iter 4410: loss 0.8158, time 11.81ms, mfu 30.97%
iter 4420: loss 0.7978, time 11.83ms, mfu 31.03%
iter 4430: loss 0.7842, time 12.32ms, mfu 30.95%
iter 4440: loss 0.8065, time 11.84ms, mfu 31.00%
iter 4450: loss 0.8027, time 11.96ms, mfu 31.01%
iter 4460: loss 0.7824, time 11.83ms, mfu 31.06%
iter 4470: loss 0.8042, time 11.84ms, mfu 31.10%
iter 4480: loss 0.7842, time 11.84ms, mfu 31.14%
iter 4490: loss 0.7869, time 11.81ms, mfu 31.18%
step 4500: train loss 0.5731, val loss 1.7213
iter 4500: loss 0.8115, time 2336.38ms, mfu 28.08%
iter 4510: loss 0.7691, time 11.84ms, mfu 28.42%
iter 4520: loss 0.7743, time 11.83ms, mfu 28.73%
iter 4530: loss 0.7833, time 11.83ms, mfu 29.01%
iter 4540: loss 0.7916, time 11.95ms, mfu 29.22%
iter 4550: loss 0.7909, time 11.82ms, mfu 29.45%
iter 4560: loss 0.7853, time 11.84ms, mfu 29.65%
iter 4570: loss 0.7955, time 11.80ms, mfu 29.85%
iter 4580: loss 0.7918, time 11.82ms, mfu 30.01%
iter 4590: loss 0.7892, time 11.82ms, mfu 30.16%
iter 4600: loss 0.7800, time 11.83ms, mfu 30.30%
iter 4610: loss 0.7765, time 11.82ms, mfu 30.42%
iter 4620: loss 0.7720, time 11.83ms, mfu 30.53%
iter 4630: loss 0.7687, time 12.02ms, mfu 30.58%
iter 4640: loss 0.7706, time 11.80ms, mfu 30.68%
iter 4650: loss 0.7827, time 11.83ms, mfu 30.76%
iter 4660: loss 0.7888, time 11.82ms, mfu 30.83%
iter 4670: loss 0.7797, time 11.83ms, mfu 30.90%
iter 4680: loss 0.7677, time 11.83ms, mfu 30.96%
iter 4690: loss 0.7509, time 11.83ms, mfu 31.02%
iter 4700: loss 0.7750, time 12.33ms, mfu 30.94%
iter 4710: loss 0.7766, time 11.81ms, mfu 31.00%
iter 4720: loss 0.7764, time 11.81ms, mfu 31.05%
iter 4730: loss 0.7616, time 11.95ms, mfu 31.06%
iter 4740: loss 0.7590, time 11.83ms, mfu 31.11%
step 4750: train loss 0.5577, val loss 1.7375
iter 4750: loss 0.7796, time 2292.06ms, mfu 28.01%
iter 4760: loss 0.7797, time 11.85ms, mfu 28.36%
iter 4770: loss 0.7570, time 11.84ms, mfu 28.67%
iter 4780: loss 0.7738, time 11.82ms, mfu 28.95%
iter 4790: loss 0.7753, time 11.83ms, mfu 29.21%
iter 4800: loss 0.7814, time 11.80ms, mfu 29.44%
iter 4810: loss 0.7592, time 11.99ms, mfu 29.61%
iter 4820: loss 0.7775, time 11.83ms, mfu 29.80%
iter 4830: loss 0.7640, time 11.83ms, mfu 29.97%
iter 4840: loss 0.7630, time 11.83ms, mfu 30.12%
iter 4850: loss 0.7657, time 11.83ms, mfu 30.26%
iter 4860: loss 0.7622, time 11.85ms, mfu 30.38%
iter 4870: loss 0.7731, time 11.91ms, mfu 30.47%
iter 4880: loss 0.7647, time 11.83ms, mfu 30.57%
iter 4890: loss 0.7931, time 11.84ms, mfu 30.66%
iter 4900: loss 0.7801, time 11.84ms, mfu 30.74%
iter 4910: loss 0.7459, time 11.84ms, mfu 30.81%
iter 4920: loss 0.7656, time 11.79ms, mfu 30.89%
iter 4930: loss 0.7599, time 12.32ms, mfu 30.82%
iter 4940: loss 0.7665, time 11.98ms, mfu 30.85%
iter 4950: loss 0.7790, time 11.81ms, mfu 30.92%
iter 4960: loss 0.7503, time 11.95ms, mfu 30.95%
iter 4970: loss 0.7445, time 12.36ms, mfu 30.87%
iter 4980: loss 0.7724, time 11.80ms, mfu 30.94%
iter 4990: loss 0.7701, time 11.82ms, mfu 31.00%
step 5000: train loss 0.5436, val loss 1.7454
iter 5000: loss 0.7621, time 2266.86ms, mfu 27.92%
