Overriding config with config/train_shakespeare_char.py:
# train a miniature character-level shakespeare model
# good for debugging and playing on macbooks and such

out_dir = 'out-shakespeare-char'
eval_interval = 250 # keep frequent because we'll overfit
eval_iters = 200
log_interval = 10 # don't print too too often

# we expect to overfit on this small dataset, so only save when val improves
always_save_checkpoint = False

wandb_log = False # override via command line if you like
wandb_project = 'shakespeare-char'
wandb_run_name = 'mini-gpt'

dataset = 'shakespeare_char'
gradient_accumulation_steps = 1
batch_size = 64
block_size = 256 # context of up to 256 previous characters

# baby GPT model :)
n_layer = 6
n_head = 6
n_embd = 384
dropout = 0.2

learning_rate = 1e-3 # with baby networks can afford to go a bit higher
max_iters = 5000
lr_decay_iters = 5000 # make equal to max_iters usually
min_lr = 1e-4 # learning_rate / 10 usually
beta2 = 0.99 # make a bit bigger because number of tokens per iter is small

warmup_iters = 100 # not super necessary potentially

# on macbook also add
# device = 'cpu'  # run on cpu only
# compile = False # do not torch compile the model

Overriding: learning_rate = 0.001
Overriding: out_dir = runs_full/rmsnorm_lr1e-3
Overriding: norm_type = rmsnorm
tokens per iteration will be: 16,384
found vocab_size = 65 (inside data/shakespeare_char/meta.pkl)
Initializing a new model from scratch
number of parameters: 10.65M
/scratch/guo.jiayin/nanoGPT/train.py:203: FutureWarning: `torch.cuda.amp.GradScaler(args...)` is deprecated. Please use `torch.amp.GradScaler('cuda', args...)` instead.
  scaler = torch.cuda.amp.GradScaler(enabled=(dtype == 'float16'))
num decayed parameter tensors: 26, with 10,740,096 parameters
num non-decayed parameter tensors: 13, with 4,992 parameters
using fused AdamW: True
compiling the model... (takes a ~minute)
step 0: train loss 4.2773, val loss 4.2724
iter 0: loss 4.2586, time 13523.29ms, mfu -100.00%
iter 10: loss 3.1463, time 12.04ms, mfu 30.94%
iter 20: loss 2.7315, time 11.00ms, mfu 31.23%
iter 30: loss 2.6182, time 11.03ms, mfu 31.49%
iter 40: loss 2.5736, time 7.13ms, mfu 33.56%
iter 50: loss 2.5247, time 7.09ms, mfu 35.46%
iter 60: loss 2.5154, time 7.14ms, mfu 37.13%
iter 70: loss 2.4941, time 7.14ms, mfu 38.64%
iter 80: loss 2.4940, time 7.36ms, mfu 39.84%
iter 90: loss 2.4695, time 7.19ms, mfu 41.04%
iter 100: loss 2.4727, time 6.93ms, mfu 42.31%
iter 110: loss 2.4608, time 7.11ms, mfu 43.32%
iter 120: loss 2.4277, time 7.55ms, mfu 43.93%
iter 130: loss 2.4108, time 7.50ms, mfu 44.50%
iter 140: loss 2.4009, time 7.25ms, mfu 45.19%
iter 150: loss 2.4093, time 7.37ms, mfu 45.73%
iter 160: loss 2.3681, time 7.47ms, mfu 46.15%
iter 170: loss 2.3587, time 7.03ms, mfu 46.83%
iter 180: loss 2.3191, time 7.78ms, mfu 46.94%
iter 190: loss 2.2446, time 7.40ms, mfu 47.28%
iter 200: loss 2.2142, time 7.92ms, mfu 47.25%
iter 210: loss 2.1374, time 7.85ms, mfu 47.27%
iter 220: loss 2.1483, time 6.93ms, mfu 47.92%
iter 230: loss 2.0692, time 7.12ms, mfu 48.37%
iter 240: loss 2.0821, time 7.24ms, mfu 48.68%
step 250: train loss 1.9682, val loss 2.0729
saving checkpoint to runs_full/rmsnorm_lr1e-3
iter 250: loss 2.0307, time 2427.02ms, mfu 43.82%
iter 260: loss 1.9745, time 10.00ms, mfu 43.17%
iter 270: loss 1.9844, time 13.67ms, mfu 41.58%
iter 280: loss 1.9744, time 7.29ms, mfu 42.53%
iter 290: loss 1.9147, time 6.99ms, mfu 43.61%
iter 300: loss 1.8949, time 7.65ms, mfu 44.12%
iter 310: loss 1.8664, time 8.14ms, mfu 44.28%
iter 320: loss 1.8518, time 7.16ms, mfu 45.06%
iter 330: loss 1.8167, time 8.13ms, mfu 45.14%
iter 340: loss 1.7892, time 7.13ms, mfu 45.85%
iter 350: loss 1.8253, time 7.03ms, mfu 46.56%
iter 360: loss 1.7719, time 7.01ms, mfu 47.22%
iter 370: loss 1.7357, time 7.64ms, mfu 47.37%
iter 380: loss 1.7192, time 6.99ms, mfu 47.97%
iter 390: loss 1.7302, time 7.67ms, mfu 48.03%
iter 400: loss 1.7599, time 7.44ms, mfu 48.24%
iter 410: loss 1.6965, time 7.35ms, mfu 48.48%
iter 420: loss 1.7096, time 7.13ms, mfu 48.86%
iter 430: loss 1.6877, time 7.29ms, mfu 49.09%
iter 440: loss 1.6474, time 7.46ms, mfu 49.17%
iter 450: loss 1.6474, time 7.24ms, mfu 49.40%
iter 460: loss 1.5958, time 7.62ms, mfu 49.35%
iter 470: loss 1.6442, time 6.86ms, mfu 49.85%
iter 480: loss 1.6202, time 6.98ms, mfu 50.20%
iter 490: loss 1.6009, time 7.29ms, mfu 50.29%
step 500: train loss 1.5206, val loss 1.7146
saving checkpoint to runs_full/rmsnorm_lr1e-3
iter 500: loss 1.5960, time 2424.33ms, mfu 45.27%
iter 510: loss 1.6035, time 7.95ms, mfu 45.43%
iter 520: loss 1.5826, time 7.65ms, mfu 45.76%
iter 530: loss 1.5570, time 6.93ms, mfu 46.56%
iter 540: loss 1.6114, time 6.95ms, mfu 47.27%
iter 550: loss 1.5585, time 6.82ms, mfu 48.01%
iter 560: loss 1.5545, time 10.75ms, mfu 46.67%
iter 570: loss 1.5532, time 7.43ms, mfu 47.02%
iter 580: loss 1.5228, time 7.79ms, mfu 47.10%
iter 590: loss 1.4874, time 9.64ms, mfu 46.26%
iter 600: loss 1.5064, time 7.07ms, mfu 46.90%
iter 610: loss 1.5427, time 8.54ms, mfu 46.57%
iter 620: loss 1.5238, time 7.48ms, mfu 46.90%
iter 630: loss 1.5048, time 7.60ms, mfu 47.11%
iter 640: loss 1.4649, time 7.57ms, mfu 47.33%
iter 650: loss 1.4968, time 6.91ms, mfu 47.99%
iter 660: loss 1.5073, time 7.87ms, mfu 47.92%
iter 670: loss 1.4406, time 7.57ms, mfu 48.06%
iter 680: loss 1.5033, time 7.02ms, mfu 48.56%
iter 690: loss 1.4627, time 7.78ms, mfu 48.49%
iter 700: loss 1.4781, time 7.35ms, mfu 48.71%
iter 710: loss 1.4529, time 7.02ms, mfu 49.15%
iter 720: loss 1.4384, time 7.52ms, mfu 49.20%
iter 730: loss 1.4156, time 7.42ms, mfu 49.30%
iter 740: loss 1.4282, time 7.71ms, mfu 49.20%
step 750: train loss 1.3586, val loss 1.5885
saving checkpoint to runs_full/rmsnorm_lr1e-3
iter 750: loss 1.4170, time 2449.92ms, mfu 44.30%
iter 760: loss 1.4384, time 7.14ms, mfu 45.09%
iter 770: loss 1.4259, time 7.21ms, mfu 45.74%
iter 780: loss 1.4122, time 7.39ms, mfu 46.21%
iter 790: loss 1.4109, time 7.29ms, mfu 46.70%
iter 800: loss 1.4312, time 7.25ms, mfu 47.17%
iter 810: loss 1.4042, time 7.63ms, mfu 47.34%
iter 820: loss 1.3952, time 7.26ms, mfu 47.74%
iter 830: loss 1.3859, time 7.95ms, mfu 47.65%
iter 840: loss 1.3959, time 6.89ms, mfu 48.29%
iter 850: loss 1.3856, time 6.91ms, mfu 48.86%
iter 860: loss 1.3915, time 7.51ms, mfu 48.93%
iter 870: loss 1.3867, time 7.12ms, mfu 49.27%
iter 880: loss 1.3688, time 8.09ms, mfu 48.95%
iter 890: loss 1.3767, time 6.85ms, mfu 49.50%
iter 900: loss 1.3665, time 7.17ms, mfu 49.74%
iter 910: loss 1.3213, time 6.92ms, mfu 50.15%
iter 920: loss 1.3622, time 7.11ms, mfu 50.38%
iter 930: loss 1.3515, time 7.54ms, mfu 50.28%
iter 940: loss 1.3411, time 7.27ms, mfu 50.38%
iter 950: loss 1.3482, time 6.93ms, mfu 50.72%
iter 960: loss 1.3583, time 7.72ms, mfu 50.48%
iter 970: loss 1.3530, time 7.29ms, mfu 50.54%
iter 980: loss 1.3478, time 6.83ms, mfu 50.94%
iter 990: loss 1.3371, time 7.05ms, mfu 51.13%
step 1000: train loss 1.2733, val loss 1.5272
saving checkpoint to runs_full/rmsnorm_lr1e-3
iter 1000: loss 1.3390, time 2396.85ms, mfu 46.03%
iter 1010: loss 1.3340, time 10.58ms, mfu 44.95%
iter 1020: loss 1.3061, time 10.98ms, mfu 43.85%
iter 1030: loss 1.3336, time 10.68ms, mfu 42.95%
iter 1040: loss 1.3567, time 10.27ms, mfu 42.29%
iter 1050: loss 1.2863, time 10.70ms, mfu 41.54%
iter 1060: loss 1.3389, time 10.97ms, mfu 40.78%
iter 1070: loss 1.3329, time 10.95ms, mfu 40.11%
iter 1080: loss 1.3330, time 10.99ms, mfu 39.49%
iter 1090: loss 1.3519, time 10.71ms, mfu 39.02%
iter 1100: loss 1.3166, time 9.67ms, mfu 38.97%
iter 1110: loss 1.2914, time 11.33ms, mfu 38.36%
iter 1120: loss 1.2974, time 10.93ms, mfu 37.94%
iter 1130: loss 1.2890, time 10.93ms, mfu 37.55%
iter 1140: loss 1.2903, time 10.97ms, mfu 37.19%
iter 1150: loss 1.3040, time 10.74ms, mfu 36.94%
iter 1160: loss 1.3262, time 11.15ms, mfu 36.59%
iter 1170: loss 1.2921, time 6.64ms, mfu 38.55%
iter 1180: loss 1.3163, time 11.12ms, mfu 38.04%
iter 1190: loss 1.2717, time 10.82ms, mfu 37.68%
iter 1200: loss 1.2893, time 6.46ms, mfu 39.68%
iter 1210: loss 1.2583, time 10.71ms, mfu 39.19%
iter 1220: loss 1.3032, time 8.96ms, mfu 39.43%
iter 1230: loss 1.2931, time 10.65ms, mfu 38.99%
iter 1240: loss 1.2984, time 7.26ms, mfu 40.22%
step 1250: train loss 1.2017, val loss 1.4956
saving checkpoint to runs_full/rmsnorm_lr1e-3
iter 1250: loss 1.2706, time 2402.82ms, mfu 36.22%
iter 1260: loss 1.2823, time 10.44ms, mfu 36.16%
iter 1270: loss 1.2566, time 10.98ms, mfu 35.94%
iter 1280: loss 1.2506, time 10.82ms, mfu 35.79%
iter 1290: loss 1.2761, time 10.99ms, mfu 35.60%
iter 1300: loss 1.2975, time 10.97ms, mfu 35.44%
iter 1310: loss 1.2329, time 9.51ms, mfu 35.81%
iter 1320: loss 1.3030, time 10.14ms, mfu 35.91%
iter 1330: loss 1.2606, time 10.83ms, mfu 35.75%
iter 1340: loss 1.2920, time 10.94ms, mfu 35.59%
iter 1350: loss 1.2531, time 10.48ms, mfu 35.58%
iter 1360: loss 1.2681, time 10.34ms, mfu 35.63%
iter 1370: loss 1.2541, time 10.48ms, mfu 35.62%
iter 1380: loss 1.2645, time 10.97ms, mfu 35.46%
iter 1390: loss 1.2351, time 9.40ms, mfu 35.88%
iter 1400: loss 1.2533, time 10.98ms, mfu 35.68%
iter 1410: loss 1.2487, time 9.69ms, mfu 35.96%
iter 1420: loss 1.2678, time 10.87ms, mfu 35.79%
iter 1430: loss 1.2450, time 10.94ms, mfu 35.62%
iter 1440: loss 1.2527, time 10.97ms, mfu 35.45%
iter 1450: loss 1.2349, time 10.70ms, mfu 35.39%
iter 1460: loss 1.2376, time 10.94ms, mfu 35.26%
iter 1470: loss 1.2188, time 10.97ms, mfu 35.13%
iter 1480: loss 1.2073, time 10.96ms, mfu 35.01%
iter 1490: loss 1.2324, time 10.98ms, mfu 34.91%
step 1500: train loss 1.1502, val loss 1.4803
saving checkpoint to runs_full/rmsnorm_lr1e-3
iter 1500: loss 1.1889, time 2428.05ms, mfu 31.43%
iter 1510: loss 1.2371, time 10.55ms, mfu 31.82%
iter 1520: loss 1.2221, time 9.17ms, mfu 32.70%
iter 1530: loss 1.2550, time 11.14ms, mfu 32.77%
iter 1540: loss 1.1902, time 10.87ms, mfu 32.93%
iter 1550: loss 1.2267, time 11.12ms, mfu 32.99%
iter 1560: loss 1.2049, time 10.47ms, mfu 33.25%
iter 1570: loss 1.2265, time 11.12ms, mfu 33.27%
iter 1580: loss 1.2006, time 10.93ms, mfu 33.36%
iter 1590: loss 1.1863, time 11.11ms, mfu 33.37%
iter 1600: loss 1.1938, time 10.98ms, mfu 33.43%
iter 1610: loss 1.2342, time 11.30ms, mfu 33.38%
iter 1620: loss 1.1832, time 11.11ms, mfu 33.40%
iter 1630: loss 1.2057, time 10.30ms, mfu 33.68%
iter 1640: loss 1.2003, time 10.35ms, mfu 33.91%
iter 1650: loss 1.1792, time 11.13ms, mfu 33.87%
iter 1660: loss 1.2205, time 10.65ms, mfu 33.98%
iter 1670: loss 1.1976, time 11.07ms, mfu 33.95%
iter 1680: loss 1.1934, time 9.51ms, mfu 34.47%
iter 1690: loss 1.1949, time 11.17ms, mfu 34.36%
iter 1700: loss 1.1858, time 10.69ms, mfu 34.41%
iter 1710: loss 1.1679, time 11.09ms, mfu 34.33%
iter 1720: loss 1.1831, time 7.28ms, mfu 36.01%
iter 1730: loss 1.2021, time 6.85ms, mfu 37.85%
iter 1740: loss 1.1651, time 10.69ms, mfu 37.55%
step 1750: train loss 1.1005, val loss 1.4737
saving checkpoint to runs_full/rmsnorm_lr1e-3
iter 1750: loss 1.1809, time 2454.36ms, mfu 33.81%
iter 1760: loss 1.1832, time 11.09ms, mfu 33.79%
iter 1770: loss 1.1916, time 10.37ms, mfu 34.01%
iter 1780: loss 1.1945, time 10.88ms, mfu 34.03%
iter 1790: loss 1.1918, time 10.60ms, mfu 34.14%
iter 1800: loss 1.1807, time 10.25ms, mfu 34.37%
iter 1810: loss 1.1574, time 9.88ms, mfu 34.70%
iter 1820: loss 1.1660, time 10.17ms, mfu 34.90%
iter 1830: loss 1.1669, time 9.23ms, mfu 35.44%
iter 1840: loss 1.1595, time 7.04ms, mfu 37.19%
iter 1850: loss 1.1542, time 10.89ms, mfu 36.90%
iter 1860: loss 1.1756, time 10.07ms, mfu 36.90%
iter 1870: loss 1.1448, time 11.01ms, mfu 36.60%
iter 1880: loss 1.1806, time 11.92ms, mfu 36.06%
iter 1890: loss 1.1806, time 10.96ms, mfu 35.86%
iter 1900: loss 1.1260, time 11.00ms, mfu 35.66%
iter 1910: loss 1.1659, time 10.32ms, mfu 35.71%
iter 1920: loss 1.1689, time 10.81ms, mfu 35.58%
iter 1930: loss 1.1406, time 10.98ms, mfu 35.42%
iter 1940: loss 1.1234, time 10.98ms, mfu 35.27%
iter 1950: loss 1.1349, time 10.82ms, mfu 35.18%
iter 1960: loss 1.1474, time 10.99ms, mfu 35.06%
iter 1970: loss 1.1410, time 10.96ms, mfu 34.95%
iter 1980: loss 1.1441, time 10.98ms, mfu 34.85%
iter 1990: loss 1.1546, time 10.96ms, mfu 34.77%
step 2000: train loss 1.0546, val loss 1.4764
iter 2000: loss 1.1244, time 2095.58ms, mfu 31.31%
iter 2010: loss 1.1256, time 10.99ms, mfu 31.57%
iter 2020: loss 1.1145, time 11.07ms, mfu 31.77%
iter 2030: loss 1.1475, time 10.97ms, mfu 31.99%
iter 2040: loss 1.1347, time 9.78ms, mfu 32.60%
iter 2050: loss 1.1147, time 10.98ms, mfu 32.74%
iter 2060: loss 1.1014, time 10.93ms, mfu 32.87%
iter 2070: loss 1.1298, time 10.96ms, mfu 32.98%
iter 2080: loss 1.1216, time 11.13ms, mfu 33.03%
iter 2090: loss 1.1302, time 10.97ms, mfu 33.13%
iter 2100: loss 1.1363, time 11.30ms, mfu 33.11%
iter 2110: loss 1.1279, time 10.99ms, mfu 33.19%
iter 2120: loss 1.1288, time 11.18ms, mfu 33.20%
iter 2130: loss 1.1275, time 10.99ms, mfu 33.27%
iter 2140: loss 1.1373, time 11.29ms, mfu 33.25%
iter 2150: loss 1.1204, time 10.98ms, mfu 33.32%
iter 2160: loss 1.1360, time 10.98ms, mfu 33.38%
iter 2170: loss 1.1338, time 10.97ms, mfu 33.44%
iter 2180: loss 1.1033, time 11.13ms, mfu 33.44%
iter 2190: loss 1.1058, time 10.98ms, mfu 33.49%
iter 2200: loss 1.1224, time 10.99ms, mfu 33.53%
iter 2210: loss 1.1142, time 10.98ms, mfu 33.57%
iter 2220: loss 1.1152, time 11.00ms, mfu 33.60%
iter 2230: loss 1.1225, time 10.97ms, mfu 33.64%
iter 2240: loss 1.1194, time 10.98ms, mfu 33.67%
step 2250: train loss 1.0079, val loss 1.4860
iter 2250: loss 1.1086, time 2113.64ms, mfu 30.32%
iter 2260: loss 1.1013, time 10.98ms, mfu 30.68%
iter 2270: loss 1.1236, time 10.15ms, mfu 31.28%
iter 2280: loss 1.0922, time 10.97ms, mfu 31.55%
iter 2290: loss 1.1377, time 10.97ms, mfu 31.79%
iter 2300: loss 1.1150, time 9.96ms, mfu 32.36%
iter 2310: loss 1.0875, time 10.98ms, mfu 32.51%
iter 2320: loss 1.0964, time 10.97ms, mfu 32.66%
iter 2330: loss 1.1006, time 10.98ms, mfu 32.79%
iter 2340: loss 1.1098, time 10.95ms, mfu 32.91%
iter 2350: loss 1.1036, time 10.99ms, mfu 33.01%
iter 2360: loss 1.1080, time 10.98ms, mfu 33.11%
iter 2370: loss 1.0861, time 10.98ms, mfu 33.19%
iter 2380: loss 1.0872, time 10.98ms, mfu 33.26%
iter 2390: loss 1.0806, time 11.00ms, mfu 33.32%
iter 2400: loss 1.0832, time 10.03ms, mfu 33.71%
iter 2410: loss 1.0727, time 11.06ms, mfu 33.71%
iter 2420: loss 1.0724, time 11.00ms, mfu 33.73%
iter 2430: loss 1.0487, time 10.98ms, mfu 33.75%
iter 2440: loss 1.0572, time 10.99ms, mfu 33.76%
iter 2450: loss 1.0678, time 11.00ms, mfu 33.78%
iter 2460: loss 1.0834, time 10.97ms, mfu 33.80%
iter 2470: loss 1.0841, time 9.27ms, mfu 34.44%
iter 2480: loss 1.0832, time 10.61ms, mfu 34.50%
iter 2490: loss 1.0563, time 11.00ms, mfu 34.44%
step 2500: train loss 0.9566, val loss 1.4945
iter 2500: loss 1.0764, time 2156.70ms, mfu 31.01%
iter 2510: loss 1.0662, time 7.17ms, mfu 33.11%
iter 2520: loss 1.0426, time 10.61ms, mfu 33.31%
iter 2530: loss 1.0404, time 7.27ms, mfu 35.11%
iter 2540: loss 1.0586, time 11.12ms, mfu 34.95%
iter 2550: loss 1.0721, time 10.98ms, mfu 34.85%
iter 2560: loss 1.0554, time 11.16ms, mfu 34.70%
iter 2570: loss 1.0678, time 10.99ms, mfu 34.62%
iter 2580: loss 1.0679, time 11.14ms, mfu 34.50%
iter 2590: loss 1.0596, time 6.68ms, mfu 36.63%
iter 2600: loss 1.0655, time 11.15ms, mfu 36.31%
iter 2610: loss 1.0446, time 10.97ms, mfu 36.07%
iter 2620: loss 1.0397, time 10.99ms, mfu 35.86%
iter 2630: loss 1.0235, time 10.77ms, mfu 35.73%
iter 2640: loss 1.0408, time 10.98ms, mfu 35.55%
iter 2650: loss 1.0635, time 10.76ms, mfu 35.46%
iter 2660: loss 1.0312, time 9.36ms, mfu 35.89%
iter 2670: loss 1.0175, time 9.75ms, mfu 36.12%
iter 2680: loss 1.0459, time 10.99ms, mfu 35.90%
iter 2690: loss 1.0475, time 11.06ms, mfu 35.68%
iter 2700: loss 1.0180, time 10.99ms, mfu 35.51%
iter 2710: loss 1.0436, time 10.56ms, mfu 35.48%
iter 2720: loss 1.0394, time 8.91ms, mfu 36.12%
iter 2730: loss 1.0507, time 7.90ms, mfu 37.22%
iter 2740: loss 1.0150, time 8.78ms, mfu 37.74%
step 2750: train loss 0.9090, val loss 1.5241
iter 2750: loss 1.0300, time 2212.45ms, mfu 33.98%
iter 2760: loss 1.0204, time 7.32ms, mfu 35.68%
iter 2770: loss 1.0170, time 6.79ms, mfu 37.60%
iter 2780: loss 1.0190, time 7.40ms, mfu 38.87%
iter 2790: loss 1.0400, time 9.75ms, mfu 38.81%
iter 2800: loss 1.0088, time 6.42ms, mfu 40.73%
iter 2810: loss 1.0364, time 9.39ms, mfu 40.62%
iter 2820: loss 1.0225, time 10.90ms, mfu 39.98%
iter 2830: loss 1.0284, time 10.79ms, mfu 39.43%
iter 2840: loss 0.9968, time 6.50ms, mfu 41.22%
iter 2850: loss 1.0211, time 9.81ms, mfu 40.90%
iter 2860: loss 1.0215, time 7.42ms, mfu 41.83%
iter 2870: loss 0.9958, time 8.67ms, mfu 41.94%
iter 2880: loss 1.0305, time 8.62ms, mfu 42.07%
iter 2890: loss 1.0008, time 10.66ms, mfu 41.36%
iter 2900: loss 0.9860, time 6.50ms, mfu 42.96%
iter 2910: loss 1.0346, time 9.89ms, mfu 42.43%
iter 2920: loss 1.0074, time 8.72ms, mfu 42.46%
iter 2930: loss 0.9913, time 6.62ms, mfu 43.84%
iter 2940: loss 0.9864, time 8.23ms, mfu 43.98%
iter 2950: loss 1.0209, time 8.63ms, mfu 43.90%
iter 2960: loss 0.9971, time 10.88ms, mfu 42.94%
iter 2970: loss 0.9881, time 9.90ms, mfu 42.41%
iter 2980: loss 1.0034, time 10.15ms, mfu 41.84%
iter 2990: loss 0.9768, time 9.63ms, mfu 41.52%
step 3000: train loss 0.8650, val loss 1.5256
iter 3000: loss 0.9827, time 2334.79ms, mfu 37.39%
iter 3010: loss 0.9886, time 10.33ms, mfu 37.26%
iter 3020: loss 0.9986, time 8.23ms, mfu 38.06%
iter 3030: loss 1.0003, time 10.18ms, mfu 37.91%
iter 3040: loss 1.0102, time 10.08ms, mfu 37.82%
iter 3050: loss 0.9781, time 9.96ms, mfu 37.78%
iter 3060: loss 0.9883, time 8.32ms, mfu 38.48%
iter 3070: loss 1.0171, time 10.95ms, mfu 38.04%
iter 3080: loss 0.9894, time 8.06ms, mfu 38.86%
iter 3090: loss 0.9783, time 10.52ms, mfu 38.51%
iter 3100: loss 0.9938, time 10.97ms, mfu 38.06%
iter 3110: loss 0.9683, time 10.86ms, mfu 37.68%
iter 3120: loss 0.9862, time 10.99ms, mfu 37.30%
iter 3130: loss 0.9725, time 10.98ms, mfu 36.97%
iter 3140: loss 0.9746, time 10.99ms, mfu 36.66%
iter 3150: loss 0.9921, time 11.28ms, mfu 36.30%
iter 3160: loss 1.0026, time 11.14ms, mfu 36.02%
iter 3170: loss 0.9548, time 6.54ms, mfu 38.11%
iter 3180: loss 0.9740, time 6.44ms, mfu 40.08%
iter 3190: loss 0.9922, time 8.11ms, mfu 40.67%
iter 3200: loss 0.9554, time 10.73ms, mfu 40.07%
iter 3210: loss 0.9634, time 10.86ms, mfu 39.49%
iter 3220: loss 0.9597, time 9.99ms, mfu 39.27%
iter 3230: loss 0.9504, time 10.96ms, mfu 38.75%
iter 3240: loss 0.9527, time 10.99ms, mfu 38.26%
step 3250: train loss 0.8215, val loss 1.5650
iter 3250: loss 0.9635, time 2120.46ms, mfu 34.46%
iter 3260: loss 0.9539, time 10.32ms, mfu 34.62%
iter 3270: loss 0.9614, time 10.82ms, mfu 34.60%
iter 3280: loss 0.9484, time 10.97ms, mfu 34.54%
iter 3290: loss 0.9379, time 10.97ms, mfu 34.48%
iter 3300: loss 0.9428, time 10.92ms, mfu 34.44%
iter 3310: loss 0.9518, time 10.99ms, mfu 34.39%
iter 3320: loss 0.9646, time 11.01ms, mfu 34.33%
iter 3330: loss 0.9573, time 8.56ms, mfu 35.25%
iter 3340: loss 0.9533, time 10.97ms, mfu 35.12%
iter 3350: loss 0.9507, time 9.53ms, mfu 35.52%
iter 3360: loss 0.9256, time 7.10ms, mfu 37.22%
iter 3370: loss 0.9542, time 10.66ms, mfu 37.00%
iter 3380: loss 0.9414, time 10.98ms, mfu 36.69%
iter 3390: loss 0.9430, time 10.97ms, mfu 36.42%
iter 3400: loss 0.9590, time 10.11ms, mfu 36.46%
iter 3410: loss 0.9395, time 8.81ms, mfu 37.04%
iter 3420: loss 0.9413, time 9.48ms, mfu 37.27%
iter 3430: loss 0.9475, time 6.64ms, mfu 39.15%
iter 3440: loss 0.9668, time 10.90ms, mfu 38.66%
iter 3450: loss 0.9588, time 6.60ms, mfu 40.43%
iter 3460: loss 0.9458, time 10.52ms, mfu 39.93%
iter 3470: loss 0.9406, time 8.31ms, mfu 40.42%
iter 3480: loss 0.9533, time 10.37ms, mfu 39.97%
iter 3490: loss 0.9135, time 9.45ms, mfu 39.92%
step 3500: train loss 0.7787, val loss 1.5870
iter 3500: loss 0.9073, time 2157.99ms, mfu 35.94%
iter 3510: loss 0.9093, time 10.14ms, mfu 36.02%
iter 3520: loss 0.9181, time 10.98ms, mfu 35.81%
iter 3530: loss 0.9503, time 10.98ms, mfu 35.63%
iter 3540: loss 0.9304, time 7.85ms, mfu 36.81%
iter 3550: loss 0.9192, time 7.67ms, mfu 37.98%
iter 3560: loss 0.9535, time 7.62ms, mfu 39.07%
iter 3570: loss 0.9342, time 7.92ms, mfu 39.87%
iter 3580: loss 0.9290, time 7.58ms, mfu 40.80%
iter 3590: loss 0.9186, time 7.98ms, mfu 41.39%
iter 3600: loss 0.9227, time 7.44ms, mfu 42.26%
iter 3610: loss 0.9138, time 7.46ms, mfu 43.03%
iter 3620: loss 0.9068, time 7.00ms, mfu 44.05%
iter 3630: loss 0.9205, time 8.33ms, mfu 44.12%
iter 3640: loss 0.9171, time 7.86ms, mfu 44.45%
iter 3650: loss 0.9099, time 7.04ms, mfu 45.29%
iter 3660: loss 0.9285, time 7.97ms, mfu 45.44%
iter 3670: loss 0.9330, time 7.20ms, mfu 46.07%
iter 3680: loss 0.8996, time 7.48ms, mfu 46.44%
iter 3690: loss 0.9371, time 7.10ms, mfu 47.05%
iter 3700: loss 0.8724, time 7.32ms, mfu 47.43%
iter 3710: loss 0.8848, time 7.81ms, mfu 47.46%
iter 3720: loss 0.8960, time 7.62ms, mfu 47.61%
iter 3730: loss 0.8965, time 7.08ms, mfu 48.11%
iter 3740: loss 0.8955, time 7.89ms, mfu 48.01%
step 3750: train loss 0.7401, val loss 1.6050
iter 3750: loss 0.9064, time 2200.54ms, mfu 43.23%
iter 3760: loss 0.9304, time 8.04ms, mfu 43.54%
iter 3770: loss 0.9269, time 7.07ms, mfu 44.46%
iter 3780: loss 0.9197, time 7.81ms, mfu 44.79%
iter 3790: loss 0.8900, time 8.10ms, mfu 44.91%
iter 3800: loss 0.9141, time 7.19ms, mfu 45.60%
iter 3810: loss 0.9142, time 7.84ms, mfu 45.79%
iter 3820: loss 0.8858, time 7.35ms, mfu 46.28%
iter 3830: loss 0.8948, time 7.56ms, mfu 46.58%
iter 3840: loss 0.8959, time 7.41ms, mfu 46.95%
iter 3850: loss 0.8855, time 7.54ms, mfu 47.20%
iter 3860: loss 0.8594, time 7.71ms, mfu 47.31%
iter 3870: loss 0.8860, time 7.42ms, mfu 47.60%
iter 3880: loss 0.8872, time 8.69ms, mfu 47.13%
iter 3890: loss 0.8906, time 7.78ms, mfu 47.20%
iter 3900: loss 0.8939, time 7.75ms, mfu 47.29%
iter 3910: loss 0.8894, time 8.12ms, mfu 47.15%
iter 3920: loss 0.8760, time 7.63ms, mfu 47.32%
iter 3930: loss 0.8921, time 7.39ms, mfu 47.63%
iter 3940: loss 0.8767, time 8.11ms, mfu 47.46%
iter 3950: loss 0.8799, time 7.05ms, mfu 48.00%
iter 3960: loss 0.9120, time 6.78ms, mfu 48.69%
iter 3970: loss 0.8935, time 6.99ms, mfu 49.15%
iter 3980: loss 0.8941, time 7.06ms, mfu 49.52%
iter 3990: loss 0.8723, time 7.32ms, mfu 49.65%
step 4000: train loss 0.7069, val loss 1.6315
iter 4000: loss 0.8595, time 2184.82ms, mfu 44.70%
iter 4010: loss 0.8765, time 7.01ms, mfu 45.55%
iter 4020: loss 0.8840, time 7.38ms, mfu 46.04%
iter 4030: loss 0.8781, time 6.95ms, mfu 46.80%
iter 4040: loss 0.8784, time 7.11ms, mfu 47.37%
iter 4050: loss 0.8605, time 7.82ms, mfu 47.40%
iter 4060: loss 0.8572, time 7.83ms, mfu 47.41%
iter 4070: loss 0.8572, time 7.82ms, mfu 47.44%
iter 4080: loss 0.8885, time 7.25ms, mfu 47.84%
iter 4090: loss 0.8475, time 9.23ms, mfu 47.09%
iter 4100: loss 0.9016, time 9.59ms, mfu 46.27%
iter 4110: loss 0.8650, time 10.78ms, mfu 45.10%
iter 4120: loss 0.8745, time 10.98ms, mfu 43.98%
iter 4130: loss 0.8529, time 9.95ms, mfu 43.33%
iter 4140: loss 0.8731, time 10.57ms, mfu 42.52%
iter 4150: loss 0.8640, time 10.45ms, mfu 41.84%
iter 4160: loss 0.8504, time 10.95ms, mfu 41.06%
iter 4170: loss 0.8531, time 10.80ms, mfu 40.40%
iter 4180: loss 0.8700, time 10.99ms, mfu 39.75%
iter 4190: loss 0.8638, time 10.69ms, mfu 39.26%
iter 4200: loss 0.8490, time 10.97ms, mfu 38.73%
iter 4210: loss 0.8620, time 10.52ms, mfu 38.40%
iter 4220: loss 0.8670, time 10.73ms, mfu 38.03%
iter 4230: loss 0.8699, time 10.69ms, mfu 37.72%
iter 4240: loss 0.8728, time 9.74ms, mfu 37.77%
step 4250: train loss 0.6778, val loss 1.6525
iter 4250: loss 0.8753, time 2130.88ms, mfu 34.01%
iter 4260: loss 0.8590, time 10.59ms, mfu 34.13%
iter 4270: loss 0.8676, time 8.84ms, mfu 34.93%
iter 4280: loss 0.8514, time 10.97ms, mfu 34.83%
iter 4290: loss 0.8260, time 8.33ms, mfu 35.82%
iter 4300: loss 0.8302, time 10.93ms, mfu 35.65%
iter 4310: loss 0.8490, time 11.00ms, mfu 35.47%
iter 4320: loss 0.8330, time 10.36ms, mfu 35.52%
iter 4330: loss 0.8570, time 11.27ms, mfu 35.27%
iter 4340: loss 0.8333, time 7.74ms, mfu 36.56%
iter 4350: loss 0.8363, time 7.28ms, mfu 38.02%
iter 4360: loss 0.8518, time 7.53ms, mfu 39.17%
iter 4370: loss 0.8545, time 7.15ms, mfu 40.46%
iter 4380: loss 0.8294, time 7.03ms, mfu 41.71%
iter 4390: loss 0.8676, time 7.24ms, mfu 42.69%
iter 4400: loss 0.8476, time 7.93ms, mfu 43.12%
iter 4410: loss 0.8596, time 7.15ms, mfu 44.02%
iter 4420: loss 0.8589, time 7.28ms, mfu 44.74%
iter 4430: loss 0.8499, time 7.31ms, mfu 45.37%
iter 4440: loss 0.8424, time 7.64ms, mfu 45.70%
iter 4450: loss 0.8500, time 7.59ms, mfu 46.04%
iter 4460: loss 0.8352, time 7.46ms, mfu 46.43%
iter 4470: loss 0.8553, time 7.87ms, mfu 46.52%
iter 4480: loss 0.8245, time 7.75ms, mfu 46.68%
iter 4490: loss 0.8375, time 7.38ms, mfu 47.07%
step 4500: train loss 0.6510, val loss 1.6738
iter 4500: loss 0.8513, time 2136.57ms, mfu 42.38%
iter 4510: loss 0.8488, time 7.58ms, mfu 43.06%
iter 4520: loss 0.8352, time 7.29ms, mfu 43.86%
iter 4530: loss 0.8581, time 7.58ms, mfu 44.39%
iter 4540: loss 0.8481, time 7.51ms, mfu 44.92%
iter 4550: loss 0.8662, time 7.54ms, mfu 45.36%
iter 4560: loss 0.8414, time 6.99ms, mfu 46.16%
iter 4570: loss 0.8344, time 7.34ms, mfu 46.62%
iter 4580: loss 0.8628, time 7.82ms, mfu 46.72%
iter 4590: loss 0.8502, time 7.50ms, mfu 47.01%
iter 4600: loss 0.8259, time 7.45ms, mfu 47.32%
iter 4610: loss 0.8671, time 7.24ms, mfu 47.73%
iter 4620: loss 0.8386, time 7.12ms, mfu 48.19%
iter 4630: loss 0.8153, time 7.45ms, mfu 48.37%
iter 4640: loss 0.8433, time 7.61ms, mfu 48.43%
iter 4650: loss 0.8589, time 8.04ms, mfu 48.22%
iter 4660: loss 0.8461, time 8.18ms, mfu 47.95%
iter 4670: loss 0.8411, time 7.24ms, mfu 48.31%
iter 4680: loss 0.8551, time 7.04ms, mfu 48.77%
iter 4690: loss 0.8423, time 10.41ms, mfu 47.47%
iter 4700: loss 0.8140, time 10.96ms, mfu 46.12%
iter 4710: loss 0.7916, time 10.12ms, mfu 45.19%
iter 4720: loss 0.8261, time 10.90ms, mfu 44.09%
iter 4730: loss 0.8191, time 10.55ms, mfu 43.21%
iter 4740: loss 0.8376, time 7.52ms, mfu 43.85%
step 4750: train loss 0.6334, val loss 1.6946
iter 4750: loss 0.8015, time 2121.50ms, mfu 39.48%
iter 4760: loss 0.8207, time 7.33ms, mfu 40.62%
iter 4770: loss 0.7978, time 7.86ms, mfu 41.30%
iter 4780: loss 0.8129, time 7.42ms, mfu 42.19%
iter 4790: loss 0.8323, time 7.82ms, mfu 42.74%
iter 4800: loss 0.8209, time 7.49ms, mfu 43.44%
iter 4810: loss 0.8357, time 7.10ms, mfu 44.35%
iter 4820: loss 0.8276, time 7.50ms, mfu 44.88%
iter 4830: loss 0.8263, time 7.26ms, mfu 45.52%
iter 4840: loss 0.8281, time 7.04ms, mfu 46.26%
iter 4850: loss 0.8159, time 7.01ms, mfu 46.95%
iter 4860: loss 0.8118, time 7.79ms, mfu 47.04%
iter 4870: loss 0.8100, time 7.04ms, mfu 47.63%
iter 4880: loss 0.8306, time 7.33ms, mfu 47.95%
iter 4890: loss 0.8065, time 7.16ms, mfu 48.36%
iter 4900: loss 0.8062, time 7.30ms, mfu 48.63%
iter 4910: loss 0.8336, time 6.99ms, mfu 49.10%
iter 4920: loss 0.8233, time 7.12ms, mfu 49.42%
iter 4930: loss 0.8088, time 7.24ms, mfu 49.63%
iter 4940: loss 0.8012, time 7.20ms, mfu 49.84%
iter 4950: loss 0.8239, time 7.07ms, mfu 50.13%
iter 4960: loss 0.8299, time 7.11ms, mfu 50.36%
iter 4970: loss 0.7848, time 7.10ms, mfu 50.57%
iter 4980: loss 0.7923, time 7.00ms, mfu 50.83%
iter 4990: loss 0.8182, time 7.14ms, mfu 50.97%
step 5000: train loss 0.6199, val loss 1.7061
iter 5000: loss 0.8199, time 2104.26ms, mfu 45.89%
