Overriding config with config/train_shakespeare_char.py:
# train a miniature character-level shakespeare model
# good for debugging and playing on macbooks and such

out_dir = 'out-shakespeare-char'
eval_interval = 250 # keep frequent because we'll overfit
eval_iters = 200
log_interval = 10 # don't print too too often

# we expect to overfit on this small dataset, so only save when val improves
always_save_checkpoint = False

wandb_log = False # override via command line if you like
wandb_project = 'shakespeare-char'
wandb_run_name = 'mini-gpt'

dataset = 'shakespeare_char'
gradient_accumulation_steps = 1
batch_size = 64
block_size = 256 # context of up to 256 previous characters

# baby GPT model :)
n_layer = 6
n_head = 6
n_embd = 384
dropout = 0.2

learning_rate = 1e-3 # with baby networks can afford to go a bit higher
max_iters = 5000
lr_decay_iters = 5000 # make equal to max_iters usually
min_lr = 1e-4 # learning_rate / 10 usually
beta2 = 0.99 # make a bit bigger because number of tokens per iter is small

warmup_iters = 100 # not super necessary potentially

# on macbook also add
# device = 'cpu'  # run on cpu only
# compile = False # do not torch compile the model

Overriding: learning_rate = 0.002
Overriding: out_dir = runs_full/nope_lr2e-3
Overriding: pos_type = none
tokens per iteration will be: 16,384
found vocab_size = 65 (inside data/shakespeare_char/meta.pkl)
Initializing a new model from scratch
number of parameters: 10.65M
/scratch/guo.jiayin/nanoGPT/train.py:203: FutureWarning: `torch.cuda.amp.GradScaler(args...)` is deprecated. Please use `torch.amp.GradScaler('cuda', args...)` instead.
  scaler = torch.cuda.amp.GradScaler(enabled=(dtype == 'float16'))
num decayed parameter tensors: 25, with 10,641,792 parameters
num non-decayed parameter tensors: 13, with 4,992 parameters
using fused AdamW: True
compiling the model... (takes a ~minute)
step 0: train loss 4.1954, val loss 4.2023
iter 0: loss 4.2122, time 29210.84ms, mfu -100.00%
iter 10: loss 2.8818, time 16.60ms, mfu 22.44%
iter 20: loss 2.6273, time 8.37ms, mfu 24.65%
iter 30: loss 2.5207, time 9.33ms, mfu 26.18%
iter 40: loss 2.5038, time 10.29ms, mfu 27.18%
iter 50: loss 2.5097, time 20.31ms, mfu 26.30%
iter 60: loss 2.4708, time 10.06ms, mfu 27.37%
iter 70: loss 2.4807, time 6.71ms, mfu 30.19%
iter 80: loss 2.4450, time 8.41ms, mfu 31.60%
iter 90: loss 2.4652, time 7.19ms, mfu 33.62%
iter 100: loss 2.4399, time 7.77ms, mfu 35.06%
iter 110: loss 2.4554, time 7.43ms, mfu 36.57%
iter 120: loss 2.4401, time 7.50ms, mfu 37.88%
iter 130: loss 2.4121, time 8.48ms, mfu 38.48%
iter 140: loss 2.4402, time 8.51ms, mfu 39.02%
iter 150: loss 2.4226, time 7.44ms, mfu 40.12%
iter 160: loss 2.3965, time 7.62ms, mfu 41.00%
iter 170: loss 2.4097, time 7.41ms, mfu 41.93%
iter 180: loss 2.4039, time 8.00ms, mfu 42.40%
iter 190: loss 2.4041, time 8.11ms, mfu 42.75%
iter 200: loss 2.3953, time 8.27ms, mfu 42.98%
iter 210: loss 2.3716, time 8.31ms, mfu 43.17%
iter 220: loss 2.3817, time 6.49ms, mfu 44.59%
iter 230: loss 2.3694, time 7.41ms, mfu 45.16%
iter 240: loss 2.3452, time 7.13ms, mfu 45.87%
step 250: train loss 2.3387, val loss 2.4237
saving checkpoint to runs_full/nope_lr2e-3
iter 250: loss 2.3694, time 6471.38ms, mfu 41.29%
iter 260: loss 2.3336, time 14.58ms, mfu 39.71%
iter 270: loss 2.3576, time 15.31ms, mfu 38.18%
iter 280: loss 2.3709, time 13.89ms, mfu 37.04%
iter 290: loss 2.3497, time 12.62ms, mfu 36.29%
iter 300: loss 2.3337, time 15.46ms, mfu 35.07%
iter 310: loss 2.3097, time 18.42ms, mfu 33.59%
iter 320: loss 2.3243, time 11.82ms, mfu 33.38%
iter 330: loss 2.2865, time 16.09ms, mfu 32.36%
iter 340: loss 2.2974, time 10.49ms, mfu 32.67%
iter 350: loss 2.3013, time 6.88ms, mfu 34.82%
iter 360: loss 2.3019, time 17.75ms, mfu 33.44%
iter 370: loss 2.2754, time 11.71ms, mfu 33.28%
iter 380: loss 2.2697, time 14.04ms, mfu 32.61%
iter 390: loss 2.2445, time 11.84ms, mfu 32.49%
iter 400: loss 2.1643, time 13.33ms, mfu 32.04%
iter 410: loss 2.1824, time 15.00ms, mfu 31.32%
iter 420: loss 2.1358, time 13.37ms, mfu 30.98%
iter 430: loss 2.0898, time 13.66ms, mfu 30.61%
iter 440: loss 2.1265, time 16.82ms, mfu 29.76%
iter 450: loss 2.0574, time 27.81ms, mfu 28.12%
iter 460: loss 2.0350, time 9.83ms, mfu 29.10%
iter 470: loss 2.0162, time 7.96ms, mfu 30.88%
iter 480: loss 2.0110, time 8.78ms, mfu 32.03%
iter 490: loss 2.0036, time 10.97ms, mfu 32.22%
step 500: train loss 1.8716, val loss 2.0180
saving checkpoint to runs_full/nope_lr2e-3
iter 500: loss 2.0468, time 4618.56ms, mfu 29.01%
iter 510: loss 1.9937, time 7.18ms, mfu 31.30%
iter 520: loss 1.9615, time 7.43ms, mfu 33.18%
iter 530: loss 1.9235, time 8.31ms, mfu 34.35%
iter 540: loss 1.9350, time 12.39ms, mfu 33.92%
iter 550: loss 1.9119, time 8.13ms, mfu 35.12%
iter 560: loss 1.8785, time 7.78ms, mfu 36.39%
iter 570: loss 1.8605, time 8.14ms, mfu 37.33%
iter 580: loss 1.8700, time 8.08ms, mfu 38.21%
iter 590: loss 1.9029, time 8.76ms, mfu 38.64%
iter 600: loss 1.8300, time 9.17ms, mfu 38.84%
iter 610: loss 1.7974, time 9.44ms, mfu 38.91%
iter 620: loss 1.8024, time 7.01ms, mfu 40.33%
iter 630: loss 1.8102, time 7.26ms, mfu 41.44%
iter 640: loss 1.7887, time 8.01ms, mfu 41.95%
iter 650: loss 1.7730, time 10.62ms, mfu 41.26%
iter 660: loss 1.7099, time 8.25ms, mfu 41.65%
iter 670: loss 1.7463, time 9.05ms, mfu 41.60%
iter 680: loss 1.7142, time 9.49ms, mfu 41.37%
iter 690: loss 1.7401, time 8.48ms, mfu 41.62%
iter 700: loss 1.7027, time 7.66ms, mfu 42.33%
iter 710: loss 1.6856, time 9.29ms, mfu 42.11%
iter 720: loss 1.7226, time 9.19ms, mfu 41.95%
iter 730: loss 1.7190, time 8.54ms, mfu 42.12%
iter 740: loss 1.6887, time 7.99ms, mfu 42.57%
step 750: train loss 1.5724, val loss 1.7653
saving checkpoint to runs_full/nope_lr2e-3
iter 750: loss 1.6430, time 4707.76ms, mfu 38.32%
iter 760: loss 1.6723, time 7.72ms, mfu 39.32%
iter 770: loss 1.6419, time 8.07ms, mfu 40.00%
iter 780: loss 1.6102, time 8.72ms, mfu 40.28%
iter 790: loss 1.6661, time 8.13ms, mfu 40.83%
iter 800: loss 1.6171, time 7.05ms, mfu 42.03%
iter 810: loss 1.6425, time 7.67ms, mfu 42.69%
iter 820: loss 1.6377, time 7.93ms, mfu 43.12%
iter 830: loss 1.5807, time 7.96ms, mfu 43.49%
iter 840: loss 1.6182, time 7.48ms, mfu 44.12%
iter 850: loss 1.6370, time 7.76ms, mfu 44.51%
iter 860: loss 1.5700, time 7.33ms, mfu 45.14%
iter 870: loss 1.6034, time 7.01ms, mfu 45.94%
iter 880: loss 1.5810, time 9.28ms, mfu 45.36%
iter 890: loss 1.5848, time 7.18ms, mfu 46.02%
iter 900: loss 1.5671, time 8.79ms, mfu 45.65%
iter 910: loss 1.5826, time 8.26ms, mfu 45.60%
iter 920: loss 1.5569, time 7.70ms, mfu 45.88%
iter 930: loss 1.5665, time 7.02ms, mfu 46.60%
iter 940: loss 1.5753, time 8.06ms, mfu 46.56%
iter 950: loss 1.5023, time 7.48ms, mfu 46.89%
iter 960: loss 1.5601, time 7.27ms, mfu 47.33%
iter 970: loss 1.5573, time 7.00ms, mfu 47.92%
iter 980: loss 1.5562, time 6.90ms, mfu 48.53%
iter 990: loss 1.5577, time 7.84ms, mfu 48.43%
step 1000: train loss 1.4437, val loss 1.6670
saving checkpoint to runs_full/nope_lr2e-3
iter 1000: loss 1.5491, time 4773.97ms, mfu 43.59%
iter 1010: loss 1.5344, time 7.56ms, mfu 44.16%
iter 1020: loss 1.5401, time 9.03ms, mfu 43.87%
iter 1030: loss 1.5450, time 6.82ms, mfu 44.95%
iter 1040: loss 1.5013, time 8.97ms, mfu 44.60%
iter 1050: loss 1.5309, time 9.01ms, mfu 44.28%
iter 1060: loss 1.5187, time 10.02ms, mfu 43.57%
iter 1070: loss 1.5177, time 7.66ms, mfu 44.08%
iter 1080: loss 1.5418, time 8.38ms, mfu 44.12%
iter 1090: loss 1.5217, time 7.84ms, mfu 44.46%
iter 1100: loss 1.4847, time 8.00ms, mfu 44.67%
iter 1110: loss 1.4975, time 8.09ms, mfu 44.81%
iter 1120: loss 1.5051, time 7.52ms, mfu 45.28%
iter 1130: loss 1.4734, time 6.81ms, mfu 46.23%
iter 1140: loss 1.5070, time 8.06ms, mfu 46.23%
iter 1150: loss 1.5659, time 9.33ms, mfu 45.60%
iter 1160: loss 1.4958, time 7.90ms, mfu 45.76%
iter 1170: loss 1.4850, time 7.67ms, mfu 46.04%
iter 1180: loss 1.4744, time 7.93ms, mfu 46.14%
iter 1190: loss 1.5101, time 7.43ms, mfu 46.54%
iter 1200: loss 1.4936, time 8.97ms, mfu 46.04%
iter 1210: loss 1.4641, time 9.56ms, mfu 45.33%
iter 1220: loss 1.4874, time 11.32ms, mfu 44.09%
iter 1230: loss 1.4104, time 8.61ms, mfu 44.01%
iter 1240: loss 1.4531, time 8.00ms, mfu 44.27%
step 1250: train loss 1.3836, val loss 1.6237
saving checkpoint to runs_full/nope_lr2e-3
iter 1250: loss 1.4622, time 5565.48ms, mfu 39.85%
iter 1260: loss 1.4782, time 9.78ms, mfu 39.67%
iter 1270: loss 1.4603, time 7.28ms, mfu 40.83%
iter 1280: loss 1.4793, time 7.33ms, mfu 41.83%
iter 1290: loss 1.4555, time 7.07ms, mfu 42.92%
iter 1300: loss 1.4462, time 6.82ms, mfu 44.09%
iter 1310: loss 1.4577, time 6.74ms, mfu 45.21%
iter 1320: loss 1.4722, time 7.55ms, mfu 45.63%
iter 1330: loss 1.4270, time 9.61ms, mfu 44.94%
iter 1340: loss 1.4521, time 7.71ms, mfu 45.28%
iter 1350: loss 1.4129, time 9.68ms, mfu 44.60%
iter 1360: loss 1.4515, time 7.17ms, mfu 45.34%
iter 1370: loss 1.4549, time 10.48ms, mfu 44.36%
iter 1380: loss 1.4117, time 7.50ms, mfu 44.89%
iter 1390: loss 1.4259, time 7.99ms, mfu 45.06%
iter 1400: loss 1.4387, time 8.94ms, mfu 44.73%
iter 1410: loss 1.4514, time 7.36ms, mfu 45.32%
iter 1420: loss 1.4453, time 7.88ms, mfu 45.52%
iter 1430: loss 1.4438, time 8.77ms, mfu 45.22%
iter 1440: loss 1.4424, time 6.67ms, mfu 46.28%
iter 1450: loss 1.4155, time 7.17ms, mfu 46.85%
iter 1460: loss 1.4005, time 8.61ms, mfu 46.49%
iter 1470: loss 1.4296, time 7.07ms, mfu 47.12%
iter 1480: loss 1.4335, time 8.01ms, mfu 47.06%
iter 1490: loss 1.4467, time 8.06ms, mfu 46.97%
step 1500: train loss 1.3313, val loss 1.5802
saving checkpoint to runs_full/nope_lr2e-3
iter 1500: loss 1.4078, time 5170.16ms, mfu 42.28%
iter 1510: loss 1.4158, time 6.86ms, mfu 43.49%
iter 1520: loss 1.4185, time 7.76ms, mfu 43.94%
iter 1530: loss 1.4082, time 6.54ms, mfu 45.24%
iter 1540: loss 1.4286, time 8.26ms, mfu 45.23%
iter 1550: loss 1.4079, time 7.36ms, mfu 45.77%
iter 1560: loss 1.4179, time 9.28ms, mfu 45.21%
iter 1570: loss 1.4281, time 7.01ms, mfu 46.00%
iter 1580: loss 1.3743, time 7.49ms, mfu 46.38%
iter 1590: loss 1.3805, time 6.77ms, mfu 47.24%
iter 1600: loss 1.3430, time 8.54ms, mfu 46.88%
iter 1610: loss 1.3831, time 7.28ms, mfu 47.31%
iter 1620: loss 1.3795, time 8.11ms, mfu 47.17%
iter 1630: loss 1.4056, time 8.19ms, mfu 47.01%
iter 1640: loss 1.4049, time 8.21ms, mfu 46.84%
iter 1650: loss 1.4061, time 7.30ms, mfu 47.26%
iter 1660: loss 1.3839, time 7.90ms, mfu 47.25%
iter 1670: loss 1.4338, time 9.05ms, mfu 46.64%
iter 1680: loss 1.3995, time 8.50ms, mfu 46.36%
iter 1690: loss 1.3778, time 7.21ms, mfu 46.89%
iter 1700: loss 1.3786, time 8.04ms, mfu 46.84%
iter 1710: loss 1.3829, time 7.17ms, mfu 47.35%
iter 1720: loss 1.3805, time 7.17ms, mfu 47.81%
iter 1730: loss 1.3505, time 7.90ms, mfu 47.75%
iter 1740: loss 1.3660, time 10.11ms, mfu 46.66%
step 1750: train loss 1.2908, val loss 1.5694
saving checkpoint to runs_full/nope_lr2e-3
iter 1750: loss 1.3819, time 5737.58ms, mfu 42.00%
iter 1760: loss 1.4204, time 7.16ms, mfu 43.01%
iter 1770: loss 1.3764, time 6.99ms, mfu 44.04%
iter 1780: loss 1.3893, time 9.79ms, mfu 43.44%
iter 1790: loss 1.3781, time 8.03ms, mfu 43.74%
iter 1800: loss 1.3762, time 7.40ms, mfu 44.40%
iter 1810: loss 1.3872, time 8.16ms, mfu 44.53%
iter 1820: loss 1.4054, time 12.49ms, mfu 43.06%
iter 1830: loss 1.3554, time 8.90ms, mfu 42.94%
iter 1840: loss 1.3550, time 7.87ms, mfu 43.37%
iter 1850: loss 1.3809, time 7.55ms, mfu 43.97%
iter 1860: loss 1.3861, time 7.24ms, mfu 44.72%
iter 1870: loss 1.2926, time 8.01ms, mfu 44.90%
iter 1880: loss 1.3748, time 8.52ms, mfu 44.78%
iter 1890: loss 1.3376, time 8.38ms, mfu 44.75%
iter 1900: loss 1.3737, time 8.78ms, mfu 44.52%
iter 1910: loss 1.3849, time 8.58ms, mfu 44.41%
iter 1920: loss 1.3569, time 8.19ms, mfu 44.52%
iter 1930: loss 1.3524, time 9.92ms, mfu 43.82%
iter 1940: loss 1.3400, time 8.42ms, mfu 43.87%
iter 1950: loss 1.3867, time 7.85ms, mfu 44.23%
iter 1960: loss 1.3415, time 7.79ms, mfu 44.59%
iter 1970: loss 1.3451, time 9.48ms, mfu 44.06%
iter 1980: loss 1.3691, time 7.76ms, mfu 44.46%
iter 1990: loss 1.3553, time 8.00ms, mfu 44.67%
step 2000: train loss 1.2683, val loss 1.5687
saving checkpoint to runs_full/nope_lr2e-3
iter 2000: loss 1.3927, time 7770.97ms, mfu 40.21%
iter 2010: loss 1.3654, time 13.28ms, mfu 38.99%
iter 2020: loss 1.3478, time 8.03ms, mfu 39.73%
iter 2030: loss 1.3580, time 9.82ms, mfu 39.55%
iter 2040: loss 1.3140, time 8.02ms, mfu 40.24%
iter 2050: loss 1.3337, time 7.83ms, mfu 40.98%
iter 2060: loss 1.3265, time 10.59ms, mfu 40.40%
iter 2070: loss 1.3367, time 8.32ms, mfu 40.83%
iter 2080: loss 1.3297, time 9.74ms, mfu 40.58%
iter 2090: loss 1.3326, time 9.69ms, mfu 40.36%
iter 2100: loss 1.3600, time 10.04ms, mfu 40.04%
iter 2110: loss 1.3701, time 10.22ms, mfu 39.68%
iter 2120: loss 1.3371, time 8.80ms, mfu 39.95%
iter 2130: loss 1.3045, time 9.23ms, mfu 39.99%
iter 2140: loss 1.3229, time 9.44ms, mfu 39.94%
iter 2150: loss 1.3333, time 11.32ms, mfu 39.24%
iter 2160: loss 1.3306, time 9.95ms, mfu 39.06%
iter 2170: loss 1.3181, time 9.30ms, mfu 39.16%
iter 2180: loss 1.3153, time 14.21ms, mfu 37.87%
iter 2190: loss 1.3236, time 11.30ms, mfu 37.38%
iter 2200: loss 1.2985, time 8.34ms, mfu 38.11%
iter 2210: loss 1.3041, time 8.79ms, mfu 38.54%
iter 2220: loss 1.2882, time 8.37ms, mfu 39.14%
iter 2230: loss 1.3111, time 8.07ms, mfu 39.84%
iter 2240: loss 1.3033, time 9.68ms, mfu 39.71%
step 2250: train loss 1.2247, val loss 1.5370
saving checkpoint to runs_full/nope_lr2e-3
iter 2250: loss 1.3142, time 5443.40ms, mfu 35.74%
iter 2260: loss 1.2734, time 8.74ms, mfu 36.43%
iter 2270: loss 1.3039, time 9.05ms, mfu 36.91%
iter 2280: loss 1.2931, time 8.24ms, mfu 37.74%
iter 2290: loss 1.3148, time 8.57ms, mfu 38.32%
iter 2300: loss 1.3136, time 8.25ms, mfu 39.00%
iter 2310: loss 1.3243, time 7.83ms, mfu 39.86%
iter 2320: loss 1.2897, time 8.16ms, mfu 40.44%
iter 2330: loss 1.3169, time 9.00ms, mfu 40.54%
iter 2340: loss 1.2969, time 7.65ms, mfu 41.35%
iter 2350: loss 1.3106, time 8.28ms, mfu 41.72%
iter 2360: loss 1.3139, time 8.21ms, mfu 42.08%
iter 2370: loss 1.3104, time 8.89ms, mfu 42.07%
iter 2380: loss 1.2997, time 9.79ms, mfu 41.67%
iter 2390: loss 1.3258, time 9.46ms, mfu 41.44%
iter 2400: loss 1.2958, time 10.00ms, mfu 41.02%
iter 2410: loss 1.3198, time 8.50ms, mfu 41.30%
iter 2420: loss 1.2843, time 9.81ms, mfu 40.97%
iter 2430: loss 1.2739, time 9.36ms, mfu 40.85%
iter 2440: loss 1.2789, time 9.78ms, mfu 40.58%
iter 2450: loss 1.2763, time 8.51ms, mfu 40.90%
iter 2460: loss 1.2944, time 7.87ms, mfu 41.54%
iter 2470: loss 1.2742, time 9.38ms, mfu 41.36%
iter 2480: loss 1.2867, time 8.36ms, mfu 41.68%
iter 2490: loss 1.2591, time 9.92ms, mfu 41.27%
step 2500: train loss 1.2064, val loss 1.5363
saving checkpoint to runs_full/nope_lr2e-3
iter 2500: loss 1.2750, time 5781.05ms, mfu 37.15%
iter 2510: loss 1.3045, time 10.09ms, mfu 37.13%
iter 2520: loss 1.3059, time 9.18ms, mfu 37.47%
iter 2530: loss 1.2937, time 9.78ms, mfu 37.54%
iter 2540: loss 1.2787, time 9.86ms, mfu 37.57%
iter 2550: loss 1.3100, time 10.10ms, mfu 37.50%
iter 2560: loss 1.2478, time 9.74ms, mfu 37.57%
iter 2570: loss 1.2869, time 10.50ms, mfu 37.37%
iter 2580: loss 1.2866, time 13.56ms, mfu 36.38%
iter 2590: loss 1.2885, time 10.23ms, mfu 36.38%
iter 2600: loss 1.2768, time 7.47ms, mfu 37.73%
iter 2610: loss 1.2951, time 10.07ms, mfu 37.66%
iter 2620: loss 1.2750, time 14.81ms, mfu 36.41%
iter 2630: loss 1.2756, time 7.42ms, mfu 37.79%
iter 2640: loss 1.2863, time 9.12ms, mfu 38.10%
iter 2650: loss 1.2490, time 8.36ms, mfu 38.74%
iter 2660: loss 1.3002, time 9.22ms, mfu 38.91%
iter 2670: loss 1.3007, time 11.08ms, mfu 38.38%
iter 2680: loss 1.2815, time 10.80ms, mfu 38.00%
iter 2690: loss 1.2785, time 8.07ms, mfu 38.81%
iter 2700: loss 1.2434, time 11.44ms, mfu 38.19%
iter 2710: loss 1.2710, time 8.97ms, mfu 38.52%
iter 2720: loss 1.2658, time 7.88ms, mfu 39.40%
iter 2730: loss 1.2633, time 7.45ms, mfu 40.46%
iter 2740: loss 1.2686, time 7.78ms, mfu 41.21%
step 2750: train loss 1.2415, val loss 1.5672
iter 2750: loss 1.2903, time 2927.20ms, mfu 37.10%
iter 2760: loss 1.2364, time 6.47ms, mfu 39.15%
iter 2770: loss 1.2887, time 7.60ms, mfu 40.14%
iter 2780: loss 1.2185, time 7.66ms, mfu 40.99%
iter 2790: loss 1.2533, time 7.52ms, mfu 41.84%
iter 2800: loss 1.2431, time 8.01ms, mfu 42.31%
iter 2810: loss 1.2779, time 7.15ms, mfu 43.29%
iter 2820: loss 1.2606, time 8.66ms, mfu 43.26%
iter 2830: loss 1.2406, time 6.85ms, mfu 44.37%
iter 2840: loss 1.2436, time 8.21ms, mfu 44.47%
iter 2850: loss 1.2664, time 7.04ms, mfu 45.32%
iter 2860: loss 1.2481, time 8.47ms, mfu 45.18%
iter 2870: loss 1.2684, time 7.10ms, mfu 45.92%
iter 2880: loss 1.2332, time 6.97ms, mfu 46.67%
iter 2890: loss 1.2744, time 7.01ms, mfu 47.31%
iter 2900: loss 1.2750, time 7.89ms, mfu 47.31%
iter 2910: loss 1.2500, time 8.85ms, mfu 46.79%
iter 2920: loss 1.2736, time 7.04ms, mfu 47.40%
iter 2930: loss 1.2057, time 7.87ms, mfu 47.40%
iter 2940: loss 1.2575, time 10.29ms, mfu 46.28%
iter 2950: loss 1.2662, time 8.37ms, mfu 46.10%
iter 2960: loss 1.2278, time 7.37ms, mfu 46.55%
iter 2970: loss 1.2486, time 14.02ms, mfu 44.55%
iter 2980: loss 1.2626, time 9.36ms, mfu 44.08%
iter 2990: loss 1.2188, time 8.73ms, mfu 43.94%
step 3000: train loss 1.1725, val loss 1.5296
saving checkpoint to runs_full/nope_lr2e-3
iter 3000: loss 1.2507, time 4672.46ms, mfu 39.55%
iter 3010: loss 1.2345, time 8.82ms, mfu 39.82%
iter 3020: loss 1.2496, time 9.36ms, mfu 39.82%
iter 3030: loss 1.2406, time 8.92ms, mfu 40.02%
iter 3040: loss 1.2385, time 8.91ms, mfu 40.20%
iter 3050: loss 1.2324, time 7.46ms, mfu 41.17%
iter 3060: loss 1.2186, time 6.91ms, mfu 42.45%
iter 3070: loss 1.2119, time 7.36ms, mfu 43.26%
iter 3080: loss 1.2066, time 8.88ms, mfu 43.14%
iter 3090: loss 1.2342, time 6.83ms, mfu 44.27%
iter 3100: loss 1.2197, time 7.67ms, mfu 44.70%
iter 3110: loss 1.2007, time 7.80ms, mfu 45.01%
iter 3120: loss 1.2443, time 8.04ms, mfu 45.14%
iter 3130: loss 1.2120, time 9.68ms, mfu 44.48%
iter 3140: loss 1.2134, time 11.15ms, mfu 43.37%
iter 3150: loss 1.2339, time 7.70ms, mfu 43.87%
iter 3160: loss 1.2197, time 8.33ms, mfu 43.96%
iter 3170: loss 1.2173, time 8.82ms, mfu 43.79%
iter 3180: loss 1.2335, time 7.06ms, mfu 44.69%
iter 3190: loss 1.2304, time 6.62ms, mfu 45.85%
iter 3200: loss 1.1809, time 7.77ms, mfu 46.06%
iter 3210: loss 1.2179, time 9.46ms, mfu 45.39%
iter 3220: loss 1.1952, time 8.81ms, mfu 45.08%
iter 3230: loss 1.2158, time 8.39ms, mfu 45.01%
iter 3240: loss 1.2057, time 7.89ms, mfu 45.24%
step 3250: train loss 1.1868, val loss 1.5675
iter 3250: loss 1.2064, time 3323.67ms, mfu 40.72%
iter 3260: loss 1.1973, time 11.76ms, mfu 39.82%
iter 3270: loss 1.1832, time 7.52ms, mfu 40.79%
iter 3280: loss 1.2148, time 8.30ms, mfu 41.20%
iter 3290: loss 1.2018, time 7.94ms, mfu 41.78%
iter 3300: loss 1.1905, time 8.20ms, mfu 42.15%
iter 3310: loss 1.2043, time 7.85ms, mfu 42.68%
iter 3320: loss 1.2135, time 8.12ms, mfu 43.00%
iter 3330: loss 1.2046, time 6.57ms, mfu 44.37%
iter 3340: loss 1.2012, time 8.77ms, mfu 44.18%
iter 3350: loss 1.1911, time 8.37ms, mfu 44.22%
iter 3360: loss 1.1832, time 8.80ms, mfu 44.03%
iter 3370: loss 1.1609, time 9.04ms, mfu 43.75%
iter 3380: loss 1.2052, time 8.43ms, mfu 43.80%
iter 3390: loss 1.1795, time 7.87ms, mfu 44.15%
iter 3400: loss 1.1673, time 6.79ms, mfu 45.23%
iter 3410: loss 1.1819, time 8.85ms, mfu 44.91%
iter 3420: loss 1.2178, time 8.72ms, mfu 44.70%
iter 3430: loss 1.2349, time 8.12ms, mfu 44.82%
iter 3440: loss 1.1873, time 8.23ms, mfu 44.87%
iter 3450: loss 1.1861, time 11.58ms, mfu 43.60%
iter 3460: loss 1.1844, time 7.85ms, mfu 43.99%
iter 3470: loss 1.1734, time 7.82ms, mfu 44.35%
iter 3480: loss 1.1695, time 7.73ms, mfu 44.74%
iter 3490: loss 1.1992, time 8.07ms, mfu 44.88%
step 3500: train loss 1.1540, val loss 1.5632
iter 3500: loss 1.1702, time 3096.27ms, mfu 40.41%
iter 3510: loss 1.2290, time 7.30ms, mfu 41.47%
iter 3520: loss 1.1882, time 7.85ms, mfu 42.07%
iter 3530: loss 1.1716, time 7.87ms, mfu 42.60%
iter 3540: loss 1.2081, time 9.55ms, mfu 42.24%
iter 3550: loss 1.1701, time 7.03ms, mfu 43.32%
iter 3560: loss 1.1979, time 6.92ms, mfu 44.37%
iter 3570: loss 1.1896, time 7.55ms, mfu 44.87%
iter 3580: loss 1.1788, time 8.18ms, mfu 44.94%
iter 3590: loss 1.1618, time 8.14ms, mfu 45.02%
iter 3600: loss 1.1833, time 9.75ms, mfu 44.34%
iter 3610: loss 1.1743, time 8.26ms, mfu 44.42%
iter 3620: loss 1.1862, time 9.48ms, mfu 43.91%
iter 3630: loss 1.1906, time 8.25ms, mfu 44.03%
iter 3640: loss 1.1830, time 8.52ms, mfu 44.01%
iter 3650: loss 1.1805, time 7.87ms, mfu 44.34%
iter 3660: loss 1.1802, time 7.21ms, mfu 45.07%
iter 3670: loss 1.1831, time 7.53ms, mfu 45.52%
iter 3680: loss 1.1838, time 12.47ms, mfu 43.95%
iter 3690: loss 1.1962, time 7.63ms, mfu 44.44%
iter 3700: loss 1.1855, time 8.01ms, mfu 44.65%
iter 3710: loss 1.1933, time 9.07ms, mfu 44.29%
iter 3720: loss 1.1639, time 10.93ms, mfu 43.27%
iter 3730: loss 1.1780, time 14.53ms, mfu 41.51%
iter 3740: loss 1.1562, time 7.78ms, mfu 42.15%
step 3750: train loss 1.1340, val loss 1.5589
iter 3750: loss 1.1828, time 3454.14ms, mfu 37.94%
iter 3760: loss 1.1467, time 14.83ms, mfu 36.66%
iter 3770: loss 1.1687, time 9.76ms, mfu 36.82%
iter 3780: loss 1.1585, time 11.95ms, mfu 36.25%
iter 3790: loss 1.1477, time 9.05ms, mfu 36.74%
iter 3800: loss 1.1832, time 8.68ms, mfu 37.36%
iter 3810: loss 1.1760, time 8.91ms, mfu 37.81%
iter 3820: loss 1.1489, time 7.61ms, mfu 38.93%
iter 3830: loss 1.1586, time 8.37ms, mfu 39.49%
iter 3840: loss 1.1712, time 7.64ms, mfu 40.42%
iter 3850: loss 1.1534, time 8.08ms, mfu 40.99%
iter 3860: loss 1.1353, time 9.08ms, mfu 40.99%
iter 3870: loss 1.1624, time 8.75ms, mfu 41.15%
iter 3880: loss 1.1589, time 7.47ms, mfu 42.03%
iter 3890: loss 1.1625, time 13.16ms, mfu 40.66%
iter 3900: loss 1.1696, time 7.67ms, mfu 41.45%
iter 3910: loss 1.1844, time 8.35ms, mfu 41.77%
iter 3920: loss 1.1482, time 10.08ms, mfu 41.29%
iter 3930: loss 1.1628, time 8.96ms, mfu 41.32%
iter 3940: loss 1.1297, time 7.68ms, mfu 42.04%
iter 3950: loss 1.1619, time 8.63ms, mfu 42.16%
iter 3960: loss 1.1669, time 8.06ms, mfu 42.57%
iter 3970: loss 1.1541, time 7.51ms, mfu 43.27%
iter 3980: loss 1.1729, time 9.31ms, mfu 42.94%
iter 3990: loss 1.1248, time 7.30ms, mfu 43.76%
step 4000: train loss 1.1612, val loss 1.5940
iter 4000: loss 1.1471, time 3008.22ms, mfu 39.39%
iter 4010: loss 1.1825, time 8.93ms, mfu 39.63%
iter 4020: loss 1.1598, time 7.69ms, mfu 40.51%
iter 4030: loss 1.1563, time 8.11ms, mfu 41.05%
iter 4040: loss 1.1619, time 8.83ms, mfu 41.17%
iter 4050: loss 1.1384, time 9.95ms, mfu 40.79%
iter 4060: loss 1.1481, time 8.52ms, mfu 41.09%
iter 4070: loss 1.1667, time 16.49ms, mfu 39.24%
iter 4080: loss 1.1485, time 8.68ms, mfu 39.61%
iter 4090: loss 1.1832, time 7.70ms, mfu 40.49%
iter 4100: loss 1.1274, time 7.42ms, mfu 41.46%
iter 4110: loss 1.1370, time 8.04ms, mfu 41.95%
iter 4120: loss 1.1262, time 8.30ms, mfu 42.25%
iter 4130: loss 1.1241, time 8.00ms, mfu 42.68%
iter 4140: loss 1.1378, time 9.04ms, mfu 42.53%
iter 4150: loss 1.1642, time 8.97ms, mfu 42.43%
iter 4160: loss 1.1513, time 8.34ms, mfu 42.66%
iter 4170: loss 1.1117, time 7.22ms, mfu 43.55%
iter 4180: loss 1.1429, time 8.86ms, mfu 43.40%
iter 4190: loss 1.1429, time 10.19ms, mfu 42.72%
iter 4200: loss 1.1325, time 7.63ms, mfu 43.33%
iter 4210: loss 1.1477, time 8.16ms, mfu 43.57%
iter 4220: loss 1.1373, time 7.42ms, mfu 44.23%
iter 4230: loss 1.1448, time 9.26ms, mfu 43.83%
iter 4240: loss 1.1433, time 7.77ms, mfu 44.24%
step 4250: train loss 1.1746, val loss 1.6213
iter 4250: loss 1.1400, time 3034.26ms, mfu 39.83%
iter 4260: loss 1.1405, time 9.44ms, mfu 39.80%
iter 4270: loss 1.1462, time 8.97ms, mfu 39.97%
iter 4280: loss 1.1474, time 8.94ms, mfu 40.14%
iter 4290: loss 1.1395, time 8.28ms, mfu 40.63%
iter 4300: loss 1.1323, time 8.99ms, mfu 40.71%
iter 4310: loss 1.1154, time 8.58ms, mfu 40.98%
iter 4320: loss 1.1536, time 7.91ms, mfu 41.59%
iter 4330: loss 1.1393, time 14.46ms, mfu 40.01%
iter 4340: loss 1.1311, time 9.02ms, mfu 40.14%
iter 4350: loss 1.1436, time 9.08ms, mfu 40.23%
iter 4360: loss 1.1225, time 8.01ms, mfu 40.86%
iter 4370: loss 1.1358, time 8.94ms, mfu 40.94%
iter 4380: loss 1.1490, time 10.64ms, mfu 40.35%
iter 4390: loss 1.1154, time 9.90ms, mfu 40.08%
iter 4400: loss 1.1156, time 13.98ms, mfu 38.74%
iter 4410: loss 1.1703, time 11.62ms, mfu 38.07%
iter 4420: loss 1.1500, time 10.01ms, mfu 37.98%
iter 4430: loss 1.1086, time 10.01ms, mfu 37.91%
iter 4440: loss 1.1483, time 10.37ms, mfu 37.71%
iter 4450: loss 1.1583, time 9.36ms, mfu 37.92%
iter 4460: loss 1.1208, time 10.16ms, mfu 37.80%
iter 4470: loss 1.1196, time 9.96ms, mfu 37.76%
iter 4480: loss 1.1403, time 10.08ms, mfu 37.68%
iter 4490: loss 1.1180, time 11.98ms, mfu 37.02%
step 4500: train loss 1.1547, val loss 1.6118
iter 4500: loss 1.1689, time 3044.64ms, mfu 33.33%
iter 4510: loss 1.1074, time 6.74ms, mfu 35.52%
iter 4520: loss 1.0983, time 6.94ms, mfu 37.34%
iter 4530: loss 1.1156, time 7.29ms, mfu 38.72%
iter 4540: loss 1.1402, time 6.75ms, mfu 40.37%
iter 4550: loss 1.1245, time 8.68ms, mfu 40.63%
iter 4560: loss 1.1326, time 6.96ms, mfu 41.91%
iter 4570: loss 1.1512, time 10.97ms, mfu 41.12%
iter 4580: loss 1.1264, time 11.15ms, mfu 40.35%
iter 4590: loss 1.1324, time 8.38ms, mfu 40.76%
iter 4600: loss 1.1216, time 6.79ms, mfu 42.18%
iter 4610: loss 1.1280, time 10.25ms, mfu 41.60%
iter 4620: loss 1.1072, time 7.81ms, mfu 42.21%
iter 4630: loss 1.1125, time 8.36ms, mfu 42.44%
iter 4640: loss 1.1050, time 7.85ms, mfu 42.95%
iter 4650: loss 1.1092, time 7.24ms, mfu 43.79%
iter 4660: loss 1.1415, time 7.31ms, mfu 44.51%
iter 4670: loss 1.1317, time 7.19ms, mfu 45.24%
iter 4680: loss 1.1051, time 7.24ms, mfu 45.86%
iter 4690: loss 1.0997, time 6.49ms, mfu 47.02%
iter 4700: loss 1.1490, time 6.70ms, mfu 47.88%
iter 4710: loss 1.1300, time 7.53ms, mfu 48.04%
iter 4720: loss 1.1288, time 7.96ms, mfu 47.91%
iter 4730: loss 1.1180, time 7.24ms, mfu 48.27%
iter 4740: loss 1.1031, time 6.79ms, mfu 48.93%
step 4750: train loss 1.1404, val loss 1.6091
iter 4750: loss 1.1312, time 2785.51ms, mfu 44.05%
iter 4760: loss 1.1355, time 6.86ms, mfu 45.08%
iter 4770: loss 1.1181, time 6.45ms, mfu 46.35%
iter 4780: loss 1.1356, time 7.65ms, mfu 46.58%
iter 4790: loss 1.1166, time 9.74ms, mfu 45.75%
iter 4800: loss 1.1328, time 7.12ms, mfu 46.41%
iter 4810: loss 1.1144, time 6.88ms, mfu 47.18%
iter 4820: loss 1.1117, time 10.17ms, mfu 46.13%
iter 4830: loss 1.1010, time 6.82ms, mfu 46.98%
iter 4840: loss 1.0922, time 6.55ms, mfu 47.97%
iter 4850: loss 1.1293, time 9.43ms, mfu 47.13%
iter 4860: loss 1.1098, time 10.96ms, mfu 45.82%
iter 4870: loss 1.1250, time 6.62ms, mfu 46.86%
iter 4880: loss 1.1044, time 6.31ms, mfu 48.08%
iter 4890: loss 1.1459, time 7.58ms, mfu 48.18%
iter 4900: loss 1.1326, time 6.64ms, mfu 48.98%
iter 4910: loss 1.0903, time 6.89ms, mfu 49.49%
iter 4920: loss 1.1027, time 8.11ms, mfu 49.14%
iter 4930: loss 1.1157, time 8.50ms, mfu 48.61%
iter 4940: loss 1.1313, time 19.20ms, mfu 45.69%
iter 4950: loss 1.1290, time 8.91ms, mfu 45.30%
iter 4960: loss 1.1017, time 8.92ms, mfu 44.95%
iter 4970: loss 1.0852, time 8.57ms, mfu 44.80%
iter 4980: loss 1.1192, time 15.40ms, mfu 42.74%
iter 4990: loss 1.1197, time 10.11ms, mfu 42.15%
step 5000: train loss 1.1169, val loss 1.5902
iter 5000: loss 1.1114, time 3180.00ms, mfu 37.95%
