Overriding config with config/train_shakespeare_char.py:
# train a miniature character-level shakespeare model
# good for debugging and playing on macbooks and such

out_dir = 'out-shakespeare-char'
eval_interval = 250 # keep frequent because we'll overfit
eval_iters = 200
log_interval = 10 # don't print too too often

# we expect to overfit on this small dataset, so only save when val improves
always_save_checkpoint = False

wandb_log = False # override via command line if you like
wandb_project = 'shakespeare-char'
wandb_run_name = 'mini-gpt'

dataset = 'shakespeare_char'
gradient_accumulation_steps = 1
batch_size = 64
block_size = 256 # context of up to 256 previous characters

# baby GPT model :)
n_layer = 6
n_head = 6
n_embd = 384
dropout = 0.2

learning_rate = 1e-3 # with baby networks can afford to go a bit higher
max_iters = 5000
lr_decay_iters = 5000 # make equal to max_iters usually
min_lr = 1e-4 # learning_rate / 10 usually
beta2 = 0.99 # make a bit bigger because number of tokens per iter is small

warmup_iters = 100 # not super necessary potentially

# on macbook also add
# device = 'cpu'  # run on cpu only
# compile = False # do not torch compile the model

Overriding: device = cpu
Overriding: compile = False
Overriding: eval_iters = 200
Overriding: log_interval = 10
Overriding: block_size = 64
Overriding: batch_size = 12
Overriding: n_layer = 4
Overriding: n_head = 4
Overriding: n_embd = 128
Overriding: max_iters = 2000
Overriding: lr_decay_iters = 2000
Overriding: dropout = 0.0
Overriding: learning_rate = 0.008
Overriding: out_dir = runs/baseline_lr8e-3
tokens per iteration will be: 768
found vocab_size = 65 (inside data/shakespeare_char/meta.pkl)
Initializing a new model from scratch
number of parameters: 0.80M
train.py:203: FutureWarning: `torch.cuda.amp.GradScaler(args...)` is deprecated. Please use `torch.amp.GradScaler('cuda', args...)` instead.
  scaler = torch.cuda.amp.GradScaler(enabled=(dtype == 'float16'))
.venv/lib/python3.13/site-packages/torch/cuda/amp/grad_scaler.py:31: UserWarning: torch.cuda.amp.GradScaler is enabled, but CUDA is not available.  Disabling.
  super().__init__(
num decayed parameter tensors: 18, with 802,944 parameters
num non-decayed parameter tensors: 9, with 1,152 parameters
using fused AdamW: False
step 0: train loss 4.1697, val loss 4.1662
iter 0: loss 4.1828, time 1463.15ms, mfu -100.00%
iter 10: loss 3.4157, time 13.45ms, mfu 0.09%
iter 20: loss 2.9200, time 13.11ms, mfu 0.09%
iter 30: loss 2.7269, time 12.89ms, mfu 0.10%
iter 40: loss 2.7364, time 12.92ms, mfu 0.10%
iter 50: loss 2.7699, time 13.43ms, mfu 0.10%
iter 60: loss 2.5943, time 13.19ms, mfu 0.10%
iter 70: loss 2.5698, time 13.51ms, mfu 0.10%
iter 80: loss 2.6072, time 13.14ms, mfu 0.10%
iter 90: loss 2.5854, time 17.07ms, mfu 0.09%
iter 100: loss 2.5805, time 12.91ms, mfu 0.09%
iter 110: loss 2.7165, time 12.71ms, mfu 0.09%
iter 120: loss 2.6211, time 12.82ms, mfu 0.10%
iter 130: loss 2.5355, time 13.50ms, mfu 0.09%
iter 140: loss 2.5357, time 12.86ms, mfu 0.10%
iter 150: loss 2.5170, time 12.71ms, mfu 0.10%
iter 160: loss 2.5233, time 12.78ms, mfu 0.10%
iter 170: loss 2.5765, time 12.48ms, mfu 0.10%
iter 180: loss 2.5713, time 12.82ms, mfu 0.10%
iter 190: loss 2.5797, time 12.69ms, mfu 0.10%
iter 200: loss 2.5306, time 13.23ms, mfu 0.10%
iter 210: loss 2.5629, time 13.21ms, mfu 0.10%
iter 220: loss 2.4542, time 12.97ms, mfu 0.10%
iter 230: loss 2.4183, time 13.01ms, mfu 0.10%
iter 240: loss 2.5494, time 12.62ms, mfu 0.10%
step 250: train loss 2.4778, val loss 2.4920
saving checkpoint to runs/baseline_lr8e-3
iter 250: loss 2.4886, time 1657.93ms, mfu 0.09%
iter 260: loss 2.5362, time 13.38ms, mfu 0.09%
iter 270: loss 2.4118, time 12.90ms, mfu 0.09%
iter 280: loss 2.4991, time 13.71ms, mfu 0.09%
iter 290: loss 2.4681, time 13.80ms, mfu 0.09%
iter 300: loss 2.3967, time 13.64ms, mfu 0.09%
iter 310: loss 2.4033, time 12.75ms, mfu 0.09%
iter 320: loss 2.4194, time 13.50ms, mfu 0.09%
iter 330: loss 2.4064, time 13.34ms, mfu 0.09%
iter 340: loss 2.3829, time 13.83ms, mfu 0.09%
iter 350: loss 2.3869, time 13.36ms, mfu 0.09%
iter 360: loss 2.3654, time 12.50ms, mfu 0.09%
iter 370: loss 2.2849, time 12.40ms, mfu 0.09%
iter 380: loss 2.3877, time 12.37ms, mfu 0.10%
iter 390: loss 2.3754, time 12.50ms, mfu 0.10%
iter 400: loss 2.2559, time 13.13ms, mfu 0.10%
iter 410: loss 2.3452, time 13.76ms, mfu 0.10%
iter 420: loss 2.1809, time 15.52ms, mfu 0.09%
iter 430: loss 2.2870, time 16.01ms, mfu 0.09%
iter 440: loss 2.2278, time 15.27ms, mfu 0.09%
iter 450: loss 2.1923, time 14.86ms, mfu 0.09%
iter 460: loss 2.2181, time 15.00ms, mfu 0.09%
iter 470: loss 2.1741, time 16.04ms, mfu 0.09%
iter 480: loss 2.2698, time 15.86ms, mfu 0.09%
iter 490: loss 2.1407, time 16.78ms, mfu 0.09%
step 500: train loss 2.1959, val loss 2.2140
saving checkpoint to runs/baseline_lr8e-3
iter 500: loss 2.0793, time 2074.22ms, mfu 0.08%
iter 510: loss 2.2426, time 15.84ms, mfu 0.08%
iter 520: loss 2.1597, time 14.87ms, mfu 0.08%
iter 530: loss 2.1508, time 15.41ms, mfu 0.08%
iter 540: loss 2.1482, time 15.05ms, mfu 0.08%
iter 550: loss 2.2003, time 15.55ms, mfu 0.08%
iter 560: loss 2.0735, time 14.81ms, mfu 0.08%
iter 570: loss 2.1237, time 14.50ms, mfu 0.08%
iter 580: loss 2.1619, time 18.62ms, mfu 0.08%
iter 590: loss 2.0276, time 15.32ms, mfu 0.08%
iter 600: loss 2.1573, time 14.98ms, mfu 0.08%
iter 610: loss 2.1306, time 14.76ms, mfu 0.08%
iter 620: loss 2.0464, time 15.14ms, mfu 0.08%
iter 630: loss 2.1103, time 15.09ms, mfu 0.08%
iter 640: loss 2.0720, time 15.33ms, mfu 0.08%
iter 650: loss 2.0192, time 14.72ms, mfu 0.08%
iter 660: loss 1.9795, time 15.13ms, mfu 0.08%
iter 670: loss 1.9899, time 15.42ms, mfu 0.08%
iter 680: loss 1.9892, time 14.07ms, mfu 0.08%
iter 690: loss 2.0037, time 15.95ms, mfu 0.08%
iter 700: loss 2.0535, time 14.94ms, mfu 0.08%
iter 710: loss 1.9410, time 14.54ms, mfu 0.08%
iter 720: loss 2.0534, time 15.35ms, mfu 0.08%
iter 730: loss 2.0406, time 14.76ms, mfu 0.08%
iter 740: loss 1.9563, time 15.10ms, mfu 0.08%
step 750: train loss 1.9908, val loss 2.0472
saving checkpoint to runs/baseline_lr8e-3
iter 750: loss 1.9902, time 1874.65ms, mfu 0.08%
iter 760: loss 1.9373, time 15.37ms, mfu 0.08%
iter 770: loss 2.0988, time 14.87ms, mfu 0.08%
iter 780: loss 1.8792, time 15.62ms, mfu 0.08%
iter 790: loss 2.0137, time 15.75ms, mfu 0.08%
iter 800: loss 2.0468, time 15.07ms, mfu 0.08%
iter 810: loss 1.8848, time 14.64ms, mfu 0.08%
iter 820: loss 1.9522, time 15.17ms, mfu 0.08%
iter 830: loss 1.9011, time 15.12ms, mfu 0.08%
iter 840: loss 1.8194, time 15.12ms, mfu 0.08%
iter 850: loss 1.9321, time 15.80ms, mfu 0.08%
iter 860: loss 1.8556, time 18.94ms, mfu 0.08%
iter 870: loss 1.9553, time 25.58ms, mfu 0.08%
iter 880: loss 1.8760, time 15.73ms, mfu 0.08%
iter 890: loss 2.0242, time 15.86ms, mfu 0.08%
iter 900: loss 1.9329, time 15.04ms, mfu 0.08%
iter 910: loss 1.9011, time 16.42ms, mfu 0.08%
iter 920: loss 1.9031, time 15.70ms, mfu 0.08%
iter 930: loss 1.8228, time 14.81ms, mfu 0.08%
iter 940: loss 1.8557, time 14.88ms, mfu 0.08%
iter 950: loss 1.8615, time 15.65ms, mfu 0.08%
iter 960: loss 1.8488, time 16.54ms, mfu 0.08%
iter 970: loss 1.7861, time 14.82ms, mfu 0.08%
iter 980: loss 1.9522, time 17.94ms, mfu 0.08%
iter 990: loss 1.8613, time 14.39ms, mfu 0.08%
step 1000: train loss 1.8573, val loss 1.9907
saving checkpoint to runs/baseline_lr8e-3
iter 1000: loss 1.9276, time 1894.36ms, mfu 0.07%
iter 1010: loss 1.9686, time 14.45ms, mfu 0.07%
iter 1020: loss 1.9666, time 15.25ms, mfu 0.07%
iter 1030: loss 1.8404, time 15.63ms, mfu 0.08%
iter 1040: loss 1.9115, time 14.74ms, mfu 0.08%
iter 1050: loss 1.7856, time 15.60ms, mfu 0.08%
iter 1060: loss 1.8400, time 15.52ms, mfu 0.08%
iter 1070: loss 1.7729, time 14.56ms, mfu 0.08%
iter 1080: loss 1.8754, time 17.78ms, mfu 0.08%
iter 1090: loss 1.7883, time 15.23ms, mfu 0.08%
iter 1100: loss 1.7440, time 14.95ms, mfu 0.08%
iter 1110: loss 1.8176, time 15.13ms, mfu 0.08%
iter 1120: loss 1.7264, time 15.17ms, mfu 0.08%
iter 1130: loss 1.7832, time 14.34ms, mfu 0.08%
iter 1140: loss 1.7908, time 15.07ms, mfu 0.08%
iter 1150: loss 1.8313, time 15.63ms, mfu 0.08%
iter 1160: loss 1.7848, time 15.22ms, mfu 0.08%
iter 1170: loss 1.8078, time 15.99ms, mfu 0.08%
iter 1180: loss 1.7332, time 15.90ms, mfu 0.08%
iter 1190: loss 1.8226, time 14.95ms, mfu 0.08%
iter 1200: loss 1.8724, time 15.32ms, mfu 0.08%
iter 1210: loss 1.6786, time 14.68ms, mfu 0.08%
iter 1220: loss 1.8533, time 15.37ms, mfu 0.08%
iter 1230: loss 1.7977, time 15.70ms, mfu 0.08%
iter 1240: loss 1.7233, time 14.96ms, mfu 0.08%
step 1250: train loss 1.7629, val loss 1.9191
saving checkpoint to runs/baseline_lr8e-3
iter 1250: loss 1.8548, time 1820.19ms, mfu 0.07%
iter 1260: loss 1.6390, time 15.55ms, mfu 0.08%
iter 1270: loss 1.8410, time 15.34ms, mfu 0.08%
iter 1280: loss 1.7493, time 15.10ms, mfu 0.08%
iter 1290: loss 1.7600, time 15.78ms, mfu 0.08%
iter 1300: loss 1.8196, time 14.62ms, mfu 0.08%
iter 1310: loss 1.8130, time 15.62ms, mfu 0.08%
iter 1320: loss 1.7354, time 14.37ms, mfu 0.08%
iter 1330: loss 1.6731, time 15.65ms, mfu 0.08%
iter 1340: loss 1.7519, time 15.32ms, mfu 0.08%
iter 1350: loss 1.6818, time 15.14ms, mfu 0.08%
iter 1360: loss 1.7020, time 15.39ms, mfu 0.08%
iter 1370: loss 1.8439, time 15.38ms, mfu 0.08%
iter 1380: loss 1.7446, time 14.01ms, mfu 0.08%
iter 1390: loss 1.7567, time 15.18ms, mfu 0.08%
iter 1400: loss 1.6869, time 15.14ms, mfu 0.08%
iter 1410: loss 1.7500, time 15.28ms, mfu 0.08%
iter 1420: loss 1.7733, time 15.30ms, mfu 0.08%
iter 1430: loss 1.5722, time 15.41ms, mfu 0.08%
iter 1440: loss 1.6808, time 15.77ms, mfu 0.08%
iter 1450: loss 1.5915, time 14.16ms, mfu 0.08%
iter 1460: loss 1.7349, time 15.59ms, mfu 0.08%
iter 1470: loss 1.7270, time 15.73ms, mfu 0.08%
iter 1480: loss 1.7431, time 14.91ms, mfu 0.08%
iter 1490: loss 1.7916, time 15.83ms, mfu 0.08%
step 1500: train loss 1.6839, val loss 1.8431
saving checkpoint to runs/baseline_lr8e-3
iter 1500: loss 1.7263, time 1857.92ms, mfu 0.07%
iter 1510: loss 1.6528, time 15.04ms, mfu 0.08%
iter 1520: loss 1.7269, time 14.87ms, mfu 0.08%
iter 1530: loss 1.6129, time 14.97ms, mfu 0.08%
iter 1540: loss 1.5962, time 15.09ms, mfu 0.08%
iter 1550: loss 1.6894, time 14.43ms, mfu 0.08%
iter 1560: loss 1.5816, time 15.34ms, mfu 0.08%
iter 1570: loss 1.6050, time 14.99ms, mfu 0.08%
iter 1580: loss 1.6113, time 15.25ms, mfu 0.08%
iter 1590: loss 1.5812, time 14.91ms, mfu 0.08%
iter 1600: loss 1.5622, time 14.51ms, mfu 0.08%
iter 1610: loss 1.7780, time 15.04ms, mfu 0.08%
iter 1620: loss 1.6293, time 15.04ms, mfu 0.08%
iter 1630: loss 1.6258, time 15.06ms, mfu 0.08%
iter 1640: loss 1.5816, time 19.40ms, mfu 0.08%
iter 1650: loss 1.8159, time 14.95ms, mfu 0.08%
iter 1660: loss 1.6794, time 14.31ms, mfu 0.08%
iter 1670: loss 1.6329, time 15.27ms, mfu 0.08%
iter 1680: loss 1.5686, time 14.07ms, mfu 0.08%
iter 1690: loss 1.6860, time 14.23ms, mfu 0.08%
iter 1700: loss 1.6310, time 15.29ms, mfu 0.08%
iter 1710: loss 1.7697, time 14.93ms, mfu 0.08%
iter 1720: loss 1.6187, time 15.30ms, mfu 0.08%
iter 1730: loss 1.6095, time 15.76ms, mfu 0.08%
iter 1740: loss 1.7483, time 14.17ms, mfu 0.08%
step 1750: train loss 1.6219, val loss 1.7943
saving checkpoint to runs/baseline_lr8e-3
iter 1750: loss 1.7420, time 1863.34ms, mfu 0.08%
iter 1760: loss 1.5558, time 15.09ms, mfu 0.08%
iter 1770: loss 1.5815, time 19.50ms, mfu 0.08%
iter 1780: loss 1.5813, time 14.79ms, mfu 0.08%
iter 1790: loss 1.5961, time 15.53ms, mfu 0.08%
iter 1800: loss 1.6361, time 15.15ms, mfu 0.08%
iter 1810: loss 1.6955, time 15.58ms, mfu 0.08%
iter 1820: loss 1.6917, time 18.87ms, mfu 0.08%
iter 1830: loss 1.5860, time 15.35ms, mfu 0.08%
iter 1840: loss 1.5012, time 15.00ms, mfu 0.08%
iter 1850: loss 1.7282, time 15.24ms, mfu 0.08%
iter 1860: loss 1.6174, time 15.22ms, mfu 0.08%
iter 1870: loss 1.6981, time 15.37ms, mfu 0.08%
iter 1880: loss 1.6515, time 14.58ms, mfu 0.08%
iter 1890: loss 1.5744, time 14.76ms, mfu 0.08%
iter 1900: loss 1.5978, time 16.01ms, mfu 0.08%
iter 1910: loss 1.6699, time 14.70ms, mfu 0.08%
iter 1920: loss 1.5240, time 16.06ms, mfu 0.08%
iter 1930: loss 1.6882, time 15.40ms, mfu 0.08%
iter 1940: loss 1.6153, time 15.05ms, mfu 0.08%
iter 1950: loss 1.6305, time 15.59ms, mfu 0.08%
iter 1960: loss 1.5389, time 14.93ms, mfu 0.08%
iter 1970: loss 1.6156, time 14.38ms, mfu 0.08%
iter 1980: loss 1.5861, time 16.01ms, mfu 0.08%
iter 1990: loss 1.6067, time 15.43ms, mfu 0.08%
step 2000: train loss 1.5981, val loss 1.7701
saving checkpoint to runs/baseline_lr8e-3
iter 2000: loss 1.5559, time 1873.73ms, mfu 0.07%
