Overriding config with config/train_shakespeare_char.py:
# train a miniature character-level shakespeare model
# good for debugging and playing on macbooks and such

out_dir = 'out-shakespeare-char'
eval_interval = 250 # keep frequent because we'll overfit
eval_iters = 200
log_interval = 10 # don't print too too often

# we expect to overfit on this small dataset, so only save when val improves
always_save_checkpoint = False

wandb_log = False # override via command line if you like
wandb_project = 'shakespeare-char'
wandb_run_name = 'mini-gpt'

dataset = 'shakespeare_char'
gradient_accumulation_steps = 1
batch_size = 64
block_size = 256 # context of up to 256 previous characters

# baby GPT model :)
n_layer = 6
n_head = 6
n_embd = 384
dropout = 0.2

learning_rate = 1e-3 # with baby networks can afford to go a bit higher
max_iters = 5000
lr_decay_iters = 5000 # make equal to max_iters usually
min_lr = 1e-4 # learning_rate / 10 usually
beta2 = 0.99 # make a bit bigger because number of tokens per iter is small

warmup_iters = 100 # not super necessary potentially

# on macbook also add
# device = 'cpu'  # run on cpu only
# compile = False # do not torch compile the model

Overriding: device = cpu
Overriding: compile = False
Overriding: eval_iters = 200
Overriding: log_interval = 10
Overriding: block_size = 64
Overriding: batch_size = 12
Overriding: n_layer = 4
Overriding: n_head = 4
Overriding: n_embd = 128
Overriding: max_iters = 2000
Overriding: lr_decay_iters = 2000
Overriding: dropout = 0.0
Overriding: learning_rate = 0.0005
Overriding: out_dir = runs/nope_lr5e-4
Overriding: pos_type = none
tokens per iteration will be: 768
found vocab_size = 65 (inside data/shakespeare_char/meta.pkl)
Initializing a new model from scratch
number of parameters: 0.80M
train.py:203: FutureWarning: `torch.cuda.amp.GradScaler(args...)` is deprecated. Please use `torch.amp.GradScaler('cuda', args...)` instead.
  scaler = torch.cuda.amp.GradScaler(enabled=(dtype == 'float16'))
.venv/lib/python3.13/site-packages/torch/cuda/amp/grad_scaler.py:31: UserWarning: torch.cuda.amp.GradScaler is enabled, but CUDA is not available.  Disabling.
  super().__init__(
num decayed parameter tensors: 17, with 794,752 parameters
num non-decayed parameter tensors: 9, with 1,152 parameters
using fused AdamW: False
step 0: train loss 4.1996, val loss 4.1984
iter 0: loss 4.1950, time 1479.35ms, mfu -100.00%
iter 10: loss 3.8637, time 12.38ms, mfu 0.10%
iter 20: loss 3.6035, time 12.50ms, mfu 0.10%
iter 30: loss 3.4138, time 12.68ms, mfu 0.10%
iter 40: loss 3.2590, time 12.38ms, mfu 0.10%
iter 50: loss 3.1148, time 12.53ms, mfu 0.10%
iter 60: loss 3.0310, time 12.95ms, mfu 0.10%
iter 70: loss 2.8783, time 12.39ms, mfu 0.10%
iter 80: loss 2.8119, time 12.43ms, mfu 0.10%
iter 90: loss 2.6932, time 13.00ms, mfu 0.10%
iter 100: loss 2.6788, time 13.18ms, mfu 0.10%
iter 110: loss 2.6719, time 12.98ms, mfu 0.10%
iter 120: loss 2.6361, time 12.90ms, mfu 0.10%
iter 130: loss 2.5824, time 12.72ms, mfu 0.10%
iter 140: loss 2.5559, time 13.13ms, mfu 0.10%
iter 150: loss 2.6194, time 12.47ms, mfu 0.10%
iter 160: loss 2.5360, time 12.63ms, mfu 0.10%
iter 170: loss 2.5110, time 12.29ms, mfu 0.10%
iter 180: loss 2.5212, time 12.51ms, mfu 0.10%
iter 190: loss 2.5458, time 12.99ms, mfu 0.10%
iter 200: loss 2.5477, time 12.20ms, mfu 0.10%
iter 210: loss 2.5693, time 13.01ms, mfu 0.10%
iter 220: loss 2.4734, time 12.56ms, mfu 0.10%
iter 230: loss 2.4898, time 12.32ms, mfu 0.10%
iter 240: loss 2.3984, time 12.61ms, mfu 0.10%
step 250: train loss 2.4765, val loss 2.4683
saving checkpoint to runs/nope_lr5e-4
iter 250: loss 2.4599, time 1602.09ms, mfu 0.09%
iter 260: loss 2.3821, time 12.39ms, mfu 0.09%
iter 270: loss 2.4680, time 16.24ms, mfu 0.09%
iter 280: loss 2.4221, time 14.79ms, mfu 0.09%
iter 290: loss 2.4824, time 12.72ms, mfu 0.09%
iter 300: loss 2.3501, time 12.26ms, mfu 0.09%
iter 310: loss 2.4880, time 12.72ms, mfu 0.09%
iter 320: loss 2.3988, time 12.89ms, mfu 0.09%
iter 330: loss 2.3859, time 13.21ms, mfu 0.09%
iter 340: loss 2.4405, time 12.51ms, mfu 0.09%
iter 350: loss 2.3602, time 12.43ms, mfu 0.10%
iter 360: loss 2.4086, time 12.69ms, mfu 0.10%
iter 370: loss 2.3185, time 12.95ms, mfu 0.10%
iter 380: loss 2.4497, time 12.79ms, mfu 0.10%
iter 390: loss 2.5667, time 12.37ms, mfu 0.10%
iter 400: loss 2.4362, time 12.23ms, mfu 0.10%
iter 410: loss 2.3762, time 12.28ms, mfu 0.10%
iter 420: loss 2.3423, time 12.59ms, mfu 0.10%
iter 430: loss 2.4662, time 12.63ms, mfu 0.10%
iter 440: loss 2.3227, time 12.76ms, mfu 0.10%
iter 450: loss 2.4178, time 12.61ms, mfu 0.10%
iter 460: loss 2.4115, time 12.83ms, mfu 0.10%
iter 470: loss 2.3483, time 12.74ms, mfu 0.10%
iter 480: loss 2.2901, time 12.85ms, mfu 0.10%
iter 490: loss 2.3626, time 16.02ms, mfu 0.10%
step 500: train loss 2.3563, val loss 2.3834
saving checkpoint to runs/nope_lr5e-4
iter 500: loss 2.3700, time 1532.40ms, mfu 0.09%
iter 510: loss 2.3928, time 13.41ms, mfu 0.09%
iter 520: loss 2.4098, time 12.39ms, mfu 0.09%
iter 530: loss 2.3779, time 12.62ms, mfu 0.09%
iter 540: loss 2.3192, time 12.68ms, mfu 0.09%
iter 550: loss 2.3712, time 12.69ms, mfu 0.09%
iter 560: loss 2.4357, time 12.72ms, mfu 0.09%
iter 570: loss 2.3095, time 12.24ms, mfu 0.09%
iter 580: loss 2.2878, time 12.69ms, mfu 0.10%
iter 590: loss 2.3934, time 12.63ms, mfu 0.10%
iter 600: loss 2.3919, time 12.56ms, mfu 0.10%
iter 610: loss 2.2806, time 12.50ms, mfu 0.10%
iter 620: loss 2.2627, time 12.55ms, mfu 0.10%
iter 630: loss 2.2801, time 12.72ms, mfu 0.10%
iter 640: loss 2.3143, time 12.50ms, mfu 0.10%
iter 650: loss 2.2992, time 12.61ms, mfu 0.10%
iter 660: loss 2.3289, time 12.50ms, mfu 0.10%
iter 670: loss 2.2522, time 12.87ms, mfu 0.10%
iter 680: loss 2.2722, time 16.78ms, mfu 0.10%
iter 690: loss 2.2692, time 12.28ms, mfu 0.10%
iter 700: loss 2.3653, time 12.55ms, mfu 0.10%
iter 710: loss 2.3540, time 12.34ms, mfu 0.10%
iter 720: loss 2.2795, time 13.00ms, mfu 0.10%
iter 730: loss 2.2939, time 12.94ms, mfu 0.10%
iter 740: loss 2.3025, time 12.87ms, mfu 0.10%
step 750: train loss 2.2833, val loss 2.3107
saving checkpoint to runs/nope_lr5e-4
iter 750: loss 2.2652, time 1526.34ms, mfu 0.09%
iter 760: loss 2.3259, time 12.49ms, mfu 0.09%
iter 770: loss 2.2502, time 12.55ms, mfu 0.09%
iter 780: loss 2.2272, time 12.85ms, mfu 0.09%
iter 790: loss 2.2251, time 12.50ms, mfu 0.09%
iter 800: loss 2.3120, time 12.95ms, mfu 0.09%
iter 810: loss 2.2159, time 12.72ms, mfu 0.09%
iter 820: loss 2.2036, time 12.76ms, mfu 0.09%
iter 830: loss 2.2321, time 12.59ms, mfu 0.10%
iter 840: loss 2.2087, time 12.87ms, mfu 0.10%
iter 850: loss 2.2658, time 12.52ms, mfu 0.10%
iter 860: loss 2.3242, time 12.80ms, mfu 0.10%
iter 870: loss 2.2518, time 12.91ms, mfu 0.10%
iter 880: loss 2.1167, time 12.50ms, mfu 0.10%
iter 890: loss 2.2655, time 12.56ms, mfu 0.10%
iter 900: loss 2.2855, time 12.72ms, mfu 0.10%
iter 910: loss 2.1849, time 14.38ms, mfu 0.10%
iter 920: loss 2.3499, time 12.17ms, mfu 0.10%
iter 930: loss 2.2994, time 12.46ms, mfu 0.10%
iter 940: loss 2.2248, time 13.15ms, mfu 0.10%
iter 950: loss 2.2213, time 12.45ms, mfu 0.10%
iter 960: loss 2.2663, time 12.60ms, mfu 0.10%
iter 970: loss 2.2458, time 12.69ms, mfu 0.10%
iter 980: loss 2.2407, time 12.60ms, mfu 0.10%
iter 990: loss 2.2593, time 12.37ms, mfu 0.10%
step 1000: train loss 2.2253, val loss 2.2471
saving checkpoint to runs/nope_lr5e-4
iter 1000: loss 2.2038, time 1589.50ms, mfu 0.09%
iter 1010: loss 2.2924, time 12.52ms, mfu 0.09%
iter 1020: loss 2.1853, time 12.88ms, mfu 0.09%
iter 1030: loss 2.2301, time 12.65ms, mfu 0.09%
iter 1040: loss 2.2333, time 12.60ms, mfu 0.09%
iter 1050: loss 2.2287, time 12.66ms, mfu 0.09%
iter 1060: loss 2.2521, time 16.49ms, mfu 0.09%
iter 1070: loss 2.2816, time 12.35ms, mfu 0.09%
iter 1080: loss 2.2454, time 12.93ms, mfu 0.09%
iter 1090: loss 2.1892, time 12.64ms, mfu 0.09%
iter 1100: loss 2.2190, time 12.83ms, mfu 0.10%
iter 1110: loss 2.1667, time 12.61ms, mfu 0.10%
iter 1120: loss 2.2097, time 13.05ms, mfu 0.10%
iter 1130: loss 2.2258, time 17.35ms, mfu 0.09%
iter 1140: loss 2.2806, time 13.32ms, mfu 0.09%
iter 1150: loss 2.2322, time 13.05ms, mfu 0.09%
iter 1160: loss 2.1857, time 13.00ms, mfu 0.09%
iter 1170: loss 2.1422, time 12.65ms, mfu 0.10%
iter 1180: loss 2.2392, time 12.74ms, mfu 0.10%
iter 1190: loss 2.1889, time 12.80ms, mfu 0.10%
iter 1200: loss 2.1196, time 12.43ms, mfu 0.10%
iter 1210: loss 2.1151, time 12.89ms, mfu 0.10%
iter 1220: loss 2.1197, time 12.63ms, mfu 0.10%
iter 1230: loss 2.1856, time 12.64ms, mfu 0.10%
iter 1240: loss 2.1748, time 12.71ms, mfu 0.10%
step 1250: train loss 2.1679, val loss 2.2045
saving checkpoint to runs/nope_lr5e-4
iter 1250: loss 2.2117, time 1542.35ms, mfu 0.09%
iter 1260: loss 2.0769, time 12.85ms, mfu 0.09%
iter 1270: loss 2.1373, time 13.02ms, mfu 0.09%
iter 1280: loss 2.2054, time 13.13ms, mfu 0.09%
iter 1290: loss 2.1274, time 12.57ms, mfu 0.09%
iter 1300: loss 2.1319, time 12.99ms, mfu 0.09%
iter 1310: loss 2.1146, time 12.96ms, mfu 0.09%
iter 1320: loss 2.1781, time 12.90ms, mfu 0.09%
iter 1330: loss 2.1034, time 12.96ms, mfu 0.09%
iter 1340: loss 2.0209, time 12.50ms, mfu 0.09%
iter 1350: loss 2.1539, time 12.40ms, mfu 0.10%
iter 1360: loss 2.1325, time 12.88ms, mfu 0.10%
iter 1370: loss 2.1571, time 12.96ms, mfu 0.10%
iter 1380: loss 2.1647, time 12.63ms, mfu 0.10%
iter 1390: loss 2.1960, time 13.27ms, mfu 0.10%
iter 1400: loss 2.1781, time 12.78ms, mfu 0.10%
iter 1410: loss 2.1118, time 12.86ms, mfu 0.10%
iter 1420: loss 2.0792, time 12.78ms, mfu 0.10%
iter 1430: loss 2.2117, time 12.70ms, mfu 0.10%
iter 1440: loss 2.1711, time 12.18ms, mfu 0.10%
iter 1450: loss 2.2141, time 13.01ms, mfu 0.10%
iter 1460: loss 2.0980, time 16.30ms, mfu 0.10%
iter 1470: loss 2.1162, time 13.08ms, mfu 0.10%
iter 1480: loss 2.1375, time 12.86ms, mfu 0.10%
iter 1490: loss 2.1007, time 12.64ms, mfu 0.10%
step 1500: train loss 2.1183, val loss 2.1692
saving checkpoint to runs/nope_lr5e-4
iter 1500: loss 2.0495, time 1598.27ms, mfu 0.09%
iter 1510: loss 2.0946, time 12.65ms, mfu 0.09%
iter 1520: loss 2.1724, time 12.47ms, mfu 0.09%
iter 1530: loss 2.0419, time 13.01ms, mfu 0.09%
iter 1540: loss 2.2097, time 12.40ms, mfu 0.09%
iter 1550: loss 2.0782, time 12.80ms, mfu 0.09%
iter 1560: loss 2.2013, time 12.33ms, mfu 0.09%
iter 1570: loss 2.1023, time 12.69ms, mfu 0.09%
iter 1580: loss 2.1156, time 13.01ms, mfu 0.09%
iter 1590: loss 2.0384, time 12.88ms, mfu 0.10%
iter 1600: loss 2.1529, time 12.87ms, mfu 0.10%
iter 1610: loss 2.1453, time 16.29ms, mfu 0.09%
iter 1620: loss 2.0390, time 17.26ms, mfu 0.09%
iter 1630: loss 2.0593, time 12.85ms, mfu 0.09%
iter 1640: loss 2.0868, time 12.67ms, mfu 0.09%
iter 1650: loss 2.0832, time 12.93ms, mfu 0.09%
iter 1660: loss 2.0162, time 12.78ms, mfu 0.09%
iter 1670: loss 2.0785, time 14.37ms, mfu 0.09%
iter 1680: loss 2.1576, time 12.97ms, mfu 0.09%
iter 1690: loss 2.1021, time 12.90ms, mfu 0.09%
iter 1700: loss 1.9983, time 12.53ms, mfu 0.10%
iter 1710: loss 2.1010, time 12.75ms, mfu 0.10%
iter 1720: loss 2.0717, time 12.73ms, mfu 0.10%
iter 1730: loss 2.1366, time 12.39ms, mfu 0.10%
iter 1740: loss 1.9972, time 12.63ms, mfu 0.10%
step 1750: train loss 2.0857, val loss 2.1442
saving checkpoint to runs/nope_lr5e-4
iter 1750: loss 2.0283, time 1536.32ms, mfu 0.09%
iter 1760: loss 2.0539, time 13.45ms, mfu 0.09%
iter 1770: loss 1.9971, time 12.78ms, mfu 0.09%
iter 1780: loss 2.1214, time 12.98ms, mfu 0.09%
iter 1790: loss 2.0486, time 12.70ms, mfu 0.09%
iter 1800: loss 2.1489, time 12.60ms, mfu 0.09%
iter 1810: loss 2.1320, time 15.18ms, mfu 0.09%
iter 1820: loss 2.1246, time 12.81ms, mfu 0.09%
iter 1830: loss 2.0420, time 12.70ms, mfu 0.09%
iter 1840: loss 2.1120, time 12.69ms, mfu 0.09%
iter 1850: loss 2.1282, time 12.51ms, mfu 0.09%
iter 1860: loss 2.0078, time 12.43ms, mfu 0.10%
iter 1870: loss 2.1121, time 11.96ms, mfu 0.10%
iter 1880: loss 2.1634, time 12.90ms, mfu 0.10%
iter 1890: loss 2.0493, time 12.73ms, mfu 0.10%
iter 1900: loss 2.1565, time 12.75ms, mfu 0.10%
iter 1910: loss 2.0421, time 12.31ms, mfu 0.10%
iter 1920: loss 2.1823, time 12.73ms, mfu 0.10%
iter 1930: loss 2.1088, time 12.90ms, mfu 0.10%
iter 1940: loss 2.1204, time 13.04ms, mfu 0.10%
iter 1950: loss 2.0863, time 12.65ms, mfu 0.10%
iter 1960: loss 2.0332, time 12.41ms, mfu 0.10%
iter 1970: loss 2.0288, time 12.81ms, mfu 0.10%
iter 1980: loss 2.0584, time 12.68ms, mfu 0.10%
iter 1990: loss 2.0239, time 12.62ms, mfu 0.10%
step 2000: train loss 2.0661, val loss 2.1240
saving checkpoint to runs/nope_lr5e-4
iter 2000: loss 2.0417, time 1580.35ms, mfu 0.09%
