Overriding config with config/train_shakespeare_char.py:
# train a miniature character-level shakespeare model
# good for debugging and playing on macbooks and such

out_dir = 'out-shakespeare-char'
eval_interval = 250 # keep frequent because we'll overfit
eval_iters = 200
log_interval = 10 # don't print too too often

# we expect to overfit on this small dataset, so only save when val improves
always_save_checkpoint = False

wandb_log = False # override via command line if you like
wandb_project = 'shakespeare-char'
wandb_run_name = 'mini-gpt'

dataset = 'shakespeare_char'
gradient_accumulation_steps = 1
batch_size = 64
block_size = 256 # context of up to 256 previous characters

# baby GPT model :)
n_layer = 6
n_head = 6
n_embd = 384
dropout = 0.2

learning_rate = 1e-3 # with baby networks can afford to go a bit higher
max_iters = 5000
lr_decay_iters = 5000 # make equal to max_iters usually
min_lr = 1e-4 # learning_rate / 10 usually
beta2 = 0.99 # make a bit bigger because number of tokens per iter is small

warmup_iters = 100 # not super necessary potentially

# on macbook also add
# device = 'cpu'  # run on cpu only
# compile = False # do not torch compile the model

Overriding: learning_rate = 0.002
Overriding: out_dir = runs_full/baseline_lr2e-3
tokens per iteration will be: 16,384
found vocab_size = 65 (inside data/shakespeare_char/meta.pkl)
Initializing a new model from scratch
number of parameters: 10.65M
/scratch/guo.jiayin/nanoGPT/train.py:203: FutureWarning: `torch.cuda.amp.GradScaler(args...)` is deprecated. Please use `torch.amp.GradScaler('cuda', args...)` instead.
  scaler = torch.cuda.amp.GradScaler(enabled=(dtype == 'float16'))
num decayed parameter tensors: 26, with 10,740,096 parameters
num non-decayed parameter tensors: 13, with 4,992 parameters
using fused AdamW: True
compiling the model... (takes a ~minute)
step 0: train loss 4.2874, val loss 4.2823
iter 0: loss 4.2654, time 10547.57ms, mfu -100.00%
iter 10: loss 3.0414, time 8.30ms, mfu 44.90%
iter 20: loss 2.6507, time 18.04ms, mfu 42.47%
iter 30: loss 2.5782, time 11.55ms, mfu 41.45%
iter 40: loss 2.5548, time 16.11ms, mfu 39.62%
iter 50: loss 2.5119, time 14.67ms, mfu 38.20%
iter 60: loss 2.4930, time 12.45ms, mfu 37.37%
iter 70: loss 2.4886, time 12.95ms, mfu 36.51%
iter 80: loss 2.4853, time 18.17ms, mfu 34.91%
iter 90: loss 2.4682, time 14.82ms, mfu 33.93%
iter 100: loss 2.4684, time 13.82ms, mfu 33.24%
iter 110: loss 2.4584, time 16.96ms, mfu 32.11%
iter 120: loss 2.4203, time 11.21ms, mfu 32.22%
iter 130: loss 2.3975, time 14.47ms, mfu 31.58%
iter 140: loss 2.3618, time 14.78ms, mfu 30.94%
iter 150: loss 2.3697, time 16.62ms, mfu 30.09%
iter 160: loss 2.2724, time 17.28ms, mfu 29.23%
iter 170: loss 2.2106, time 15.20ms, mfu 28.76%
iter 180: loss 2.1624, time 13.58ms, mfu 28.63%
iter 190: loss 2.0886, time 8.49ms, mfu 30.16%
iter 200: loss 2.0547, time 14.79ms, mfu 29.66%
iter 210: loss 2.0073, time 8.61ms, mfu 31.02%
iter 220: loss 2.0114, time 7.54ms, mfu 32.87%
iter 230: loss 1.9498, time 7.53ms, mfu 34.53%
iter 240: loss 1.9684, time 7.33ms, mfu 36.16%
step 250: train loss 1.8591, val loss 1.9995
saving checkpoint to runs_full/baseline_lr2e-3
iter 250: loss 1.9388, time 5247.44ms, mfu 32.55%
iter 260: loss 1.8669, time 9.82ms, mfu 33.09%
iter 270: loss 1.8806, time 7.99ms, mfu 34.44%
iter 280: loss 1.8803, time 10.45ms, mfu 34.56%
iter 290: loss 1.8304, time 10.18ms, mfu 34.77%
iter 300: loss 1.8155, time 13.69ms, mfu 34.01%
iter 310: loss 1.7900, time 10.76ms, mfu 34.07%
iter 320: loss 1.7826, time 14.27ms, mfu 33.28%
iter 330: loss 1.7544, time 7.08ms, mfu 35.21%
iter 340: loss 1.7280, time 9.78ms, mfu 35.50%
iter 350: loss 1.7704, time 8.85ms, mfu 36.16%
iter 360: loss 1.7202, time 8.27ms, mfu 37.05%
iter 370: loss 1.6958, time 12.08ms, mfu 36.43%
iter 380: loss 1.6920, time 7.95ms, mfu 37.47%
iter 390: loss 1.6857, time 9.65ms, mfu 37.59%
iter 400: loss 1.7270, time 7.73ms, mfu 38.65%
iter 410: loss 1.6633, time 9.82ms, mfu 38.58%
iter 420: loss 1.6903, time 7.64ms, mfu 39.60%
iter 430: loss 1.6552, time 9.57ms, mfu 39.53%
iter 440: loss 1.6280, time 8.17ms, mfu 40.14%
iter 450: loss 1.6228, time 8.72ms, mfu 40.40%
iter 460: loss 1.5863, time 8.92ms, mfu 40.53%
iter 470: loss 1.6319, time 7.67ms, mfu 41.34%
iter 480: loss 1.6075, time 8.52ms, mfu 41.58%
iter 490: loss 1.5921, time 7.89ms, mfu 42.14%
step 500: train loss 1.5093, val loss 1.7223
saving checkpoint to runs_full/baseline_lr2e-3
iter 500: loss 1.5907, time 5766.93ms, mfu 37.93%
iter 510: loss 1.5948, time 7.42ms, mfu 39.16%
iter 520: loss 1.5922, time 9.24ms, mfu 39.28%
iter 530: loss 1.5561, time 8.83ms, mfu 39.57%
iter 540: loss 1.6052, time 8.43ms, mfu 40.03%
iter 550: loss 1.5592, time 6.91ms, mfu 41.42%
iter 560: loss 1.5664, time 10.73ms, mfu 40.75%
iter 570: loss 1.5596, time 7.74ms, mfu 41.49%
iter 580: loss 1.5323, time 6.52ms, mfu 43.06%
iter 590: loss 1.4950, time 7.61ms, mfu 43.65%
iter 600: loss 1.5183, time 6.79ms, mfu 44.77%
iter 610: loss 1.5532, time 7.02ms, mfu 45.60%
iter 620: loss 1.5321, time 6.74ms, mfu 46.58%
iter 630: loss 1.5095, time 6.72ms, mfu 47.47%
iter 640: loss 1.4757, time 7.48ms, mfu 47.70%
iter 650: loss 1.5044, time 7.06ms, mfu 48.21%
iter 660: loss 1.5119, time 7.26ms, mfu 48.52%
iter 670: loss 1.4512, time 8.17ms, mfu 48.22%
iter 680: loss 1.5145, time 6.54ms, mfu 49.10%
iter 690: loss 1.4696, time 7.45ms, mfu 49.19%
iter 700: loss 1.4811, time 6.37ms, mfu 50.12%
iter 710: loss 1.4628, time 9.00ms, mfu 49.25%
iter 720: loss 1.4442, time 7.25ms, mfu 49.46%
iter 730: loss 1.4206, time 6.57ms, mfu 50.19%
iter 740: loss 1.4338, time 7.67ms, mfu 50.03%
step 750: train loss 1.3583, val loss 1.5957
saving checkpoint to runs_full/baseline_lr2e-3
iter 750: loss 1.4293, time 4302.55ms, mfu 45.03%
iter 760: loss 1.4477, time 8.07ms, mfu 45.15%
iter 770: loss 1.4303, time 9.41ms, mfu 44.59%
iter 780: loss 1.4298, time 7.05ms, mfu 45.42%
iter 790: loss 1.4246, time 8.37ms, mfu 45.33%
iter 800: loss 1.4339, time 7.08ms, mfu 46.06%
iter 810: loss 1.4044, time 6.85ms, mfu 46.89%
iter 820: loss 1.4128, time 6.72ms, mfu 47.75%
iter 830: loss 1.3977, time 6.95ms, mfu 48.34%
iter 840: loss 1.3975, time 8.19ms, mfu 48.05%
iter 850: loss 1.3984, time 8.94ms, mfu 47.42%
iter 860: loss 1.4020, time 7.79ms, mfu 47.46%
iter 870: loss 1.3985, time 7.45ms, mfu 47.71%
iter 880: loss 1.3842, time 7.21ms, mfu 48.11%
iter 890: loss 1.3927, time 6.60ms, mfu 48.94%
iter 900: loss 1.3750, time 6.83ms, mfu 49.50%
iter 910: loss 1.3236, time 9.66ms, mfu 48.41%
iter 920: loss 1.3668, time 7.63ms, mfu 48.45%
iter 930: loss 1.3671, time 7.66ms, mfu 48.47%
iter 940: loss 1.3562, time 6.88ms, mfu 49.04%
iter 950: loss 1.3597, time 7.75ms, mfu 48.94%
iter 960: loss 1.3665, time 7.65ms, mfu 48.92%
iter 970: loss 1.3660, time 6.70ms, mfu 49.59%
iter 980: loss 1.3579, time 7.30ms, mfu 49.74%
iter 990: loss 1.3417, time 8.01ms, mfu 49.41%
step 1000: train loss 1.2709, val loss 1.5273
saving checkpoint to runs_full/baseline_lr2e-3
iter 1000: loss 1.3471, time 4438.18ms, mfu 44.48%
iter 1010: loss 1.3473, time 6.57ms, mfu 45.71%
iter 1020: loss 1.3148, time 8.20ms, mfu 45.68%
iter 1030: loss 1.3401, time 7.46ms, mfu 46.11%
iter 1040: loss 1.3577, time 7.10ms, mfu 46.75%
iter 1050: loss 1.2974, time 6.76ms, mfu 47.58%
iter 1060: loss 1.3391, time 7.51ms, mfu 47.79%
iter 1070: loss 1.3301, time 7.37ms, mfu 48.07%
iter 1080: loss 1.3467, time 6.55ms, mfu 48.95%
iter 1090: loss 1.3556, time 7.29ms, mfu 49.17%
iter 1100: loss 1.3203, time 7.56ms, mfu 49.18%
iter 1110: loss 1.2969, time 6.92ms, mfu 49.65%
iter 1120: loss 1.3004, time 8.28ms, mfu 49.18%
iter 1130: loss 1.2942, time 6.82ms, mfu 49.73%
iter 1140: loss 1.3052, time 6.50ms, mfu 50.49%
iter 1150: loss 1.3136, time 7.19ms, mfu 50.62%
iter 1160: loss 1.3340, time 6.90ms, mfu 50.96%
iter 1170: loss 1.3005, time 7.06ms, mfu 51.14%
iter 1180: loss 1.3260, time 7.71ms, mfu 50.86%
iter 1190: loss 1.2689, time 8.14ms, mfu 50.35%
iter 1200: loss 1.2957, time 7.73ms, mfu 50.14%
iter 1210: loss 1.2747, time 7.19ms, mfu 50.31%
iter 1220: loss 1.3091, time 6.96ms, mfu 50.64%
iter 1230: loss 1.3008, time 7.39ms, mfu 50.62%
iter 1240: loss 1.3068, time 7.71ms, mfu 50.39%
step 1250: train loss 1.2035, val loss 1.4907
saving checkpoint to runs_full/baseline_lr2e-3
iter 1250: loss 1.2822, time 4711.47ms, mfu 45.36%
iter 1260: loss 1.2893, time 8.40ms, mfu 45.25%
iter 1270: loss 1.2682, time 9.41ms, mfu 44.69%
iter 1280: loss 1.2555, time 8.00ms, mfu 44.87%
iter 1290: loss 1.2820, time 6.86ms, mfu 45.82%
iter 1300: loss 1.2993, time 6.77ms, mfu 46.75%
iter 1310: loss 1.2442, time 7.90ms, mfu 46.79%
iter 1320: loss 1.3063, time 6.43ms, mfu 47.90%
iter 1330: loss 1.2651, time 7.92ms, mfu 47.82%
iter 1340: loss 1.2988, time 8.47ms, mfu 47.43%
iter 1350: loss 1.2546, time 6.87ms, mfu 48.11%
iter 1360: loss 1.2766, time 6.99ms, mfu 48.63%
iter 1370: loss 1.2609, time 7.21ms, mfu 48.94%
iter 1380: loss 1.2685, time 7.96ms, mfu 48.72%
iter 1390: loss 1.2515, time 8.59ms, mfu 48.19%
iter 1400: loss 1.2610, time 7.45ms, mfu 48.37%
iter 1410: loss 1.2531, time 7.36ms, mfu 48.59%
iter 1420: loss 1.2699, time 7.15ms, mfu 48.94%
iter 1430: loss 1.2480, time 6.92ms, mfu 49.43%
iter 1440: loss 1.2534, time 7.47ms, mfu 49.47%
iter 1450: loss 1.2284, time 8.02ms, mfu 49.17%
iter 1460: loss 1.2403, time 8.35ms, mfu 48.72%
iter 1470: loss 1.2223, time 6.99ms, mfu 49.18%
iter 1480: loss 1.2149, time 7.71ms, mfu 49.09%
iter 1490: loss 1.2365, time 7.77ms, mfu 48.97%
step 1500: train loss 1.1550, val loss 1.4768
saving checkpoint to runs_full/baseline_lr2e-3
iter 1500: loss 1.1764, time 5554.36ms, mfu 44.08%
iter 1510: loss 1.2445, time 8.63ms, mfu 43.99%
iter 1520: loss 1.2263, time 7.76ms, mfu 44.39%
iter 1530: loss 1.2633, time 6.98ms, mfu 45.30%
iter 1540: loss 1.1933, time 7.87ms, mfu 45.50%
iter 1550: loss 1.2433, time 7.27ms, mfu 46.07%
iter 1560: loss 1.2127, time 9.00ms, mfu 45.60%
iter 1570: loss 1.2370, time 7.36ms, mfu 46.11%
iter 1580: loss 1.2048, time 7.63ms, mfu 46.38%
iter 1590: loss 1.1956, time 7.51ms, mfu 46.70%
iter 1600: loss 1.2004, time 7.39ms, mfu 47.07%
iter 1610: loss 1.2373, time 9.61ms, mfu 46.25%
iter 1620: loss 1.1856, time 8.78ms, mfu 45.86%
iter 1630: loss 1.2087, time 8.12ms, mfu 45.87%
iter 1640: loss 1.2081, time 7.19ms, mfu 46.46%
iter 1650: loss 1.1828, time 7.60ms, mfu 46.72%
iter 1660: loss 1.2232, time 7.01ms, mfu 47.37%
iter 1670: loss 1.1979, time 7.05ms, mfu 47.92%
iter 1680: loss 1.2007, time 8.03ms, mfu 47.77%
iter 1690: loss 1.2035, time 8.39ms, mfu 47.43%
iter 1700: loss 1.1817, time 7.58ms, mfu 47.60%
iter 1710: loss 1.1782, time 7.25ms, mfu 47.98%
iter 1720: loss 1.1836, time 7.74ms, mfu 48.00%
iter 1730: loss 1.2005, time 7.21ms, mfu 48.37%
iter 1740: loss 1.1683, time 7.83ms, mfu 48.29%
step 1750: train loss 1.1049, val loss 1.4626
saving checkpoint to runs_full/baseline_lr2e-3
iter 1750: loss 1.1921, time 4482.29ms, mfu 43.47%
iter 1760: loss 1.1942, time 8.98ms, mfu 43.27%
iter 1770: loss 1.1929, time 8.35ms, mfu 43.41%
iter 1780: loss 1.1990, time 8.74ms, mfu 43.33%
iter 1790: loss 1.1939, time 7.15ms, mfu 44.21%
iter 1800: loss 1.1832, time 7.35ms, mfu 44.86%
iter 1810: loss 1.1650, time 8.80ms, mfu 44.61%
iter 1820: loss 1.1706, time 9.89ms, mfu 43.92%
iter 1830: loss 1.1742, time 6.84ms, mfu 44.98%
iter 1840: loss 1.1645, time 7.27ms, mfu 45.60%
iter 1850: loss 1.1610, time 7.60ms, mfu 45.95%
iter 1860: loss 1.1705, time 6.64ms, mfu 46.97%
iter 1870: loss 1.1472, time 8.64ms, mfu 46.58%
iter 1880: loss 1.1787, time 6.72ms, mfu 47.47%
iter 1890: loss 1.1870, time 8.50ms, mfu 47.11%
iter 1900: loss 1.1333, time 7.52ms, mfu 47.35%
iter 1910: loss 1.1791, time 8.79ms, mfu 46.86%
iter 1920: loss 1.1767, time 6.90ms, mfu 47.57%
iter 1930: loss 1.1427, time 7.70ms, mfu 47.65%
iter 1940: loss 1.1322, time 7.52ms, mfu 47.85%
iter 1950: loss 1.1373, time 7.53ms, mfu 48.01%
iter 1960: loss 1.1516, time 7.48ms, mfu 48.19%
iter 1970: loss 1.1457, time 7.11ms, mfu 48.61%
iter 1980: loss 1.1574, time 8.39ms, mfu 48.19%
iter 1990: loss 1.1592, time 8.38ms, mfu 47.81%
step 2000: train loss 1.0594, val loss 1.4687
iter 2000: loss 1.1398, time 3116.14ms, mfu 43.05%
iter 2010: loss 1.1270, time 9.49ms, mfu 42.67%
iter 2020: loss 1.1246, time 9.14ms, mfu 42.48%
iter 2030: loss 1.1567, time 8.89ms, mfu 42.42%
iter 2040: loss 1.1414, time 8.31ms, mfu 42.67%
iter 2050: loss 1.1117, time 7.91ms, mfu 43.11%
iter 2060: loss 1.1063, time 6.92ms, mfu 44.19%
iter 2070: loss 1.1322, time 8.43ms, mfu 44.19%
iter 2080: loss 1.1213, time 8.26ms, mfu 44.28%
iter 2090: loss 1.1365, time 8.10ms, mfu 44.45%
iter 2100: loss 1.1304, time 8.41ms, mfu 44.44%
iter 2110: loss 1.1329, time 7.52ms, mfu 44.95%
iter 2120: loss 1.1331, time 7.22ms, mfu 45.61%
iter 2130: loss 1.1357, time 8.39ms, mfu 45.49%
iter 2140: loss 1.1331, time 7.54ms, mfu 45.88%
iter 2150: loss 1.1298, time 9.00ms, mfu 45.43%
iter 2160: loss 1.1498, time 8.24ms, mfu 45.41%
iter 2170: loss 1.1252, time 8.66ms, mfu 45.17%
iter 2180: loss 1.1145, time 7.32ms, mfu 45.75%
iter 2190: loss 1.1011, time 6.88ms, mfu 46.59%
iter 2200: loss 1.1240, time 8.64ms, mfu 46.24%
iter 2210: loss 1.1123, time 7.33ms, mfu 46.70%
iter 2220: loss 1.1220, time 8.81ms, mfu 46.26%
iter 2230: loss 1.1229, time 8.07ms, mfu 46.25%
iter 2240: loss 1.1285, time 7.16ms, mfu 46.83%
step 2250: train loss 1.0137, val loss 1.4801
iter 2250: loss 1.1181, time 3334.82ms, mfu 42.16%
iter 2260: loss 1.1101, time 7.81ms, mfu 42.72%
iter 2270: loss 1.1330, time 7.33ms, mfu 43.53%
iter 2280: loss 1.0926, time 8.16ms, mfu 43.74%
iter 2290: loss 1.1409, time 9.79ms, mfu 43.17%
iter 2300: loss 1.1190, time 7.55ms, mfu 43.79%
iter 2310: loss 1.1003, time 7.57ms, mfu 44.33%
iter 2320: loss 1.0929, time 10.02ms, mfu 43.62%
iter 2330: loss 1.0993, time 8.45ms, mfu 43.67%
iter 2340: loss 1.1229, time 8.75ms, mfu 43.56%
iter 2350: loss 1.1045, time 10.18ms, mfu 42.87%
iter 2360: loss 1.1070, time 6.99ms, mfu 43.91%
iter 2370: loss 1.0884, time 7.83ms, mfu 44.28%
iter 2380: loss 1.0790, time 8.78ms, mfu 44.10%
iter 2390: loss 1.0825, time 9.85ms, mfu 43.47%
iter 2400: loss 1.0778, time 7.67ms, mfu 43.98%
iter 2410: loss 1.0663, time 7.21ms, mfu 44.75%
iter 2420: loss 1.0814, time 7.82ms, mfu 45.04%
iter 2430: loss 1.0494, time 8.45ms, mfu 44.95%
iter 2440: loss 1.0600, time 7.87ms, mfu 45.19%
iter 2450: loss 1.0784, time 9.52ms, mfu 44.59%
iter 2460: loss 1.0887, time 11.24ms, mfu 43.44%
iter 2470: loss 1.0864, time 8.37ms, mfu 43.55%
iter 2480: loss 1.0813, time 6.95ms, mfu 44.56%
iter 2490: loss 1.0541, time 9.01ms, mfu 44.24%
step 2500: train loss 0.9665, val loss 1.4764
iter 2500: loss 1.0786, time 3225.30ms, mfu 39.83%
iter 2510: loss 1.0710, time 6.73ms, mfu 41.38%
iter 2520: loss 1.0414, time 7.29ms, mfu 42.36%
iter 2530: loss 1.0493, time 9.35ms, mfu 42.11%
iter 2540: loss 1.0493, time 6.84ms, mfu 43.35%
iter 2550: loss 1.0681, time 6.69ms, mfu 44.58%
iter 2560: loss 1.0558, time 8.29ms, mfu 44.62%
iter 2570: loss 1.0705, time 9.31ms, mfu 44.16%
iter 2580: loss 1.0810, time 7.99ms, mfu 44.41%
iter 2590: loss 1.0704, time 9.29ms, mfu 43.98%
iter 2600: loss 1.0689, time 7.37ms, mfu 44.64%
iter 2610: loss 1.0524, time 7.64ms, mfu 45.05%
iter 2620: loss 1.0399, time 8.52ms, mfu 44.92%
iter 2630: loss 1.0255, time 9.04ms, mfu 44.55%
iter 2640: loss 1.0428, time 7.20ms, mfu 45.27%
iter 2650: loss 1.0655, time 8.04ms, mfu 45.38%
iter 2660: loss 1.0351, time 9.14ms, mfu 44.91%
iter 2670: loss 1.0231, time 7.43ms, mfu 45.44%
iter 2680: loss 1.0478, time 7.79ms, mfu 45.68%
iter 2690: loss 1.0524, time 8.53ms, mfu 45.48%
iter 2700: loss 1.0188, time 9.31ms, mfu 44.93%
iter 2710: loss 1.0430, time 7.77ms, mfu 45.23%
iter 2720: loss 1.0470, time 9.98ms, mfu 44.44%
iter 2730: loss 1.0566, time 7.88ms, mfu 44.73%
iter 2740: loss 1.0190, time 7.39ms, mfu 45.30%
step 2750: train loss 0.9133, val loss 1.5065
iter 2750: loss 1.0363, time 3618.72ms, mfu 40.78%
iter 2760: loss 1.0288, time 7.37ms, mfu 41.76%
iter 2770: loss 1.0210, time 7.28ms, mfu 42.70%
iter 2780: loss 1.0173, time 6.61ms, mfu 44.07%
iter 2790: loss 1.0375, time 8.02ms, mfu 44.31%
iter 2800: loss 1.0068, time 8.84ms, mfu 44.10%
iter 2810: loss 1.0372, time 7.29ms, mfu 44.80%
iter 2820: loss 1.0190, time 6.78ms, mfu 45.81%
iter 2830: loss 1.0361, time 6.80ms, mfu 46.71%
iter 2840: loss 0.9812, time 6.71ms, mfu 47.59%
iter 2850: loss 1.0203, time 7.75ms, mfu 47.64%
iter 2860: loss 1.0141, time 8.60ms, mfu 47.21%
iter 2870: loss 1.0049, time 9.77ms, mfu 46.30%
iter 2880: loss 1.0295, time 9.92ms, mfu 45.43%
iter 2890: loss 1.0081, time 9.21ms, mfu 44.93%
iter 2900: loss 0.9815, time 9.19ms, mfu 44.49%
iter 2910: loss 1.0308, time 9.58ms, mfu 43.93%
iter 2920: loss 1.0097, time 6.79ms, mfu 45.03%
iter 2930: loss 0.9912, time 8.05ms, mfu 45.15%
iter 2940: loss 0.9810, time 8.10ms, mfu 45.24%
iter 2950: loss 1.0191, time 7.16ms, mfu 45.92%
iter 2960: loss 0.9933, time 7.88ms, mfu 46.05%
iter 2970: loss 0.9866, time 6.62ms, mfu 47.07%
iter 2980: loss 0.9954, time 7.34ms, mfu 47.44%
iter 2990: loss 0.9796, time 7.22ms, mfu 47.86%
step 3000: train loss 0.8656, val loss 1.5108
iter 3000: loss 0.9702, time 3175.32ms, mfu 43.09%
iter 3010: loss 0.9911, time 7.70ms, mfu 43.62%
iter 3020: loss 1.0024, time 8.83ms, mfu 43.48%
iter 3030: loss 0.9928, time 6.80ms, mfu 44.61%
iter 3040: loss 1.0161, time 8.16ms, mfu 44.71%
iter 3050: loss 0.9789, time 7.54ms, mfu 45.19%
iter 3060: loss 0.9915, time 8.40ms, mfu 45.11%
iter 3070: loss 1.0067, time 7.39ms, mfu 45.64%
iter 3080: loss 0.9906, time 6.41ms, mfu 46.89%
iter 3090: loss 0.9783, time 6.99ms, mfu 47.53%
iter 3100: loss 0.9913, time 7.65ms, mfu 47.65%
iter 3110: loss 0.9723, time 8.24ms, mfu 47.40%
iter 3120: loss 0.9846, time 8.20ms, mfu 47.20%
iter 3130: loss 0.9741, time 6.45ms, mfu 48.26%
iter 3140: loss 0.9723, time 8.10ms, mfu 48.03%
iter 3150: loss 0.9859, time 7.25ms, mfu 48.37%
iter 3160: loss 0.9946, time 7.28ms, mfu 48.65%
iter 3170: loss 0.9531, time 6.91ms, mfu 49.18%
iter 3180: loss 0.9671, time 6.63ms, mfu 49.88%
iter 3190: loss 0.9922, time 8.13ms, mfu 49.47%
iter 3200: loss 0.9599, time 8.55ms, mfu 48.88%
iter 3210: loss 0.9538, time 6.89ms, mfu 49.40%
iter 3220: loss 0.9549, time 6.77ms, mfu 49.96%
iter 3230: loss 0.9440, time 6.77ms, mfu 50.47%
iter 3240: loss 0.9518, time 7.19ms, mfu 50.60%
step 3250: train loss 0.8193, val loss 1.5538
iter 3250: loss 0.9607, time 5568.11ms, mfu 45.55%
iter 3260: loss 0.9582, time 12.45ms, mfu 43.99%
iter 3270: loss 0.9703, time 7.73ms, mfu 44.41%
iter 3280: loss 0.9519, time 7.53ms, mfu 44.91%
iter 3290: loss 0.9421, time 7.64ms, mfu 45.30%
iter 3300: loss 0.9328, time 7.80ms, mfu 45.54%
iter 3310: loss 0.9456, time 16.83ms, mfu 43.20%
iter 3320: loss 0.9606, time 7.19ms, mfu 44.07%
iter 3330: loss 0.9529, time 9.11ms, mfu 43.75%
iter 3340: loss 0.9481, time 44.79ms, mfu 40.21%
iter 3350: loss 0.9484, time 7.97ms, mfu 40.87%
iter 3360: loss 0.9261, time 7.08ms, mfu 42.04%
iter 3370: loss 0.9458, time 8.37ms, mfu 42.29%
iter 3380: loss 0.9379, time 30.75ms, mfu 39.27%
iter 3390: loss 0.9409, time 17.99ms, mfu 37.42%
iter 3400: loss 0.9388, time 22.23ms, mfu 35.35%
iter 3410: loss 0.9343, time 13.45ms, mfu 34.58%
iter 3420: loss 0.9358, time 22.94ms, mfu 32.75%
iter 3430: loss 0.9383, time 16.82ms, mfu 31.69%
iter 3440: loss 0.9674, time 10.80ms, mfu 31.97%
iter 3450: loss 0.9447, time 24.99ms, mfu 30.26%
iter 3460: loss 0.9390, time 23.29ms, mfu 28.84%
iter 3470: loss 0.9264, time 7.13ms, mfu 31.18%
iter 3480: loss 0.9343, time 16.61ms, mfu 30.31%
iter 3490: loss 0.9088, time 8.05ms, mfu 31.91%
step 3500: train loss 0.7737, val loss 1.5700
iter 3500: loss 0.8988, time 7508.72ms, mfu 28.72%
iter 3510: loss 0.8948, time 35.18ms, mfu 26.91%
iter 3520: loss 0.9183, time 22.73ms, mfu 25.86%
iter 3530: loss 0.9393, time 30.53ms, mfu 24.49%
iter 3540: loss 0.9091, time 14.59ms, mfu 24.60%
iter 3550: loss 0.9163, time 60.87ms, mfu 22.75%
iter 3560: loss 0.9393, time 39.77ms, mfu 21.41%
iter 3570: loss 0.9301, time 21.12ms, mfu 21.03%
iter 3580: loss 0.9212, time 46.80ms, mfu 19.73%
iter 3590: loss 0.9237, time 12.14ms, mfu 20.82%
iter 3600: loss 0.9155, time 6.43ms, mfu 24.54%
iter 3610: loss 0.9017, time 11.31ms, mfu 25.38%
iter 3620: loss 0.9027, time 41.40ms, mfu 23.74%
iter 3630: loss 0.9148, time 8.50ms, mfu 25.75%
iter 3640: loss 0.9090, time 8.22ms, mfu 27.71%
iter 3650: loss 0.8942, time 24.74ms, mfu 26.44%
iter 3660: loss 0.9269, time 13.23ms, mfu 26.61%
iter 3670: loss 0.9248, time 25.74ms, mfu 25.40%
iter 3680: loss 0.8972, time 7.02ms, mfu 28.17%
iter 3690: loss 0.9222, time 19.79ms, mfu 27.23%
iter 3700: loss 0.8523, time 8.65ms, mfu 28.82%
iter 3710: loss 0.8714, time 8.00ms, mfu 30.59%
iter 3720: loss 0.8872, time 8.50ms, mfu 31.92%
iter 3730: loss 0.8950, time 8.49ms, mfu 33.11%
iter 3740: loss 0.8929, time 10.09ms, mfu 33.50%
step 3750: train loss 0.7339, val loss 1.5918
iter 3750: loss 0.8851, time 6268.65ms, mfu 30.15%
iter 3760: loss 0.9154, time 6.68ms, mfu 32.71%
iter 3770: loss 0.9205, time 8.77ms, mfu 33.69%
iter 3780: loss 0.9100, time 6.87ms, mfu 35.74%
iter 3790: loss 0.8869, time 8.05ms, mfu 36.79%
iter 3800: loss 0.9051, time 8.66ms, mfu 37.42%
iter 3810: loss 0.9094, time 7.04ms, mfu 38.97%
iter 3820: loss 0.8791, time 9.26ms, mfu 39.10%
iter 3830: loss 0.8889, time 7.76ms, mfu 39.99%
iter 3840: loss 0.8803, time 6.50ms, mfu 41.72%
iter 3850: loss 0.8739, time 19.17ms, mfu 39.50%
iter 3860: loss 0.8631, time 8.14ms, mfu 40.12%
iter 3870: loss 0.8755, time 12.03ms, mfu 39.21%
iter 3880: loss 0.8764, time 7.28ms, mfu 40.40%
iter 3890: loss 0.8813, time 8.70ms, mfu 40.64%
iter 3900: loss 0.8801, time 7.78ms, mfu 41.37%
iter 3910: loss 0.8729, time 9.13ms, mfu 41.32%
iter 3920: loss 0.8688, time 8.30ms, mfu 41.67%
iter 3930: loss 0.8791, time 7.46ms, mfu 42.50%
iter 3940: loss 0.8609, time 7.57ms, mfu 43.18%
iter 3950: loss 0.8663, time 7.90ms, mfu 43.58%
iter 3960: loss 0.8888, time 8.19ms, mfu 43.77%
iter 3970: loss 0.8780, time 8.90ms, mfu 43.58%
iter 3980: loss 0.8897, time 7.35ms, mfu 44.29%
iter 3990: loss 0.8656, time 15.19ms, mfu 42.31%
step 4000: train loss 0.6993, val loss 1.6161
iter 4000: loss 0.8453, time 4595.24ms, mfu 38.09%
iter 4010: loss 0.8731, time 8.93ms, mfu 38.45%
iter 4020: loss 0.8776, time 7.87ms, mfu 39.34%
iter 4030: loss 0.8647, time 8.27ms, mfu 39.91%
iter 4040: loss 0.8651, time 9.32ms, mfu 39.92%
iter 4050: loss 0.8617, time 8.55ms, mfu 40.29%
iter 4060: loss 0.8535, time 8.54ms, mfu 40.62%
iter 4070: loss 0.8446, time 8.87ms, mfu 40.76%
iter 4080: loss 0.8763, time 7.79ms, mfu 41.47%
iter 4090: loss 0.8377, time 9.11ms, mfu 41.41%
iter 4100: loss 0.8931, time 7.98ms, mfu 41.94%
iter 4110: loss 0.8639, time 7.44ms, mfu 42.75%
iter 4120: loss 0.8668, time 6.65ms, mfu 44.08%
iter 4130: loss 0.8401, time 7.74ms, mfu 44.48%
iter 4140: loss 0.8665, time 8.09ms, mfu 44.64%
iter 4150: loss 0.8613, time 7.59ms, mfu 45.09%
iter 4160: loss 0.8376, time 7.11ms, mfu 45.82%
iter 4170: loss 0.8593, time 7.33ms, mfu 46.32%
iter 4180: loss 0.8524, time 10.42ms, mfu 45.27%
iter 4190: loss 0.8518, time 7.08ms, mfu 46.01%
iter 4200: loss 0.8498, time 9.61ms, mfu 45.28%
iter 4210: loss 0.8551, time 7.23ms, mfu 45.91%
iter 4220: loss 0.8479, time 8.78ms, mfu 45.56%
iter 4230: loss 0.8651, time 6.75ms, mfu 46.52%
iter 4240: loss 0.8541, time 6.99ms, mfu 47.20%
step 4250: train loss 0.6683, val loss 1.6410
iter 4250: loss 0.8507, time 3546.41ms, mfu 42.49%
iter 4260: loss 0.8470, time 9.65ms, mfu 42.10%
iter 4270: loss 0.8547, time 8.80ms, mfu 42.13%
iter 4280: loss 0.8412, time 8.44ms, mfu 42.33%
iter 4290: loss 0.8286, time 7.11ms, mfu 43.34%
iter 4300: loss 0.8150, time 8.73ms, mfu 43.27%
iter 4310: loss 0.8391, time 13.07ms, mfu 41.80%
iter 4320: loss 0.8196, time 15.22ms, mfu 40.07%
iter 4330: loss 0.8441, time 12.95ms, mfu 38.94%
iter 4340: loss 0.8184, time 14.18ms, mfu 37.67%
iter 4350: loss 0.8318, time 10.98ms, mfu 37.30%
iter 4360: loss 0.8485, time 11.02ms, mfu 36.95%
iter 4370: loss 0.8417, time 11.65ms, mfu 36.45%
iter 4380: loss 0.8208, time 8.10ms, mfu 37.40%
iter 4390: loss 0.8497, time 7.49ms, mfu 38.64%
iter 4400: loss 0.8313, time 15.30ms, mfu 37.21%
iter 4410: loss 0.8503, time 17.61ms, mfu 35.60%
iter 4420: loss 0.8582, time 13.96ms, mfu 34.71%
iter 4430: loss 0.8294, time 13.26ms, mfu 34.05%
iter 4440: loss 0.8274, time 16.77ms, mfu 32.87%
iter 4450: loss 0.8373, time 14.49ms, mfu 32.15%
iter 4460: loss 0.8314, time 13.32ms, mfu 31.74%
iter 4470: loss 0.8431, time 15.44ms, mfu 30.98%
iter 4480: loss 0.8149, time 15.34ms, mfu 30.31%
iter 4490: loss 0.8289, time 13.73ms, mfu 29.99%
step 4500: train loss 0.6438, val loss 1.6644
iter 4500: loss 0.8461, time 4943.15ms, mfu 27.00%
iter 4510: loss 0.8326, time 8.20ms, mfu 28.85%
iter 4520: loss 0.8306, time 8.77ms, mfu 30.21%
iter 4530: loss 0.8378, time 7.51ms, mfu 32.15%
iter 4540: loss 0.8393, time 6.96ms, mfu 34.29%
iter 4550: loss 0.8566, time 7.85ms, mfu 35.60%
iter 4560: loss 0.8359, time 6.62ms, mfu 37.67%
iter 4570: loss 0.8383, time 6.64ms, mfu 39.51%
iter 4580: loss 0.8454, time 6.63ms, mfu 41.19%
iter 4590: loss 0.8448, time 7.14ms, mfu 42.29%
iter 4600: loss 0.8124, time 7.68ms, mfu 42.91%
iter 4610: loss 0.8548, time 7.11ms, mfu 43.86%
iter 4620: loss 0.8242, time 8.21ms, mfu 44.01%
iter 4630: loss 0.8130, time 6.87ms, mfu 45.04%
iter 4640: loss 0.8325, time 7.74ms, mfu 45.35%
iter 4650: loss 0.8470, time 9.24ms, mfu 44.84%
iter 4660: loss 0.8386, time 6.74ms, mfu 45.89%
iter 4670: loss 0.8241, time 7.46ms, mfu 46.30%
iter 4680: loss 0.8305, time 7.66ms, mfu 46.53%
iter 4690: loss 0.8428, time 7.70ms, mfu 46.72%
iter 4700: loss 0.8135, time 6.86ms, mfu 47.48%
iter 4710: loss 0.7859, time 8.21ms, mfu 47.27%
iter 4720: loss 0.8182, time 9.45ms, mfu 46.49%
iter 4730: loss 0.8098, time 10.58ms, mfu 45.36%
iter 4740: loss 0.8236, time 8.34ms, mfu 45.30%
step 4750: train loss 0.6312, val loss 1.6762
iter 4750: loss 0.7971, time 3337.79ms, mfu 40.78%
iter 4760: loss 0.8041, time 8.13ms, mfu 41.28%
iter 4770: loss 0.7925, time 8.44ms, mfu 41.57%
iter 4780: loss 0.7997, time 8.30ms, mfu 41.90%
iter 4790: loss 0.8205, time 8.00ms, mfu 42.37%
iter 4800: loss 0.8068, time 8.20ms, mfu 42.68%
iter 4810: loss 0.8376, time 8.99ms, mfu 42.55%
iter 4820: loss 0.8072, time 7.49ms, mfu 43.27%
iter 4830: loss 0.8144, time 7.06ms, mfu 44.22%
iter 4840: loss 0.8206, time 10.03ms, mfu 43.51%
iter 4850: loss 0.8156, time 12.17ms, mfu 42.22%
iter 4860: loss 0.8166, time 6.91ms, mfu 43.39%
iter 4870: loss 0.7985, time 8.37ms, mfu 43.50%
iter 4880: loss 0.8156, time 8.19ms, mfu 43.70%
iter 4890: loss 0.7970, time 7.05ms, mfu 44.62%
iter 4900: loss 0.7960, time 8.22ms, mfu 44.69%
iter 4910: loss 0.8205, time 7.82ms, mfu 44.99%
iter 4920: loss 0.8131, time 8.46ms, mfu 44.89%
iter 4930: loss 0.7912, time 6.95ms, mfu 45.77%
iter 4940: loss 0.7878, time 8.87ms, mfu 45.39%
iter 4950: loss 0.8107, time 7.50ms, mfu 45.82%
iter 4960: loss 0.8211, time 7.30ms, mfu 46.34%
iter 4970: loss 0.7743, time 7.08ms, mfu 46.97%
iter 4980: loss 0.7867, time 7.60ms, mfu 47.17%
iter 4990: loss 0.8171, time 7.99ms, mfu 47.12%
step 5000: train loss 0.6199, val loss 1.6901
iter 5000: loss 0.8118, time 3022.17ms, mfu 42.42%
