Overriding config with config/train_shakespeare_char.py:
# train a miniature character-level shakespeare model
# good for debugging and playing on macbooks and such

out_dir = 'out-shakespeare-char'
eval_interval = 250 # keep frequent because we'll overfit
eval_iters = 200
log_interval = 10 # don't print too too often

# we expect to overfit on this small dataset, so only save when val improves
always_save_checkpoint = False

wandb_log = False # override via command line if you like
wandb_project = 'shakespeare-char'
wandb_run_name = 'mini-gpt'

dataset = 'shakespeare_char'
gradient_accumulation_steps = 1
batch_size = 64
block_size = 256 # context of up to 256 previous characters

# baby GPT model :)
n_layer = 6
n_head = 6
n_embd = 384
dropout = 0.2

learning_rate = 1e-3 # with baby networks can afford to go a bit higher
max_iters = 5000
lr_decay_iters = 5000 # make equal to max_iters usually
min_lr = 1e-4 # learning_rate / 10 usually
beta2 = 0.99 # make a bit bigger because number of tokens per iter is small

warmup_iters = 100 # not super necessary potentially

# on macbook also add
# device = 'cpu'  # run on cpu only
# compile = False # do not torch compile the model

Overriding: learning_rate = 0.001
Overriding: out_dir = runs_full/swiglu_lr1e-3
Overriding: mlp_type = swiglu
tokens per iteration will be: 16,384
found vocab_size = 65 (inside data/shakespeare_char/meta.pkl)
Initializing a new model from scratch
number of parameters: 10.65M
/scratch/guo.jiayin/nanoGPT/train.py:203: FutureWarning: `torch.cuda.amp.GradScaler(args...)` is deprecated. Please use `torch.amp.GradScaler('cuda', args...)` instead.
  scaler = torch.cuda.amp.GradScaler(enabled=(dtype == 'float16'))
num decayed parameter tensors: 32, with 10,740,096 parameters
num non-decayed parameter tensors: 13, with 4,992 parameters
using fused AdamW: True
compiling the model... (takes a ~minute)
step 0: train loss 4.3300, val loss 4.3197
iter 0: loss 4.3276, time 14960.13ms, mfu -100.00%
iter 10: loss 3.3624, time 11.35ms, mfu 32.82%
iter 20: loss 2.8986, time 11.34ms, mfu 32.82%
iter 30: loss 2.6223, time 11.33ms, mfu 32.83%
iter 40: loss 2.5380, time 11.32ms, mfu 32.84%
iter 50: loss 2.5049, time 11.33ms, mfu 32.84%
iter 60: loss 2.4802, time 11.35ms, mfu 32.84%
iter 70: loss 2.4622, time 11.36ms, mfu 32.84%
iter 80: loss 2.4430, time 10.78ms, mfu 33.01%
iter 90: loss 2.4429, time 8.28ms, mfu 34.21%
iter 100: loss 2.4420, time 7.96ms, mfu 35.47%
iter 110: loss 2.3814, time 8.14ms, mfu 36.50%
iter 120: loss 2.3826, time 8.02ms, mfu 37.50%
iter 130: loss 2.3578, time 7.93ms, mfu 38.45%
iter 140: loss 2.3573, time 8.16ms, mfu 39.17%
iter 150: loss 2.3094, time 7.96ms, mfu 39.93%
iter 160: loss 2.3104, time 8.02ms, mfu 40.59%
iter 170: loss 2.2638, time 8.02ms, mfu 41.17%
iter 180: loss 2.2118, time 7.77ms, mfu 41.85%
iter 190: loss 2.1961, time 7.66ms, mfu 42.53%
iter 200: loss 2.1203, time 7.65ms, mfu 43.15%
iter 210: loss 2.0713, time 7.87ms, mfu 43.57%
iter 220: loss 2.0293, time 7.88ms, mfu 43.95%
iter 230: loss 1.9690, time 7.95ms, mfu 44.24%
iter 240: loss 1.9410, time 8.25ms, mfu 44.33%
step 250: train loss 1.8343, val loss 1.9650
saving checkpoint to runs_full/swiglu_lr1e-3
iter 250: loss 1.8999, time 2448.58ms, mfu 39.92%
iter 260: loss 1.8692, time 11.33ms, mfu 39.21%
iter 270: loss 1.8071, time 11.35ms, mfu 38.58%
iter 280: loss 1.7812, time 11.34ms, mfu 38.00%
iter 290: loss 1.7780, time 11.33ms, mfu 37.49%
iter 300: loss 1.7514, time 11.32ms, mfu 37.03%
iter 310: loss 1.7369, time 11.33ms, mfu 36.62%
iter 320: loss 1.6915, time 11.37ms, mfu 36.24%
iter 330: loss 1.6768, time 11.38ms, mfu 35.89%
iter 340: loss 1.6807, time 12.23ms, mfu 35.35%
iter 350: loss 1.6169, time 11.34ms, mfu 35.10%
iter 360: loss 1.5958, time 11.32ms, mfu 34.88%
iter 370: loss 1.6126, time 10.87ms, mfu 34.82%
iter 380: loss 1.5933, time 11.34ms, mfu 34.62%
iter 390: loss 1.5919, time 11.31ms, mfu 34.45%
iter 400: loss 1.5697, time 11.30ms, mfu 34.31%
iter 410: loss 1.5941, time 11.33ms, mfu 34.17%
iter 420: loss 1.5370, time 12.18ms, mfu 33.81%
iter 430: loss 1.5414, time 11.33ms, mfu 33.72%
iter 440: loss 1.5364, time 11.32ms, mfu 33.64%
iter 450: loss 1.5327, time 11.65ms, mfu 33.47%
iter 460: loss 1.4951, time 11.32ms, mfu 33.41%
iter 470: loss 1.5430, time 11.33ms, mfu 33.36%
iter 480: loss 1.5201, time 11.34ms, mfu 33.31%
iter 490: loss 1.4965, time 12.12ms, mfu 33.06%
step 500: train loss 1.4153, val loss 1.6198
saving checkpoint to runs_full/swiglu_lr1e-3
iter 500: loss 1.4912, time 2493.17ms, mfu 29.76%
iter 510: loss 1.4933, time 11.68ms, mfu 29.98%
iter 520: loss 1.5077, time 11.34ms, mfu 30.27%
iter 530: loss 1.4646, time 7.76ms, mfu 32.04%
iter 540: loss 1.4559, time 7.67ms, mfu 33.70%
iter 550: loss 1.4829, time 8.89ms, mfu 34.52%
iter 560: loss 1.4283, time 7.73ms, mfu 35.89%
iter 570: loss 1.4290, time 7.96ms, mfu 36.98%
iter 580: loss 1.4043, time 8.13ms, mfu 37.86%
iter 590: loss 1.4499, time 7.35ms, mfu 39.15%
iter 600: loss 1.4020, time 8.34ms, mfu 39.70%
iter 610: loss 1.4186, time 7.32ms, mfu 40.82%
iter 620: loss 1.3983, time 7.73ms, mfu 41.56%
iter 630: loss 1.4217, time 10.11ms, mfu 41.09%
iter 640: loss 1.4200, time 11.32ms, mfu 40.27%
iter 650: loss 1.4006, time 11.30ms, mfu 39.54%
iter 660: loss 1.4090, time 11.34ms, mfu 38.88%
iter 670: loss 1.3939, time 11.31ms, mfu 38.29%
iter 680: loss 1.3766, time 11.33ms, mfu 37.75%
iter 690: loss 1.3654, time 11.40ms, mfu 37.24%
iter 700: loss 1.3686, time 11.34ms, mfu 36.80%
iter 710: loss 1.3500, time 11.69ms, mfu 36.31%
iter 720: loss 1.3635, time 11.32ms, mfu 35.97%
iter 730: loss 1.3520, time 11.51ms, mfu 35.61%
iter 740: loss 1.3452, time 11.37ms, mfu 35.33%
step 750: train loss 1.2893, val loss 1.5383
saving checkpoint to runs_full/swiglu_lr1e-3
iter 750: loss 1.3565, time 2474.88ms, mfu 31.81%
iter 760: loss 1.3395, time 11.33ms, mfu 31.92%
iter 770: loss 1.3623, time 11.34ms, mfu 32.01%
iter 780: loss 1.3492, time 11.33ms, mfu 32.10%
iter 790: loss 1.3340, time 11.47ms, mfu 32.14%
iter 800: loss 1.3615, time 11.51ms, mfu 32.16%
iter 810: loss 1.3172, time 11.35ms, mfu 32.23%
iter 820: loss 1.2992, time 11.34ms, mfu 32.29%
iter 830: loss 1.2999, time 11.33ms, mfu 32.35%
iter 840: loss 1.3340, time 11.32ms, mfu 32.41%
iter 850: loss 1.3177, time 11.33ms, mfu 32.46%
iter 860: loss 1.3077, time 11.31ms, mfu 32.51%
iter 870: loss 1.3262, time 11.34ms, mfu 32.54%
iter 880: loss 1.2877, time 11.36ms, mfu 32.57%
iter 890: loss 1.3218, time 11.32ms, mfu 32.60%
iter 900: loss 1.2752, time 11.32ms, mfu 32.63%
iter 910: loss 1.2695, time 11.33ms, mfu 32.66%
iter 920: loss 1.3084, time 11.32ms, mfu 32.69%
iter 930: loss 1.2756, time 11.57ms, mfu 32.64%
iter 940: loss 1.2976, time 11.34ms, mfu 32.66%
iter 950: loss 1.3176, time 11.32ms, mfu 32.69%
iter 960: loss 1.2752, time 11.36ms, mfu 32.70%
iter 970: loss 1.2897, time 11.33ms, mfu 32.72%
iter 980: loss 1.2901, time 11.65ms, mfu 32.64%
iter 990: loss 1.2634, time 11.30ms, mfu 32.68%
step 1000: train loss 1.2170, val loss 1.5076
saving checkpoint to runs_full/swiglu_lr1e-3
iter 1000: loss 1.2677, time 2506.72ms, mfu 29.42%
iter 1010: loss 1.2776, time 11.49ms, mfu 29.73%
iter 1020: loss 1.2272, time 11.35ms, mfu 30.04%
iter 1030: loss 1.2732, time 11.46ms, mfu 30.28%
iter 1040: loss 1.2673, time 11.44ms, mfu 30.51%
iter 1050: loss 1.2652, time 11.34ms, mfu 30.75%
iter 1060: loss 1.2446, time 11.33ms, mfu 30.96%
iter 1070: loss 1.2637, time 11.31ms, mfu 31.16%
iter 1080: loss 1.2363, time 11.63ms, mfu 31.25%
iter 1090: loss 1.2728, time 11.50ms, mfu 31.36%
iter 1100: loss 1.2631, time 8.79ms, mfu 32.46%
iter 1110: loss 1.2599, time 11.36ms, mfu 32.50%
iter 1120: loss 1.2338, time 11.34ms, mfu 32.53%
iter 1130: loss 1.2581, time 11.50ms, mfu 32.52%
iter 1140: loss 1.2249, time 11.50ms, mfu 32.51%
iter 1150: loss 1.2961, time 11.33ms, mfu 32.55%
iter 1160: loss 1.2676, time 11.34ms, mfu 32.58%
iter 1170: loss 1.2718, time 11.33ms, mfu 32.61%
iter 1180: loss 1.2464, time 11.64ms, mfu 32.55%
iter 1190: loss 1.2580, time 11.35ms, mfu 32.58%
iter 1200: loss 1.2235, time 11.35ms, mfu 32.60%
iter 1210: loss 1.2258, time 11.32ms, mfu 32.64%
iter 1220: loss 1.2185, time 11.36ms, mfu 32.65%
iter 1230: loss 1.2311, time 11.53ms, mfu 32.62%
iter 1240: loss 1.2508, time 11.34ms, mfu 32.64%
step 1250: train loss 1.1529, val loss 1.5041
saving checkpoint to runs_full/swiglu_lr1e-3
iter 1250: loss 1.2299, time 2497.49ms, mfu 29.39%
iter 1260: loss 1.2129, time 12.36ms, mfu 29.47%
iter 1270: loss 1.2376, time 11.33ms, mfu 29.81%
iter 1280: loss 1.2169, time 11.33ms, mfu 30.12%
iter 1290: loss 1.2250, time 11.33ms, mfu 30.39%
iter 1300: loss 1.2100, time 11.33ms, mfu 30.64%
iter 1310: loss 1.2349, time 11.33ms, mfu 30.87%
iter 1320: loss 1.2468, time 10.62ms, mfu 31.29%
iter 1330: loss 1.2280, time 10.73ms, mfu 31.63%
iter 1340: loss 1.1796, time 11.50ms, mfu 31.71%
iter 1350: loss 1.2191, time 11.33ms, mfu 31.83%
iter 1360: loss 1.2261, time 11.35ms, mfu 31.93%
iter 1370: loss 1.1868, time 11.32ms, mfu 32.03%
iter 1380: loss 1.2169, time 11.34ms, mfu 32.11%
iter 1390: loss 1.2143, time 11.34ms, mfu 32.18%
iter 1400: loss 1.1731, time 11.33ms, mfu 32.25%
iter 1410: loss 1.2144, time 11.34ms, mfu 32.31%
iter 1420: loss 1.1878, time 11.35ms, mfu 32.37%
iter 1430: loss 1.1530, time 11.25ms, mfu 32.44%
iter 1440: loss 1.1719, time 11.34ms, mfu 32.48%
iter 1450: loss 1.1986, time 11.34ms, mfu 32.52%
iter 1460: loss 1.1580, time 11.34ms, mfu 32.55%
iter 1470: loss 1.1711, time 11.34ms, mfu 32.58%
iter 1480: loss 1.2029, time 11.34ms, mfu 32.61%
iter 1490: loss 1.1560, time 11.32ms, mfu 32.64%
step 1500: train loss 1.0962, val loss 1.4893
saving checkpoint to runs_full/swiglu_lr1e-3
iter 1500: loss 1.1480, time 2532.43ms, mfu 29.39%
iter 1510: loss 1.1582, time 11.31ms, mfu 29.75%
iter 1520: loss 1.1780, time 11.47ms, mfu 30.02%
iter 1530: loss 1.1776, time 11.33ms, mfu 30.31%
iter 1540: loss 1.1834, time 11.51ms, mfu 30.52%
iter 1550: loss 1.1602, time 11.34ms, mfu 30.75%
iter 1560: loss 1.1621, time 11.34ms, mfu 30.96%
iter 1570: loss 1.1433, time 11.32ms, mfu 31.16%
iter 1580: loss 1.1468, time 11.66ms, mfu 31.24%
iter 1590: loss 1.1629, time 12.20ms, mfu 31.17%
iter 1600: loss 1.1373, time 11.32ms, mfu 31.34%
iter 1610: loss 1.1553, time 11.34ms, mfu 31.50%
iter 1620: loss 1.1788, time 11.36ms, mfu 31.63%
iter 1630: loss 1.1460, time 11.33ms, mfu 31.75%
iter 1640: loss 1.1778, time 11.36ms, mfu 31.86%
iter 1650: loss 1.1468, time 11.36ms, mfu 31.95%
iter 1660: loss 1.1395, time 11.38ms, mfu 32.03%
iter 1670: loss 1.1496, time 11.34ms, mfu 32.11%
iter 1680: loss 1.1384, time 10.76ms, mfu 32.37%
iter 1690: loss 1.1494, time 11.36ms, mfu 32.41%
iter 1700: loss 1.1213, time 7.41ms, mfu 34.20%
iter 1710: loss 1.1187, time 6.89ms, mfu 36.19%
iter 1720: loss 1.1273, time 11.38ms, mfu 35.84%
iter 1730: loss 1.1417, time 11.34ms, mfu 35.54%
iter 1740: loss 1.1317, time 7.65ms, mfu 36.86%
step 1750: train loss 1.0472, val loss 1.4986
iter 1750: loss 1.1352, time 2189.99ms, mfu 33.19%
iter 1760: loss 1.1358, time 11.35ms, mfu 33.16%
iter 1770: loss 1.1320, time 11.32ms, mfu 33.13%
iter 1780: loss 1.1300, time 15.27ms, mfu 32.26%
iter 1790: loss 1.1414, time 10.78ms, mfu 32.49%
iter 1800: loss 1.1223, time 11.33ms, mfu 32.53%
iter 1810: loss 1.1233, time 11.35ms, mfu 32.56%
iter 1820: loss 1.0813, time 11.51ms, mfu 32.54%
iter 1830: loss 1.1133, time 11.30ms, mfu 32.58%
iter 1840: loss 1.0985, time 11.49ms, mfu 32.57%
iter 1850: loss 1.1194, time 11.39ms, mfu 32.59%
iter 1860: loss 1.1071, time 11.33ms, mfu 32.62%
iter 1870: loss 1.1253, time 11.51ms, mfu 32.59%
iter 1880: loss 1.0981, time 11.37ms, mfu 32.61%
iter 1890: loss 1.1236, time 11.33ms, mfu 32.64%
iter 1900: loss 1.1171, time 11.34ms, mfu 32.66%
iter 1910: loss 1.0956, time 11.34ms, mfu 32.68%
iter 1920: loss 1.1117, time 7.81ms, mfu 34.18%
iter 1930: loss 1.1128, time 8.11ms, mfu 35.36%
iter 1940: loss 1.0987, time 7.73ms, mfu 36.64%
iter 1950: loss 1.0989, time 7.99ms, mfu 37.64%
iter 1960: loss 1.1102, time 7.83ms, mfu 38.64%
iter 1970: loss 1.1166, time 7.56ms, mfu 39.70%
iter 1980: loss 1.1318, time 8.19ms, mfu 40.28%
iter 1990: loss 1.0653, time 8.22ms, mfu 40.79%
step 2000: train loss 0.9950, val loss 1.5222
iter 2000: loss 1.1423, time 2187.55ms, mfu 36.73%
iter 2010: loss 1.0954, time 11.36ms, mfu 36.33%
iter 2020: loss 1.0998, time 11.33ms, mfu 35.99%
iter 2030: loss 1.0743, time 11.62ms, mfu 35.60%
iter 2040: loss 1.0721, time 11.93ms, mfu 35.16%
iter 2050: loss 1.0735, time 11.28ms, mfu 34.95%
iter 2060: loss 1.0675, time 11.38ms, mfu 34.73%
iter 2070: loss 1.0660, time 9.44ms, mfu 35.20%
iter 2080: loss 1.0825, time 11.53ms, mfu 34.91%
iter 2090: loss 1.0480, time 11.16ms, mfu 34.76%
iter 2100: loss 1.0788, time 11.53ms, mfu 34.51%
iter 2110: loss 1.0478, time 11.51ms, mfu 34.30%
iter 2120: loss 1.0324, time 11.34ms, mfu 34.16%
iter 2130: loss 1.0880, time 11.32ms, mfu 34.03%
iter 2140: loss 1.0643, time 11.33ms, mfu 33.92%
iter 2150: loss 1.0436, time 11.31ms, mfu 33.82%
iter 2160: loss 1.0423, time 11.34ms, mfu 33.73%
iter 2170: loss 1.0524, time 11.32ms, mfu 33.64%
iter 2180: loss 1.0727, time 11.32ms, mfu 33.57%
iter 2190: loss 1.0559, time 11.32ms, mfu 33.51%
iter 2200: loss 1.0857, time 11.33ms, mfu 33.45%
iter 2210: loss 1.0543, time 11.32ms, mfu 33.39%
iter 2220: loss 1.0515, time 7.20ms, mfu 35.23%
iter 2230: loss 1.0516, time 11.33ms, mfu 34.99%
iter 2240: loss 1.0660, time 11.32ms, mfu 34.79%
step 2250: train loss 0.9404, val loss 1.5541
iter 2250: loss 1.0211, time 2197.79ms, mfu 31.32%
iter 2260: loss 1.0491, time 11.32ms, mfu 31.48%
iter 2270: loss 1.0487, time 11.33ms, mfu 31.63%
iter 2280: loss 1.0350, time 11.40ms, mfu 31.73%
iter 2290: loss 1.0485, time 10.77ms, mfu 32.02%
iter 2300: loss 1.0531, time 11.63ms, mfu 32.02%
iter 2310: loss 1.0579, time 11.34ms, mfu 32.10%
iter 2320: loss 1.0269, time 11.55ms, mfu 32.12%
iter 2330: loss 1.0692, time 10.59ms, mfu 32.42%
iter 2340: loss 1.0340, time 11.69ms, mfu 32.37%
iter 2350: loss 1.0249, time 11.33ms, mfu 32.42%
iter 2360: loss 1.0144, time 11.33ms, mfu 32.47%
iter 2370: loss 1.0572, time 11.33ms, mfu 32.51%
iter 2380: loss 1.0221, time 11.31ms, mfu 32.55%
iter 2390: loss 1.0322, time 11.35ms, mfu 32.58%
iter 2400: loss 1.0117, time 11.33ms, mfu 32.61%
iter 2410: loss 1.0241, time 11.33ms, mfu 32.64%
iter 2420: loss 1.0533, time 11.50ms, mfu 32.61%
iter 2430: loss 1.0433, time 11.34ms, mfu 32.64%
iter 2440: loss 1.0102, time 11.35ms, mfu 32.66%
iter 2450: loss 0.9979, time 11.34ms, mfu 32.68%
iter 2460: loss 1.0111, time 11.33ms, mfu 32.70%
iter 2470: loss 0.9902, time 11.34ms, mfu 32.72%
iter 2480: loss 1.0319, time 11.34ms, mfu 32.73%
iter 2490: loss 1.0386, time 11.36ms, mfu 32.74%
step 2500: train loss 0.8916, val loss 1.5728
iter 2500: loss 1.0443, time 2192.60ms, mfu 29.48%
iter 2510: loss 1.0347, time 11.34ms, mfu 29.82%
iter 2520: loss 1.0116, time 11.52ms, mfu 30.07%
iter 2530: loss 1.0126, time 11.33ms, mfu 30.35%
iter 2540: loss 1.0123, time 11.53ms, mfu 30.55%
iter 2550: loss 1.0163, time 11.32ms, mfu 30.78%
iter 2560: loss 0.9978, time 11.49ms, mfu 30.95%
iter 2570: loss 0.9980, time 11.35ms, mfu 31.14%
iter 2580: loss 0.9957, time 11.47ms, mfu 31.27%
iter 2590: loss 0.9685, time 11.32ms, mfu 31.44%
iter 2600: loss 0.9584, time 11.49ms, mfu 31.53%
iter 2610: loss 0.9820, time 11.34ms, mfu 31.67%
iter 2620: loss 0.9662, time 11.33ms, mfu 31.79%
iter 2630: loss 0.9869, time 11.55ms, mfu 31.84%
iter 2640: loss 0.9688, time 11.33ms, mfu 31.94%
iter 2650: loss 0.9920, time 11.49ms, mfu 31.99%
iter 2660: loss 1.0285, time 12.12ms, mfu 31.87%
iter 2670: loss 0.9959, time 11.49ms, mfu 31.92%
iter 2680: loss 0.9854, time 11.37ms, mfu 32.01%
iter 2690: loss 0.9434, time 11.47ms, mfu 32.06%
iter 2700: loss 0.9705, time 11.34ms, mfu 32.14%
iter 2710: loss 0.9733, time 11.52ms, mfu 32.16%
iter 2720: loss 0.9686, time 11.32ms, mfu 32.23%
iter 2730: loss 0.9809, time 11.52ms, mfu 32.25%
iter 2740: loss 0.9570, time 11.32ms, mfu 32.31%
step 2750: train loss 0.8382, val loss 1.6006
iter 2750: loss 0.9381, time 2207.40ms, mfu 29.10%
iter 2760: loss 0.9658, time 11.35ms, mfu 29.47%
iter 2770: loss 0.9672, time 11.35ms, mfu 29.81%
iter 2780: loss 0.9705, time 11.30ms, mfu 30.12%
iter 2790: loss 0.9592, time 11.34ms, mfu 30.40%
iter 2800: loss 0.9689, time 11.35ms, mfu 30.64%
iter 2810: loss 0.9439, time 7.94ms, mfu 32.27%
iter 2820: loss 0.9468, time 7.56ms, mfu 33.97%
iter 2830: loss 0.9860, time 7.94ms, mfu 35.27%
iter 2840: loss 0.9574, time 8.07ms, mfu 36.36%
iter 2850: loss 0.9461, time 8.52ms, mfu 37.09%
iter 2860: loss 0.9180, time 8.01ms, mfu 38.04%
iter 2870: loss 0.9422, time 11.22ms, mfu 37.55%
iter 2880: loss 0.9491, time 11.33ms, mfu 37.09%
iter 2890: loss 0.9489, time 11.35ms, mfu 36.66%
iter 2900: loss 0.9481, time 11.33ms, mfu 36.28%
iter 2910: loss 0.9391, time 11.34ms, mfu 35.94%
iter 2920: loss 0.9420, time 11.32ms, mfu 35.64%
iter 2930: loss 0.9405, time 11.31ms, mfu 35.37%
iter 2940: loss 0.9183, time 11.33ms, mfu 35.12%
iter 2950: loss 0.9303, time 7.06ms, mfu 36.88%
iter 2960: loss 0.9369, time 11.29ms, mfu 36.50%
iter 2970: loss 0.9371, time 11.34ms, mfu 36.13%
iter 2980: loss 0.9448, time 11.32ms, mfu 35.81%
iter 2990: loss 0.9672, time 8.11ms, mfu 36.83%
step 3000: train loss 0.7840, val loss 1.6337
iter 3000: loss 0.9058, time 2244.72ms, mfu 33.16%
iter 3010: loss 0.9435, time 9.73ms, mfu 33.68%
iter 3020: loss 0.9332, time 9.18ms, mfu 34.37%
iter 3030: loss 0.9305, time 10.66ms, mfu 34.42%
iter 3040: loss 0.9428, time 11.27ms, mfu 34.29%
iter 3050: loss 0.9047, time 11.30ms, mfu 34.16%
iter 3060: loss 0.9222, time 11.33ms, mfu 34.03%
iter 3070: loss 0.9069, time 11.31ms, mfu 33.92%
iter 3080: loss 0.9057, time 11.35ms, mfu 33.81%
iter 3090: loss 0.9352, time 7.59ms, mfu 35.34%
iter 3100: loss 0.9250, time 8.87ms, mfu 36.01%
iter 3110: loss 0.8935, time 7.91ms, mfu 37.12%
iter 3120: loss 0.9297, time 7.87ms, mfu 38.14%
iter 3130: loss 0.9019, time 7.92ms, mfu 39.03%
iter 3140: loss 0.9246, time 11.34ms, mfu 38.42%
iter 3150: loss 0.9006, time 11.35ms, mfu 37.86%
iter 3160: loss 0.9317, time 11.31ms, mfu 37.37%
iter 3170: loss 0.9169, time 11.33ms, mfu 36.92%
iter 3180: loss 0.8686, time 11.43ms, mfu 36.49%
iter 3190: loss 0.9034, time 11.33ms, mfu 36.13%
iter 3200: loss 0.9191, time 11.37ms, mfu 35.79%
iter 3210: loss 0.8800, time 11.51ms, mfu 35.45%
iter 3220: loss 0.9050, time 11.33ms, mfu 35.20%
iter 3230: loss 0.8942, time 11.68ms, mfu 34.87%
iter 3240: loss 0.8820, time 11.34ms, mfu 34.67%
step 3250: train loss 0.7347, val loss 1.6787
iter 3250: loss 0.8823, time 2185.86ms, mfu 31.22%
iter 3260: loss 0.8774, time 11.33ms, mfu 31.38%
iter 3270: loss 0.9163, time 11.37ms, mfu 31.52%
iter 3280: loss 0.8749, time 11.33ms, mfu 31.66%
iter 3290: loss 0.8880, time 11.32ms, mfu 31.79%
iter 3300: loss 0.8761, time 11.32ms, mfu 31.90%
iter 3310: loss 0.9061, time 11.33ms, mfu 32.00%
iter 3320: loss 0.8770, time 11.34ms, mfu 32.08%
iter 3330: loss 0.9014, time 11.35ms, mfu 32.16%
iter 3340: loss 0.8862, time 11.33ms, mfu 32.23%
iter 3350: loss 0.8757, time 11.35ms, mfu 32.29%
iter 3360: loss 0.8945, time 11.34ms, mfu 32.35%
iter 3370: loss 0.9084, time 11.32ms, mfu 32.41%
iter 3380: loss 0.8962, time 11.34ms, mfu 32.45%
iter 3390: loss 0.8797, time 11.34ms, mfu 32.49%
iter 3400: loss 0.8662, time 11.32ms, mfu 32.54%
iter 3410: loss 0.8484, time 11.33ms, mfu 32.57%
iter 3420: loss 0.8678, time 11.33ms, mfu 32.60%
iter 3430: loss 0.9081, time 11.34ms, mfu 32.63%
iter 3440: loss 0.8744, time 11.34ms, mfu 32.65%
iter 3450: loss 0.8797, time 11.35ms, mfu 32.67%
iter 3460: loss 0.8870, time 11.31ms, mfu 32.70%
iter 3470: loss 0.8543, time 7.95ms, mfu 34.11%
iter 3480: loss 0.8510, time 9.33ms, mfu 34.69%
iter 3490: loss 0.8438, time 11.60ms, mfu 34.44%
step 3500: train loss 0.6907, val loss 1.7115
iter 3500: loss 0.8673, time 2196.53ms, mfu 31.01%
iter 3510: loss 0.8540, time 11.34ms, mfu 31.20%
iter 3520: loss 0.8618, time 11.33ms, mfu 31.37%
iter 3530: loss 0.8553, time 11.34ms, mfu 31.51%
iter 3540: loss 0.8375, time 11.34ms, mfu 31.65%
iter 3550: loss 0.8716, time 11.41ms, mfu 31.75%
iter 3560: loss 0.8504, time 11.33ms, mfu 31.87%
iter 3570: loss 0.8650, time 11.32ms, mfu 31.97%
iter 3580: loss 0.8553, time 11.32ms, mfu 32.07%
iter 3590: loss 0.8347, time 11.34ms, mfu 32.15%
iter 3600: loss 0.8308, time 11.33ms, mfu 32.22%
iter 3610: loss 0.8608, time 11.32ms, mfu 32.29%
iter 3620: loss 0.8269, time 11.27ms, mfu 32.37%
iter 3630: loss 0.8530, time 11.31ms, mfu 32.42%
iter 3640: loss 0.8431, time 11.68ms, mfu 32.37%
iter 3650: loss 0.8551, time 11.32ms, mfu 32.43%
iter 3660: loss 0.8233, time 11.34ms, mfu 32.47%
iter 3670: loss 0.8551, time 11.35ms, mfu 32.51%
iter 3680: loss 0.8335, time 11.34ms, mfu 32.54%
iter 3690: loss 0.8230, time 11.31ms, mfu 32.58%
iter 3700: loss 0.8325, time 11.34ms, mfu 32.61%
iter 3710: loss 0.8432, time 11.61ms, mfu 32.56%
iter 3720: loss 0.8223, time 11.34ms, mfu 32.59%
iter 3730: loss 0.8158, time 11.33ms, mfu 32.62%
iter 3740: loss 0.8369, time 11.32ms, mfu 32.65%
step 3750: train loss 0.6493, val loss 1.7486
iter 3750: loss 0.8294, time 2188.51ms, mfu 29.40%
iter 3760: loss 0.8098, time 11.36ms, mfu 29.74%
iter 3770: loss 0.8413, time 11.33ms, mfu 30.06%
iter 3780: loss 0.8182, time 10.77ms, mfu 30.51%
iter 3790: loss 0.8144, time 11.32ms, mfu 30.75%
iter 3800: loss 0.8415, time 11.33ms, mfu 30.97%
iter 3810: loss 0.8441, time 11.34ms, mfu 31.16%
iter 3820: loss 0.8456, time 11.33ms, mfu 31.33%
iter 3830: loss 0.8177, time 11.33ms, mfu 31.49%
iter 3840: loss 0.8294, time 11.33ms, mfu 31.63%
iter 3850: loss 0.8201, time 11.48ms, mfu 31.71%
iter 3860: loss 0.8218, time 11.31ms, mfu 31.83%
iter 3870: loss 0.8100, time 11.30ms, mfu 31.95%
iter 3880: loss 0.8320, time 11.34ms, mfu 32.04%
iter 3890: loss 0.8122, time 11.36ms, mfu 32.11%
iter 3900: loss 0.8236, time 11.36ms, mfu 32.18%
iter 3910: loss 0.8302, time 11.35ms, mfu 32.25%
iter 3920: loss 0.8161, time 11.34ms, mfu 32.31%
iter 3930: loss 0.8167, time 11.41ms, mfu 32.34%
iter 3940: loss 0.8311, time 11.34ms, mfu 32.40%
iter 3950: loss 0.8079, time 11.61ms, mfu 32.37%
iter 3960: loss 0.8032, time 11.35ms, mfu 32.41%
iter 3970: loss 0.8176, time 11.33ms, mfu 32.46%
iter 3980: loss 0.8285, time 11.35ms, mfu 32.50%
iter 3990: loss 0.8142, time 11.34ms, mfu 32.54%
step 4000: train loss 0.6154, val loss 1.7805
iter 4000: loss 0.8100, time 2222.28ms, mfu 29.30%
iter 4010: loss 0.8016, time 11.34ms, mfu 29.66%
iter 4020: loss 0.7909, time 11.33ms, mfu 29.98%
iter 4030: loss 0.8118, time 11.31ms, mfu 30.27%
iter 4040: loss 0.7999, time 11.33ms, mfu 30.54%
iter 4050: loss 0.8016, time 11.34ms, mfu 30.77%
iter 4060: loss 0.8011, time 11.26ms, mfu 31.00%
iter 4070: loss 0.8180, time 11.49ms, mfu 31.14%
iter 4080: loss 0.8014, time 11.33ms, mfu 31.32%
iter 4090: loss 0.7735, time 11.61ms, mfu 31.40%
iter 4100: loss 0.7779, time 11.34ms, mfu 31.54%
iter 4110: loss 0.8020, time 11.31ms, mfu 31.68%
iter 4120: loss 0.7729, time 11.34ms, mfu 31.80%
iter 4130: loss 0.7969, time 7.37ms, mfu 33.67%
iter 4140: loss 0.7983, time 11.54ms, mfu 33.53%
iter 4150: loss 0.7939, time 11.51ms, mfu 33.42%
iter 4160: loss 0.8046, time 11.52ms, mfu 33.31%
iter 4170: loss 0.7784, time 11.32ms, mfu 33.27%
iter 4180: loss 0.7527, time 11.34ms, mfu 33.23%
iter 4190: loss 0.7911, time 11.35ms, mfu 33.19%
iter 4200: loss 0.7746, time 11.48ms, mfu 33.12%
iter 4210: loss 0.7892, time 11.33ms, mfu 33.09%
iter 4220: loss 0.7898, time 11.33ms, mfu 33.07%
iter 4230: loss 0.7930, time 11.35ms, mfu 33.05%
iter 4240: loss 0.7948, time 11.33ms, mfu 33.03%
step 4250: train loss 0.5877, val loss 1.8017
iter 4250: loss 0.7800, time 2201.75ms, mfu 29.74%
iter 4260: loss 0.7991, time 11.34ms, mfu 30.06%
iter 4270: loss 0.7804, time 11.40ms, mfu 30.32%
iter 4280: loss 0.7797, time 11.90ms, mfu 30.42%
iter 4290: loss 0.8151, time 11.33ms, mfu 30.67%
iter 4300: loss 0.7923, time 11.46ms, mfu 30.85%
iter 4310: loss 0.7908, time 11.63ms, mfu 30.97%
iter 4320: loss 0.7828, time 11.51ms, mfu 31.11%
iter 4330: loss 0.7921, time 11.48ms, mfu 31.24%
iter 4340: loss 0.7717, time 11.33ms, mfu 31.41%
iter 4350: loss 0.7898, time 11.46ms, mfu 31.52%
iter 4360: loss 0.7745, time 11.33ms, mfu 31.66%
iter 4370: loss 0.7751, time 11.35ms, mfu 31.77%
iter 4380: loss 0.7717, time 11.51ms, mfu 31.83%
iter 4390: loss 0.7794, time 11.34ms, mfu 31.94%
iter 4400: loss 0.7774, time 10.82ms, mfu 32.19%
iter 4410: loss 0.7824, time 11.32ms, mfu 32.26%
iter 4420: loss 0.7666, time 11.35ms, mfu 32.32%
iter 4430: loss 0.7822, time 11.35ms, mfu 32.37%
iter 4440: loss 0.7549, time 11.33ms, mfu 32.42%
iter 4450: loss 0.7489, time 11.32ms, mfu 32.47%
iter 4460: loss 0.7930, time 11.35ms, mfu 32.51%
iter 4470: loss 0.7758, time 11.33ms, mfu 32.54%
iter 4480: loss 0.7488, time 11.33ms, mfu 32.58%
iter 4490: loss 0.7669, time 11.33ms, mfu 32.61%
step 4500: train loss 0.5637, val loss 1.8281
iter 4500: loss 0.7701, time 2179.94ms, mfu 29.37%
iter 4510: loss 0.7641, time 11.62ms, mfu 29.64%
iter 4520: loss 0.7593, time 11.24ms, mfu 29.99%
iter 4530: loss 0.7626, time 11.33ms, mfu 30.28%
iter 4540: loss 0.7540, time 8.03ms, mfu 31.89%
iter 4550: loss 0.7722, time 11.37ms, mfu 31.98%
iter 4560: loss 0.7608, time 11.35ms, mfu 32.06%
iter 4570: loss 0.7666, time 11.48ms, mfu 32.10%
iter 4580: loss 0.7749, time 11.50ms, mfu 32.13%
iter 4590: loss 0.7711, time 11.35ms, mfu 32.20%
iter 4600: loss 0.7511, time 11.33ms, mfu 32.27%
iter 4610: loss 0.7589, time 11.33ms, mfu 32.33%
iter 4620: loss 0.7443, time 11.55ms, mfu 32.32%
iter 4630: loss 0.7421, time 11.33ms, mfu 32.38%
iter 4640: loss 0.7368, time 11.32ms, mfu 32.43%
iter 4650: loss 0.7646, time 11.36ms, mfu 32.47%
iter 4660: loss 0.7505, time 11.34ms, mfu 32.51%
iter 4670: loss 0.7553, time 10.63ms, mfu 32.77%
iter 4680: loss 0.7545, time 11.34ms, mfu 32.78%
iter 4690: loss 0.7706, time 11.33ms, mfu 32.79%
iter 4700: loss 0.7621, time 11.35ms, mfu 32.79%
iter 4710: loss 0.7631, time 10.60ms, mfu 33.03%
iter 4720: loss 0.7419, time 11.34ms, mfu 33.01%
iter 4730: loss 0.7721, time 11.33ms, mfu 33.00%
iter 4740: loss 0.7528, time 11.36ms, mfu 32.98%
step 4750: train loss 0.5431, val loss 1.8607
iter 4750: loss 0.7342, time 2178.99ms, mfu 29.70%
iter 4760: loss 0.7537, time 11.36ms, mfu 30.01%
iter 4770: loss 0.7561, time 11.33ms, mfu 30.30%
iter 4780: loss 0.7478, time 11.34ms, mfu 30.55%
iter 4790: loss 0.7375, time 11.33ms, mfu 30.79%
iter 4800: loss 0.7567, time 11.34ms, mfu 30.99%
iter 4810: loss 0.7496, time 11.33ms, mfu 31.18%
iter 4820: loss 0.7693, time 11.34ms, mfu 31.35%
iter 4830: loss 0.7324, time 11.51ms, mfu 31.45%
iter 4840: loss 0.7406, time 11.34ms, mfu 31.59%
iter 4850: loss 0.7531, time 11.52ms, mfu 31.67%
iter 4860: loss 0.7461, time 11.34ms, mfu 31.79%
iter 4870: loss 0.7389, time 11.31ms, mfu 31.90%
iter 4880: loss 0.7716, time 9.60ms, mfu 32.59%
iter 4890: loss 0.7425, time 11.33ms, mfu 32.62%
iter 4900: loss 0.7617, time 11.53ms, mfu 32.59%
iter 4910: loss 0.7487, time 11.49ms, mfu 32.57%
iter 4920: loss 0.7455, time 11.36ms, mfu 32.60%
iter 4930: loss 0.7163, time 11.51ms, mfu 32.58%
iter 4940: loss 0.7380, time 11.37ms, mfu 32.60%
iter 4950: loss 0.7360, time 11.34ms, mfu 32.62%
iter 4960: loss 0.7298, time 11.32ms, mfu 32.65%
iter 4970: loss 0.7325, time 11.33ms, mfu 32.67%
iter 4980: loss 0.7426, time 11.22ms, mfu 32.73%
iter 4990: loss 0.7414, time 11.35ms, mfu 32.74%
step 5000: train loss 0.5283, val loss 1.8786
iter 5000: loss 0.7365, time 2184.64ms, mfu 29.48%
