Overriding config with config/train_shakespeare_char.py:
# train a miniature character-level shakespeare model
# good for debugging and playing on macbooks and such

out_dir = 'out-shakespeare-char'
eval_interval = 250 # keep frequent because we'll overfit
eval_iters = 200
log_interval = 10 # don't print too too often

# we expect to overfit on this small dataset, so only save when val improves
always_save_checkpoint = False

wandb_log = False # override via command line if you like
wandb_project = 'shakespeare-char'
wandb_run_name = 'mini-gpt'

dataset = 'shakespeare_char'
gradient_accumulation_steps = 1
batch_size = 64
block_size = 256 # context of up to 256 previous characters

# baby GPT model :)
n_layer = 6
n_head = 6
n_embd = 384
dropout = 0.2

learning_rate = 1e-3 # with baby networks can afford to go a bit higher
max_iters = 5000
lr_decay_iters = 5000 # make equal to max_iters usually
min_lr = 1e-4 # learning_rate / 10 usually
beta2 = 0.99 # make a bit bigger because number of tokens per iter is small

warmup_iters = 100 # not super necessary potentially

# on macbook also add
# device = 'cpu'  # run on cpu only
# compile = False # do not torch compile the model

Overriding: device = cpu
Overriding: compile = False
Overriding: eval_iters = 200
Overriding: log_interval = 10
Overriding: block_size = 64
Overriding: batch_size = 12
Overriding: n_layer = 4
Overriding: n_head = 4
Overriding: n_embd = 128
Overriding: max_iters = 2000
Overriding: lr_decay_iters = 2000
Overriding: dropout = 0.0
Overriding: learning_rate = 0.001
Overriding: out_dir = runs/baseline_lr1e-3
tokens per iteration will be: 768
found vocab_size = 65 (inside data/shakespeare_char/meta.pkl)
Initializing a new model from scratch
number of parameters: 0.80M
train.py:203: FutureWarning: `torch.cuda.amp.GradScaler(args...)` is deprecated. Please use `torch.amp.GradScaler('cuda', args...)` instead.
  scaler = torch.cuda.amp.GradScaler(enabled=(dtype == 'float16'))
.venv/lib/python3.13/site-packages/torch/cuda/amp/grad_scaler.py:31: UserWarning: torch.cuda.amp.GradScaler is enabled, but CUDA is not available.  Disabling.
  super().__init__(
num decayed parameter tensors: 18, with 802,944 parameters
num non-decayed parameter tensors: 9, with 1,152 parameters
using fused AdamW: False
step 0: train loss 4.1697, val loss 4.1662
iter 0: loss 4.1828, time 1490.03ms, mfu -100.00%
iter 10: loss 3.7468, time 12.59ms, mfu 0.10%
iter 20: loss 3.5709, time 12.79ms, mfu 0.10%
iter 30: loss 3.2792, time 12.60ms, mfu 0.10%
iter 40: loss 3.1488, time 12.88ms, mfu 0.10%
iter 50: loss 3.0137, time 12.76ms, mfu 0.10%
iter 60: loss 2.7506, time 12.73ms, mfu 0.10%
iter 70: loss 2.6809, time 13.02ms, mfu 0.10%
iter 80: loss 2.6494, time 12.33ms, mfu 0.10%
iter 90: loss 2.6471, time 12.81ms, mfu 0.10%
iter 100: loss 2.6177, time 12.89ms, mfu 0.10%
iter 110: loss 2.7282, time 12.87ms, mfu 0.10%
iter 120: loss 2.5910, time 12.95ms, mfu 0.10%
iter 130: loss 2.5061, time 12.89ms, mfu 0.10%
iter 140: loss 2.5560, time 12.72ms, mfu 0.10%
iter 150: loss 2.5183, time 16.49ms, mfu 0.10%
iter 160: loss 2.4538, time 12.85ms, mfu 0.10%
iter 170: loss 2.5521, time 12.89ms, mfu 0.10%
iter 180: loss 2.5383, time 12.98ms, mfu 0.10%
iter 190: loss 2.5165, time 13.18ms, mfu 0.10%
iter 200: loss 2.4539, time 12.82ms, mfu 0.10%
iter 210: loss 2.5431, time 12.88ms, mfu 0.10%
iter 220: loss 2.3980, time 12.79ms, mfu 0.10%
iter 230: loss 2.3847, time 17.05ms, mfu 0.10%
iter 240: loss 2.4792, time 12.87ms, mfu 0.10%
step 250: train loss 2.4388, val loss 2.4442
saving checkpoint to runs/baseline_lr1e-3
iter 250: loss 2.4823, time 1634.11ms, mfu 0.09%
iter 260: loss 2.4961, time 12.80ms, mfu 0.09%
iter 270: loss 2.4112, time 12.60ms, mfu 0.09%
iter 280: loss 2.4619, time 12.90ms, mfu 0.09%
iter 290: loss 2.4508, time 12.75ms, mfu 0.09%
iter 300: loss 2.3467, time 13.15ms, mfu 0.09%
iter 310: loss 2.4147, time 12.48ms, mfu 0.09%
iter 320: loss 2.4030, time 12.58ms, mfu 0.09%
iter 330: loss 2.4367, time 12.72ms, mfu 0.09%
iter 340: loss 2.3879, time 12.25ms, mfu 0.10%
iter 350: loss 2.4367, time 12.72ms, mfu 0.10%
iter 360: loss 2.4114, time 12.68ms, mfu 0.10%
iter 370: loss 2.2899, time 12.82ms, mfu 0.10%
iter 380: loss 2.4248, time 13.08ms, mfu 0.10%
iter 390: loss 2.4706, time 16.78ms, mfu 0.09%
iter 400: loss 2.3158, time 14.81ms, mfu 0.09%
iter 410: loss 2.3779, time 12.59ms, mfu 0.09%
iter 420: loss 2.2787, time 12.91ms, mfu 0.09%
iter 430: loss 2.3775, time 12.80ms, mfu 0.10%
iter 440: loss 2.3306, time 12.96ms, mfu 0.10%
iter 450: loss 2.2548, time 12.78ms, mfu 0.10%
iter 460: loss 2.3384, time 12.94ms, mfu 0.10%
iter 470: loss 2.3053, time 13.04ms, mfu 0.10%
iter 480: loss 2.4042, time 12.87ms, mfu 0.10%
iter 490: loss 2.2603, time 13.22ms, mfu 0.10%
step 500: train loss 2.3078, val loss 2.3220
saving checkpoint to runs/baseline_lr1e-3
iter 500: loss 2.2075, time 1586.78ms, mfu 0.09%
iter 510: loss 2.3852, time 13.10ms, mfu 0.09%
iter 520: loss 2.3212, time 12.83ms, mfu 0.09%
iter 530: loss 2.2378, time 13.32ms, mfu 0.09%
iter 540: loss 2.2675, time 13.06ms, mfu 0.09%
iter 550: loss 2.3233, time 13.02ms, mfu 0.09%
iter 560: loss 2.2178, time 12.86ms, mfu 0.09%
iter 570: loss 2.2421, time 12.75ms, mfu 0.09%
iter 580: loss 2.3091, time 12.93ms, mfu 0.09%
iter 590: loss 2.2358, time 12.86ms, mfu 0.09%
iter 600: loss 2.2854, time 12.74ms, mfu 0.09%
iter 610: loss 2.2838, time 12.76ms, mfu 0.10%
iter 620: loss 2.1707, time 12.59ms, mfu 0.10%
iter 630: loss 2.2611, time 12.72ms, mfu 0.10%
iter 640: loss 2.2171, time 12.52ms, mfu 0.10%
iter 650: loss 2.2355, time 12.83ms, mfu 0.10%
iter 660: loss 2.1518, time 12.75ms, mfu 0.10%
iter 670: loss 2.1625, time 12.62ms, mfu 0.10%
iter 680: loss 2.1574, time 12.68ms, mfu 0.10%
iter 690: loss 2.1745, time 12.87ms, mfu 0.10%
iter 700: loss 2.1853, time 12.79ms, mfu 0.10%
iter 710: loss 2.1069, time 12.73ms, mfu 0.10%
iter 720: loss 2.1947, time 13.02ms, mfu 0.10%
iter 730: loss 2.1930, time 12.85ms, mfu 0.10%
iter 740: loss 2.1281, time 12.51ms, mfu 0.10%
step 750: train loss 2.1494, val loss 2.1700
saving checkpoint to runs/baseline_lr1e-3
iter 750: loss 2.1714, time 1588.69ms, mfu 0.09%
iter 760: loss 2.0849, time 13.31ms, mfu 0.09%
iter 770: loss 2.2043, time 13.25ms, mfu 0.09%
iter 780: loss 2.0541, time 12.89ms, mfu 0.09%
iter 790: loss 2.1634, time 12.83ms, mfu 0.09%
iter 800: loss 2.1602, time 12.27ms, mfu 0.09%
iter 810: loss 2.0192, time 12.87ms, mfu 0.09%
iter 820: loss 2.1040, time 12.40ms, mfu 0.09%
iter 830: loss 2.0473, time 12.77ms, mfu 0.10%
iter 840: loss 2.0664, time 13.03ms, mfu 0.10%
iter 850: loss 2.0667, time 12.61ms, mfu 0.10%
iter 860: loss 2.0488, time 12.43ms, mfu 0.10%
iter 870: loss 2.1366, time 12.69ms, mfu 0.10%
iter 880: loss 2.0265, time 12.94ms, mfu 0.10%
iter 890: loss 2.1767, time 12.88ms, mfu 0.10%
iter 900: loss 2.0578, time 12.97ms, mfu 0.10%
iter 910: loss 2.1069, time 12.65ms, mfu 0.10%
iter 920: loss 2.0837, time 13.13ms, mfu 0.10%
iter 930: loss 2.0210, time 12.91ms, mfu 0.10%
iter 940: loss 1.9810, time 12.96ms, mfu 0.10%
iter 950: loss 2.0348, time 12.66ms, mfu 0.10%
iter 960: loss 2.0047, time 12.94ms, mfu 0.10%
iter 970: loss 1.9923, time 12.64ms, mfu 0.10%
iter 980: loss 2.0950, time 13.13ms, mfu 0.10%
iter 990: loss 2.0115, time 13.06ms, mfu 0.10%
step 1000: train loss 2.0254, val loss 2.0919
saving checkpoint to runs/baseline_lr1e-3
iter 1000: loss 2.0669, time 1602.67ms, mfu 0.09%
iter 1010: loss 2.1319, time 12.93ms, mfu 0.09%
iter 1020: loss 2.1232, time 13.15ms, mfu 0.09%
iter 1030: loss 2.0157, time 13.36ms, mfu 0.09%
iter 1040: loss 2.0640, time 13.07ms, mfu 0.09%
iter 1050: loss 1.9449, time 13.38ms, mfu 0.09%
iter 1060: loss 2.0258, time 13.11ms, mfu 0.09%
iter 1070: loss 1.9346, time 13.29ms, mfu 0.09%
iter 1080: loss 2.0282, time 12.86ms, mfu 0.09%
iter 1090: loss 2.0301, time 13.60ms, mfu 0.09%
iter 1100: loss 1.9724, time 12.85ms, mfu 0.09%
iter 1110: loss 1.9685, time 13.24ms, mfu 0.09%
iter 1120: loss 1.9114, time 17.06ms, mfu 0.09%
iter 1130: loss 1.9802, time 13.35ms, mfu 0.09%
iter 1140: loss 1.9794, time 12.90ms, mfu 0.09%
iter 1150: loss 1.9890, time 12.58ms, mfu 0.09%
iter 1160: loss 1.9095, time 12.92ms, mfu 0.09%
iter 1170: loss 1.9616, time 16.64ms, mfu 0.09%
iter 1180: loss 1.9392, time 12.78ms, mfu 0.09%
iter 1190: loss 2.0062, time 12.93ms, mfu 0.09%
iter 1200: loss 2.0596, time 12.96ms, mfu 0.09%
iter 1210: loss 1.8851, time 13.24ms, mfu 0.09%
iter 1220: loss 2.0073, time 12.80ms, mfu 0.09%
iter 1230: loss 1.9566, time 12.67ms, mfu 0.10%
iter 1240: loss 1.8938, time 13.28ms, mfu 0.10%
step 1250: train loss 1.9426, val loss 2.0193
saving checkpoint to runs/baseline_lr1e-3
iter 1250: loss 2.0113, time 1576.54ms, mfu 0.09%
iter 1260: loss 1.8322, time 13.19ms, mfu 0.09%
iter 1270: loss 1.9822, time 13.24ms, mfu 0.09%
iter 1280: loss 1.8941, time 13.07ms, mfu 0.09%
iter 1290: loss 1.9677, time 13.03ms, mfu 0.09%
iter 1300: loss 2.0273, time 12.92ms, mfu 0.09%
iter 1310: loss 1.9331, time 12.93ms, mfu 0.09%
iter 1320: loss 1.8642, time 12.81ms, mfu 0.09%
iter 1330: loss 1.8128, time 13.57ms, mfu 0.09%
iter 1340: loss 1.9104, time 13.45ms, mfu 0.09%
iter 1350: loss 1.8697, time 13.04ms, mfu 0.09%
iter 1360: loss 1.8499, time 13.15ms, mfu 0.09%
iter 1370: loss 1.9949, time 12.67ms, mfu 0.09%
iter 1380: loss 1.8958, time 12.97ms, mfu 0.09%
iter 1390: loss 1.9502, time 12.88ms, mfu 0.09%
iter 1400: loss 1.8820, time 13.09ms, mfu 0.10%
iter 1410: loss 1.9180, time 13.07ms, mfu 0.10%
iter 1420: loss 1.9399, time 12.94ms, mfu 0.10%
iter 1430: loss 1.7773, time 13.06ms, mfu 0.10%
iter 1440: loss 1.8852, time 12.92ms, mfu 0.10%
iter 1450: loss 1.7849, time 12.48ms, mfu 0.10%
iter 1460: loss 1.9108, time 13.01ms, mfu 0.10%
iter 1470: loss 1.9425, time 12.47ms, mfu 0.10%
iter 1480: loss 1.9299, time 13.30ms, mfu 0.10%
iter 1490: loss 1.9408, time 12.77ms, mfu 0.10%
step 1500: train loss 1.8771, val loss 1.9706
saving checkpoint to runs/baseline_lr1e-3
iter 1500: loss 1.8907, time 1652.75ms, mfu 0.09%
iter 1510: loss 1.8030, time 13.40ms, mfu 0.09%
iter 1520: loss 1.8932, time 13.15ms, mfu 0.09%
iter 1530: loss 1.8586, time 12.72ms, mfu 0.09%
iter 1540: loss 1.8103, time 13.05ms, mfu 0.09%
iter 1550: loss 1.8787, time 12.90ms, mfu 0.09%
iter 1560: loss 1.8275, time 12.79ms, mfu 0.09%
iter 1570: loss 1.8628, time 15.36ms, mfu 0.09%
iter 1580: loss 1.7886, time 13.14ms, mfu 0.09%
iter 1590: loss 1.8639, time 12.90ms, mfu 0.09%
iter 1600: loss 1.7619, time 13.05ms, mfu 0.09%
iter 1610: loss 1.9569, time 12.91ms, mfu 0.09%
iter 1620: loss 1.7922, time 12.71ms, mfu 0.09%
iter 1630: loss 1.8108, time 13.42ms, mfu 0.09%
iter 1640: loss 1.7965, time 12.97ms, mfu 0.09%
iter 1650: loss 1.9415, time 12.90ms, mfu 0.10%
iter 1660: loss 1.8275, time 14.32ms, mfu 0.09%
iter 1670: loss 1.7998, time 13.16ms, mfu 0.09%
iter 1680: loss 1.7519, time 13.09ms, mfu 0.10%
iter 1690: loss 1.9058, time 13.17ms, mfu 0.10%
iter 1700: loss 1.8313, time 12.64ms, mfu 0.10%
iter 1710: loss 1.9239, time 13.31ms, mfu 0.10%
iter 1720: loss 1.8226, time 13.39ms, mfu 0.10%
iter 1730: loss 1.8148, time 12.96ms, mfu 0.10%
iter 1740: loss 1.9191, time 13.09ms, mfu 0.10%
step 1750: train loss 1.8292, val loss 1.9374
saving checkpoint to runs/baseline_lr1e-3
iter 1750: loss 1.9293, time 1669.12ms, mfu 0.09%
iter 1760: loss 1.6823, time 13.00ms, mfu 0.09%
iter 1770: loss 1.7658, time 13.35ms, mfu 0.09%
iter 1780: loss 1.7867, time 82.48ms, mfu 0.08%
iter 1790: loss 1.7673, time 13.09ms, mfu 0.08%
iter 1800: loss 1.8521, time 13.35ms, mfu 0.08%
iter 1810: loss 1.8908, time 13.48ms, mfu 0.09%
iter 1820: loss 1.8422, time 12.92ms, mfu 0.09%
iter 1830: loss 1.7913, time 13.24ms, mfu 0.09%
iter 1840: loss 1.7207, time 12.84ms, mfu 0.09%
iter 1850: loss 1.9218, time 13.16ms, mfu 0.09%
iter 1860: loss 1.8040, time 13.20ms, mfu 0.09%
iter 1870: loss 1.8860, time 12.97ms, mfu 0.09%
iter 1880: loss 1.8281, time 13.13ms, mfu 0.09%
iter 1890: loss 1.7429, time 13.37ms, mfu 0.09%
iter 1900: loss 1.8134, time 12.96ms, mfu 0.09%
iter 1910: loss 1.8531, time 13.15ms, mfu 0.09%
iter 1920: loss 1.7624, time 13.13ms, mfu 0.09%
iter 1930: loss 1.8321, time 13.04ms, mfu 0.09%
iter 1940: loss 1.8028, time 16.16ms, mfu 0.09%
iter 1950: loss 1.7793, time 12.88ms, mfu 0.09%
iter 1960: loss 1.7077, time 13.28ms, mfu 0.09%
iter 1970: loss 1.7799, time 12.90ms, mfu 0.09%
iter 1980: loss 1.7732, time 13.11ms, mfu 0.09%
iter 1990: loss 1.8273, time 13.32ms, mfu 0.09%
step 2000: train loss 1.7959, val loss 1.9189
saving checkpoint to runs/baseline_lr1e-3
iter 2000: loss 1.7511, time 1642.23ms, mfu 0.08%
