Overriding config with config/train_shakespeare_char.py:
# train a miniature character-level shakespeare model
# good for debugging and playing on macbooks and such

out_dir = 'out-shakespeare-char'
eval_interval = 250 # keep frequent because we'll overfit
eval_iters = 200
log_interval = 10 # don't print too too often

# we expect to overfit on this small dataset, so only save when val improves
always_save_checkpoint = False

wandb_log = False # override via command line if you like
wandb_project = 'shakespeare-char'
wandb_run_name = 'mini-gpt'

dataset = 'shakespeare_char'
gradient_accumulation_steps = 1
batch_size = 64
block_size = 256 # context of up to 256 previous characters

# baby GPT model :)
n_layer = 6
n_head = 6
n_embd = 384
dropout = 0.2

learning_rate = 1e-3 # with baby networks can afford to go a bit higher
max_iters = 5000
lr_decay_iters = 5000 # make equal to max_iters usually
min_lr = 1e-4 # learning_rate / 10 usually
beta2 = 0.99 # make a bit bigger because number of tokens per iter is small

warmup_iters = 100 # not super necessary potentially

# on macbook also add
# device = 'cpu'  # run on cpu only
# compile = False # do not torch compile the model

Overriding: device = cpu
Overriding: compile = False
Overriding: eval_iters = 200
Overriding: log_interval = 10
Overriding: block_size = 64
Overriding: batch_size = 12
Overriding: n_layer = 4
Overriding: n_head = 4
Overriding: n_embd = 128
Overriding: max_iters = 2000
Overriding: lr_decay_iters = 2000
Overriding: dropout = 0.0
Overriding: learning_rate = 0.001
Overriding: out_dir = runs/rmsnorm_lr1e-3
Overriding: norm_type = rmsnorm
tokens per iteration will be: 768
found vocab_size = 65 (inside data/shakespeare_char/meta.pkl)
Initializing a new model from scratch
number of parameters: 0.80M
train.py:203: FutureWarning: `torch.cuda.amp.GradScaler(args...)` is deprecated. Please use `torch.amp.GradScaler('cuda', args...)` instead.
  scaler = torch.cuda.amp.GradScaler(enabled=(dtype == 'float16'))
.venv/lib/python3.13/site-packages/torch/cuda/amp/grad_scaler.py:31: UserWarning: torch.cuda.amp.GradScaler is enabled, but CUDA is not available.  Disabling.
  super().__init__(
num decayed parameter tensors: 18, with 802,944 parameters
num non-decayed parameter tensors: 9, with 1,152 parameters
using fused AdamW: False
step 0: train loss 4.1721, val loss 4.1685
iter 0: loss 4.1857, time 1654.19ms, mfu -100.00%
iter 10: loss 3.7475, time 13.92ms, mfu 0.09%
iter 20: loss 3.5718, time 14.88ms, mfu 0.09%
iter 30: loss 3.2810, time 14.92ms, mfu 0.09%
iter 40: loss 3.1480, time 14.67ms, mfu 0.09%
iter 50: loss 3.0110, time 15.39ms, mfu 0.09%
iter 60: loss 2.7500, time 15.15ms, mfu 0.09%
iter 70: loss 2.6813, time 14.83ms, mfu 0.09%
iter 80: loss 2.6483, time 14.72ms, mfu 0.09%
iter 90: loss 2.6460, time 14.62ms, mfu 0.09%
iter 100: loss 2.6178, time 15.37ms, mfu 0.09%
iter 110: loss 2.7306, time 14.75ms, mfu 0.09%
iter 120: loss 2.5905, time 14.81ms, mfu 0.09%
iter 130: loss 2.5061, time 15.26ms, mfu 0.09%
iter 140: loss 2.5579, time 15.68ms, mfu 0.09%
iter 150: loss 2.5162, time 15.19ms, mfu 0.09%
iter 160: loss 2.4533, time 15.58ms, mfu 0.09%
iter 170: loss 2.5551, time 15.40ms, mfu 0.09%
iter 180: loss 2.5400, time 17.05ms, mfu 0.08%
iter 190: loss 2.5169, time 16.14ms, mfu 0.08%
iter 200: loss 2.4554, time 15.00ms, mfu 0.08%
iter 210: loss 2.5425, time 15.60ms, mfu 0.08%
iter 220: loss 2.3973, time 15.18ms, mfu 0.08%
iter 230: loss 2.3823, time 15.07ms, mfu 0.08%
iter 240: loss 2.4825, time 16.58ms, mfu 0.08%
step 250: train loss 2.4396, val loss 2.4440
saving checkpoint to runs/rmsnorm_lr1e-3
iter 250: loss 2.4842, time 1849.37ms, mfu 0.07%
iter 260: loss 2.4950, time 15.29ms, mfu 0.08%
iter 270: loss 2.4117, time 15.16ms, mfu 0.08%
iter 280: loss 2.4595, time 15.31ms, mfu 0.08%
iter 290: loss 2.4431, time 15.28ms, mfu 0.08%
iter 300: loss 2.3415, time 14.89ms, mfu 0.08%
iter 310: loss 2.4058, time 15.66ms, mfu 0.08%
iter 320: loss 2.3999, time 15.25ms, mfu 0.08%
iter 330: loss 2.4404, time 15.56ms, mfu 0.08%
iter 340: loss 2.3844, time 15.31ms, mfu 0.08%
iter 350: loss 2.4372, time 15.24ms, mfu 0.08%
iter 360: loss 2.4146, time 15.18ms, mfu 0.08%
iter 370: loss 2.2896, time 15.08ms, mfu 0.08%
iter 380: loss 2.4110, time 15.57ms, mfu 0.08%
iter 390: loss 2.4702, time 15.71ms, mfu 0.08%
iter 400: loss 2.3249, time 15.33ms, mfu 0.08%
iter 410: loss 2.3751, time 15.04ms, mfu 0.08%
iter 420: loss 2.2734, time 15.07ms, mfu 0.08%
iter 430: loss 2.3834, time 15.17ms, mfu 0.08%
iter 440: loss 2.3309, time 15.37ms, mfu 0.08%
iter 450: loss 2.2726, time 15.67ms, mfu 0.08%
iter 460: loss 2.3369, time 15.40ms, mfu 0.08%
iter 470: loss 2.3108, time 15.39ms, mfu 0.08%
iter 480: loss 2.4236, time 15.37ms, mfu 0.08%
iter 490: loss 2.2643, time 15.19ms, mfu 0.08%
step 500: train loss 2.3041, val loss 2.3178
saving checkpoint to runs/rmsnorm_lr1e-3
iter 500: loss 2.1970, time 1787.24ms, mfu 0.07%
iter 510: loss 2.3759, time 15.68ms, mfu 0.07%
iter 520: loss 2.3297, time 15.19ms, mfu 0.08%
iter 530: loss 2.2397, time 15.74ms, mfu 0.08%
iter 540: loss 2.2671, time 15.49ms, mfu 0.08%
iter 550: loss 2.3140, time 14.76ms, mfu 0.08%
iter 560: loss 2.2096, time 15.37ms, mfu 0.08%
iter 570: loss 2.2413, time 14.74ms, mfu 0.08%
iter 580: loss 2.3216, time 15.25ms, mfu 0.08%
iter 590: loss 2.2409, time 15.42ms, mfu 0.08%
iter 600: loss 2.2826, time 15.41ms, mfu 0.08%
iter 610: loss 2.2829, time 15.29ms, mfu 0.08%
iter 620: loss 2.1824, time 15.22ms, mfu 0.08%
iter 630: loss 2.2783, time 16.32ms, mfu 0.08%
iter 640: loss 2.2109, time 15.34ms, mfu 0.08%
iter 650: loss 2.2277, time 15.22ms, mfu 0.08%
iter 660: loss 2.1446, time 15.72ms, mfu 0.08%
iter 670: loss 2.1750, time 14.84ms, mfu 0.08%
iter 680: loss 2.1582, time 14.96ms, mfu 0.08%
iter 690: loss 2.1659, time 15.31ms, mfu 0.08%
iter 700: loss 2.1846, time 14.67ms, mfu 0.08%
iter 710: loss 2.1147, time 19.55ms, mfu 0.08%
iter 720: loss 2.1898, time 15.46ms, mfu 0.08%
iter 730: loss 2.1912, time 15.60ms, mfu 0.08%
iter 740: loss 2.1375, time 14.92ms, mfu 0.08%
step 750: train loss 2.1512, val loss 2.1718
saving checkpoint to runs/rmsnorm_lr1e-3
iter 750: loss 2.1806, time 1783.27ms, mfu 0.07%
iter 760: loss 2.0865, time 15.64ms, mfu 0.07%
iter 770: loss 2.2206, time 22.04ms, mfu 0.07%
iter 780: loss 2.0540, time 20.96ms, mfu 0.07%
iter 790: loss 2.1634, time 15.00ms, mfu 0.07%
iter 800: loss 2.1465, time 15.46ms, mfu 0.07%
iter 810: loss 2.0166, time 15.02ms, mfu 0.07%
iter 820: loss 2.1196, time 15.01ms, mfu 0.08%
iter 830: loss 2.0480, time 15.01ms, mfu 0.08%
iter 840: loss 2.0621, time 15.52ms, mfu 0.08%
iter 850: loss 2.0569, time 15.15ms, mfu 0.08%
iter 860: loss 2.0370, time 15.65ms, mfu 0.08%
iter 870: loss 2.1393, time 16.07ms, mfu 0.08%
iter 880: loss 2.0311, time 15.81ms, mfu 0.08%
iter 890: loss 2.1706, time 15.71ms, mfu 0.08%
iter 900: loss 2.0552, time 15.89ms, mfu 0.08%
iter 910: loss 2.0961, time 15.40ms, mfu 0.08%
iter 920: loss 2.0898, time 14.92ms, mfu 0.08%
iter 930: loss 2.0201, time 15.50ms, mfu 0.08%
iter 940: loss 1.9832, time 15.09ms, mfu 0.08%
iter 950: loss 2.0390, time 15.18ms, mfu 0.08%
iter 960: loss 2.0026, time 15.27ms, mfu 0.08%
iter 970: loss 1.9819, time 15.84ms, mfu 0.08%
iter 980: loss 2.0933, time 15.10ms, mfu 0.08%
iter 990: loss 2.0057, time 15.03ms, mfu 0.08%
step 1000: train loss 2.0183, val loss 2.0824
saving checkpoint to runs/rmsnorm_lr1e-3
iter 1000: loss 2.0631, time 1982.59ms, mfu 0.07%
iter 1010: loss 2.1409, time 15.30ms, mfu 0.07%
iter 1020: loss 2.1188, time 15.00ms, mfu 0.08%
iter 1030: loss 2.0138, time 14.85ms, mfu 0.08%
iter 1040: loss 2.0691, time 15.24ms, mfu 0.08%
iter 1050: loss 1.9636, time 15.04ms, mfu 0.08%
iter 1060: loss 2.0330, time 15.63ms, mfu 0.08%
iter 1070: loss 1.9404, time 15.08ms, mfu 0.08%
iter 1080: loss 1.9950, time 15.22ms, mfu 0.08%
iter 1090: loss 2.0332, time 15.51ms, mfu 0.08%
iter 1100: loss 1.9618, time 18.50ms, mfu 0.08%
iter 1110: loss 1.9734, time 14.77ms, mfu 0.08%
iter 1120: loss 1.9057, time 14.66ms, mfu 0.08%
iter 1130: loss 1.9715, time 15.50ms, mfu 0.08%
iter 1140: loss 1.9819, time 15.28ms, mfu 0.08%
iter 1150: loss 1.9970, time 14.41ms, mfu 0.08%
iter 1160: loss 1.9365, time 15.45ms, mfu 0.08%
iter 1170: loss 1.9648, time 15.31ms, mfu 0.08%
iter 1180: loss 1.9325, time 15.24ms, mfu 0.08%
iter 1190: loss 2.0026, time 15.12ms, mfu 0.08%
iter 1200: loss 2.0544, time 15.74ms, mfu 0.08%
iter 1210: loss 1.8665, time 15.55ms, mfu 0.08%
iter 1220: loss 2.0014, time 19.26ms, mfu 0.08%
iter 1230: loss 1.9550, time 15.63ms, mfu 0.08%
iter 1240: loss 1.8723, time 15.27ms, mfu 0.08%
step 1250: train loss 1.9377, val loss 2.0159
saving checkpoint to runs/rmsnorm_lr1e-3
iter 1250: loss 2.0266, time 1888.43ms, mfu 0.07%
iter 1260: loss 1.8076, time 15.31ms, mfu 0.07%
iter 1270: loss 1.9757, time 15.72ms, mfu 0.07%
iter 1280: loss 1.8874, time 15.35ms, mfu 0.08%
iter 1290: loss 1.9610, time 15.11ms, mfu 0.08%
iter 1300: loss 2.0148, time 15.38ms, mfu 0.08%
iter 1310: loss 1.9329, time 15.79ms, mfu 0.08%
iter 1320: loss 1.8719, time 15.30ms, mfu 0.08%
iter 1330: loss 1.8246, time 15.53ms, mfu 0.08%
iter 1340: loss 1.9237, time 15.37ms, mfu 0.08%
iter 1350: loss 1.8794, time 14.89ms, mfu 0.08%
iter 1360: loss 1.8402, time 15.08ms, mfu 0.08%
iter 1370: loss 1.9953, time 15.56ms, mfu 0.08%
iter 1380: loss 1.9037, time 16.32ms, mfu 0.08%
iter 1390: loss 1.9575, time 15.25ms, mfu 0.08%
iter 1400: loss 1.8694, time 15.77ms, mfu 0.08%
iter 1410: loss 1.9058, time 15.07ms, mfu 0.08%
iter 1420: loss 1.9199, time 15.31ms, mfu 0.08%
iter 1430: loss 1.7792, time 15.38ms, mfu 0.08%
iter 1440: loss 1.8955, time 15.93ms, mfu 0.08%
iter 1450: loss 1.7727, time 15.48ms, mfu 0.08%
iter 1460: loss 1.8977, time 15.90ms, mfu 0.08%
iter 1470: loss 1.9514, time 15.23ms, mfu 0.08%
iter 1480: loss 1.9446, time 15.07ms, mfu 0.08%
iter 1490: loss 1.9542, time 15.13ms, mfu 0.08%
step 1500: train loss 1.8722, val loss 1.9632
saving checkpoint to runs/rmsnorm_lr1e-3
iter 1500: loss 1.8714, time 2079.06ms, mfu 0.07%
iter 1510: loss 1.8077, time 18.90ms, mfu 0.07%
iter 1520: loss 1.8749, time 15.52ms, mfu 0.07%
iter 1530: loss 1.8302, time 15.61ms, mfu 0.07%
iter 1540: loss 1.7899, time 15.07ms, mfu 0.08%
iter 1550: loss 1.8794, time 14.82ms, mfu 0.08%
iter 1560: loss 1.8085, time 15.40ms, mfu 0.08%
iter 1570: loss 1.8610, time 15.51ms, mfu 0.08%
iter 1580: loss 1.7938, time 15.04ms, mfu 0.08%
iter 1590: loss 1.8591, time 14.91ms, mfu 0.08%
iter 1600: loss 1.7523, time 15.79ms, mfu 0.08%
iter 1610: loss 1.9459, time 15.03ms, mfu 0.08%
iter 1620: loss 1.7954, time 15.31ms, mfu 0.08%
iter 1630: loss 1.8128, time 15.18ms, mfu 0.08%
iter 1640: loss 1.7859, time 15.23ms, mfu 0.08%
iter 1650: loss 1.9311, time 15.21ms, mfu 0.08%
iter 1660: loss 1.8277, time 14.61ms, mfu 0.08%
iter 1670: loss 1.7914, time 16.72ms, mfu 0.08%
iter 1680: loss 1.7452, time 16.34ms, mfu 0.08%
iter 1690: loss 1.8977, time 16.63ms, mfu 0.08%
iter 1700: loss 1.8036, time 15.30ms, mfu 0.08%
iter 1710: loss 1.9220, time 15.38ms, mfu 0.08%
iter 1720: loss 1.8443, time 17.13ms, mfu 0.08%
iter 1730: loss 1.8071, time 27.04ms, mfu 0.08%
iter 1740: loss 1.9203, time 16.34ms, mfu 0.08%
step 1750: train loss 1.8224, val loss 1.9347
saving checkpoint to runs/rmsnorm_lr1e-3
iter 1750: loss 1.9124, time 1818.75ms, mfu 0.07%
iter 1760: loss 1.6873, time 15.08ms, mfu 0.07%
iter 1770: loss 1.7693, time 15.09ms, mfu 0.07%
iter 1780: loss 1.7718, time 15.06ms, mfu 0.07%
iter 1790: loss 1.7757, time 15.02ms, mfu 0.07%
iter 1800: loss 1.8261, time 16.04ms, mfu 0.08%
iter 1810: loss 1.8754, time 15.74ms, mfu 0.08%
iter 1820: loss 1.8265, time 15.56ms, mfu 0.08%
iter 1830: loss 1.7823, time 15.12ms, mfu 0.08%
iter 1840: loss 1.7266, time 15.38ms, mfu 0.08%
iter 1850: loss 1.9174, time 15.16ms, mfu 0.08%
iter 1860: loss 1.7893, time 15.16ms, mfu 0.08%
iter 1870: loss 1.8610, time 15.63ms, mfu 0.08%
iter 1880: loss 1.8177, time 15.62ms, mfu 0.08%
iter 1890: loss 1.7524, time 15.62ms, mfu 0.08%
iter 1900: loss 1.7844, time 15.52ms, mfu 0.08%
iter 1910: loss 1.8375, time 15.25ms, mfu 0.08%
iter 1920: loss 1.7603, time 15.17ms, mfu 0.08%
iter 1930: loss 1.8322, time 15.61ms, mfu 0.08%
iter 1940: loss 1.8137, time 15.05ms, mfu 0.08%
iter 1950: loss 1.7735, time 14.96ms, mfu 0.08%
iter 1960: loss 1.7054, time 14.91ms, mfu 0.08%
iter 1970: loss 1.7896, time 15.26ms, mfu 0.08%
iter 1980: loss 1.7900, time 15.44ms, mfu 0.08%
iter 1990: loss 1.8081, time 15.82ms, mfu 0.08%
step 2000: train loss 1.7874, val loss 1.9131
saving checkpoint to runs/rmsnorm_lr1e-3
iter 2000: loss 1.7442, time 1772.50ms, mfu 0.07%
