Overriding config with config/train_shakespeare_char.py:
# train a miniature character-level shakespeare model
# good for debugging and playing on macbooks and such

out_dir = 'out-shakespeare-char'
eval_interval = 250 # keep frequent because we'll overfit
eval_iters = 200
log_interval = 10 # don't print too too often

# we expect to overfit on this small dataset, so only save when val improves
always_save_checkpoint = False

wandb_log = False # override via command line if you like
wandb_project = 'shakespeare-char'
wandb_run_name = 'mini-gpt'

dataset = 'shakespeare_char'
gradient_accumulation_steps = 1
batch_size = 64
block_size = 256 # context of up to 256 previous characters

# baby GPT model :)
n_layer = 6
n_head = 6
n_embd = 384
dropout = 0.2

learning_rate = 1e-3 # with baby networks can afford to go a bit higher
max_iters = 5000
lr_decay_iters = 5000 # make equal to max_iters usually
min_lr = 1e-4 # learning_rate / 10 usually
beta2 = 0.99 # make a bit bigger because number of tokens per iter is small

warmup_iters = 100 # not super necessary potentially

# on macbook also add
# device = 'cpu'  # run on cpu only
# compile = False # do not torch compile the model

Overriding: device = cpu
Overriding: compile = False
Overriding: eval_iters = 200
Overriding: log_interval = 10
Overriding: block_size = 64
Overriding: batch_size = 12
Overriding: n_layer = 4
Overriding: n_head = 4
Overriding: n_embd = 128
Overriding: max_iters = 2000
Overriding: lr_decay_iters = 2000
Overriding: dropout = 0.0
Overriding: learning_rate = 0.002
Overriding: out_dir = runs/baseline_lr2e-3
tokens per iteration will be: 768
found vocab_size = 65 (inside data/shakespeare_char/meta.pkl)
Initializing a new model from scratch
number of parameters: 0.80M
train.py:203: FutureWarning: `torch.cuda.amp.GradScaler(args...)` is deprecated. Please use `torch.amp.GradScaler('cuda', args...)` instead.
  scaler = torch.cuda.amp.GradScaler(enabled=(dtype == 'float16'))
.venv/lib/python3.13/site-packages/torch/cuda/amp/grad_scaler.py:31: UserWarning: torch.cuda.amp.GradScaler is enabled, but CUDA is not available.  Disabling.
  super().__init__(
num decayed parameter tensors: 18, with 802,944 parameters
num non-decayed parameter tensors: 9, with 1,152 parameters
using fused AdamW: False
step 0: train loss 4.1697, val loss 4.1662
iter 0: loss 4.1828, time 1446.53ms, mfu -100.00%
iter 10: loss 3.6750, time 13.07ms, mfu 0.10%
iter 20: loss 3.3546, time 12.51ms, mfu 0.10%
iter 30: loss 3.0569, time 12.69ms, mfu 0.10%
iter 40: loss 2.9374, time 13.14ms, mfu 0.10%
iter 50: loss 2.8649, time 12.96ms, mfu 0.10%
iter 60: loss 2.6386, time 13.06ms, mfu 0.10%
iter 70: loss 2.5795, time 12.67ms, mfu 0.10%
iter 80: loss 2.5921, time 13.11ms, mfu 0.10%
iter 90: loss 2.5809, time 13.05ms, mfu 0.10%
iter 100: loss 2.6129, time 13.26ms, mfu 0.10%
iter 110: loss 2.6903, time 12.73ms, mfu 0.10%
iter 120: loss 2.5924, time 12.51ms, mfu 0.10%
iter 130: loss 2.5183, time 13.11ms, mfu 0.10%
iter 140: loss 2.5269, time 13.17ms, mfu 0.10%
iter 150: loss 2.5073, time 13.25ms, mfu 0.10%
iter 160: loss 2.4760, time 13.11ms, mfu 0.10%
iter 170: loss 2.5350, time 12.80ms, mfu 0.10%
iter 180: loss 2.5411, time 13.21ms, mfu 0.10%
iter 190: loss 2.5195, time 13.00ms, mfu 0.10%
iter 200: loss 2.4648, time 13.20ms, mfu 0.10%
iter 210: loss 2.5280, time 13.22ms, mfu 0.10%
iter 220: loss 2.3780, time 12.77ms, mfu 0.10%
iter 230: loss 2.3948, time 13.03ms, mfu 0.10%
iter 240: loss 2.4886, time 15.10ms, mfu 0.10%
step 250: train loss 2.4495, val loss 2.4638
saving checkpoint to runs/baseline_lr2e-3
iter 250: loss 2.4858, time 1688.59ms, mfu 0.09%
iter 260: loss 2.4695, time 12.83ms, mfu 0.09%
iter 270: loss 2.3941, time 12.81ms, mfu 0.09%
iter 280: loss 2.4706, time 13.56ms, mfu 0.09%
iter 290: loss 2.4413, time 13.08ms, mfu 0.09%
iter 300: loss 2.3415, time 12.86ms, mfu 0.09%
iter 310: loss 2.3812, time 12.95ms, mfu 0.09%
iter 320: loss 2.4213, time 13.02ms, mfu 0.09%
iter 330: loss 2.3804, time 13.53ms, mfu 0.09%
iter 340: loss 2.3881, time 12.25ms, mfu 0.09%
iter 350: loss 2.4022, time 12.82ms, mfu 0.09%
iter 360: loss 2.3919, time 12.72ms, mfu 0.09%
iter 370: loss 2.2530, time 13.07ms, mfu 0.10%
iter 380: loss 2.3784, time 12.78ms, mfu 0.10%
iter 390: loss 2.4211, time 12.82ms, mfu 0.10%
iter 400: loss 2.2843, time 13.03ms, mfu 0.10%
iter 410: loss 2.3403, time 12.97ms, mfu 0.10%
iter 420: loss 2.2139, time 13.38ms, mfu 0.10%
iter 430: loss 2.3013, time 13.13ms, mfu 0.10%
iter 440: loss 2.2519, time 14.18ms, mfu 0.10%
iter 450: loss 2.1903, time 13.69ms, mfu 0.10%
iter 460: loss 2.1972, time 13.01ms, mfu 0.10%
iter 470: loss 2.1967, time 13.48ms, mfu 0.10%
iter 480: loss 2.3166, time 12.89ms, mfu 0.10%
iter 490: loss 2.1720, time 13.03ms, mfu 0.10%
step 500: train loss 2.2089, val loss 2.2264
saving checkpoint to runs/baseline_lr2e-3
iter 500: loss 2.0803, time 1635.86ms, mfu 0.09%
iter 510: loss 2.3180, time 13.40ms, mfu 0.09%
iter 520: loss 2.2225, time 16.40ms, mfu 0.09%
iter 530: loss 2.1408, time 13.05ms, mfu 0.09%
iter 540: loss 2.1819, time 12.78ms, mfu 0.09%
iter 550: loss 2.2048, time 13.26ms, mfu 0.09%
iter 560: loss 2.0860, time 13.16ms, mfu 0.09%
iter 570: loss 2.1370, time 13.01ms, mfu 0.09%
iter 580: loss 2.1887, time 12.91ms, mfu 0.09%
iter 590: loss 2.0787, time 13.29ms, mfu 0.09%
iter 600: loss 2.1832, time 13.96ms, mfu 0.09%
iter 610: loss 2.1791, time 13.15ms, mfu 0.09%
iter 620: loss 2.0780, time 13.77ms, mfu 0.09%
iter 630: loss 2.1377, time 12.62ms, mfu 0.09%
iter 640: loss 2.1070, time 13.46ms, mfu 0.09%
iter 650: loss 2.0697, time 13.10ms, mfu 0.09%
iter 660: loss 1.9862, time 12.82ms, mfu 0.09%
iter 670: loss 2.0476, time 13.15ms, mfu 0.09%
iter 680: loss 2.0251, time 13.00ms, mfu 0.09%
iter 690: loss 2.0674, time 12.92ms, mfu 0.10%
iter 700: loss 2.1098, time 13.02ms, mfu 0.10%
iter 710: loss 1.9988, time 12.87ms, mfu 0.10%
iter 720: loss 2.0792, time 13.11ms, mfu 0.10%
iter 730: loss 2.1101, time 13.15ms, mfu 0.10%
iter 740: loss 2.0055, time 13.33ms, mfu 0.10%
step 750: train loss 2.0265, val loss 2.0717
saving checkpoint to runs/baseline_lr2e-3
iter 750: loss 2.0597, time 1610.72ms, mfu 0.09%
iter 760: loss 1.9352, time 13.18ms, mfu 0.09%
iter 770: loss 2.1101, time 15.09ms, mfu 0.09%
iter 780: loss 1.9189, time 12.96ms, mfu 0.09%
iter 790: loss 2.0795, time 12.33ms, mfu 0.09%
iter 800: loss 2.0695, time 13.68ms, mfu 0.09%
iter 810: loss 1.9046, time 13.21ms, mfu 0.09%
iter 820: loss 2.0319, time 12.70ms, mfu 0.09%
iter 830: loss 1.9375, time 13.49ms, mfu 0.09%
iter 840: loss 1.9183, time 12.37ms, mfu 0.09%
iter 850: loss 1.9678, time 13.23ms, mfu 0.09%
iter 860: loss 1.9050, time 13.55ms, mfu 0.09%
iter 870: loss 2.0155, time 13.30ms, mfu 0.09%
iter 880: loss 1.9227, time 12.76ms, mfu 0.09%
iter 890: loss 2.0450, time 12.98ms, mfu 0.09%
iter 900: loss 1.9385, time 13.12ms, mfu 0.09%
iter 910: loss 1.9449, time 13.24ms, mfu 0.09%
iter 920: loss 1.9597, time 13.00ms, mfu 0.10%
iter 930: loss 1.8923, time 13.33ms, mfu 0.10%
iter 940: loss 1.8820, time 13.39ms, mfu 0.10%
iter 950: loss 1.9295, time 12.89ms, mfu 0.10%
iter 960: loss 1.8953, time 13.07ms, mfu 0.10%
iter 970: loss 1.8679, time 12.62ms, mfu 0.10%
iter 980: loss 1.9637, time 12.79ms, mfu 0.10%
iter 990: loss 1.9069, time 16.11ms, mfu 0.09%
step 1000: train loss 1.8927, val loss 2.0031
saving checkpoint to runs/baseline_lr2e-3
iter 1000: loss 1.9379, time 1689.72ms, mfu 0.09%
iter 1010: loss 1.9975, time 12.71ms, mfu 0.09%
iter 1020: loss 2.0108, time 12.84ms, mfu 0.09%
iter 1030: loss 1.8615, time 14.74ms, mfu 0.09%
iter 1040: loss 1.9470, time 12.89ms, mfu 0.09%
iter 1050: loss 1.7994, time 13.16ms, mfu 0.09%
iter 1060: loss 1.9014, time 13.08ms, mfu 0.09%
iter 1070: loss 1.8179, time 12.55ms, mfu 0.09%
iter 1080: loss 1.9156, time 13.05ms, mfu 0.09%
iter 1090: loss 1.8547, time 13.22ms, mfu 0.09%
iter 1100: loss 1.8146, time 12.51ms, mfu 0.09%
iter 1110: loss 1.8557, time 12.57ms, mfu 0.09%
iter 1120: loss 1.7681, time 12.81ms, mfu 0.09%
iter 1130: loss 1.8212, time 13.04ms, mfu 0.10%
iter 1140: loss 1.8832, time 14.68ms, mfu 0.09%
iter 1150: loss 1.8609, time 13.19ms, mfu 0.09%
iter 1160: loss 1.7988, time 13.10ms, mfu 0.09%
iter 1170: loss 1.8350, time 13.44ms, mfu 0.09%
iter 1180: loss 1.8094, time 13.05ms, mfu 0.09%
iter 1190: loss 1.8689, time 12.95ms, mfu 0.10%
iter 1200: loss 1.9280, time 12.75ms, mfu 0.10%
iter 1210: loss 1.7322, time 13.21ms, mfu 0.10%
iter 1220: loss 1.8954, time 13.55ms, mfu 0.10%
iter 1230: loss 1.8417, time 23.48ms, mfu 0.09%
iter 1240: loss 1.7458, time 13.05ms, mfu 0.09%
step 1250: train loss 1.8078, val loss 1.9348
saving checkpoint to runs/baseline_lr2e-3
iter 1250: loss 1.9141, time 1663.08ms, mfu 0.08%
iter 1260: loss 1.6682, time 13.17ms, mfu 0.08%
iter 1270: loss 1.8603, time 12.94ms, mfu 0.09%
iter 1280: loss 1.7800, time 13.03ms, mfu 0.09%
iter 1290: loss 1.8289, time 12.36ms, mfu 0.09%
iter 1300: loss 1.9100, time 13.32ms, mfu 0.09%
iter 1310: loss 1.8712, time 15.74ms, mfu 0.09%
iter 1320: loss 1.7718, time 12.26ms, mfu 0.09%
iter 1330: loss 1.6948, time 12.93ms, mfu 0.09%
iter 1340: loss 1.7934, time 12.90ms, mfu 0.09%
iter 1350: loss 1.7220, time 12.60ms, mfu 0.09%
iter 1360: loss 1.7617, time 12.75ms, mfu 0.09%
iter 1370: loss 1.8976, time 13.03ms, mfu 0.09%
iter 1380: loss 1.7777, time 13.18ms, mfu 0.09%
iter 1390: loss 1.8048, time 13.20ms, mfu 0.09%
iter 1400: loss 1.7365, time 12.98ms, mfu 0.09%
iter 1410: loss 1.7704, time 13.70ms, mfu 0.09%
iter 1420: loss 1.8325, time 12.67ms, mfu 0.10%
iter 1430: loss 1.6219, time 12.98ms, mfu 0.10%
iter 1440: loss 1.7546, time 13.82ms, mfu 0.09%
iter 1450: loss 1.6468, time 13.38ms, mfu 0.09%
iter 1460: loss 1.7831, time 13.19ms, mfu 0.10%
iter 1470: loss 1.8014, time 13.33ms, mfu 0.10%
iter 1480: loss 1.7915, time 13.45ms, mfu 0.10%
iter 1490: loss 1.8634, time 12.71ms, mfu 0.10%
step 1500: train loss 1.7420, val loss 1.8716
saving checkpoint to runs/baseline_lr2e-3
iter 1500: loss 1.8039, time 1649.21ms, mfu 0.09%
iter 1510: loss 1.6799, time 13.16ms, mfu 0.09%
iter 1520: loss 1.7985, time 12.71ms, mfu 0.09%
iter 1530: loss 1.6898, time 13.07ms, mfu 0.09%
iter 1540: loss 1.6667, time 13.55ms, mfu 0.09%
iter 1550: loss 1.7496, time 12.85ms, mfu 0.09%
iter 1560: loss 1.6766, time 12.62ms, mfu 0.09%
iter 1570: loss 1.6833, time 13.42ms, mfu 0.09%
iter 1580: loss 1.6752, time 13.74ms, mfu 0.09%
iter 1590: loss 1.6603, time 13.64ms, mfu 0.09%
iter 1600: loss 1.6192, time 13.13ms, mfu 0.09%
iter 1610: loss 1.8270, time 12.56ms, mfu 0.09%
iter 1620: loss 1.6808, time 13.36ms, mfu 0.09%
iter 1630: loss 1.6758, time 12.76ms, mfu 0.09%
iter 1640: loss 1.6453, time 12.84ms, mfu 0.09%
iter 1650: loss 1.8709, time 13.19ms, mfu 0.09%
iter 1660: loss 1.7261, time 12.65ms, mfu 0.10%
iter 1670: loss 1.7048, time 12.81ms, mfu 0.10%
iter 1680: loss 1.6166, time 13.39ms, mfu 0.10%
iter 1690: loss 1.7733, time 13.54ms, mfu 0.10%
iter 1700: loss 1.6778, time 12.65ms, mfu 0.10%
iter 1710: loss 1.8244, time 12.85ms, mfu 0.10%
iter 1720: loss 1.7093, time 12.75ms, mfu 0.10%
iter 1730: loss 1.6741, time 13.49ms, mfu 0.10%
iter 1740: loss 1.8110, time 13.32ms, mfu 0.10%
step 1750: train loss 1.6860, val loss 1.8435
saving checkpoint to runs/baseline_lr2e-3
iter 1750: loss 1.8000, time 1612.94ms, mfu 0.09%
iter 1760: loss 1.5815, time 12.03ms, mfu 0.09%
iter 1770: loss 1.6383, time 13.80ms, mfu 0.09%
iter 1780: loss 1.6590, time 13.33ms, mfu 0.09%
iter 1790: loss 1.6574, time 12.83ms, mfu 0.09%
iter 1800: loss 1.6672, time 17.36ms, mfu 0.09%
iter 1810: loss 1.7643, time 13.42ms, mfu 0.09%
iter 1820: loss 1.7358, time 12.54ms, mfu 0.09%
iter 1830: loss 1.6450, time 13.19ms, mfu 0.09%
iter 1840: loss 1.5852, time 12.71ms, mfu 0.09%
iter 1850: loss 1.7599, time 13.10ms, mfu 0.09%
iter 1860: loss 1.6762, time 13.69ms, mfu 0.09%
iter 1870: loss 1.7458, time 13.02ms, mfu 0.09%
iter 1880: loss 1.7037, time 13.67ms, mfu 0.09%
iter 1890: loss 1.6245, time 13.32ms, mfu 0.09%
iter 1900: loss 1.6428, time 12.99ms, mfu 0.09%
iter 1910: loss 1.7226, time 13.17ms, mfu 0.09%
iter 1920: loss 1.5979, time 17.14ms, mfu 0.09%
iter 1930: loss 1.7390, time 13.01ms, mfu 0.09%
iter 1940: loss 1.6541, time 13.06ms, mfu 0.09%
iter 1950: loss 1.6676, time 13.05ms, mfu 0.09%
iter 1960: loss 1.5954, time 12.56ms, mfu 0.09%
iter 1970: loss 1.6371, time 12.69ms, mfu 0.09%
iter 1980: loss 1.6349, time 12.72ms, mfu 0.10%
iter 1990: loss 1.6588, time 13.49ms, mfu 0.10%
step 2000: train loss 1.6614, val loss 1.8278
saving checkpoint to runs/baseline_lr2e-3
iter 2000: loss 1.6080, time 1584.85ms, mfu 0.09%
