Overriding config with config/train_shakespeare_char.py:
# train a miniature character-level shakespeare model
# good for debugging and playing on macbooks and such

out_dir = 'out-shakespeare-char'
eval_interval = 250 # keep frequent because we'll overfit
eval_iters = 200
log_interval = 10 # don't print too too often

# we expect to overfit on this small dataset, so only save when val improves
always_save_checkpoint = False

wandb_log = False # override via command line if you like
wandb_project = 'shakespeare-char'
wandb_run_name = 'mini-gpt'

dataset = 'shakespeare_char'
gradient_accumulation_steps = 1
batch_size = 64
block_size = 256 # context of up to 256 previous characters

# baby GPT model :)
n_layer = 6
n_head = 6
n_embd = 384
dropout = 0.2

learning_rate = 1e-3 # with baby networks can afford to go a bit higher
max_iters = 5000
lr_decay_iters = 5000 # make equal to max_iters usually
min_lr = 1e-4 # learning_rate / 10 usually
beta2 = 0.99 # make a bit bigger because number of tokens per iter is small

warmup_iters = 100 # not super necessary potentially

# on macbook also add
# device = 'cpu'  # run on cpu only
# compile = False # do not torch compile the model

Overriding: device = cpu
Overriding: compile = False
Overriding: eval_iters = 200
Overriding: log_interval = 10
Overriding: block_size = 64
Overriding: batch_size = 12
Overriding: n_layer = 4
Overriding: n_head = 4
Overriding: n_embd = 128
Overriding: max_iters = 2000
Overriding: lr_decay_iters = 2000
Overriding: dropout = 0.0
Overriding: learning_rate = 0.004
Overriding: out_dir = runs/rmsnorm_lr4e-3
Overriding: norm_type = rmsnorm
tokens per iteration will be: 768
found vocab_size = 65 (inside data/shakespeare_char/meta.pkl)
Initializing a new model from scratch
number of parameters: 0.80M
train.py:203: FutureWarning: `torch.cuda.amp.GradScaler(args...)` is deprecated. Please use `torch.amp.GradScaler('cuda', args...)` instead.
  scaler = torch.cuda.amp.GradScaler(enabled=(dtype == 'float16'))
.venv/lib/python3.13/site-packages/torch/cuda/amp/grad_scaler.py:31: UserWarning: torch.cuda.amp.GradScaler is enabled, but CUDA is not available.  Disabling.
  super().__init__(
num decayed parameter tensors: 18, with 802,944 parameters
num non-decayed parameter tensors: 9, with 1,152 parameters
using fused AdamW: False
step 0: train loss 4.1721, val loss 4.1685
iter 0: loss 4.1857, time 1655.04ms, mfu -100.00%
iter 10: loss 3.5956, time 14.47ms, mfu 0.09%
iter 20: loss 3.1277, time 14.62ms, mfu 0.09%
iter 30: loss 2.8595, time 15.14ms, mfu 0.09%
iter 40: loss 2.8153, time 14.30ms, mfu 0.09%
iter 50: loss 2.7781, time 14.50ms, mfu 0.09%
iter 60: loss 2.6058, time 14.17ms, mfu 0.09%
iter 70: loss 2.5712, time 15.42ms, mfu 0.09%
iter 80: loss 2.5866, time 14.56ms, mfu 0.09%
iter 90: loss 2.5464, time 16.90ms, mfu 0.09%
iter 100: loss 2.5642, time 14.39ms, mfu 0.09%
iter 110: loss 2.6962, time 14.93ms, mfu 0.09%
iter 120: loss 2.5870, time 14.67ms, mfu 0.09%
iter 130: loss 2.5221, time 15.36ms, mfu 0.09%
iter 140: loss 2.5144, time 14.52ms, mfu 0.09%
iter 150: loss 2.4895, time 14.36ms, mfu 0.09%
iter 160: loss 2.4903, time 13.94ms, mfu 0.09%
iter 170: loss 2.5734, time 15.19ms, mfu 0.09%
iter 180: loss 2.5541, time 15.29ms, mfu 0.09%
iter 190: loss 2.5050, time 16.42ms, mfu 0.09%
iter 200: loss 2.4635, time 14.72ms, mfu 0.09%
iter 210: loss 2.5348, time 15.04ms, mfu 0.09%
iter 220: loss 2.3896, time 15.59ms, mfu 0.08%
iter 230: loss 2.4002, time 14.47ms, mfu 0.09%
iter 240: loss 2.4732, time 14.82ms, mfu 0.09%
step 250: train loss 2.4212, val loss 2.4330
saving checkpoint to runs/rmsnorm_lr4e-3
iter 250: loss 2.4504, time 1693.76ms, mfu 0.08%
iter 260: loss 2.4821, time 14.45ms, mfu 0.08%
iter 270: loss 2.3611, time 14.68ms, mfu 0.08%
iter 280: loss 2.4236, time 14.38ms, mfu 0.08%
iter 290: loss 2.4258, time 14.24ms, mfu 0.08%
iter 300: loss 2.3243, time 15.28ms, mfu 0.08%
iter 310: loss 2.3424, time 14.34ms, mfu 0.08%
iter 320: loss 2.3729, time 15.13ms, mfu 0.08%
iter 330: loss 2.3281, time 16.76ms, mfu 0.08%
iter 340: loss 2.3092, time 14.60ms, mfu 0.08%
iter 350: loss 2.3373, time 14.58ms, mfu 0.08%
iter 360: loss 2.3209, time 14.55ms, mfu 0.08%
iter 370: loss 2.1952, time 14.86ms, mfu 0.08%
iter 380: loss 2.3134, time 14.24ms, mfu 0.08%
iter 390: loss 2.3095, time 14.41ms, mfu 0.08%
iter 400: loss 2.2352, time 14.67ms, mfu 0.08%
iter 410: loss 2.2980, time 14.87ms, mfu 0.08%
iter 420: loss 2.1532, time 14.56ms, mfu 0.08%
iter 430: loss 2.2532, time 14.71ms, mfu 0.09%
iter 440: loss 2.1753, time 14.68ms, mfu 0.09%
iter 450: loss 2.1520, time 15.87ms, mfu 0.08%
iter 460: loss 2.1460, time 14.79ms, mfu 0.08%
iter 470: loss 2.1369, time 16.35ms, mfu 0.08%
iter 480: loss 2.2520, time 14.42ms, mfu 0.08%
iter 490: loss 2.1298, time 14.71ms, mfu 0.08%
step 500: train loss 2.1401, val loss 2.1760
saving checkpoint to runs/rmsnorm_lr4e-3
iter 500: loss 1.9940, time 1639.40ms, mfu 0.08%
iter 510: loss 2.2419, time 14.60ms, mfu 0.08%
iter 520: loss 2.1695, time 14.38ms, mfu 0.08%
iter 530: loss 2.0874, time 15.04ms, mfu 0.08%
iter 540: loss 2.0978, time 14.41ms, mfu 0.08%
iter 550: loss 2.1504, time 14.16ms, mfu 0.08%
iter 560: loss 2.0228, time 14.28ms, mfu 0.08%
iter 570: loss 2.0893, time 14.23ms, mfu 0.08%
iter 580: loss 2.1320, time 14.93ms, mfu 0.08%
iter 590: loss 1.9973, time 14.63ms, mfu 0.08%
iter 600: loss 2.1392, time 14.53ms, mfu 0.08%
iter 610: loss 2.0777, time 14.62ms, mfu 0.08%
iter 620: loss 1.9901, time 14.57ms, mfu 0.08%
iter 630: loss 2.0693, time 14.67ms, mfu 0.08%
iter 640: loss 2.0343, time 14.95ms, mfu 0.08%
iter 650: loss 1.9791, time 14.55ms, mfu 0.08%
iter 660: loss 1.9103, time 16.74ms, mfu 0.08%
iter 670: loss 1.9794, time 17.50ms, mfu 0.08%
iter 680: loss 1.9584, time 14.96ms, mfu 0.08%
iter 690: loss 2.0210, time 14.81ms, mfu 0.08%
iter 700: loss 2.0087, time 15.07ms, mfu 0.08%
iter 710: loss 1.9133, time 14.48ms, mfu 0.08%
iter 720: loss 1.9984, time 17.19ms, mfu 0.08%
iter 730: loss 2.0531, time 14.56ms, mfu 0.08%
iter 740: loss 1.9435, time 14.83ms, mfu 0.08%
step 750: train loss 1.9756, val loss 2.0276
saving checkpoint to runs/rmsnorm_lr4e-3
iter 750: loss 1.9961, time 1647.65ms, mfu 0.08%
iter 760: loss 1.9084, time 14.81ms, mfu 0.08%
iter 770: loss 2.0287, time 14.65ms, mfu 0.08%
iter 780: loss 1.8704, time 14.39ms, mfu 0.08%
iter 790: loss 1.9997, time 15.37ms, mfu 0.08%
iter 800: loss 2.0395, time 14.77ms, mfu 0.08%
iter 810: loss 1.8572, time 14.98ms, mfu 0.08%
iter 820: loss 1.9524, time 15.01ms, mfu 0.08%
iter 830: loss 1.8610, time 15.46ms, mfu 0.08%
iter 840: loss 1.8256, time 14.51ms, mfu 0.08%
iter 850: loss 1.8754, time 15.21ms, mfu 0.08%
iter 860: loss 1.8186, time 15.01ms, mfu 0.08%
iter 870: loss 1.9627, time 15.18ms, mfu 0.08%
iter 880: loss 1.8468, time 14.91ms, mfu 0.08%
iter 890: loss 1.9654, time 16.26ms, mfu 0.08%
iter 900: loss 1.8925, time 14.79ms, mfu 0.08%
iter 910: loss 1.8553, time 14.95ms, mfu 0.08%
iter 920: loss 1.8862, time 14.33ms, mfu 0.08%
iter 930: loss 1.7877, time 14.79ms, mfu 0.08%
iter 940: loss 1.7936, time 14.84ms, mfu 0.08%
iter 950: loss 1.8367, time 14.98ms, mfu 0.08%
iter 960: loss 1.8333, time 15.26ms, mfu 0.08%
iter 970: loss 1.7942, time 14.38ms, mfu 0.08%
iter 980: loss 1.8913, time 14.88ms, mfu 0.08%
iter 990: loss 1.8195, time 14.59ms, mfu 0.08%
step 1000: train loss 1.8203, val loss 1.9590
saving checkpoint to runs/rmsnorm_lr4e-3
iter 1000: loss 1.8659, time 1685.82ms, mfu 0.08%
iter 1010: loss 1.9280, time 15.30ms, mfu 0.08%
iter 1020: loss 1.9254, time 15.05ms, mfu 0.08%
iter 1030: loss 1.7773, time 14.94ms, mfu 0.08%
iter 1040: loss 1.8979, time 14.23ms, mfu 0.08%
iter 1050: loss 1.7236, time 14.82ms, mfu 0.08%
iter 1060: loss 1.8127, time 14.98ms, mfu 0.08%
iter 1070: loss 1.7557, time 14.52ms, mfu 0.08%
iter 1080: loss 1.8840, time 14.75ms, mfu 0.08%
iter 1090: loss 1.7588, time 14.74ms, mfu 0.08%
iter 1100: loss 1.7326, time 14.69ms, mfu 0.08%
iter 1110: loss 1.8134, time 14.59ms, mfu 0.08%
iter 1120: loss 1.7163, time 14.95ms, mfu 0.08%
iter 1130: loss 1.7440, time 15.25ms, mfu 0.08%
iter 1140: loss 1.7824, time 14.68ms, mfu 0.08%
iter 1150: loss 1.8120, time 14.46ms, mfu 0.08%
iter 1160: loss 1.7284, time 14.50ms, mfu 0.08%
iter 1170: loss 1.7619, time 14.67ms, mfu 0.08%
iter 1180: loss 1.7197, time 14.71ms, mfu 0.08%
iter 1190: loss 1.7851, time 14.64ms, mfu 0.09%
iter 1200: loss 1.8716, time 14.96ms, mfu 0.09%
iter 1210: loss 1.6545, time 17.06ms, mfu 0.08%
iter 1220: loss 1.8360, time 15.18ms, mfu 0.08%
iter 1230: loss 1.7721, time 14.72ms, mfu 0.08%
iter 1240: loss 1.6640, time 15.21ms, mfu 0.08%
step 1250: train loss 1.7316, val loss 1.8987
saving checkpoint to runs/rmsnorm_lr4e-3
iter 1250: loss 1.8448, time 1665.01ms, mfu 0.08%
iter 1260: loss 1.5871, time 14.46ms, mfu 0.08%
iter 1270: loss 1.8334, time 14.75ms, mfu 0.08%
iter 1280: loss 1.6867, time 14.78ms, mfu 0.08%
iter 1290: loss 1.7639, time 14.88ms, mfu 0.08%
iter 1300: loss 1.8243, time 15.05ms, mfu 0.08%
iter 1310: loss 1.7950, time 14.39ms, mfu 0.08%
iter 1320: loss 1.7092, time 15.26ms, mfu 0.08%
iter 1330: loss 1.6325, time 14.92ms, mfu 0.08%
iter 1340: loss 1.7266, time 14.94ms, mfu 0.08%
iter 1350: loss 1.6695, time 14.59ms, mfu 0.08%
iter 1360: loss 1.6680, time 18.13ms, mfu 0.08%
iter 1370: loss 1.8116, time 15.04ms, mfu 0.08%
iter 1380: loss 1.7331, time 14.80ms, mfu 0.08%
iter 1390: loss 1.7667, time 14.45ms, mfu 0.08%
iter 1400: loss 1.6719, time 14.87ms, mfu 0.08%
iter 1410: loss 1.7345, time 14.52ms, mfu 0.08%
iter 1420: loss 1.7410, time 14.92ms, mfu 0.08%
iter 1430: loss 1.5524, time 14.86ms, mfu 0.08%
iter 1440: loss 1.6592, time 14.33ms, mfu 0.08%
iter 1450: loss 1.5670, time 26.47ms, mfu 0.08%
iter 1460: loss 1.7117, time 14.57ms, mfu 0.08%
iter 1470: loss 1.7014, time 14.77ms, mfu 0.08%
iter 1480: loss 1.7387, time 14.82ms, mfu 0.08%
iter 1490: loss 1.7752, time 15.24ms, mfu 0.08%
step 1500: train loss 1.6656, val loss 1.8281
saving checkpoint to runs/rmsnorm_lr4e-3
iter 1500: loss 1.6820, time 1661.15ms, mfu 0.07%
iter 1510: loss 1.6055, time 14.92ms, mfu 0.08%
iter 1520: loss 1.7150, time 15.63ms, mfu 0.08%
iter 1530: loss 1.6119, time 14.77ms, mfu 0.08%
iter 1540: loss 1.5956, time 14.51ms, mfu 0.08%
iter 1550: loss 1.6654, time 14.88ms, mfu 0.08%
iter 1560: loss 1.5704, time 16.05ms, mfu 0.08%
iter 1570: loss 1.6296, time 14.56ms, mfu 0.08%
iter 1580: loss 1.5982, time 15.11ms, mfu 0.08%
iter 1590: loss 1.5813, time 14.89ms, mfu 0.08%
iter 1600: loss 1.5586, time 14.84ms, mfu 0.08%
iter 1610: loss 1.7538, time 14.50ms, mfu 0.08%
iter 1620: loss 1.5764, time 14.34ms, mfu 0.08%
iter 1630: loss 1.6130, time 15.00ms, mfu 0.08%
iter 1640: loss 1.5621, time 14.66ms, mfu 0.08%
iter 1650: loss 1.8113, time 14.90ms, mfu 0.08%
iter 1660: loss 1.6952, time 14.98ms, mfu 0.08%
iter 1670: loss 1.6177, time 15.22ms, mfu 0.08%
iter 1680: loss 1.5681, time 14.96ms, mfu 0.08%
iter 1690: loss 1.6886, time 15.01ms, mfu 0.08%
iter 1700: loss 1.6121, time 14.51ms, mfu 0.08%
iter 1710: loss 1.7258, time 14.94ms, mfu 0.08%
iter 1720: loss 1.6236, time 14.71ms, mfu 0.08%
iter 1730: loss 1.5746, time 18.59ms, mfu 0.08%
iter 1740: loss 1.7382, time 14.75ms, mfu 0.08%
step 1750: train loss 1.6121, val loss 1.7824
saving checkpoint to runs/rmsnorm_lr4e-3
iter 1750: loss 1.7056, time 1646.95ms, mfu 0.07%
iter 1760: loss 1.5266, time 15.19ms, mfu 0.08%
iter 1770: loss 1.5789, time 15.07ms, mfu 0.08%
iter 1780: loss 1.5709, time 14.92ms, mfu 0.08%
iter 1790: loss 1.6025, time 14.68ms, mfu 0.08%
iter 1800: loss 1.6301, time 14.97ms, mfu 0.08%
iter 1810: loss 1.7038, time 14.45ms, mfu 0.08%
iter 1820: loss 1.6786, time 14.39ms, mfu 0.08%
iter 1830: loss 1.5949, time 15.13ms, mfu 0.08%
iter 1840: loss 1.4965, time 14.68ms, mfu 0.08%
iter 1850: loss 1.7203, time 15.29ms, mfu 0.08%
iter 1860: loss 1.6227, time 14.17ms, mfu 0.08%
iter 1870: loss 1.6632, time 15.19ms, mfu 0.08%
iter 1880: loss 1.6242, time 14.43ms, mfu 0.08%
iter 1890: loss 1.5540, time 15.44ms, mfu 0.08%
iter 1900: loss 1.5684, time 14.53ms, mfu 0.08%
iter 1910: loss 1.6784, time 14.40ms, mfu 0.08%
iter 1920: loss 1.5077, time 14.93ms, mfu 0.08%
iter 1930: loss 1.6748, time 14.49ms, mfu 0.08%
iter 1940: loss 1.5744, time 14.38ms, mfu 0.08%
iter 1950: loss 1.6207, time 15.64ms, mfu 0.08%
iter 1960: loss 1.5236, time 14.57ms, mfu 0.08%
iter 1970: loss 1.6062, time 14.88ms, mfu 0.08%
iter 1980: loss 1.5796, time 14.76ms, mfu 0.09%
iter 1990: loss 1.6024, time 14.52ms, mfu 0.09%
step 2000: train loss 1.5902, val loss 1.7576
saving checkpoint to runs/rmsnorm_lr4e-3
iter 2000: loss 1.5341, time 1643.07ms, mfu 0.08%
