Overriding config with config/train_shakespeare_char.py:
# train a miniature character-level shakespeare model
# good for debugging and playing on macbooks and such

out_dir = 'out-shakespeare-char'
eval_interval = 250 # keep frequent because we'll overfit
eval_iters = 200
log_interval = 10 # don't print too too often

# we expect to overfit on this small dataset, so only save when val improves
always_save_checkpoint = False

wandb_log = False # override via command line if you like
wandb_project = 'shakespeare-char'
wandb_run_name = 'mini-gpt'

dataset = 'shakespeare_char'
gradient_accumulation_steps = 1
batch_size = 64
block_size = 256 # context of up to 256 previous characters

# baby GPT model :)
n_layer = 6
n_head = 6
n_embd = 384
dropout = 0.2

learning_rate = 1e-3 # with baby networks can afford to go a bit higher
max_iters = 5000
lr_decay_iters = 5000 # make equal to max_iters usually
min_lr = 1e-4 # learning_rate / 10 usually
beta2 = 0.99 # make a bit bigger because number of tokens per iter is small

warmup_iters = 100 # not super necessary potentially

# on macbook also add
# device = 'cpu'  # run on cpu only
# compile = False # do not torch compile the model

Overriding: learning_rate = 0.0005
Overriding: out_dir = runs_full/baseline_lr5e-4
tokens per iteration will be: 16,384
found vocab_size = 65 (inside data/shakespeare_char/meta.pkl)
Initializing a new model from scratch
number of parameters: 10.65M
/scratch/guo.jiayin/nanoGPT/train.py:203: FutureWarning: `torch.cuda.amp.GradScaler(args...)` is deprecated. Please use `torch.amp.GradScaler('cuda', args...)` instead.
  scaler = torch.cuda.amp.GradScaler(enabled=(dtype == 'float16'))
num decayed parameter tensors: 26, with 10,740,096 parameters
num non-decayed parameter tensors: 13, with 4,992 parameters
using fused AdamW: True
compiling the model... (takes a ~minute)
step 0: train loss 4.2874, val loss 4.2823
iter 0: loss 4.2654, time 20047.93ms, mfu -100.00%
iter 10: loss 3.3210, time 9.52ms, mfu 39.13%
iter 20: loss 2.8791, time 7.22ms, mfu 40.37%
iter 30: loss 2.7000, time 11.00ms, mfu 39.72%
iter 40: loss 2.6190, time 7.34ms, mfu 40.83%
iter 50: loss 2.5590, time 9.03ms, mfu 40.87%
iter 60: loss 2.5313, time 8.37ms, mfu 41.24%
iter 70: loss 2.5195, time 7.30ms, mfu 42.22%
iter 80: loss 2.5129, time 7.03ms, mfu 43.30%
iter 90: loss 2.4912, time 8.38ms, mfu 43.41%
iter 100: loss 2.4779, time 7.32ms, mfu 44.16%
iter 110: loss 2.4713, time 8.28ms, mfu 44.25%
iter 120: loss 2.4446, time 7.25ms, mfu 44.96%
iter 130: loss 2.4308, time 6.32ms, mfu 46.36%
iter 140: loss 2.4334, time 7.00ms, mfu 47.05%
iter 150: loss 2.4465, time 6.74ms, mfu 47.88%
iter 160: loss 2.4261, time 6.63ms, mfu 48.71%
iter 170: loss 2.3938, time 8.58ms, mfu 48.18%
iter 180: loss 2.3863, time 7.97ms, mfu 48.04%
iter 190: loss 2.3659, time 7.60ms, mfu 48.14%
iter 200: loss 2.3336, time 8.99ms, mfu 47.47%
iter 210: loss 2.3041, time 9.08ms, mfu 46.83%
iter 220: loss 2.3155, time 8.66ms, mfu 46.45%
iter 230: loss 2.2719, time 7.93ms, mfu 46.50%
iter 240: loss 2.2792, time 8.31ms, mfu 46.33%
step 250: train loss 2.1702, val loss 2.2164
saving checkpoint to runs_full/baseline_lr5e-4
iter 250: loss 2.2479, time 5796.24ms, mfu 41.71%
iter 260: loss 2.2090, time 8.13ms, mfu 42.12%
iter 270: loss 2.1983, time 8.92ms, mfu 42.08%
iter 280: loss 2.2015, time 7.44ms, mfu 42.89%
iter 290: loss 2.1456, time 7.49ms, mfu 43.57%
iter 300: loss 2.1290, time 7.35ms, mfu 44.28%
iter 310: loss 2.0971, time 7.73ms, mfu 44.67%
iter 320: loss 2.0945, time 6.88ms, mfu 45.63%
iter 330: loss 2.0559, time 6.82ms, mfu 46.53%
iter 340: loss 2.0180, time 7.58ms, mfu 46.79%
iter 350: loss 2.0497, time 8.95ms, mfu 46.27%
iter 360: loss 1.9968, time 8.38ms, mfu 46.09%
iter 370: loss 1.9659, time 8.19ms, mfu 46.03%
iter 380: loss 1.9468, time 8.60ms, mfu 45.76%
iter 390: loss 1.9511, time 7.51ms, mfu 46.15%
iter 400: loss 1.9616, time 10.19ms, mfu 45.19%
iter 410: loss 1.9078, time 8.72ms, mfu 44.95%
iter 420: loss 1.9331, time 7.30ms, mfu 45.56%
iter 430: loss 1.8974, time 9.72ms, mfu 44.83%
iter 440: loss 1.8415, time 10.26ms, mfu 43.98%
iter 450: loss 1.8513, time 8.20ms, mfu 44.13%
iter 460: loss 1.7934, time 10.90ms, mfu 43.13%
iter 470: loss 1.8439, time 9.36ms, mfu 42.80%
iter 480: loss 1.7961, time 10.96ms, mfu 41.92%
iter 490: loss 1.7807, time 8.04ms, mfu 42.36%
step 500: train loss 1.6809, val loss 1.8542
saving checkpoint to runs_full/baseline_lr5e-4
iter 500: loss 1.7809, time 5708.22ms, mfu 38.13%
iter 510: loss 1.7676, time 9.77ms, mfu 38.13%
iter 520: loss 1.7573, time 9.14ms, mfu 38.40%
iter 530: loss 1.7246, time 9.99ms, mfu 38.29%
iter 540: loss 1.7702, time 9.87ms, mfu 38.23%
iter 550: loss 1.7138, time 9.73ms, mfu 38.24%
iter 560: loss 1.7082, time 8.18ms, mfu 38.97%
iter 570: loss 1.7107, time 9.95ms, mfu 38.82%
iter 580: loss 1.6905, time 7.26ms, mfu 40.07%
iter 590: loss 1.6490, time 9.04ms, mfu 40.18%
iter 600: loss 1.6643, time 7.72ms, mfu 40.99%
iter 610: loss 1.6740, time 8.86ms, mfu 41.09%
iter 620: loss 1.6580, time 10.11ms, mfu 40.67%
iter 630: loss 1.6496, time 8.48ms, mfu 41.00%
iter 640: loss 1.6007, time 7.32ms, mfu 41.99%
iter 650: loss 1.6328, time 7.59ms, mfu 42.70%
iter 660: loss 1.6281, time 8.81ms, mfu 42.66%
iter 670: loss 1.5655, time 8.85ms, mfu 42.60%
iter 680: loss 1.6232, time 9.92ms, mfu 42.10%
iter 690: loss 1.5800, time 7.35ms, mfu 42.96%
iter 700: loss 1.6041, time 8.06ms, mfu 43.29%
iter 710: loss 1.5676, time 7.73ms, mfu 43.78%
iter 720: loss 1.5514, time 7.25ms, mfu 44.54%
iter 730: loss 1.5348, time 9.42ms, mfu 44.04%
iter 740: loss 1.5297, time 7.35ms, mfu 44.71%
step 750: train loss 1.4632, val loss 1.6681
saving checkpoint to runs_full/baseline_lr5e-4
iter 750: loss 1.5236, time 5583.87ms, mfu 40.24%
iter 760: loss 1.5439, time 7.71ms, mfu 41.05%
iter 770: loss 1.5352, time 8.60ms, mfu 41.28%
iter 780: loss 1.5279, time 9.30ms, mfu 41.16%
iter 790: loss 1.5222, time 9.99ms, mfu 40.77%
iter 800: loss 1.5279, time 8.17ms, mfu 41.25%
iter 810: loss 1.4964, time 8.09ms, mfu 41.73%
iter 820: loss 1.5023, time 9.87ms, mfu 41.33%
iter 830: loss 1.4822, time 7.86ms, mfu 41.94%
iter 840: loss 1.4923, time 9.55ms, mfu 41.65%
iter 850: loss 1.4773, time 9.08ms, mfu 41.59%
iter 860: loss 1.4897, time 8.04ms, mfu 42.06%
iter 870: loss 1.4850, time 7.49ms, mfu 42.83%
iter 880: loss 1.4657, time 8.92ms, mfu 42.73%
iter 890: loss 1.4800, time 9.69ms, mfu 42.30%
iter 900: loss 1.4701, time 8.41ms, mfu 42.50%
iter 910: loss 1.4071, time 9.87ms, mfu 42.02%
iter 920: loss 1.4482, time 7.93ms, mfu 42.52%
iter 930: loss 1.4383, time 9.38ms, mfu 42.24%
iter 940: loss 1.4286, time 9.22ms, mfu 42.06%
iter 950: loss 1.4369, time 9.69ms, mfu 41.70%
iter 960: loss 1.4469, time 9.57ms, mfu 41.42%
iter 970: loss 1.4400, time 9.42ms, mfu 41.23%
iter 980: loss 1.4419, time 9.52ms, mfu 41.03%
iter 990: loss 1.4196, time 9.55ms, mfu 40.83%
step 1000: train loss 1.3590, val loss 1.5794
saving checkpoint to runs_full/baseline_lr5e-4
iter 1000: loss 1.4125, time 6029.16ms, mfu 36.75%
iter 1010: loss 1.4234, time 7.60ms, mfu 37.98%
iter 1020: loss 1.3890, time 8.14ms, mfu 38.76%
iter 1030: loss 1.4166, time 8.22ms, mfu 39.41%
iter 1040: loss 1.4326, time 7.91ms, mfu 40.19%
iter 1050: loss 1.3717, time 9.23ms, mfu 40.20%
iter 1060: loss 1.4237, time 9.25ms, mfu 40.21%
iter 1070: loss 1.4104, time 9.89ms, mfu 39.96%
iter 1080: loss 1.4168, time 8.90ms, mfu 40.15%
iter 1090: loss 1.4270, time 9.15ms, mfu 40.21%
iter 1100: loss 1.3971, time 9.18ms, mfu 40.25%
iter 1110: loss 1.3754, time 10.27ms, mfu 39.85%
iter 1120: loss 1.3728, time 8.04ms, mfu 40.50%
iter 1130: loss 1.3683, time 10.86ms, mfu 39.88%
iter 1140: loss 1.3734, time 9.62ms, mfu 39.77%
iter 1150: loss 1.3809, time 8.99ms, mfu 39.94%
iter 1160: loss 1.4057, time 9.67ms, mfu 39.80%
iter 1170: loss 1.3731, time 8.18ms, mfu 40.37%
iter 1180: loss 1.3863, time 8.25ms, mfu 40.85%
iter 1190: loss 1.3460, time 9.00ms, mfu 40.91%
iter 1200: loss 1.3629, time 8.85ms, mfu 41.03%
iter 1210: loss 1.3353, time 7.84ms, mfu 41.68%
iter 1220: loss 1.3804, time 8.21ms, mfu 42.05%
iter 1230: loss 1.3750, time 9.21ms, mfu 41.89%
iter 1240: loss 1.3711, time 7.87ms, mfu 42.43%
step 1250: train loss 1.2792, val loss 1.5303
saving checkpoint to runs_full/baseline_lr5e-4
iter 1250: loss 1.3448, time 5855.73ms, mfu 38.19%
iter 1260: loss 1.3534, time 9.49ms, mfu 38.30%
iter 1270: loss 1.3328, time 8.59ms, mfu 38.81%
iter 1280: loss 1.3211, time 9.60ms, mfu 38.81%
iter 1290: loss 1.3537, time 9.08ms, mfu 39.03%
iter 1300: loss 1.3735, time 8.69ms, mfu 39.41%
iter 1310: loss 1.2996, time 10.77ms, mfu 38.93%
iter 1320: loss 1.3780, time 9.98ms, mfu 38.77%
iter 1330: loss 1.3366, time 7.85ms, mfu 39.64%
iter 1340: loss 1.3713, time 8.94ms, mfu 39.84%
iter 1350: loss 1.3265, time 8.81ms, mfu 40.09%
iter 1360: loss 1.3469, time 8.77ms, mfu 40.33%
iter 1370: loss 1.3276, time 8.38ms, mfu 40.74%
iter 1380: loss 1.3277, time 9.86ms, mfu 40.45%
iter 1390: loss 1.3192, time 9.07ms, mfu 40.51%
iter 1400: loss 1.3320, time 9.09ms, mfu 40.56%
iter 1410: loss 1.3134, time 7.59ms, mfu 41.41%
iter 1420: loss 1.3345, time 10.21ms, mfu 40.92%
iter 1430: loss 1.3050, time 8.15ms, mfu 41.40%
iter 1440: loss 1.3229, time 9.20ms, mfu 41.31%
iter 1450: loss 1.2969, time 9.18ms, mfu 41.24%
iter 1460: loss 1.3066, time 9.14ms, mfu 41.19%
iter 1470: loss 1.2877, time 7.48ms, mfu 42.06%
iter 1480: loss 1.2835, time 10.02ms, mfu 41.57%
iter 1490: loss 1.3030, time 11.30ms, mfu 40.71%
step 1500: train loss 1.2246, val loss 1.4996
saving checkpoint to runs_full/baseline_lr5e-4
iter 1500: loss 1.2485, time 5855.55ms, mfu 36.65%
iter 1510: loss 1.3070, time 9.07ms, mfu 37.09%
iter 1520: loss 1.2850, time 9.24ms, mfu 37.41%
iter 1530: loss 1.3263, time 8.59ms, mfu 38.01%
iter 1540: loss 1.2540, time 8.97ms, mfu 38.36%
iter 1550: loss 1.2947, time 8.02ms, mfu 39.17%
iter 1560: loss 1.2810, time 8.35ms, mfu 39.72%
iter 1570: loss 1.3056, time 8.15ms, mfu 40.32%
iter 1580: loss 1.2724, time 8.96ms, mfu 40.45%
iter 1590: loss 1.2500, time 9.91ms, mfu 40.16%
iter 1600: loss 1.2635, time 7.97ms, mfu 40.82%
iter 1610: loss 1.3086, time 7.57ms, mfu 41.66%
iter 1620: loss 1.2513, time 8.03ms, mfu 42.13%
iter 1630: loss 1.2657, time 9.00ms, mfu 42.06%
iter 1640: loss 1.2665, time 7.73ms, mfu 42.67%
iter 1650: loss 1.2372, time 8.13ms, mfu 42.99%
iter 1660: loss 1.2873, time 7.17ms, mfu 43.89%
iter 1670: loss 1.2639, time 7.98ms, mfu 44.17%
iter 1680: loss 1.2668, time 8.13ms, mfu 44.33%
iter 1690: loss 1.2665, time 10.54ms, mfu 43.44%
iter 1700: loss 1.2569, time 10.08ms, mfu 42.79%
iter 1710: loss 1.2537, time 7.69ms, mfu 43.36%
iter 1720: loss 1.2506, time 7.86ms, mfu 43.76%
iter 1730: loss 1.2677, time 9.34ms, mfu 43.38%
iter 1740: loss 1.2351, time 8.79ms, mfu 43.28%
step 1750: train loss 1.1767, val loss 1.4826
saving checkpoint to runs_full/baseline_lr5e-4
iter 1750: loss 1.2537, time 4579.78ms, mfu 38.96%
iter 1760: loss 1.2571, time 9.81ms, mfu 38.86%
iter 1770: loss 1.2606, time 8.90ms, mfu 39.16%
iter 1780: loss 1.2655, time 8.39ms, mfu 39.68%
iter 1790: loss 1.2604, time 7.75ms, mfu 40.52%
iter 1800: loss 1.2453, time 9.91ms, mfu 40.23%
iter 1810: loss 1.2181, time 10.17ms, mfu 39.87%
iter 1820: loss 1.2405, time 8.84ms, mfu 40.10%
iter 1830: loss 1.2338, time 9.07ms, mfu 40.20%
iter 1840: loss 1.2250, time 8.23ms, mfu 40.71%
iter 1850: loss 1.2274, time 7.37ms, mfu 41.69%
iter 1860: loss 1.2418, time 8.40ms, mfu 41.96%
iter 1870: loss 1.2072, time 9.75ms, mfu 41.58%
iter 1880: loss 1.2454, time 8.29ms, mfu 41.92%
iter 1890: loss 1.2418, time 9.56ms, mfu 41.63%
iter 1900: loss 1.1992, time 9.16ms, mfu 41.53%
iter 1910: loss 1.2416, time 8.66ms, mfu 41.68%
iter 1920: loss 1.2420, time 9.59ms, mfu 41.40%
iter 1930: loss 1.2130, time 7.56ms, mfu 42.19%
iter 1940: loss 1.1980, time 10.09ms, mfu 41.66%
iter 1950: loss 1.2081, time 8.02ms, mfu 42.14%
iter 1960: loss 1.2157, time 10.03ms, mfu 41.64%
iter 1970: loss 1.2111, time 7.93ms, mfu 42.18%
iter 1980: loss 1.2192, time 10.20ms, mfu 41.61%
iter 1990: loss 1.2173, time 8.92ms, mfu 41.63%
step 2000: train loss 1.1367, val loss 1.4829
iter 2000: loss 1.2034, time 3414.25ms, mfu 37.47%
iter 2010: loss 1.1982, time 9.16ms, mfu 37.80%
iter 2020: loss 1.1897, time 9.96ms, mfu 37.76%
iter 2030: loss 1.2226, time 9.82ms, mfu 37.78%
iter 2040: loss 1.2085, time 9.18ms, mfu 38.06%
iter 2050: loss 1.1824, time 7.60ms, mfu 39.16%
iter 2060: loss 1.1743, time 9.35ms, mfu 39.23%
iter 2070: loss 1.1972, time 9.57ms, mfu 39.20%
iter 2080: loss 1.1856, time 8.34ms, mfu 39.75%
iter 2090: loss 1.2087, time 9.48ms, mfu 39.70%
iter 2100: loss 1.2034, time 8.26ms, mfu 40.24%
iter 2110: loss 1.1956, time 9.07ms, mfu 40.33%
iter 2120: loss 1.2025, time 7.35ms, mfu 41.36%
iter 2130: loss 1.2016, time 8.67ms, mfu 41.52%
iter 2140: loss 1.2061, time 9.47ms, mfu 41.30%
iter 2150: loss 1.1931, time 7.93ms, mfu 41.87%
iter 2160: loss 1.2118, time 9.97ms, mfu 41.42%
iter 2170: loss 1.2080, time 8.51ms, mfu 41.66%
iter 2180: loss 1.1864, time 8.40ms, mfu 41.93%
iter 2190: loss 1.1751, time 8.22ms, mfu 42.27%
iter 2200: loss 1.1999, time 9.70ms, mfu 41.88%
iter 2210: loss 1.1809, time 7.96ms, mfu 42.37%
iter 2220: loss 1.1889, time 9.74ms, mfu 41.96%
iter 2230: loss 1.1927, time 9.14ms, mfu 41.84%
iter 2240: loss 1.2009, time 9.92ms, mfu 41.41%
step 2250: train loss 1.0988, val loss 1.4803
saving checkpoint to runs_full/baseline_lr5e-4
iter 2250: loss 1.1855, time 5817.65ms, mfu 37.28%
iter 2260: loss 1.1758, time 8.81ms, mfu 37.78%
iter 2270: loss 1.2061, time 8.46ms, mfu 38.41%
iter 2280: loss 1.1627, time 8.30ms, mfu 39.06%
iter 2290: loss 1.2183, time 7.43ms, mfu 40.17%
iter 2300: loss 1.1967, time 9.11ms, mfu 40.24%
iter 2310: loss 1.1631, time 7.64ms, mfu 41.09%
iter 2320: loss 1.1699, time 7.52ms, mfu 41.94%
iter 2330: loss 1.1765, time 7.87ms, mfu 42.48%
iter 2340: loss 1.1947, time 7.98ms, mfu 42.90%
iter 2350: loss 1.1840, time 9.90ms, mfu 42.37%
iter 2360: loss 1.1827, time 7.78ms, mfu 42.92%
iter 2370: loss 1.1713, time 8.33ms, mfu 43.11%
iter 2380: loss 1.1565, time 7.37ms, mfu 43.85%
iter 2390: loss 1.1475, time 9.27ms, mfu 43.48%
iter 2400: loss 1.1537, time 8.01ms, mfu 43.79%
iter 2410: loss 1.1412, time 7.35ms, mfu 44.48%
iter 2420: loss 1.1508, time 8.39ms, mfu 44.47%
iter 2430: loss 1.1346, time 7.21ms, mfu 45.19%
iter 2440: loss 1.1295, time 7.37ms, mfu 45.73%
iter 2450: loss 1.1488, time 8.10ms, mfu 45.76%
iter 2460: loss 1.1598, time 8.57ms, mfu 45.53%
iter 2470: loss 1.1568, time 8.51ms, mfu 45.36%
iter 2480: loss 1.1650, time 9.85ms, mfu 44.60%
iter 2490: loss 1.1418, time 7.90ms, mfu 44.86%
step 2500: train loss 1.0592, val loss 1.4803
saving checkpoint to runs_full/baseline_lr5e-4
iter 2500: loss 1.1669, time 5945.81ms, mfu 40.38%
iter 2510: loss 1.1511, time 7.75ms, mfu 41.15%
iter 2520: loss 1.1275, time 7.64ms, mfu 41.91%
iter 2530: loss 1.1332, time 9.75ms, mfu 41.54%
iter 2540: loss 1.1270, time 8.09ms, mfu 42.00%
iter 2550: loss 1.1468, time 9.29ms, mfu 41.81%
iter 2560: loss 1.1359, time 8.70ms, mfu 41.91%
iter 2570: loss 1.1574, time 8.05ms, mfu 42.34%
iter 2580: loss 1.1550, time 8.00ms, mfu 42.77%
iter 2590: loss 1.1455, time 7.41ms, mfu 43.52%
iter 2600: loss 1.1425, time 7.70ms, mfu 44.00%
iter 2610: loss 1.1319, time 8.89ms, mfu 43.79%
iter 2620: loss 1.1238, time 7.91ms, mfu 44.13%
iter 2630: loss 1.0988, time 9.81ms, mfu 43.51%
iter 2640: loss 1.1300, time 7.39ms, mfu 44.21%
iter 2650: loss 1.1558, time 7.98ms, mfu 44.45%
iter 2660: loss 1.1294, time 8.26ms, mfu 44.52%
iter 2670: loss 1.1013, time 7.31ms, mfu 45.16%
iter 2680: loss 1.1252, time 8.37ms, mfu 45.10%
iter 2690: loss 1.1345, time 7.39ms, mfu 45.63%
iter 2700: loss 1.1083, time 8.95ms, mfu 45.23%
iter 2710: loss 1.1354, time 8.21ms, mfu 45.24%
iter 2720: loss 1.1274, time 9.40ms, mfu 44.68%
iter 2730: loss 1.1400, time 7.37ms, mfu 45.27%
iter 2740: loss 1.1167, time 7.37ms, mfu 45.80%
step 2750: train loss 1.0234, val loss 1.4825
iter 2750: loss 1.1144, time 3537.01ms, mfu 41.23%
iter 2760: loss 1.1079, time 7.71ms, mfu 41.94%
iter 2770: loss 1.1053, time 8.98ms, mfu 41.89%
iter 2780: loss 1.1042, time 8.00ms, mfu 42.36%
iter 2790: loss 1.1328, time 8.50ms, mfu 42.51%
iter 2800: loss 1.1010, time 7.70ms, mfu 43.10%
iter 2810: loss 1.1199, time 7.88ms, mfu 43.51%
iter 2820: loss 1.1123, time 9.25ms, mfu 43.19%
iter 2830: loss 1.1214, time 9.36ms, mfu 42.85%
iter 2840: loss 1.0785, time 8.18ms, mfu 43.13%
iter 2850: loss 1.1201, time 7.47ms, mfu 43.80%
iter 2860: loss 1.1077, time 9.09ms, mfu 43.52%
iter 2870: loss 1.0956, time 7.70ms, mfu 44.01%
iter 2880: loss 1.1192, time 8.33ms, mfu 44.08%
iter 2890: loss 1.1043, time 9.02ms, mfu 43.80%
iter 2900: loss 1.0819, time 7.78ms, mfu 44.21%
iter 2910: loss 1.1281, time 7.89ms, mfu 44.52%
iter 2920: loss 1.1026, time 7.46ms, mfu 45.06%
iter 2930: loss 1.0848, time 8.46ms, mfu 44.96%
iter 2940: loss 1.0807, time 8.95ms, mfu 44.62%
iter 2950: loss 1.1171, time 7.54ms, mfu 45.11%
iter 2960: loss 1.0916, time 10.67ms, mfu 44.09%
iter 2970: loss 1.0860, time 6.96ms, mfu 45.04%
iter 2980: loss 1.0854, time 8.68ms, mfu 44.82%
iter 2990: loss 1.0835, time 9.56ms, mfu 44.24%
step 3000: train loss 0.9927, val loss 1.4911
iter 3000: loss 1.0816, time 2812.75ms, mfu 39.83%
iter 3010: loss 1.0924, time 7.84ms, mfu 40.60%
iter 3020: loss 1.1002, time 7.68ms, mfu 41.39%
iter 3030: loss 1.0896, time 8.33ms, mfu 41.72%
iter 3040: loss 1.1184, time 9.00ms, mfu 41.69%
iter 3050: loss 1.0808, time 7.98ms, mfu 42.19%
iter 3060: loss 1.0832, time 7.86ms, mfu 42.72%
iter 3070: loss 1.1065, time 9.08ms, mfu 42.55%
iter 3080: loss 1.0868, time 9.14ms, mfu 42.37%
iter 3090: loss 1.0828, time 8.80ms, mfu 42.37%
iter 3100: loss 1.0915, time 8.04ms, mfu 42.76%
iter 3110: loss 1.0647, time 9.13ms, mfu 42.57%
iter 3120: loss 1.0961, time 8.70ms, mfu 42.60%
iter 3130: loss 1.0848, time 7.48ms, mfu 43.32%
iter 3140: loss 1.0744, time 7.80ms, mfu 43.76%
iter 3150: loss 1.0989, time 8.88ms, mfu 43.58%
iter 3160: loss 1.1104, time 9.00ms, mfu 43.37%
iter 3170: loss 1.0520, time 8.06ms, mfu 43.65%
iter 3180: loss 1.0619, time 8.67ms, mfu 43.58%
iter 3190: loss 1.0830, time 9.49ms, mfu 43.15%
iter 3200: loss 1.0618, time 7.93ms, mfu 43.54%
iter 3210: loss 1.0660, time 9.15ms, mfu 43.26%
iter 3220: loss 1.0688, time 7.90ms, mfu 43.65%
iter 3230: loss 1.0509, time 9.65ms, mfu 43.14%
iter 3240: loss 1.0481, time 9.34ms, mfu 42.82%
step 3250: train loss 0.9552, val loss 1.5053
iter 3250: loss 1.0729, time 2897.73ms, mfu 38.55%
iter 3260: loss 1.0575, time 8.74ms, mfu 38.95%
iter 3270: loss 1.0762, time 8.31ms, mfu 39.54%
iter 3280: loss 1.0473, time 9.74ms, mfu 39.42%
iter 3290: loss 1.0450, time 7.48ms, mfu 40.46%
iter 3300: loss 1.0400, time 10.03ms, mfu 40.13%
iter 3310: loss 1.0535, time 7.90ms, mfu 40.83%
iter 3320: loss 1.0567, time 7.57ms, mfu 41.67%
iter 3330: loss 1.0560, time 8.36ms, mfu 41.96%
iter 3340: loss 1.0550, time 7.87ms, mfu 42.50%
iter 3350: loss 1.0562, time 7.07ms, mfu 43.52%
iter 3360: loss 1.0341, time 8.89ms, mfu 43.35%
iter 3370: loss 1.0660, time 8.83ms, mfu 43.24%
iter 3380: loss 1.0482, time 7.14ms, mfu 44.13%
iter 3390: loss 1.0562, time 7.61ms, mfu 44.62%
iter 3400: loss 1.0606, time 7.53ms, mfu 45.10%
iter 3410: loss 1.0502, time 8.43ms, mfu 45.02%
iter 3420: loss 1.0539, time 9.07ms, mfu 44.63%
iter 3430: loss 1.0508, time 8.58ms, mfu 44.50%
iter 3440: loss 1.0849, time 9.02ms, mfu 44.19%
iter 3450: loss 1.0573, time 8.55ms, mfu 44.12%
iter 3460: loss 1.0553, time 8.90ms, mfu 43.90%
iter 3470: loss 1.0468, time 8.46ms, mfu 43.91%
iter 3480: loss 1.0580, time 8.79ms, mfu 43.76%
iter 3490: loss 1.0241, time 9.35ms, mfu 43.37%
step 3500: train loss 0.9218, val loss 1.5128
iter 3500: loss 1.0124, time 3186.85ms, mfu 39.04%
iter 3510: loss 1.0242, time 10.50ms, mfu 38.69%
iter 3520: loss 1.0290, time 8.03ms, mfu 39.46%
iter 3530: loss 1.0555, time 8.00ms, mfu 40.17%
iter 3540: loss 1.0418, time 9.31ms, mfu 40.15%
iter 3550: loss 1.0328, time 8.20ms, mfu 40.68%
iter 3560: loss 1.0600, time 8.87ms, mfu 40.81%
iter 3570: loss 1.0471, time 8.99ms, mfu 40.88%
iter 3580: loss 1.0372, time 9.32ms, mfu 40.79%
iter 3590: loss 1.0375, time 8.42ms, mfu 41.14%
iter 3600: loss 1.0301, time 7.73ms, mfu 41.84%
iter 3610: loss 1.0343, time 8.71ms, mfu 41.94%
iter 3620: loss 1.0247, time 8.86ms, mfu 41.95%
iter 3630: loss 1.0336, time 10.91ms, mfu 41.17%
iter 3640: loss 1.0164, time 9.11ms, mfu 41.14%
iter 3650: loss 1.0249, time 9.85ms, mfu 40.81%
iter 3660: loss 1.0430, time 9.79ms, mfu 40.54%
iter 3670: loss 1.0462, time 9.11ms, mfu 40.58%
iter 3680: loss 1.0125, time 10.65ms, mfu 40.02%
iter 3690: loss 1.0413, time 9.75ms, mfu 39.84%
iter 3700: loss 0.9794, time 10.86ms, mfu 39.28%
iter 3710: loss 0.9903, time 8.76ms, mfu 39.61%
iter 3720: loss 1.0238, time 9.45ms, mfu 39.59%
iter 3730: loss 1.0088, time 9.80ms, mfu 39.44%
iter 3740: loss 1.0234, time 9.05ms, mfu 39.61%
step 3750: train loss 0.8894, val loss 1.5264
iter 3750: loss 1.0059, time 3340.79ms, mfu 35.66%
iter 3760: loss 1.0510, time 9.78ms, mfu 35.90%
iter 3770: loss 1.0453, time 8.72ms, mfu 36.59%
iter 3780: loss 1.0422, time 10.42ms, mfu 36.50%
iter 3790: loss 1.0125, time 8.43ms, mfu 37.27%
iter 3800: loss 1.0221, time 9.63ms, mfu 37.41%
iter 3810: loss 1.0422, time 8.94ms, mfu 37.84%
iter 3820: loss 0.9972, time 11.04ms, mfu 37.43%
iter 3830: loss 1.0158, time 7.97ms, mfu 38.36%
iter 3840: loss 1.0031, time 10.01ms, mfu 38.25%
iter 3850: loss 0.9928, time 10.52ms, mfu 37.97%
iter 3860: loss 0.9904, time 9.85ms, mfu 37.96%
iter 3870: loss 0.9992, time 9.25ms, mfu 38.19%
iter 3880: loss 1.0053, time 9.13ms, mfu 38.45%
iter 3890: loss 1.0039, time 9.75ms, mfu 38.43%
iter 3900: loss 1.0085, time 9.01ms, mfu 38.72%
iter 3910: loss 1.0052, time 8.53ms, mfu 39.21%
iter 3920: loss 0.9811, time 9.23ms, mfu 39.33%
iter 3930: loss 1.0098, time 8.05ms, mfu 40.02%
iter 3940: loss 0.9908, time 8.61ms, mfu 40.35%
iter 3950: loss 1.0002, time 9.74ms, mfu 40.14%
iter 3960: loss 1.0263, time 8.66ms, mfu 40.43%
iter 3970: loss 1.0139, time 7.98ms, mfu 41.05%
iter 3980: loss 1.0192, time 10.00ms, mfu 40.67%
iter 3990: loss 0.9935, time 8.96ms, mfu 40.77%
step 4000: train loss 0.8626, val loss 1.5433
iter 4000: loss 0.9745, time 3141.51ms, mfu 36.70%
iter 4010: loss 1.0050, time 9.04ms, mfu 37.15%
iter 4020: loss 1.0044, time 8.71ms, mfu 37.72%
iter 4030: loss 0.9996, time 9.10ms, mfu 38.04%
iter 4040: loss 0.9910, time 9.05ms, mfu 38.35%
iter 4050: loss 0.9839, time 8.02ms, mfu 39.16%
iter 4060: loss 0.9796, time 8.58ms, mfu 39.59%
iter 4070: loss 0.9745, time 9.65ms, mfu 39.49%
iter 4080: loss 1.0029, time 9.04ms, mfu 39.67%
iter 4090: loss 0.9582, time 9.76ms, mfu 39.52%
iter 4100: loss 1.0119, time 8.44ms, mfu 39.98%
iter 4110: loss 0.9927, time 7.52ms, mfu 40.94%
iter 4120: loss 0.9936, time 8.09ms, mfu 41.45%
iter 4130: loss 0.9704, time 7.27ms, mfu 42.43%
iter 4140: loss 0.9943, time 8.12ms, mfu 42.77%
iter 4150: loss 0.9919, time 7.58ms, mfu 43.42%
iter 4160: loss 0.9717, time 9.30ms, mfu 43.08%
iter 4170: loss 0.9891, time 9.07ms, mfu 42.89%
iter 4180: loss 0.9869, time 7.96ms, mfu 43.28%
iter 4190: loss 0.9980, time 7.88ms, mfu 43.68%
iter 4200: loss 0.9781, time 7.85ms, mfu 44.06%
iter 4210: loss 0.9917, time 8.60ms, mfu 43.99%
iter 4220: loss 0.9727, time 8.07ms, mfu 44.20%
iter 4230: loss 0.9957, time 10.05ms, mfu 43.49%
iter 4240: loss 0.9818, time 10.00ms, mfu 42.87%
step 4250: train loss 0.8345, val loss 1.5572
iter 4250: loss 0.9880, time 3622.21ms, mfu 38.59%
iter 4260: loss 0.9832, time 9.88ms, mfu 38.50%
iter 4270: loss 0.9805, time 8.37ms, mfu 39.10%
iter 4280: loss 0.9767, time 9.33ms, mfu 39.19%
iter 4290: loss 0.9474, time 9.12ms, mfu 39.35%
iter 4300: loss 0.9413, time 7.96ms, mfu 40.10%
iter 4310: loss 0.9832, time 9.06ms, mfu 40.20%
iter 4320: loss 0.9498, time 9.14ms, mfu 40.26%
iter 4330: loss 0.9787, time 9.61ms, mfu 40.11%
iter 4340: loss 0.9548, time 8.74ms, mfu 40.36%
iter 4350: loss 0.9618, time 9.54ms, mfu 40.23%
iter 4360: loss 0.9809, time 9.79ms, mfu 40.01%
iter 4370: loss 0.9750, time 9.77ms, mfu 39.82%
iter 4380: loss 0.9507, time 9.70ms, mfu 39.68%
iter 4390: loss 0.9879, time 8.00ms, mfu 40.37%
iter 4400: loss 0.9596, time 9.18ms, mfu 40.39%
iter 4410: loss 0.9833, time 8.17ms, mfu 40.92%
iter 4420: loss 0.9848, time 7.75ms, mfu 41.63%
iter 4430: loss 0.9579, time 9.03ms, mfu 41.60%
iter 4440: loss 0.9659, time 9.53ms, mfu 41.35%
iter 4450: loss 0.9610, time 8.59ms, mfu 41.55%
iter 4460: loss 0.9615, time 8.84ms, mfu 41.61%
iter 4470: loss 0.9647, time 8.19ms, mfu 42.00%
iter 4480: loss 0.9514, time 8.58ms, mfu 42.14%
iter 4490: loss 0.9580, time 8.69ms, mfu 42.22%
step 4500: train loss 0.8116, val loss 1.5718
iter 4500: loss 0.9774, time 3521.23ms, mfu 38.01%
iter 4510: loss 0.9709, time 9.05ms, mfu 38.32%
iter 4520: loss 0.9582, time 7.63ms, mfu 39.37%
iter 4530: loss 0.9743, time 9.44ms, mfu 39.38%
iter 4540: loss 0.9639, time 8.98ms, mfu 39.59%
iter 4550: loss 0.9906, time 9.34ms, mfu 39.62%
iter 4560: loss 0.9633, time 8.22ms, mfu 40.19%
iter 4570: loss 0.9614, time 8.77ms, mfu 40.42%
iter 4580: loss 0.9783, time 9.31ms, mfu 40.39%
iter 4590: loss 0.9779, time 9.82ms, mfu 40.14%
iter 4600: loss 0.9513, time 9.57ms, mfu 40.02%
iter 4610: loss 0.9965, time 8.98ms, mfu 40.17%
iter 4620: loss 0.9635, time 9.47ms, mfu 40.08%
iter 4630: loss 0.9391, time 8.55ms, mfu 40.43%
iter 4640: loss 0.9534, time 7.98ms, mfu 41.06%
iter 4650: loss 0.9777, time 10.04ms, mfu 40.67%
iter 4660: loss 0.9725, time 11.08ms, mfu 39.96%
iter 4670: loss 0.9555, time 7.76ms, mfu 40.77%
iter 4680: loss 0.9680, time 8.24ms, mfu 41.22%
iter 4690: loss 0.9667, time 8.39ms, mfu 41.54%
iter 4700: loss 0.9329, time 7.72ms, mfu 42.21%
iter 4710: loss 0.9184, time 9.64ms, mfu 41.85%
iter 4720: loss 0.9630, time 10.43ms, mfu 41.24%
iter 4730: loss 0.9395, time 10.10ms, mfu 40.81%
iter 4740: loss 0.9489, time 7.58ms, mfu 41.65%
step 4750: train loss 0.7937, val loss 1.5836
iter 4750: loss 0.9282, time 3059.35ms, mfu 37.49%
iter 4760: loss 0.9356, time 9.63ms, mfu 37.61%
iter 4770: loss 0.9272, time 8.73ms, mfu 38.12%
iter 4780: loss 0.9340, time 8.85ms, mfu 38.52%
iter 4790: loss 0.9618, time 9.05ms, mfu 38.78%
iter 4800: loss 0.9372, time 8.68ms, mfu 39.20%
iter 4810: loss 0.9555, time 9.11ms, mfu 39.37%
iter 4820: loss 0.9269, time 9.33ms, mfu 39.42%
iter 4830: loss 0.9352, time 10.24ms, mfu 39.12%
iter 4840: loss 0.9424, time 9.73ms, mfu 39.04%
iter 4850: loss 0.9471, time 8.90ms, mfu 39.32%
iter 4860: loss 0.9433, time 8.73ms, mfu 39.66%
iter 4870: loss 0.9243, time 9.19ms, mfu 39.75%
iter 4880: loss 0.9514, time 8.94ms, mfu 39.94%
iter 4890: loss 0.9256, time 9.38ms, mfu 39.92%
iter 4900: loss 0.9158, time 10.01ms, mfu 39.65%
iter 4910: loss 0.9457, time 8.77ms, mfu 39.93%
iter 4920: loss 0.9313, time 9.37ms, mfu 39.92%
iter 4930: loss 0.9246, time 7.79ms, mfu 40.71%
iter 4940: loss 0.9183, time 8.95ms, mfu 40.80%
iter 4950: loss 0.9408, time 8.05ms, mfu 41.35%
iter 4960: loss 0.9554, time 8.32ms, mfu 41.69%
iter 4970: loss 0.9114, time 10.08ms, mfu 41.22%
iter 4980: loss 0.9042, time 8.19ms, mfu 41.65%
iter 4990: loss 0.9403, time 7.17ms, mfu 42.68%
step 5000: train loss 0.7764, val loss 1.6024
iter 5000: loss 0.9319, time 2997.95ms, mfu 38.43%
