Overriding config with config/train_shakespeare_char.py:
# train a miniature character-level shakespeare model
# good for debugging and playing on macbooks and such

out_dir = 'out-shakespeare-char'
eval_interval = 250 # keep frequent because we'll overfit
eval_iters = 200
log_interval = 10 # don't print too too often

# we expect to overfit on this small dataset, so only save when val improves
always_save_checkpoint = False

wandb_log = False # override via command line if you like
wandb_project = 'shakespeare-char'
wandb_run_name = 'mini-gpt'

dataset = 'shakespeare_char'
gradient_accumulation_steps = 1
batch_size = 64
block_size = 256 # context of up to 256 previous characters

# baby GPT model :)
n_layer = 6
n_head = 6
n_embd = 384
dropout = 0.2

learning_rate = 1e-3 # with baby networks can afford to go a bit higher
max_iters = 5000
lr_decay_iters = 5000 # make equal to max_iters usually
min_lr = 1e-4 # learning_rate / 10 usually
beta2 = 0.99 # make a bit bigger because number of tokens per iter is small

warmup_iters = 100 # not super necessary potentially

# on macbook also add
# device = 'cpu'  # run on cpu only
# compile = False # do not torch compile the model

Overriding: device = cpu
Overriding: compile = False
Overriding: eval_iters = 200
Overriding: log_interval = 10
Overriding: block_size = 64
Overriding: batch_size = 12
Overriding: n_layer = 4
Overriding: n_head = 4
Overriding: n_embd = 128
Overriding: max_iters = 2000
Overriding: lr_decay_iters = 2000
Overriding: dropout = 0.0
Overriding: learning_rate = 0.0005
Overriding: out_dir = runs/gqa_lr5e-4
Overriding: n_kv_head = 2
tokens per iteration will be: 768
found vocab_size = 65 (inside data/shakespeare_char/meta.pkl)
Initializing a new model from scratch
number of parameters: 0.73M
train.py:203: FutureWarning: `torch.cuda.amp.GradScaler(args...)` is deprecated. Please use `torch.amp.GradScaler('cuda', args...)` instead.
  scaler = torch.cuda.amp.GradScaler(enabled=(dtype == 'float16'))
.venv/lib/python3.13/site-packages/torch/cuda/amp/grad_scaler.py:31: UserWarning: torch.cuda.amp.GradScaler is enabled, but CUDA is not available.  Disabling.
  super().__init__(
num decayed parameter tensors: 18, with 737,408 parameters
num non-decayed parameter tensors: 9, with 1,152 parameters
using fused AdamW: False
step 0: train loss 4.1958, val loss 4.1940
iter 0: loss 4.1979, time 1483.44ms, mfu -100.00%
iter 10: loss 3.8557, time 13.28ms, mfu 0.09%
iter 20: loss 3.6282, time 13.33ms, mfu 0.09%
iter 30: loss 3.4338, time 12.97ms, mfu 0.09%
iter 40: loss 3.2284, time 12.75ms, mfu 0.09%
iter 50: loss 3.1022, time 12.63ms, mfu 0.09%
iter 60: loss 2.9521, time 13.43ms, mfu 0.09%
iter 70: loss 2.8477, time 12.93ms, mfu 0.09%
iter 80: loss 2.7721, time 13.32ms, mfu 0.09%
iter 90: loss 2.7288, time 13.01ms, mfu 0.09%
iter 100: loss 2.7239, time 14.43ms, mfu 0.09%
iter 110: loss 2.5872, time 13.35ms, mfu 0.09%
iter 120: loss 2.5682, time 13.06ms, mfu 0.09%
iter 130: loss 2.5809, time 13.50ms, mfu 0.09%
iter 140: loss 2.5713, time 13.34ms, mfu 0.09%
iter 150: loss 2.5784, time 13.36ms, mfu 0.09%
iter 160: loss 2.5138, time 13.66ms, mfu 0.09%
iter 170: loss 2.5093, time 13.38ms, mfu 0.09%
iter 180: loss 2.5923, time 13.44ms, mfu 0.09%
iter 190: loss 2.5540, time 13.16ms, mfu 0.09%
iter 200: loss 2.4981, time 13.05ms, mfu 0.09%
iter 210: loss 2.5047, time 17.61ms, mfu 0.09%
iter 220: loss 2.4521, time 13.34ms, mfu 0.09%
iter 230: loss 2.4604, time 13.92ms, mfu 0.09%
iter 240: loss 2.5098, time 12.77ms, mfu 0.09%
step 250: train loss 2.4704, val loss 2.4902
saving checkpoint to runs/gqa_lr5e-4
iter 250: loss 2.4529, time 1837.00ms, mfu 0.08%
iter 260: loss 2.5406, time 13.22ms, mfu 0.08%
iter 270: loss 2.4821, time 13.13ms, mfu 0.08%
iter 280: loss 2.5294, time 12.88ms, mfu 0.08%
iter 290: loss 2.4230, time 13.48ms, mfu 0.08%
iter 300: loss 2.3714, time 12.88ms, mfu 0.08%
iter 310: loss 2.4642, time 12.96ms, mfu 0.08%
iter 320: loss 2.4731, time 12.75ms, mfu 0.08%
iter 330: loss 2.5333, time 12.65ms, mfu 0.09%
iter 340: loss 2.4688, time 12.62ms, mfu 0.09%
iter 350: loss 2.3982, time 12.67ms, mfu 0.09%
iter 360: loss 2.4173, time 12.80ms, mfu 0.09%
iter 370: loss 2.4441, time 13.08ms, mfu 0.09%
iter 380: loss 2.4040, time 12.68ms, mfu 0.09%
iter 390: loss 2.3598, time 13.05ms, mfu 0.09%
iter 400: loss 2.3555, time 12.69ms, mfu 0.09%
iter 410: loss 2.3446, time 12.97ms, mfu 0.09%
iter 420: loss 2.3231, time 13.10ms, mfu 0.09%
iter 430: loss 2.3170, time 12.96ms, mfu 0.09%
iter 440: loss 2.2661, time 12.96ms, mfu 0.09%
iter 450: loss 2.3659, time 12.93ms, mfu 0.09%
iter 460: loss 2.2985, time 12.72ms, mfu 0.09%
iter 470: loss 2.4305, time 13.08ms, mfu 0.09%
iter 480: loss 2.2859, time 13.20ms, mfu 0.09%
iter 490: loss 2.4284, time 16.91ms, mfu 0.09%
step 500: train loss 2.3402, val loss 2.3453
saving checkpoint to runs/gqa_lr5e-4
iter 500: loss 2.3779, time 1560.23ms, mfu 0.08%
iter 510: loss 2.3414, time 12.82ms, mfu 0.08%
iter 520: loss 2.3516, time 13.23ms, mfu 0.08%
iter 530: loss 2.3231, time 12.98ms, mfu 0.08%
iter 540: loss 2.3699, time 13.23ms, mfu 0.08%
iter 550: loss 2.2969, time 12.68ms, mfu 0.08%
iter 560: loss 2.3068, time 13.05ms, mfu 0.08%
iter 570: loss 2.2192, time 16.40ms, mfu 0.08%
iter 580: loss 2.2988, time 13.24ms, mfu 0.08%
iter 590: loss 2.3245, time 13.08ms, mfu 0.08%
iter 600: loss 2.2840, time 12.72ms, mfu 0.09%
iter 610: loss 2.3046, time 13.09ms, mfu 0.09%
iter 620: loss 2.3342, time 13.15ms, mfu 0.09%
iter 630: loss 2.3097, time 12.79ms, mfu 0.09%
iter 640: loss 2.2392, time 13.08ms, mfu 0.09%
iter 650: loss 2.2962, time 12.69ms, mfu 0.09%
iter 660: loss 2.3710, time 12.37ms, mfu 0.09%
iter 670: loss 2.2967, time 12.60ms, mfu 0.09%
iter 680: loss 2.2978, time 12.82ms, mfu 0.09%
iter 690: loss 2.2020, time 14.69ms, mfu 0.09%
iter 700: loss 2.2652, time 16.59ms, mfu 0.09%
iter 710: loss 2.3209, time 12.94ms, mfu 0.09%
iter 720: loss 2.2260, time 12.51ms, mfu 0.09%
iter 730: loss 2.3247, time 13.32ms, mfu 0.09%
iter 740: loss 2.2333, time 13.18ms, mfu 0.09%
step 750: train loss 2.2537, val loss 2.2807
saving checkpoint to runs/gqa_lr5e-4
iter 750: loss 2.2933, time 1594.93ms, mfu 0.08%
iter 760: loss 2.3126, time 12.95ms, mfu 0.08%
iter 770: loss 2.3010, time 13.31ms, mfu 0.08%
iter 780: loss 2.2551, time 13.37ms, mfu 0.08%
iter 790: loss 2.2115, time 15.85ms, mfu 0.08%
iter 800: loss 2.1827, time 13.12ms, mfu 0.08%
iter 810: loss 2.1732, time 12.73ms, mfu 0.08%
iter 820: loss 2.1816, time 12.55ms, mfu 0.08%
iter 830: loss 2.1900, time 12.64ms, mfu 0.08%
iter 840: loss 2.2259, time 12.46ms, mfu 0.09%
iter 850: loss 2.3003, time 15.15ms, mfu 0.08%
iter 860: loss 2.2218, time 13.33ms, mfu 0.09%
iter 870: loss 2.2884, time 13.08ms, mfu 0.09%
iter 880: loss 2.2010, time 13.16ms, mfu 0.09%
iter 890: loss 2.1802, time 12.98ms, mfu 0.09%
iter 900: loss 2.2203, time 12.50ms, mfu 0.09%
iter 910: loss 2.1548, time 13.35ms, mfu 0.09%
iter 920: loss 2.1715, time 12.64ms, mfu 0.09%
iter 930: loss 2.2547, time 12.92ms, mfu 0.09%
iter 940: loss 2.1864, time 12.55ms, mfu 0.09%
iter 950: loss 2.1655, time 12.79ms, mfu 0.09%
iter 960: loss 2.1265, time 12.74ms, mfu 0.09%
iter 970: loss 2.1769, time 13.41ms, mfu 0.09%
iter 980: loss 2.2220, time 13.19ms, mfu 0.09%
iter 990: loss 2.1703, time 12.42ms, mfu 0.09%
step 1000: train loss 2.1478, val loss 2.1867
saving checkpoint to runs/gqa_lr5e-4
iter 1000: loss 2.1055, time 1556.30ms, mfu 0.08%
iter 1010: loss 2.1535, time 13.18ms, mfu 0.08%
iter 1020: loss 2.1075, time 12.73ms, mfu 0.08%
iter 1030: loss 2.2373, time 12.88ms, mfu 0.08%
iter 1040: loss 2.0685, time 12.47ms, mfu 0.08%
iter 1050: loss 2.1416, time 12.92ms, mfu 0.09%
iter 1060: loss 2.1424, time 12.80ms, mfu 0.09%
iter 1070: loss 2.0809, time 12.92ms, mfu 0.09%
iter 1080: loss 2.1655, time 12.74ms, mfu 0.09%
iter 1090: loss 2.1001, time 12.94ms, mfu 0.09%
iter 1100: loss 2.0769, time 12.69ms, mfu 0.09%
iter 1110: loss 2.0807, time 12.68ms, mfu 0.09%
iter 1120: loss 2.1024, time 12.63ms, mfu 0.09%
iter 1130: loss 2.1449, time 12.73ms, mfu 0.09%
iter 1140: loss 2.0523, time 12.54ms, mfu 0.09%
iter 1150: loss 2.1893, time 13.25ms, mfu 0.09%
iter 1160: loss 2.0667, time 12.99ms, mfu 0.09%
iter 1170: loss 2.0489, time 12.86ms, mfu 0.09%
iter 1180: loss 2.0789, time 13.50ms, mfu 0.09%
iter 1190: loss 2.0673, time 12.96ms, mfu 0.09%
iter 1200: loss 2.0545, time 13.49ms, mfu 0.09%
iter 1210: loss 2.1518, time 13.32ms, mfu 0.09%
iter 1220: loss 2.0544, time 12.91ms, mfu 0.09%
iter 1230: loss 1.9463, time 13.16ms, mfu 0.09%
iter 1240: loss 2.1699, time 12.82ms, mfu 0.09%
step 1250: train loss 2.0540, val loss 2.1020
saving checkpoint to runs/gqa_lr5e-4
iter 1250: loss 2.0564, time 1580.47ms, mfu 0.08%
iter 1260: loss 2.0536, time 13.70ms, mfu 0.08%
iter 1270: loss 2.1805, time 13.00ms, mfu 0.08%
iter 1280: loss 2.1337, time 13.34ms, mfu 0.08%
iter 1290: loss 1.9421, time 13.33ms, mfu 0.08%
iter 1300: loss 2.1400, time 13.07ms, mfu 0.08%
iter 1310: loss 2.0082, time 12.92ms, mfu 0.08%
iter 1320: loss 2.0294, time 13.24ms, mfu 0.09%
iter 1330: loss 2.0753, time 13.01ms, mfu 0.09%
iter 1340: loss 2.0468, time 13.07ms, mfu 0.09%
iter 1350: loss 2.0592, time 13.18ms, mfu 0.09%
iter 1360: loss 2.0212, time 13.19ms, mfu 0.09%
iter 1370: loss 2.0424, time 12.90ms, mfu 0.09%
iter 1380: loss 1.9599, time 13.59ms, mfu 0.09%
iter 1390: loss 2.0385, time 13.62ms, mfu 0.09%
iter 1400: loss 1.9583, time 13.07ms, mfu 0.09%
iter 1410: loss 2.0387, time 13.59ms, mfu 0.09%
iter 1420: loss 1.9482, time 12.82ms, mfu 0.09%
iter 1430: loss 2.0159, time 12.95ms, mfu 0.09%
iter 1440: loss 1.9562, time 14.38ms, mfu 0.09%
iter 1450: loss 1.9339, time 12.84ms, mfu 0.09%
iter 1460: loss 1.9758, time 13.26ms, mfu 0.09%
iter 1470: loss 2.0208, time 12.97ms, mfu 0.09%
iter 1480: loss 1.9627, time 12.81ms, mfu 0.09%
iter 1490: loss 2.0398, time 12.84ms, mfu 0.09%
step 1500: train loss 2.0049, val loss 2.0590
saving checkpoint to runs/gqa_lr5e-4
iter 1500: loss 1.9715, time 1560.52ms, mfu 0.08%
iter 1510: loss 2.0508, time 15.53ms, mfu 0.08%
iter 1520: loss 1.9454, time 12.50ms, mfu 0.08%
iter 1530: loss 1.9730, time 13.16ms, mfu 0.08%
iter 1540: loss 1.9263, time 12.96ms, mfu 0.08%
iter 1550: loss 1.9899, time 13.03ms, mfu 0.08%
iter 1560: loss 2.0088, time 13.07ms, mfu 0.08%
iter 1570: loss 1.9842, time 13.15ms, mfu 0.08%
iter 1580: loss 1.9996, time 13.10ms, mfu 0.09%
iter 1590: loss 1.9789, time 12.65ms, mfu 0.09%
iter 1600: loss 1.9749, time 13.00ms, mfu 0.09%
iter 1610: loss 1.9992, time 13.18ms, mfu 0.09%
iter 1620: loss 1.9799, time 13.63ms, mfu 0.09%
iter 1630: loss 1.9889, time 12.91ms, mfu 0.09%
iter 1640: loss 1.9317, time 13.28ms, mfu 0.09%
iter 1650: loss 2.0296, time 13.25ms, mfu 0.09%
iter 1660: loss 2.0426, time 13.24ms, mfu 0.09%
iter 1670: loss 1.9871, time 15.67ms, mfu 0.09%
iter 1680: loss 1.8590, time 12.99ms, mfu 0.09%
iter 1690: loss 1.8825, time 12.80ms, mfu 0.09%
iter 1700: loss 1.9984, time 12.99ms, mfu 0.09%
iter 1710: loss 1.8460, time 13.14ms, mfu 0.09%
iter 1720: loss 2.0216, time 13.13ms, mfu 0.09%
iter 1730: loss 2.0045, time 13.39ms, mfu 0.09%
iter 1740: loss 2.0933, time 13.15ms, mfu 0.09%
step 1750: train loss 1.9578, val loss 2.0265
saving checkpoint to runs/gqa_lr5e-4
iter 1750: loss 1.8856, time 1668.92ms, mfu 0.08%
iter 1760: loss 2.0348, time 13.19ms, mfu 0.08%
iter 1770: loss 1.9103, time 13.68ms, mfu 0.08%
iter 1780: loss 1.9292, time 14.16ms, mfu 0.08%
iter 1790: loss 1.9812, time 13.54ms, mfu 0.08%
iter 1800: loss 1.9477, time 21.16ms, mfu 0.08%
iter 1810: loss 1.8903, time 13.47ms, mfu 0.08%
iter 1820: loss 1.9070, time 13.12ms, mfu 0.08%
iter 1830: loss 2.0772, time 13.53ms, mfu 0.08%
iter 1840: loss 1.8570, time 13.24ms, mfu 0.08%
iter 1850: loss 1.8973, time 13.17ms, mfu 0.08%
iter 1860: loss 1.9095, time 12.99ms, mfu 0.08%
iter 1870: loss 2.0028, time 13.60ms, mfu 0.08%
iter 1880: loss 1.9794, time 12.83ms, mfu 0.08%
iter 1890: loss 1.9936, time 12.93ms, mfu 0.09%
iter 1900: loss 1.9350, time 13.12ms, mfu 0.09%
iter 1910: loss 1.9406, time 13.22ms, mfu 0.09%
iter 1920: loss 1.9369, time 13.16ms, mfu 0.09%
iter 1930: loss 1.9223, time 13.60ms, mfu 0.09%
iter 1940: loss 1.9836, time 12.80ms, mfu 0.09%
iter 1950: loss 1.9700, time 13.11ms, mfu 0.09%
iter 1960: loss 1.9473, time 13.41ms, mfu 0.09%
iter 1970: loss 1.9421, time 12.77ms, mfu 0.09%
iter 1980: loss 1.8873, time 13.53ms, mfu 0.09%
iter 1990: loss 1.9892, time 13.12ms, mfu 0.09%
step 2000: train loss 1.9307, val loss 1.9983
saving checkpoint to runs/gqa_lr5e-4
iter 2000: loss 1.9528, time 1573.59ms, mfu 0.08%
