Overriding config with config/train_shakespeare_char.py:
# train a miniature character-level shakespeare model
# good for debugging and playing on macbooks and such

out_dir = 'out-shakespeare-char'
eval_interval = 250 # keep frequent because we'll overfit
eval_iters = 200
log_interval = 10 # don't print too too often

# we expect to overfit on this small dataset, so only save when val improves
always_save_checkpoint = False

wandb_log = False # override via command line if you like
wandb_project = 'shakespeare-char'
wandb_run_name = 'mini-gpt'

dataset = 'shakespeare_char'
gradient_accumulation_steps = 1
batch_size = 64
block_size = 256 # context of up to 256 previous characters

# baby GPT model :)
n_layer = 6
n_head = 6
n_embd = 384
dropout = 0.2

learning_rate = 1e-3 # with baby networks can afford to go a bit higher
max_iters = 5000
lr_decay_iters = 5000 # make equal to max_iters usually
min_lr = 1e-4 # learning_rate / 10 usually
beta2 = 0.99 # make a bit bigger because number of tokens per iter is small

warmup_iters = 100 # not super necessary potentially

# on macbook also add
# device = 'cpu'  # run on cpu only
# compile = False # do not torch compile the model

Overriding: device = cpu
Overriding: compile = False
Overriding: eval_iters = 200
Overriding: log_interval = 10
Overriding: block_size = 64
Overriding: batch_size = 12
Overriding: n_layer = 4
Overriding: n_head = 4
Overriding: n_embd = 128
Overriding: max_iters = 2000
Overriding: lr_decay_iters = 2000
Overriding: dropout = 0.0
Overriding: learning_rate = 0.0005
Overriding: out_dir = runs/rmsnorm_lr5e-4
Overriding: norm_type = rmsnorm
tokens per iteration will be: 768
found vocab_size = 65 (inside data/shakespeare_char/meta.pkl)
Initializing a new model from scratch
number of parameters: 0.80M
train.py:203: FutureWarning: `torch.cuda.amp.GradScaler(args...)` is deprecated. Please use `torch.amp.GradScaler('cuda', args...)` instead.
  scaler = torch.cuda.amp.GradScaler(enabled=(dtype == 'float16'))
.venv/lib/python3.13/site-packages/torch/cuda/amp/grad_scaler.py:31: UserWarning: torch.cuda.amp.GradScaler is enabled, but CUDA is not available.  Disabling.
  super().__init__(
num decayed parameter tensors: 18, with 802,944 parameters
num non-decayed parameter tensors: 9, with 1,152 parameters
using fused AdamW: False
step 0: train loss 4.1721, val loss 4.1685
iter 0: loss 4.1857, time 1580.95ms, mfu -100.00%
iter 10: loss 3.8551, time 14.94ms, mfu 0.09%
iter 20: loss 3.6665, time 15.17ms, mfu 0.09%
iter 30: loss 3.4667, time 14.89ms, mfu 0.09%
iter 40: loss 3.3553, time 14.64ms, mfu 0.09%
iter 50: loss 3.2049, time 14.98ms, mfu 0.09%
iter 60: loss 2.9660, time 18.79ms, mfu 0.08%
iter 70: loss 2.8460, time 15.46ms, mfu 0.08%
iter 80: loss 2.7761, time 15.46ms, mfu 0.08%
iter 90: loss 2.7745, time 15.02ms, mfu 0.08%
iter 100: loss 2.6965, time 14.91ms, mfu 0.08%
iter 110: loss 2.7805, time 15.07ms, mfu 0.08%
iter 120: loss 2.6849, time 15.10ms, mfu 0.08%
iter 130: loss 2.5645, time 14.73ms, mfu 0.08%
iter 140: loss 2.6020, time 15.38ms, mfu 0.08%
iter 150: loss 2.5652, time 15.03ms, mfu 0.08%
iter 160: loss 2.5015, time 15.25ms, mfu 0.08%
iter 170: loss 2.5851, time 15.30ms, mfu 0.08%
iter 180: loss 2.5940, time 14.80ms, mfu 0.08%
iter 190: loss 2.5505, time 15.12ms, mfu 0.08%
iter 200: loss 2.5246, time 15.08ms, mfu 0.08%
iter 210: loss 2.5605, time 15.29ms, mfu 0.08%
iter 220: loss 2.4274, time 15.40ms, mfu 0.08%
iter 230: loss 2.4017, time 15.07ms, mfu 0.08%
iter 240: loss 2.4944, time 15.45ms, mfu 0.08%
step 250: train loss 2.4650, val loss 2.4698
saving checkpoint to runs/rmsnorm_lr5e-4
iter 250: loss 2.5109, time 1765.41ms, mfu 0.08%
iter 260: loss 2.5406, time 14.95ms, mfu 0.08%
iter 270: loss 2.4429, time 14.95ms, mfu 0.08%
iter 280: loss 2.4582, time 15.16ms, mfu 0.08%
iter 290: loss 2.4430, time 15.21ms, mfu 0.08%
iter 300: loss 2.3854, time 14.98ms, mfu 0.08%
iter 310: loss 2.4238, time 14.98ms, mfu 0.08%
iter 320: loss 2.4275, time 15.02ms, mfu 0.08%
iter 330: loss 2.4377, time 14.82ms, mfu 0.08%
iter 340: loss 2.4383, time 15.20ms, mfu 0.08%
iter 350: loss 2.4448, time 15.25ms, mfu 0.08%
iter 360: loss 2.4391, time 14.99ms, mfu 0.08%
iter 370: loss 2.3178, time 15.13ms, mfu 0.08%
iter 380: loss 2.4621, time 15.18ms, mfu 0.08%
iter 390: loss 2.4944, time 15.36ms, mfu 0.08%
iter 400: loss 2.3586, time 14.89ms, mfu 0.08%
iter 410: loss 2.4119, time 14.89ms, mfu 0.08%
iter 420: loss 2.3125, time 14.83ms, mfu 0.08%
iter 430: loss 2.3952, time 15.17ms, mfu 0.08%
iter 440: loss 2.3512, time 14.73ms, mfu 0.08%
iter 450: loss 2.3016, time 15.03ms, mfu 0.08%
iter 460: loss 2.3447, time 15.16ms, mfu 0.08%
iter 470: loss 2.3423, time 14.78ms, mfu 0.08%
iter 480: loss 2.4351, time 15.35ms, mfu 0.08%
iter 490: loss 2.2727, time 15.33ms, mfu 0.08%
step 500: train loss 2.3383, val loss 2.3454
saving checkpoint to runs/rmsnorm_lr5e-4
iter 500: loss 2.2461, time 1743.94ms, mfu 0.08%
iter 510: loss 2.4137, time 14.75ms, mfu 0.08%
iter 520: loss 2.3455, time 15.05ms, mfu 0.08%
iter 530: loss 2.2828, time 14.86ms, mfu 0.08%
iter 540: loss 2.2964, time 15.09ms, mfu 0.08%
iter 550: loss 2.3504, time 15.15ms, mfu 0.08%
iter 560: loss 2.2826, time 14.81ms, mfu 0.08%
iter 570: loss 2.2912, time 15.12ms, mfu 0.08%
iter 580: loss 2.3612, time 15.39ms, mfu 0.08%
iter 590: loss 2.2945, time 15.55ms, mfu 0.08%
iter 600: loss 2.3497, time 14.69ms, mfu 0.08%
iter 610: loss 2.3641, time 14.60ms, mfu 0.08%
iter 620: loss 2.2782, time 15.20ms, mfu 0.08%
iter 630: loss 2.3628, time 15.41ms, mfu 0.08%
iter 640: loss 2.2709, time 15.08ms, mfu 0.08%
iter 650: loss 2.3252, time 14.81ms, mfu 0.08%
iter 660: loss 2.1975, time 15.56ms, mfu 0.08%
iter 670: loss 2.2555, time 14.90ms, mfu 0.08%
iter 680: loss 2.2325, time 14.73ms, mfu 0.08%
iter 690: loss 2.2307, time 14.95ms, mfu 0.08%
iter 700: loss 2.2390, time 15.05ms, mfu 0.08%
iter 710: loss 2.2035, time 15.24ms, mfu 0.08%
iter 720: loss 2.2944, time 15.45ms, mfu 0.08%
iter 730: loss 2.3021, time 18.45ms, mfu 0.08%
iter 740: loss 2.2437, time 15.03ms, mfu 0.08%
step 750: train loss 2.2466, val loss 2.2528
saving checkpoint to runs/rmsnorm_lr5e-4
iter 750: loss 2.2836, time 1836.93ms, mfu 0.07%
iter 760: loss 2.1559, time 14.83ms, mfu 0.08%
iter 770: loss 2.3164, time 15.28ms, mfu 0.08%
iter 780: loss 2.1636, time 15.04ms, mfu 0.08%
iter 790: loss 2.2561, time 14.56ms, mfu 0.08%
iter 800: loss 2.2408, time 15.03ms, mfu 0.08%
iter 810: loss 2.1602, time 15.07ms, mfu 0.08%
iter 820: loss 2.2327, time 15.17ms, mfu 0.08%
iter 830: loss 2.1486, time 14.88ms, mfu 0.08%
iter 840: loss 2.1813, time 15.70ms, mfu 0.08%
iter 850: loss 2.1864, time 15.13ms, mfu 0.08%
iter 860: loss 2.1261, time 15.02ms, mfu 0.08%
iter 870: loss 2.2434, time 15.65ms, mfu 0.08%
iter 880: loss 2.1502, time 15.36ms, mfu 0.08%
iter 890: loss 2.3021, time 14.62ms, mfu 0.08%
iter 900: loss 2.1658, time 14.96ms, mfu 0.08%
iter 910: loss 2.2195, time 15.22ms, mfu 0.08%
iter 920: loss 2.1996, time 15.18ms, mfu 0.08%
iter 930: loss 2.1651, time 15.01ms, mfu 0.08%
iter 940: loss 2.1286, time 15.22ms, mfu 0.08%
iter 950: loss 2.1576, time 15.20ms, mfu 0.08%
iter 960: loss 2.1514, time 15.12ms, mfu 0.08%
iter 970: loss 2.1278, time 14.97ms, mfu 0.08%
iter 980: loss 2.2288, time 14.95ms, mfu 0.08%
iter 990: loss 2.1377, time 15.41ms, mfu 0.08%
step 1000: train loss 2.1480, val loss 2.1819
saving checkpoint to runs/rmsnorm_lr5e-4
iter 1000: loss 2.1934, time 1742.99ms, mfu 0.08%
iter 1010: loss 2.2671, time 19.29ms, mfu 0.07%
iter 1020: loss 2.2366, time 15.06ms, mfu 0.08%
iter 1030: loss 2.1413, time 14.62ms, mfu 0.08%
iter 1040: loss 2.1498, time 15.01ms, mfu 0.08%
iter 1050: loss 2.1053, time 14.74ms, mfu 0.08%
iter 1060: loss 2.1221, time 14.81ms, mfu 0.08%
iter 1070: loss 2.0437, time 15.02ms, mfu 0.08%
iter 1080: loss 2.1490, time 14.84ms, mfu 0.08%
iter 1090: loss 2.1551, time 15.80ms, mfu 0.08%
iter 1100: loss 2.1162, time 15.05ms, mfu 0.08%
iter 1110: loss 2.0810, time 15.47ms, mfu 0.08%
iter 1120: loss 2.0379, time 15.25ms, mfu 0.08%
iter 1130: loss 2.0817, time 14.73ms, mfu 0.08%
iter 1140: loss 2.1048, time 15.45ms, mfu 0.08%
iter 1150: loss 2.1351, time 15.22ms, mfu 0.08%
iter 1160: loss 2.0337, time 15.12ms, mfu 0.08%
iter 1170: loss 2.0578, time 14.90ms, mfu 0.08%
iter 1180: loss 2.0707, time 15.52ms, mfu 0.08%
iter 1190: loss 2.1390, time 14.88ms, mfu 0.08%
iter 1200: loss 2.1690, time 14.88ms, mfu 0.08%
iter 1210: loss 2.0376, time 15.26ms, mfu 0.08%
iter 1220: loss 2.1237, time 14.93ms, mfu 0.08%
iter 1230: loss 2.0755, time 15.37ms, mfu 0.08%
iter 1240: loss 2.0042, time 15.39ms, mfu 0.08%
step 1250: train loss 2.0683, val loss 2.1076
saving checkpoint to runs/rmsnorm_lr5e-4
iter 1250: loss 2.1488, time 1902.11ms, mfu 0.07%
iter 1260: loss 1.9625, time 15.52ms, mfu 0.08%
iter 1270: loss 2.1018, time 15.09ms, mfu 0.08%
iter 1280: loss 2.0454, time 15.12ms, mfu 0.08%
iter 1290: loss 2.0956, time 15.14ms, mfu 0.08%
iter 1300: loss 2.1455, time 15.75ms, mfu 0.08%
iter 1310: loss 2.0508, time 15.59ms, mfu 0.08%
iter 1320: loss 1.9833, time 14.93ms, mfu 0.08%
iter 1330: loss 1.9409, time 18.69ms, mfu 0.08%
iter 1340: loss 2.0503, time 15.56ms, mfu 0.08%
iter 1350: loss 2.0174, time 15.29ms, mfu 0.08%
iter 1360: loss 1.9711, time 14.47ms, mfu 0.08%
iter 1370: loss 2.1102, time 15.63ms, mfu 0.08%
iter 1380: loss 1.9922, time 15.42ms, mfu 0.08%
iter 1390: loss 2.0987, time 14.99ms, mfu 0.08%
iter 1400: loss 2.0089, time 14.90ms, mfu 0.08%
iter 1410: loss 2.0635, time 15.74ms, mfu 0.08%
iter 1420: loss 2.0429, time 15.33ms, mfu 0.08%
iter 1430: loss 1.9190, time 14.94ms, mfu 0.08%
iter 1440: loss 2.0464, time 15.46ms, mfu 0.08%
iter 1450: loss 1.9855, time 14.73ms, mfu 0.08%
iter 1460: loss 2.0592, time 15.52ms, mfu 0.08%
iter 1470: loss 2.1153, time 15.05ms, mfu 0.08%
iter 1480: loss 2.0509, time 15.19ms, mfu 0.08%
iter 1490: loss 2.0714, time 15.24ms, mfu 0.08%
step 1500: train loss 2.0124, val loss 2.0586
saving checkpoint to runs/rmsnorm_lr5e-4
iter 1500: loss 1.9946, time 1782.27ms, mfu 0.07%
iter 1510: loss 1.9445, time 15.52ms, mfu 0.08%
iter 1520: loss 2.0156, time 15.39ms, mfu 0.08%
iter 1530: loss 2.0389, time 15.04ms, mfu 0.08%
iter 1540: loss 1.9364, time 15.17ms, mfu 0.08%
iter 1550: loss 1.9951, time 15.13ms, mfu 0.08%
iter 1560: loss 1.9733, time 15.00ms, mfu 0.08%
iter 1570: loss 1.9675, time 14.94ms, mfu 0.08%
iter 1580: loss 1.9340, time 15.58ms, mfu 0.08%
iter 1590: loss 2.0018, time 18.23ms, mfu 0.08%
iter 1600: loss 1.9116, time 14.43ms, mfu 0.08%
iter 1610: loss 2.0608, time 17.24ms, mfu 0.08%
iter 1620: loss 1.9427, time 15.53ms, mfu 0.08%
iter 1630: loss 1.9425, time 14.87ms, mfu 0.08%
iter 1640: loss 1.9502, time 15.27ms, mfu 0.08%
iter 1650: loss 2.0317, time 15.51ms, mfu 0.08%
iter 1660: loss 1.9450, time 14.76ms, mfu 0.08%
iter 1670: loss 1.9473, time 15.43ms, mfu 0.08%
iter 1680: loss 1.8611, time 15.46ms, mfu 0.08%
iter 1690: loss 1.9965, time 15.36ms, mfu 0.08%
iter 1700: loss 1.9695, time 15.61ms, mfu 0.08%
iter 1710: loss 2.0594, time 15.55ms, mfu 0.08%
iter 1720: loss 2.0021, time 15.00ms, mfu 0.08%
iter 1730: loss 1.9367, time 15.63ms, mfu 0.08%
iter 1740: loss 2.0495, time 15.48ms, mfu 0.08%
step 1750: train loss 1.9580, val loss 2.0223
saving checkpoint to runs/rmsnorm_lr5e-4
iter 1750: loss 2.0367, time 1788.97ms, mfu 0.07%
iter 1760: loss 1.8173, time 15.54ms, mfu 0.07%
iter 1770: loss 1.9103, time 15.35ms, mfu 0.08%
iter 1780: loss 1.9390, time 15.57ms, mfu 0.08%
iter 1790: loss 1.9105, time 15.34ms, mfu 0.08%
iter 1800: loss 1.9474, time 15.41ms, mfu 0.08%
iter 1810: loss 1.9808, time 19.93ms, mfu 0.08%
iter 1820: loss 1.9438, time 14.98ms, mfu 0.08%
iter 1830: loss 1.9330, time 15.09ms, mfu 0.08%
iter 1840: loss 1.8663, time 15.58ms, mfu 0.08%
iter 1850: loss 2.0561, time 14.83ms, mfu 0.08%
iter 1860: loss 1.9447, time 14.89ms, mfu 0.08%
iter 1870: loss 1.9677, time 15.33ms, mfu 0.08%
iter 1880: loss 1.9608, time 15.35ms, mfu 0.08%
iter 1890: loss 1.8827, time 15.45ms, mfu 0.08%
iter 1900: loss 1.9086, time 14.91ms, mfu 0.08%
iter 1910: loss 2.0060, time 14.72ms, mfu 0.08%
iter 1920: loss 1.9221, time 15.79ms, mfu 0.08%
iter 1930: loss 1.9296, time 15.55ms, mfu 0.08%
iter 1940: loss 1.9121, time 15.99ms, mfu 0.08%
iter 1950: loss 1.8947, time 17.01ms, mfu 0.08%
iter 1960: loss 1.8729, time 15.70ms, mfu 0.08%
iter 1970: loss 1.8864, time 15.07ms, mfu 0.08%
iter 1980: loss 1.8904, time 15.53ms, mfu 0.08%
iter 1990: loss 1.9442, time 15.64ms, mfu 0.08%
step 2000: train loss 1.9253, val loss 2.0034
saving checkpoint to runs/rmsnorm_lr5e-4
iter 2000: loss 1.9005, time 1817.01ms, mfu 0.07%
