Overriding config with config/train_shakespeare_char.py:
# train a miniature character-level shakespeare model
# good for debugging and playing on macbooks and such

out_dir = 'out-shakespeare-char'
eval_interval = 250 # keep frequent because we'll overfit
eval_iters = 200
log_interval = 10 # don't print too too often

# we expect to overfit on this small dataset, so only save when val improves
always_save_checkpoint = False

wandb_log = False # override via command line if you like
wandb_project = 'shakespeare-char'
wandb_run_name = 'mini-gpt'

dataset = 'shakespeare_char'
gradient_accumulation_steps = 1
batch_size = 64
block_size = 256 # context of up to 256 previous characters

# baby GPT model :)
n_layer = 6
n_head = 6
n_embd = 384
dropout = 0.2

learning_rate = 1e-3 # with baby networks can afford to go a bit higher
max_iters = 5000
lr_decay_iters = 5000 # make equal to max_iters usually
min_lr = 1e-4 # learning_rate / 10 usually
beta2 = 0.99 # make a bit bigger because number of tokens per iter is small

warmup_iters = 100 # not super necessary potentially

# on macbook also add
# device = 'cpu'  # run on cpu only
# compile = False # do not torch compile the model

Overriding: learning_rate = 0.0005
Overriding: out_dir = runs_full/rope_lr5e-4
Overriding: pos_type = rope
tokens per iteration will be: 16,384
found vocab_size = 65 (inside data/shakespeare_char/meta.pkl)
Initializing a new model from scratch
number of parameters: 10.65M
/scratch/guo.jiayin/nanoGPT/train.py:203: FutureWarning: `torch.cuda.amp.GradScaler(args...)` is deprecated. Please use `torch.amp.GradScaler('cuda', args...)` instead.
  scaler = torch.cuda.amp.GradScaler(enabled=(dtype == 'float16'))
num decayed parameter tensors: 25, with 10,641,792 parameters
num non-decayed parameter tensors: 13, with 4,992 parameters
using fused AdamW: True
compiling the model... (takes a ~minute)
step 0: train loss 4.1935, val loss 4.2004
iter 0: loss 4.2114, time 162460.28ms, mfu -100.00%
iter 10: loss 3.2288, time 9.70ms, mfu 38.42%
iter 20: loss 2.7949, time 10.11ms, mfu 38.27%
iter 30: loss 2.6164, time 24.33ms, mfu 35.97%
iter 40: loss 2.5619, time 8.17ms, mfu 36.93%
iter 50: loss 2.5203, time 8.99ms, mfu 37.38%
iter 60: loss 2.4153, time 18.53ms, mfu 35.66%
iter 70: loss 2.3809, time 16.81ms, mfu 34.31%
iter 80: loss 2.3052, time 15.65ms, mfu 33.26%
iter 90: loss 2.2606, time 9.16ms, mfu 34.00%
iter 100: loss 2.1918, time 12.81ms, mfu 33.51%
iter 110: loss 2.1497, time 18.59ms, mfu 32.16%
iter 120: loss 2.0949, time 9.97ms, mfu 32.68%
iter 130: loss 2.0322, time 24.26ms, mfu 30.95%
iter 140: loss 2.0225, time 21.65ms, mfu 29.58%
iter 150: loss 1.9752, time 13.05ms, mfu 29.47%
iter 160: loss 1.9222, time 9.07ms, mfu 30.64%
iter 170: loss 1.8969, time 11.63ms, mfu 30.77%
iter 180: loss 1.9013, time 12.84ms, mfu 30.60%
iter 190: loss 1.8694, time 19.22ms, mfu 29.48%
iter 200: loss 1.8209, time 10.90ms, mfu 29.95%
iter 210: loss 1.7952, time 19.69ms, mfu 28.85%
iter 220: loss 1.8115, time 25.04ms, mfu 27.45%
iter 230: loss 1.7715, time 21.07ms, mfu 26.47%
iter 240: loss 1.7415, time 25.48ms, mfu 25.29%
step 250: train loss 1.6485, val loss 1.8144
saving checkpoint to runs_full/rope_lr5e-4
iter 250: loss 1.7259, time 7576.10ms, mfu 22.77%
iter 260: loss 1.6906, time 10.38ms, mfu 24.08%
iter 270: loss 1.7020, time 26.56ms, mfu 23.08%
iter 280: loss 1.7310, time 38.21ms, mfu 21.74%
iter 290: loss 1.6945, time 12.70ms, mfu 22.50%
iter 300: loss 1.6919, time 10.33ms, mfu 23.86%
iter 310: loss 1.6506, time 17.73ms, mfu 23.58%
iter 320: loss 1.6553, time 17.75ms, mfu 23.32%
iter 330: loss 1.6195, time 9.42ms, mfu 24.94%
iter 340: loss 1.6157, time 10.25ms, mfu 26.08%
iter 350: loss 1.6276, time 16.05ms, mfu 25.80%
iter 360: loss 1.6225, time 13.87ms, mfu 25.90%
iter 370: loss 1.6217, time 33.44ms, mfu 24.43%
iter 380: loss 1.6035, time 11.04ms, mfu 25.36%
iter 390: loss 1.5805, time 10.41ms, mfu 26.40%
iter 400: loss 1.5389, time 11.21ms, mfu 27.09%
iter 410: loss 1.5771, time 33.74ms, mfu 25.48%
iter 420: loss 1.5165, time 20.74ms, mfu 24.73%
iter 430: loss 1.5234, time 15.51ms, mfu 24.66%
iter 440: loss 1.5587, time 27.25ms, mfu 23.56%
iter 450: loss 1.5286, time 14.61ms, mfu 23.76%
iter 460: loss 1.4845, time 12.83ms, mfu 24.28%
iter 470: loss 1.4891, time 20.16ms, mfu 23.70%
iter 480: loss 1.5000, time 14.52ms, mfu 23.90%
iter 490: loss 1.4951, time 9.42ms, mfu 25.47%
step 500: train loss 1.4061, val loss 1.6244
saving checkpoint to runs_full/rope_lr5e-4
iter 500: loss 1.5564, time 7652.70ms, mfu 22.92%
iter 510: loss 1.5018, time 14.36ms, mfu 23.23%
iter 520: loss 1.4845, time 11.30ms, mfu 24.20%
iter 530: loss 1.4859, time 23.67ms, mfu 23.35%
iter 540: loss 1.4745, time 10.11ms, mfu 24.70%
iter 550: loss 1.4749, time 18.07ms, mfu 24.29%
iter 560: loss 1.4535, time 10.62ms, mfu 25.38%
iter 570: loss 1.4593, time 19.52ms, mfu 24.75%
iter 580: loss 1.4451, time 11.47ms, mfu 25.52%
iter 590: loss 1.4843, time 9.90ms, mfu 26.73%
iter 600: loss 1.4482, time 10.30ms, mfu 27.68%
iter 610: loss 1.4065, time 16.66ms, mfu 27.15%
iter 620: loss 1.4354, time 21.43ms, mfu 26.17%
iter 630: loss 1.4476, time 10.89ms, mfu 26.97%
iter 640: loss 1.4288, time 10.60ms, mfu 27.79%
iter 650: loss 1.4260, time 11.95ms, mfu 28.13%
iter 660: loss 1.3861, time 12.49ms, mfu 28.30%
iter 670: loss 1.4048, time 24.15ms, mfu 27.02%
iter 680: loss 1.3668, time 9.39ms, mfu 28.28%
iter 690: loss 1.3902, time 8.93ms, mfu 29.63%
iter 700: loss 1.3598, time 11.10ms, mfu 30.02%
iter 710: loss 1.3702, time 21.67ms, mfu 28.74%
iter 720: loss 1.3858, time 8.54ms, mfu 30.22%
iter 730: loss 1.4107, time 10.97ms, mfu 30.60%
iter 740: loss 1.3706, time 25.07ms, mfu 29.02%
step 750: train loss 1.3038, val loss 1.5560
saving checkpoint to runs_full/rope_lr5e-4
iter 750: loss 1.3456, time 40351.86ms, mfu 26.12%
iter 760: loss 1.3869, time 9.15ms, mfu 27.58%
iter 770: loss 1.3621, time 247.45ms, mfu 24.97%
iter 780: loss 1.3367, time 210.99ms, mfu 22.65%
iter 790: loss 1.3740, time 217.96ms, mfu 20.56%
iter 800: loss 1.3458, time 189.13ms, mfu 18.70%
iter 810: loss 1.3428, time 221.17ms, mfu 17.00%
iter 820: loss 1.3568, time 235.62ms, mfu 15.46%
iter 830: loss 1.3157, time 189.83ms, mfu 14.11%
iter 840: loss 1.3245, time 184.86ms, mfu 12.90%
iter 850: loss 1.3571, time 179.28ms, mfu 11.82%
iter 860: loss 1.3166, time 210.36ms, mfu 10.81%
iter 870: loss 1.3190, time 231.81ms, mfu 9.89%
iter 880: loss 1.3213, time 184.83ms, mfu 9.10%
iter 890: loss 1.3397, time 177.51ms, mfu 8.40%
iter 900: loss 1.3202, time 168.85ms, mfu 7.78%
iter 910: loss 1.3305, time 186.36ms, mfu 7.21%
iter 920: loss 1.3078, time 205.66ms, mfu 6.67%
iter 930: loss 1.3187, time 12.90ms, mfu 8.89%
iter 940: loss 1.3241, time 166.32ms, mfu 8.22%
iter 950: loss 1.2664, time 208.34ms, mfu 7.58%
iter 960: loss 1.3004, time 198.94ms, mfu 7.01%
iter 970: loss 1.3168, time 214.77ms, mfu 6.48%
iter 980: loss 1.3223, time 8.99ms, mfu 9.98%
iter 990: loss 1.3144, time 143.32ms, mfu 9.24%
step 1000: train loss 1.2268, val loss 1.5085
saving checkpoint to runs_full/rope_lr5e-4
iter 1000: loss 1.3034, time 25397.50ms, mfu 8.32%
iter 1010: loss 1.2891, time 184.57ms, mfu 7.69%
iter 1020: loss 1.2985, time 8.31ms, mfu 11.40%
iter 1030: loss 1.2814, time 9.50ms, mfu 14.19%
iter 1040: loss 1.2651, time 9.50ms, mfu 16.69%
iter 1050: loss 1.2990, time 161.61ms, mfu 15.25%
iter 1060: loss 1.2979, time 160.28ms, mfu 13.96%
iter 1070: loss 1.2933, time 161.59ms, mfu 12.79%
iter 1080: loss 1.3024, time 174.60ms, mfu 11.73%
iter 1090: loss 1.2991, time 172.36ms, mfu 10.77%
iter 1100: loss 1.2636, time 57.32ms, mfu 10.34%
iter 1110: loss 1.2716, time 178.95ms, mfu 9.52%
iter 1120: loss 1.2855, time 172.97ms, mfu 8.78%
iter 1130: loss 1.2465, time 9.48ms, mfu 11.84%
iter 1140: loss 1.2785, time 8.06ms, mfu 15.28%
iter 1150: loss 1.3042, time 172.78ms, mfu 13.96%
iter 1160: loss 1.2670, time 10.16ms, mfu 16.23%
iter 1170: loss 1.2602, time 8.07ms, mfu 19.23%
iter 1180: loss 1.2647, time 200.49ms, mfu 17.49%
iter 1190: loss 1.2819, time 7.77ms, mfu 20.54%
iter 1200: loss 1.2754, time 11.27ms, mfu 21.79%
iter 1210: loss 1.2457, time 10.83ms, mfu 23.05%
iter 1220: loss 1.2596, time 180.41ms, mfu 20.95%
iter 1230: loss 1.1997, time 188.78ms, mfu 19.06%
iter 1240: loss 1.2444, time 165.51ms, mfu 17.38%
step 1250: train loss 1.1742, val loss 1.4994
saving checkpoint to runs_full/rope_lr5e-4
iter 1250: loss 1.2388, time 42202.38ms, mfu 15.64%
iter 1260: loss 1.2573, time 256.01ms, mfu 14.22%
iter 1270: loss 1.2294, time 9.26ms, mfu 16.82%
iter 1280: loss 1.2626, time 228.90ms, mfu 15.30%
iter 1290: loss 1.2422, time 220.39ms, mfu 13.94%
iter 1300: loss 1.2231, time 8.46ms, mfu 16.95%
iter 1310: loss 1.2451, time 188.21ms, mfu 15.45%
iter 1320: loss 1.2400, time 9.32ms, mfu 17.91%
iter 1330: loss 1.2231, time 30.30ms, mfu 17.35%
iter 1340: loss 1.2373, time 9.07ms, mfu 19.72%
iter 1350: loss 1.2054, time 116.13ms, mfu 18.07%
iter 1360: loss 1.2355, time 197.84ms, mfu 16.45%
iter 1370: loss 1.2321, time 170.10ms, mfu 15.02%
iter 1380: loss 1.1912, time 9.38ms, mfu 17.50%
iter 1390: loss 1.2096, time 10.16ms, mfu 19.41%
iter 1400: loss 1.2174, time 9.09ms, mfu 21.57%
iter 1410: loss 1.2365, time 201.83ms, mfu 19.60%
iter 1420: loss 1.2270, time 10.30ms, mfu 21.26%
iter 1430: loss 1.2227, time 27.81ms, mfu 20.47%
iter 1440: loss 1.2261, time 185.38ms, mfu 18.63%
iter 1450: loss 1.1929, time 9.78ms, mfu 20.57%
iter 1460: loss 1.1967, time 9.32ms, mfu 22.51%
iter 1470: loss 1.2010, time 8.80ms, mfu 24.50%
iter 1480: loss 1.2157, time 9.75ms, mfu 25.87%
iter 1490: loss 1.2401, time 197.33ms, mfu 23.47%
step 1500: train loss 1.1271, val loss 1.4840
saving checkpoint to runs_full/rope_lr5e-4
iter 1500: loss 1.1883, time 30617.64ms, mfu 21.13%
iter 1510: loss 1.2109, time 163.54ms, mfu 19.24%
iter 1520: loss 1.2039, time 199.12ms, mfu 17.51%
iter 1530: loss 1.1955, time 8.37ms, mfu 20.21%
iter 1540: loss 1.2048, time 8.78ms, mfu 22.43%
iter 1550: loss 1.1803, time 8.30ms, mfu 24.68%
iter 1560: loss 1.2018, time 10.20ms, mfu 25.86%
iter 1570: loss 1.2061, time 179.97ms, mfu 23.49%
iter 1580: loss 1.1623, time 201.61ms, mfu 21.32%
iter 1590: loss 1.1749, time 8.76ms, mfu 23.45%
iter 1600: loss 1.1342, time 8.26ms, mfu 25.61%
iter 1610: loss 1.1734, time 228.22ms, mfu 23.22%
iter 1620: loss 1.1725, time 8.39ms, mfu 25.34%
iter 1630: loss 1.2034, time 109.89ms, mfu 23.14%
iter 1640: loss 1.2023, time 172.54ms, mfu 21.04%
iter 1650: loss 1.1954, time 8.69ms, mfu 23.22%
iter 1660: loss 1.1747, time 8.22ms, mfu 25.43%
iter 1670: loss 1.2109, time 201.02ms, mfu 23.07%
iter 1680: loss 1.1900, time 8.48ms, mfu 25.16%
iter 1690: loss 1.1626, time 221.52ms, mfu 22.81%
iter 1700: loss 1.1769, time 10.38ms, mfu 24.12%
iter 1710: loss 1.1603, time 239.37ms, mfu 21.86%
iter 1720: loss 1.1697, time 8.01ms, mfu 24.33%
iter 1730: loss 1.1392, time 9.33ms, mfu 25.89%
iter 1740: loss 1.1549, time 9.21ms, mfu 27.34%
step 1750: train loss 1.0824, val loss 1.4722
saving checkpoint to runs_full/rope_lr5e-4
iter 1750: loss 1.1622, time 25777.79ms, mfu 24.61%
iter 1760: loss 1.1899, time 169.41ms, mfu 22.37%
iter 1770: loss 1.1573, time 177.16ms, mfu 20.34%
iter 1780: loss 1.1697, time 199.55ms, mfu 18.50%
iter 1790: loss 1.1608, time 190.87ms, mfu 16.84%
iter 1800: loss 1.1692, time 173.37ms, mfu 15.37%
iter 1810: loss 1.1705, time 209.20ms, mfu 14.01%
iter 1820: loss 1.1864, time 171.26ms, mfu 12.83%
iter 1830: loss 1.1307, time 210.88ms, mfu 11.72%
iter 1840: loss 1.1361, time 159.45ms, mfu 10.78%
iter 1850: loss 1.1591, time 196.30ms, mfu 9.90%
iter 1860: loss 1.1712, time 8.63ms, mfu 13.22%
iter 1870: loss 1.1001, time 9.10ms, mfu 16.00%
iter 1880: loss 1.1704, time 8.75ms, mfu 18.66%
iter 1890: loss 1.1409, time 8.72ms, mfu 21.06%
iter 1900: loss 1.1650, time 10.19ms, mfu 22.62%
iter 1910: loss 1.1620, time 8.02ms, mfu 25.00%
iter 1920: loss 1.1425, time 8.90ms, mfu 26.69%
iter 1930: loss 1.1295, time 8.30ms, mfu 28.51%
iter 1940: loss 1.1308, time 8.59ms, mfu 29.99%
iter 1950: loss 1.1554, time 9.14ms, mfu 31.07%
iter 1960: loss 1.1231, time 7.69ms, mfu 32.81%
iter 1970: loss 1.1483, time 10.22ms, mfu 33.18%
iter 1980: loss 1.1524, time 8.23ms, mfu 34.39%
iter 1990: loss 1.1495, time 8.26ms, mfu 35.46%
step 2000: train loss 1.0387, val loss 1.4923
iter 2000: loss 1.1658, time 4837.31ms, mfu 31.92%
iter 2010: loss 1.1497, time 9.51ms, mfu 32.65%
iter 2020: loss 1.1252, time 13.24ms, mfu 32.20%
iter 2030: loss 1.1456, time 9.53ms, mfu 32.89%
iter 2040: loss 1.0986, time 12.81ms, mfu 32.51%
iter 2050: loss 1.1225, time 16.90ms, mfu 31.46%
iter 2060: loss 1.1196, time 8.18ms, mfu 32.87%
iter 2070: loss 1.1205, time 9.19ms, mfu 33.64%
iter 2080: loss 1.1297, time 10.11ms, mfu 33.96%
iter 2090: loss 1.1247, time 8.99ms, mfu 34.71%
iter 2100: loss 1.1411, time 10.55ms, mfu 34.77%
iter 2110: loss 1.1516, time 8.83ms, mfu 35.52%
iter 2120: loss 1.1108, time 8.95ms, mfu 36.13%
iter 2130: loss 1.0980, time 18.04ms, mfu 34.58%
iter 2140: loss 1.0982, time 8.80ms, mfu 35.36%
iter 2150: loss 1.1123, time 17.07ms, mfu 34.00%
iter 2160: loss 1.1026, time 7.90ms, mfu 35.32%
iter 2170: loss 1.0975, time 8.09ms, mfu 36.39%
iter 2180: loss 1.0927, time 15.15ms, mfu 35.21%
iter 2190: loss 1.1070, time 9.94ms, mfu 35.44%
iter 2200: loss 1.0992, time 9.02ms, mfu 36.03%
iter 2210: loss 1.0913, time 10.78ms, mfu 35.88%
iter 2220: loss 1.0844, time 16.05ms, mfu 34.62%
iter 2230: loss 1.0958, time 10.17ms, mfu 34.82%
iter 2240: loss 1.0866, time 15.55ms, mfu 33.73%
step 2250: train loss 0.9922, val loss 1.4894
iter 2250: loss 1.0869, time 3256.71ms, mfu 30.37%
iter 2260: loss 1.0700, time 10.09ms, mfu 31.03%
iter 2270: loss 1.0890, time 15.18ms, mfu 30.38%
iter 2280: loss 1.0810, time 8.94ms, mfu 31.51%
iter 2290: loss 1.0947, time 8.97ms, mfu 32.51%
iter 2300: loss 1.0801, time 12.20ms, mfu 32.32%
iter 2310: loss 1.1182, time 9.25ms, mfu 33.11%
iter 2320: loss 1.0777, time 18.22ms, mfu 31.85%
iter 2330: loss 1.0805, time 8.58ms, mfu 33.01%
iter 2340: loss 1.0788, time 10.94ms, mfu 33.11%
iter 2350: loss 1.0796, time 16.31ms, mfu 32.09%
iter 2360: loss 1.0898, time 10.94ms, mfu 32.28%
iter 2370: loss 1.0831, time 10.01ms, mfu 32.78%
iter 2380: loss 1.0829, time 17.70ms, mfu 31.60%
iter 2390: loss 1.1012, time 9.55ms, mfu 32.35%
iter 2400: loss 1.0772, time 15.67ms, mfu 31.49%
iter 2410: loss 1.0930, time 10.76ms, mfu 31.80%
iter 2420: loss 1.0679, time 14.98ms, mfu 31.11%
iter 2430: loss 1.0622, time 9.87ms, mfu 31.77%
iter 2440: loss 1.0516, time 15.74ms, mfu 30.96%
iter 2450: loss 1.0447, time 11.01ms, mfu 31.25%
iter 2460: loss 1.0795, time 9.52ms, mfu 32.04%
iter 2470: loss 1.0612, time 14.07ms, mfu 31.49%
iter 2480: loss 1.0643, time 9.05ms, mfu 32.45%
iter 2490: loss 1.0326, time 14.96ms, mfu 31.70%
step 2500: train loss 0.9525, val loss 1.4943
iter 2500: loss 1.0631, time 3235.83ms, mfu 28.54%
iter 2510: loss 1.0776, time 19.42ms, mfu 27.60%
iter 2520: loss 1.0748, time 17.11ms, mfu 27.02%
iter 2530: loss 1.0740, time 8.09ms, mfu 28.92%
iter 2540: loss 1.0715, time 9.01ms, mfu 30.17%
iter 2550: loss 1.0775, time 16.53ms, mfu 29.41%
iter 2560: loss 1.0347, time 9.01ms, mfu 30.60%
iter 2570: loss 1.0688, time 10.42ms, mfu 31.12%
iter 2580: loss 1.0631, time 8.42ms, mfu 32.43%
iter 2590: loss 1.0705, time 16.18ms, mfu 31.49%
iter 2600: loss 1.0546, time 10.03ms, mfu 32.06%
iter 2610: loss 1.0731, time 8.09ms, mfu 33.46%
iter 2620: loss 1.0551, time 16.33ms, mfu 32.39%
iter 2630: loss 1.0544, time 8.35ms, mfu 33.62%
iter 2640: loss 1.0575, time 10.22ms, mfu 33.90%
iter 2650: loss 1.0329, time 14.79ms, mfu 33.03%
iter 2660: loss 1.0750, time 8.25ms, mfu 34.24%
iter 2670: loss 1.0720, time 17.61ms, mfu 32.93%
iter 2680: loss 1.0383, time 14.20ms, mfu 32.27%
iter 2690: loss 1.0505, time 9.64ms, mfu 32.90%
iter 2700: loss 1.0134, time 17.07ms, mfu 31.80%
iter 2710: loss 1.0475, time 18.02ms, mfu 30.68%
iter 2720: loss 1.0324, time 9.35ms, mfu 31.60%
iter 2730: loss 1.0395, time 9.55ms, mfu 32.35%
iter 2740: loss 1.0351, time 10.58ms, mfu 32.63%
step 2750: train loss 0.9116, val loss 1.5074
iter 2750: loss 1.0593, time 3603.42ms, mfu 29.38%
iter 2760: loss 1.0108, time 16.08ms, mfu 28.76%
iter 2770: loss 1.0449, time 15.65ms, mfu 28.27%
iter 2780: loss 0.9934, time 8.53ms, mfu 29.81%
iter 2790: loss 1.0251, time 14.52ms, mfu 29.39%
iter 2800: loss 1.0298, time 10.00ms, mfu 30.18%
iter 2810: loss 1.0533, time 7.71ms, mfu 32.00%
iter 2820: loss 1.0254, time 9.29ms, mfu 32.81%
iter 2830: loss 1.0087, time 16.99ms, mfu 31.72%
iter 2840: loss 1.0179, time 14.42ms, mfu 31.14%
iter 2850: loss 1.0262, time 8.01ms, mfu 32.68%
iter 2860: loss 1.0194, time 7.99ms, mfu 34.07%
iter 2870: loss 1.0268, time 10.00ms, mfu 34.39%
iter 2880: loss 1.0122, time 7.55ms, mfu 35.89%
iter 2890: loss 1.0315, time 8.58ms, mfu 36.64%
iter 2900: loss 1.0324, time 8.14ms, mfu 37.56%
iter 2910: loss 1.0121, time 31.99ms, mfu 34.97%
iter 2920: loss 1.0352, time 7.65ms, mfu 36.34%
iter 2930: loss 0.9763, time 8.77ms, mfu 36.96%
iter 2940: loss 1.0260, time 13.02ms, mfu 36.12%
iter 2950: loss 1.0453, time 18.16ms, mfu 34.56%
iter 2960: loss 1.0001, time 9.42ms, mfu 35.06%
iter 2970: loss 1.0098, time 9.08ms, mfu 35.66%
iter 2980: loss 1.0211, time 9.75ms, mfu 35.91%
iter 2990: loss 0.9909, time 9.48ms, mfu 36.25%
step 3000: train loss 0.8726, val loss 1.5231
iter 3000: loss 1.0172, time 3143.95ms, mfu 32.64%
iter 3010: loss 0.9987, time 7.65ms, mfu 34.24%
iter 3020: loss 1.0122, time 8.93ms, mfu 34.99%
iter 3030: loss 1.0120, time 11.95ms, mfu 34.61%
iter 3040: loss 1.0050, time 9.36ms, mfu 35.13%
iter 3050: loss 1.0101, time 8.95ms, mfu 35.78%
iter 3060: loss 1.0004, time 10.22ms, mfu 35.85%
iter 3070: loss 0.9898, time 15.63ms, mfu 34.65%
iter 3080: loss 0.9857, time 16.12ms, mfu 33.50%
iter 3090: loss 0.9931, time 10.70ms, mfu 33.63%
iter 3100: loss 0.9874, time 16.11ms, mfu 32.58%
iter 3110: loss 0.9788, time 18.36ms, mfu 31.35%
iter 3120: loss 1.0153, time 9.99ms, mfu 31.95%
iter 3130: loss 0.9768, time 15.01ms, mfu 31.23%
iter 3140: loss 0.9903, time 14.78ms, mfu 30.63%
iter 3150: loss 1.0004, time 9.70ms, mfu 31.41%
iter 3160: loss 0.9786, time 8.73ms, mfu 32.54%
iter 3170: loss 0.9829, time 8.15ms, mfu 33.86%
iter 3180: loss 0.9942, time 8.02ms, mfu 35.12%
iter 3190: loss 0.9783, time 10.01ms, mfu 35.33%
iter 3200: loss 0.9611, time 14.07ms, mfu 34.44%
iter 3210: loss 0.9982, time 15.12ms, mfu 33.46%
iter 3220: loss 0.9754, time 14.41ms, mfu 32.70%
iter 3230: loss 0.9816, time 9.35ms, mfu 33.42%
iter 3240: loss 0.9729, time 13.95ms, mfu 32.75%
step 3250: train loss 0.8375, val loss 1.5401
iter 3250: loss 0.9798, time 3489.30ms, mfu 29.48%
iter 3260: loss 0.9699, time 10.98ms, mfu 29.93%
iter 3270: loss 0.9518, time 9.66ms, mfu 30.79%
iter 3280: loss 0.9780, time 7.73ms, mfu 32.53%
iter 3290: loss 0.9641, time 8.68ms, mfu 33.57%
iter 3300: loss 0.9673, time 8.52ms, mfu 34.59%
iter 3310: loss 0.9752, time 10.54ms, mfu 34.67%
iter 3320: loss 0.9794, time 8.29ms, mfu 35.69%
iter 3330: loss 0.9552, time 7.80ms, mfu 36.90%
iter 3340: loss 0.9551, time 13.75ms, mfu 35.92%
iter 3350: loss 0.9615, time 16.47ms, mfu 34.59%
iter 3360: loss 0.9527, time 15.71ms, mfu 33.50%
iter 3370: loss 0.9370, time 10.53ms, mfu 33.69%
iter 3380: loss 0.9628, time 10.01ms, mfu 34.04%
iter 3390: loss 0.9361, time 9.18ms, mfu 34.70%
iter 3400: loss 0.9512, time 9.95ms, mfu 34.98%
iter 3410: loss 0.9552, time 8.08ms, mfu 36.09%
iter 3420: loss 0.9693, time 8.99ms, mfu 36.62%
iter 3430: loss 0.9931, time 8.99ms, mfu 37.11%
iter 3440: loss 0.9473, time 9.96ms, mfu 37.14%
iter 3450: loss 0.9505, time 10.68ms, mfu 36.91%
iter 3460: loss 0.9406, time 9.95ms, mfu 36.97%
iter 3470: loss 0.9342, time 8.19ms, mfu 37.82%
iter 3480: loss 0.9405, time 8.87ms, mfu 38.24%
iter 3490: loss 0.9537, time 8.19ms, mfu 38.97%
step 3500: train loss 0.7959, val loss 1.5695
iter 3500: loss 0.9312, time 3172.00ms, mfu 35.08%
iter 3510: loss 0.9846, time 12.58ms, mfu 34.54%
iter 3520: loss 0.9529, time 9.32ms, mfu 35.08%
iter 3530: loss 0.9352, time 16.52ms, mfu 33.83%
iter 3540: loss 0.9620, time 9.64ms, mfu 34.31%
iter 3550: loss 0.9392, time 10.32ms, mfu 34.49%
iter 3560: loss 0.9578, time 8.80ms, mfu 35.28%
iter 3570: loss 0.9408, time 9.95ms, mfu 35.50%
iter 3580: loss 0.9473, time 17.28ms, mfu 34.10%
iter 3590: loss 0.9270, time 9.28ms, mfu 34.71%
iter 3600: loss 0.9360, time 15.97ms, mfu 33.57%
iter 3610: loss 0.9361, time 19.06ms, mfu 32.17%
iter 3620: loss 0.9355, time 10.14ms, mfu 32.63%
iter 3630: loss 0.9506, time 18.13ms, mfu 31.42%
iter 3640: loss 0.9322, time 16.83ms, mfu 30.49%
iter 3650: loss 0.9490, time 9.82ms, mfu 31.24%
iter 3660: loss 0.9428, time 8.09ms, mfu 32.72%
iter 3670: loss 0.9219, time 10.85ms, mfu 32.88%
iter 3680: loss 0.9399, time 9.44ms, mfu 33.54%
iter 3690: loss 0.9580, time 18.50ms, mfu 32.20%
iter 3700: loss 0.9404, time 17.09ms, mfu 31.16%
iter 3710: loss 0.9592, time 8.73ms, mfu 32.31%
iter 3720: loss 0.9287, time 9.44ms, mfu 33.03%
iter 3730: loss 0.9313, time 9.45ms, mfu 33.67%
iter 3740: loss 0.9276, time 9.03ms, mfu 34.43%
step 3750: train loss 0.7648, val loss 1.5753
iter 3750: loss 0.9307, time 3359.11ms, mfu 31.00%
iter 3760: loss 0.9062, time 8.37ms, mfu 32.35%
iter 3770: loss 0.9267, time 8.16ms, mfu 33.68%
iter 3780: loss 0.9224, time 8.43ms, mfu 34.73%
iter 3790: loss 0.9070, time 10.66ms, mfu 34.76%
iter 3800: loss 0.9276, time 9.14ms, mfu 35.36%
iter 3810: loss 0.9197, time 7.93ms, mfu 36.52%
iter 3820: loss 0.9064, time 9.42ms, mfu 36.82%
iter 3830: loss 0.9098, time 9.96ms, mfu 36.88%
iter 3840: loss 0.9254, time 17.53ms, mfu 35.32%
iter 3850: loss 0.9013, time 16.02ms, mfu 34.11%
iter 3860: loss 0.9023, time 16.56ms, mfu 32.95%
iter 3870: loss 0.9282, time 8.75ms, mfu 33.91%
iter 3880: loss 0.9200, time 8.93ms, mfu 34.69%
iter 3890: loss 0.9215, time 15.60ms, mfu 33.61%
iter 3900: loss 0.9210, time 8.29ms, mfu 34.75%
iter 3910: loss 0.9306, time 9.97ms, mfu 35.01%
iter 3920: loss 0.9006, time 9.55ms, mfu 35.41%
iter 3930: loss 0.9179, time 17.38ms, mfu 34.01%
iter 3940: loss 0.8853, time 19.05ms, mfu 32.57%
iter 3950: loss 0.9124, time 11.14ms, mfu 32.66%
iter 3960: loss 0.9229, time 16.15ms, mfu 31.70%
iter 3970: loss 0.9126, time 9.99ms, mfu 32.26%
iter 3980: loss 0.9176, time 9.75ms, mfu 32.85%
iter 3990: loss 0.8825, time 9.04ms, mfu 33.69%
step 4000: train loss 0.7363, val loss 1.5912
iter 4000: loss 0.9026, time 4001.62ms, mfu 30.33%
iter 4010: loss 0.9362, time 8.32ms, mfu 31.78%
iter 4020: loss 0.9252, time 8.31ms, mfu 33.08%
iter 4030: loss 0.9110, time 8.40ms, mfu 34.21%
iter 4040: loss 0.9015, time 11.01ms, mfu 34.17%
iter 4050: loss 0.8925, time 14.21ms, mfu 33.38%
iter 4060: loss 0.8927, time 8.10ms, mfu 34.64%
iter 4070: loss 0.9249, time 17.11ms, mfu 33.35%
iter 4080: loss 0.8909, time 8.74ms, mfu 34.28%
iter 4090: loss 0.9324, time 9.23ms, mfu 34.89%
iter 4100: loss 0.8857, time 8.60ms, mfu 35.73%
iter 4110: loss 0.8950, time 8.12ms, mfu 36.75%
iter 4120: loss 0.8782, time 8.01ms, mfu 37.72%
iter 4130: loss 0.8900, time 10.10ms, mfu 37.64%
iter 4140: loss 0.8841, time 9.19ms, mfu 37.93%
iter 4150: loss 0.9165, time 10.87ms, mfu 37.56%
iter 4160: loss 0.9017, time 15.54ms, mfu 36.21%
iter 4170: loss 0.8602, time 9.00ms, mfu 36.72%
iter 4180: loss 0.8949, time 8.55ms, mfu 37.41%
iter 4190: loss 0.8978, time 8.21ms, mfu 38.21%
iter 4200: loss 0.8970, time 9.27ms, mfu 38.41%
iter 4210: loss 0.9042, time 8.38ms, mfu 39.01%
iter 4220: loss 0.8898, time 8.31ms, mfu 39.60%
iter 4230: loss 0.8843, time 8.75ms, mfu 39.89%
iter 4240: loss 0.9014, time 8.59ms, mfu 40.24%
step 4250: train loss 0.7099, val loss 1.6169
iter 4250: loss 0.8815, time 3248.44ms, mfu 36.23%
iter 4260: loss 0.8960, time 8.23ms, mfu 37.13%
iter 4270: loss 0.8991, time 8.54ms, mfu 37.78%
iter 4280: loss 0.9008, time 9.09ms, mfu 38.11%
iter 4290: loss 0.8932, time 10.48ms, mfu 37.85%
iter 4300: loss 0.8930, time 8.23ms, mfu 38.59%
iter 4310: loss 0.8657, time 8.48ms, mfu 39.13%
iter 4320: loss 0.8941, time 8.89ms, mfu 39.41%
iter 4330: loss 0.8855, time 8.15ms, mfu 40.03%
iter 4340: loss 0.8738, time 59.65ms, mfu 36.66%
iter 4350: loss 0.8938, time 9.72ms, mfu 36.82%
iter 4360: loss 0.8754, time 10.82ms, mfu 36.58%
iter 4370: loss 0.8830, time 8.05ms, mfu 37.55%
iter 4380: loss 0.8919, time 9.36ms, mfu 37.78%
iter 4390: loss 0.8597, time 9.31ms, mfu 38.01%
iter 4400: loss 0.8635, time 9.43ms, mfu 38.16%
iter 4410: loss 0.9018, time 10.01ms, mfu 38.06%
iter 4420: loss 0.8895, time 9.95ms, mfu 38.00%
iter 4430: loss 0.8769, time 8.17ms, mfu 38.76%
iter 4440: loss 0.8835, time 8.54ms, mfu 39.25%
iter 4450: loss 0.8950, time 10.90ms, mfu 38.74%
iter 4460: loss 0.8748, time 9.21ms, mfu 38.91%
iter 4470: loss 0.8791, time 9.34ms, mfu 39.01%
iter 4480: loss 0.8786, time 9.54ms, mfu 39.01%
iter 4490: loss 0.8711, time 9.63ms, mfu 38.98%
step 4500: train loss 0.6836, val loss 1.6289
iter 4500: loss 0.9009, time 3212.57ms, mfu 35.09%
iter 4510: loss 0.8566, time 9.01ms, mfu 35.72%
iter 4520: loss 0.8510, time 8.85ms, mfu 36.36%
iter 4530: loss 0.8658, time 11.11ms, mfu 36.08%
iter 4540: loss 0.8702, time 8.72ms, mfu 36.74%
iter 4550: loss 0.8704, time 12.86ms, mfu 35.97%
iter 4560: loss 0.8722, time 13.64ms, mfu 35.10%
iter 4570: loss 0.8932, time 9.28ms, mfu 35.61%
iter 4580: loss 0.8872, time 12.43ms, mfu 35.05%
iter 4590: loss 0.8694, time 10.93ms, mfu 34.95%
iter 4600: loss 0.8669, time 8.63ms, mfu 35.77%
iter 4610: loss 0.8665, time 8.98ms, mfu 36.34%
iter 4620: loss 0.8584, time 10.97ms, mfu 36.11%
iter 4630: loss 0.8550, time 9.09ms, mfu 36.59%
iter 4640: loss 0.8591, time 9.47ms, mfu 36.87%
iter 4650: loss 0.8585, time 19.55ms, mfu 35.09%
iter 4660: loss 0.8719, time 9.49ms, mfu 35.51%
iter 4670: loss 0.8677, time 8.09ms, mfu 36.56%
iter 4680: loss 0.8510, time 8.01ms, mfu 37.56%
iter 4690: loss 0.8395, time 9.15ms, mfu 37.88%
iter 4700: loss 0.8773, time 12.02ms, mfu 37.19%
iter 4710: loss 0.8661, time 9.14ms, mfu 37.55%
iter 4720: loss 0.8618, time 8.64ms, mfu 38.10%
iter 4730: loss 0.8550, time 10.11ms, mfu 37.98%
iter 4740: loss 0.8408, time 14.09ms, mfu 36.83%
step 4750: train loss 0.6644, val loss 1.6345
iter 4750: loss 0.8620, time 3599.22ms, mfu 33.15%
iter 4760: loss 0.8647, time 21.05ms, mfu 31.61%
iter 4770: loss 0.8459, time 7.84ms, mfu 33.20%
iter 4780: loss 0.8774, time 8.87ms, mfu 34.08%
iter 4790: loss 0.8587, time 9.52ms, mfu 34.59%
iter 4800: loss 0.8687, time 7.63ms, mfu 36.01%
iter 4810: loss 0.8492, time 14.02ms, mfu 35.07%
iter 4820: loss 0.8557, time 9.58ms, mfu 35.45%
iter 4830: loss 0.8448, time 15.34ms, mfu 34.33%
iter 4840: loss 0.8413, time 10.39ms, mfu 34.49%
iter 4850: loss 0.8593, time 10.47ms, mfu 34.60%
iter 4860: loss 0.8402, time 9.89ms, mfu 34.90%
iter 4870: loss 0.8623, time 9.13ms, mfu 35.49%
iter 4880: loss 0.8465, time 9.75ms, mfu 35.77%
iter 4890: loss 0.8857, time 18.08ms, mfu 34.25%
iter 4900: loss 0.8672, time 10.45ms, mfu 34.39%
iter 4910: loss 0.8341, time 7.34ms, mfu 36.03%
iter 4920: loss 0.8383, time 17.45ms, mfu 34.57%
iter 4930: loss 0.8504, time 14.03ms, mfu 33.76%
iter 4940: loss 0.8611, time 8.72ms, mfu 34.66%
iter 4950: loss 0.8536, time 8.66ms, mfu 35.50%
iter 4960: loss 0.8390, time 8.56ms, mfu 36.30%
iter 4970: loss 0.8333, time 7.67ms, mfu 37.53%
iter 4980: loss 0.8497, time 8.14ms, mfu 38.35%
iter 4990: loss 0.8522, time 8.08ms, mfu 39.13%
step 5000: train loss 0.6468, val loss 1.6507
iter 5000: loss 0.8494, time 3273.38ms, mfu 35.22%
