Overriding config with config/train_shakespeare_char.py:
# train a miniature character-level shakespeare model
# good for debugging and playing on macbooks and such

out_dir = 'out-shakespeare-char'
eval_interval = 250 # keep frequent because we'll overfit
eval_iters = 200
log_interval = 10 # don't print too too often

# we expect to overfit on this small dataset, so only save when val improves
always_save_checkpoint = False

wandb_log = False # override via command line if you like
wandb_project = 'shakespeare-char'
wandb_run_name = 'mini-gpt'

dataset = 'shakespeare_char'
gradient_accumulation_steps = 1
batch_size = 64
block_size = 256 # context of up to 256 previous characters

# baby GPT model :)
n_layer = 6
n_head = 6
n_embd = 384
dropout = 0.2

learning_rate = 1e-3 # with baby networks can afford to go a bit higher
max_iters = 5000
lr_decay_iters = 5000 # make equal to max_iters usually
min_lr = 1e-4 # learning_rate / 10 usually
beta2 = 0.99 # make a bit bigger because number of tokens per iter is small

warmup_iters = 100 # not super necessary potentially

# on macbook also add
# device = 'cpu'  # run on cpu only
# compile = False # do not torch compile the model

Overriding: device = cpu
Overriding: compile = False
Overriding: eval_iters = 200
Overriding: log_interval = 10
Overriding: block_size = 64
Overriding: batch_size = 12
Overriding: n_layer = 4
Overriding: n_head = 4
Overriding: n_embd = 128
Overriding: max_iters = 2000
Overriding: lr_decay_iters = 2000
Overriding: dropout = 0.0
Overriding: learning_rate = 0.004
Overriding: out_dir = runs/baseline_lr4e-3
tokens per iteration will be: 768
found vocab_size = 65 (inside data/shakespeare_char/meta.pkl)
Initializing a new model from scratch
number of parameters: 0.80M
train.py:203: FutureWarning: `torch.cuda.amp.GradScaler(args...)` is deprecated. Please use `torch.amp.GradScaler('cuda', args...)` instead.
  scaler = torch.cuda.amp.GradScaler(enabled=(dtype == 'float16'))
.venv/lib/python3.13/site-packages/torch/cuda/amp/grad_scaler.py:31: UserWarning: torch.cuda.amp.GradScaler is enabled, but CUDA is not available.  Disabling.
  super().__init__(
num decayed parameter tensors: 18, with 802,944 parameters
num non-decayed parameter tensors: 9, with 1,152 parameters
using fused AdamW: False
step 0: train loss 4.1697, val loss 4.1662
iter 0: loss 4.1828, time 1486.96ms, mfu -100.00%
iter 10: loss 3.5953, time 12.70ms, mfu 0.10%
iter 20: loss 3.1315, time 12.72ms, mfu 0.10%
iter 30: loss 2.8647, time 12.52ms, mfu 0.10%
iter 40: loss 2.8145, time 12.46ms, mfu 0.10%
iter 50: loss 2.7762, time 12.48ms, mfu 0.10%
iter 60: loss 2.6069, time 12.57ms, mfu 0.10%
iter 70: loss 2.5723, time 12.54ms, mfu 0.10%
iter 80: loss 2.5932, time 12.65ms, mfu 0.10%
iter 90: loss 2.5479, time 12.87ms, mfu 0.10%
iter 100: loss 2.5749, time 12.53ms, mfu 0.10%
iter 110: loss 2.6828, time 12.37ms, mfu 0.10%
iter 120: loss 2.5864, time 12.35ms, mfu 0.10%
iter 130: loss 2.5287, time 12.58ms, mfu 0.10%
iter 140: loss 2.5303, time 13.03ms, mfu 0.10%
iter 150: loss 2.5205, time 12.95ms, mfu 0.10%
iter 160: loss 2.4733, time 16.03ms, mfu 0.10%
iter 170: loss 2.5448, time 12.98ms, mfu 0.10%
iter 180: loss 2.5632, time 13.20ms, mfu 0.10%
iter 190: loss 2.5192, time 13.01ms, mfu 0.10%
iter 200: loss 2.4701, time 13.21ms, mfu 0.10%
iter 210: loss 2.5431, time 13.25ms, mfu 0.10%
iter 220: loss 2.3885, time 12.71ms, mfu 0.10%
iter 230: loss 2.4000, time 12.55ms, mfu 0.10%
iter 240: loss 2.4696, time 12.62ms, mfu 0.10%
step 250: train loss 2.4341, val loss 2.4474
saving checkpoint to runs/baseline_lr4e-3
iter 250: loss 2.4537, time 1611.33ms, mfu 0.09%
iter 260: loss 2.4619, time 12.38ms, mfu 0.09%
iter 270: loss 2.3412, time 12.36ms, mfu 0.09%
iter 280: loss 2.4165, time 12.98ms, mfu 0.09%
iter 290: loss 2.4100, time 20.62ms, mfu 0.09%
iter 300: loss 2.3082, time 12.73ms, mfu 0.09%
iter 310: loss 2.3296, time 12.92ms, mfu 0.09%
iter 320: loss 2.3374, time 13.65ms, mfu 0.09%
iter 330: loss 2.3192, time 12.86ms, mfu 0.09%
iter 340: loss 2.3124, time 12.68ms, mfu 0.09%
iter 350: loss 2.3364, time 15.66ms, mfu 0.09%
iter 360: loss 2.2960, time 12.28ms, mfu 0.09%
iter 370: loss 2.1977, time 12.29ms, mfu 0.09%
iter 380: loss 2.3077, time 12.70ms, mfu 0.09%
iter 390: loss 2.2989, time 12.78ms, mfu 0.10%
iter 400: loss 2.2227, time 12.83ms, mfu 0.10%
iter 410: loss 2.2672, time 12.53ms, mfu 0.10%
iter 420: loss 2.1569, time 12.12ms, mfu 0.10%
iter 430: loss 2.2237, time 12.23ms, mfu 0.10%
iter 440: loss 2.1994, time 12.22ms, mfu 0.10%
iter 450: loss 2.1483, time 13.33ms, mfu 0.10%
iter 460: loss 2.1340, time 12.93ms, mfu 0.10%
iter 470: loss 2.1148, time 12.10ms, mfu 0.10%
iter 480: loss 2.2228, time 12.77ms, mfu 0.10%
iter 490: loss 2.1136, time 12.45ms, mfu 0.10%
step 500: train loss 2.1393, val loss 2.1633
saving checkpoint to runs/baseline_lr4e-3
iter 500: loss 2.0147, time 1621.88ms, mfu 0.09%
iter 510: loss 2.1951, time 12.49ms, mfu 0.09%
iter 520: loss 2.1322, time 13.48ms, mfu 0.09%
iter 530: loss 2.0716, time 12.26ms, mfu 0.09%
iter 540: loss 2.0922, time 12.26ms, mfu 0.09%
iter 550: loss 2.1287, time 12.68ms, mfu 0.09%
iter 560: loss 2.0024, time 12.65ms, mfu 0.09%
iter 570: loss 2.0976, time 12.93ms, mfu 0.10%
iter 580: loss 2.1356, time 12.81ms, mfu 0.10%
iter 590: loss 1.9698, time 12.73ms, mfu 0.10%
iter 600: loss 2.1347, time 12.89ms, mfu 0.10%
iter 610: loss 2.1130, time 12.91ms, mfu 0.10%
iter 620: loss 2.0050, time 13.28ms, mfu 0.10%
iter 630: loss 2.0807, time 12.59ms, mfu 0.10%
iter 640: loss 2.0415, time 12.88ms, mfu 0.10%
iter 650: loss 1.9997, time 12.99ms, mfu 0.10%
iter 660: loss 1.9039, time 13.16ms, mfu 0.10%
iter 670: loss 1.9814, time 13.13ms, mfu 0.10%
iter 680: loss 1.9489, time 13.27ms, mfu 0.10%
iter 690: loss 2.0102, time 13.09ms, mfu 0.10%
iter 700: loss 2.0023, time 12.63ms, mfu 0.10%
iter 710: loss 1.9234, time 12.41ms, mfu 0.10%
iter 720: loss 2.0030, time 12.75ms, mfu 0.10%
iter 730: loss 2.0042, time 12.78ms, mfu 0.10%
iter 740: loss 1.9346, time 12.91ms, mfu 0.10%
step 750: train loss 1.9705, val loss 2.0347
saving checkpoint to runs/baseline_lr4e-3
iter 750: loss 2.0015, time 1578.42ms, mfu 0.09%
iter 760: loss 1.9073, time 12.96ms, mfu 0.09%
iter 770: loss 2.0296, time 14.05ms, mfu 0.09%
iter 780: loss 1.8479, time 15.24ms, mfu 0.09%
iter 790: loss 2.0051, time 16.31ms, mfu 0.09%
iter 800: loss 2.0059, time 17.54ms, mfu 0.09%
iter 810: loss 1.8561, time 12.88ms, mfu 0.09%
iter 820: loss 1.9284, time 12.51ms, mfu 0.09%
iter 830: loss 1.8710, time 12.75ms, mfu 0.09%
iter 840: loss 1.8320, time 12.80ms, mfu 0.09%
iter 850: loss 1.8945, time 12.38ms, mfu 0.09%
iter 860: loss 1.8286, time 13.34ms, mfu 0.09%
iter 870: loss 1.9063, time 12.70ms, mfu 0.09%
iter 880: loss 1.8390, time 12.85ms, mfu 0.09%
iter 890: loss 1.9689, time 12.60ms, mfu 0.09%
iter 900: loss 1.8866, time 12.24ms, mfu 0.10%
iter 910: loss 1.8316, time 12.23ms, mfu 0.10%
iter 920: loss 1.8927, time 12.54ms, mfu 0.10%
iter 930: loss 1.8204, time 12.77ms, mfu 0.10%
iter 940: loss 1.8212, time 12.88ms, mfu 0.10%
iter 950: loss 1.8623, time 12.39ms, mfu 0.10%
iter 960: loss 1.8422, time 12.83ms, mfu 0.10%
iter 970: loss 1.7967, time 12.75ms, mfu 0.10%
iter 980: loss 1.9042, time 12.64ms, mfu 0.10%
iter 990: loss 1.8289, time 12.48ms, mfu 0.10%
step 1000: train loss 1.8280, val loss 1.9566
saving checkpoint to runs/baseline_lr4e-3
iter 1000: loss 1.9319, time 1624.46ms, mfu 0.09%
iter 1010: loss 1.9377, time 12.22ms, mfu 0.09%
iter 1020: loss 1.9337, time 12.20ms, mfu 0.09%
iter 1030: loss 1.8189, time 12.79ms, mfu 0.09%
iter 1040: loss 1.9057, time 12.79ms, mfu 0.09%
iter 1050: loss 1.7219, time 13.20ms, mfu 0.09%
iter 1060: loss 1.8065, time 12.80ms, mfu 0.09%
iter 1070: loss 1.7434, time 12.92ms, mfu 0.09%
iter 1080: loss 1.8752, time 12.92ms, mfu 0.10%
iter 1090: loss 1.7509, time 12.52ms, mfu 0.10%
iter 1100: loss 1.7435, time 13.22ms, mfu 0.10%
iter 1110: loss 1.7836, time 12.62ms, mfu 0.10%
iter 1120: loss 1.7240, time 12.83ms, mfu 0.10%
iter 1130: loss 1.7545, time 12.99ms, mfu 0.10%
iter 1140: loss 1.7828, time 12.97ms, mfu 0.10%
iter 1150: loss 1.7994, time 13.11ms, mfu 0.10%
iter 1160: loss 1.7570, time 12.96ms, mfu 0.10%
iter 1170: loss 1.7784, time 12.96ms, mfu 0.10%
iter 1180: loss 1.7247, time 13.00ms, mfu 0.10%
iter 1190: loss 1.7876, time 16.95ms, mfu 0.09%
iter 1200: loss 1.8778, time 12.61ms, mfu 0.10%
iter 1210: loss 1.6576, time 16.98ms, mfu 0.09%
iter 1220: loss 1.8211, time 12.79ms, mfu 0.09%
iter 1230: loss 1.7941, time 15.08ms, mfu 0.09%
iter 1240: loss 1.6725, time 13.65ms, mfu 0.09%
step 1250: train loss 1.7485, val loss 1.9149
saving checkpoint to runs/baseline_lr4e-3
iter 1250: loss 1.8714, time 1644.68ms, mfu 0.08%
iter 1260: loss 1.6072, time 13.01ms, mfu 0.09%
iter 1270: loss 1.8188, time 14.96ms, mfu 0.09%
iter 1280: loss 1.7174, time 13.34ms, mfu 0.09%
iter 1290: loss 1.7520, time 12.76ms, mfu 0.09%
iter 1300: loss 1.8315, time 12.74ms, mfu 0.09%
iter 1310: loss 1.8244, time 12.63ms, mfu 0.09%
iter 1320: loss 1.7223, time 12.71ms, mfu 0.09%
iter 1330: loss 1.6610, time 12.66ms, mfu 0.09%
iter 1340: loss 1.7509, time 12.21ms, mfu 0.09%
iter 1350: loss 1.6843, time 12.52ms, mfu 0.09%
iter 1360: loss 1.6843, time 13.08ms, mfu 0.09%
iter 1370: loss 1.8181, time 13.17ms, mfu 0.09%
iter 1380: loss 1.7505, time 13.19ms, mfu 0.09%
iter 1390: loss 1.7771, time 13.21ms, mfu 0.09%
iter 1400: loss 1.6905, time 13.09ms, mfu 0.10%
iter 1410: loss 1.7289, time 13.36ms, mfu 0.10%
iter 1420: loss 1.7722, time 13.07ms, mfu 0.10%
iter 1430: loss 1.5807, time 13.45ms, mfu 0.10%
iter 1440: loss 1.6749, time 13.21ms, mfu 0.10%
iter 1450: loss 1.5948, time 13.16ms, mfu 0.10%
iter 1460: loss 1.7116, time 12.96ms, mfu 0.10%
iter 1470: loss 1.7217, time 13.02ms, mfu 0.10%
iter 1480: loss 1.7053, time 12.55ms, mfu 0.10%
iter 1490: loss 1.7917, time 12.48ms, mfu 0.10%
step 1500: train loss 1.6749, val loss 1.8434
saving checkpoint to runs/baseline_lr4e-3
iter 1500: loss 1.7157, time 1648.73ms, mfu 0.09%
iter 1510: loss 1.6278, time 12.49ms, mfu 0.09%
iter 1520: loss 1.7556, time 12.65ms, mfu 0.09%
iter 1530: loss 1.6016, time 12.92ms, mfu 0.09%
iter 1540: loss 1.5942, time 12.81ms, mfu 0.09%
iter 1550: loss 1.6994, time 12.53ms, mfu 0.09%
iter 1560: loss 1.5996, time 12.67ms, mfu 0.09%
iter 1570: loss 1.6074, time 15.86ms, mfu 0.09%
iter 1580: loss 1.6233, time 12.93ms, mfu 0.09%
iter 1590: loss 1.5865, time 12.66ms, mfu 0.09%
iter 1600: loss 1.5814, time 12.45ms, mfu 0.09%
iter 1610: loss 1.7573, time 13.23ms, mfu 0.09%
iter 1620: loss 1.6223, time 13.02ms, mfu 0.09%
iter 1630: loss 1.6339, time 12.78ms, mfu 0.10%
iter 1640: loss 1.6032, time 12.56ms, mfu 0.10%
iter 1650: loss 1.8184, time 13.04ms, mfu 0.10%
iter 1660: loss 1.6923, time 12.90ms, mfu 0.10%
iter 1670: loss 1.6105, time 16.36ms, mfu 0.09%
iter 1680: loss 1.5723, time 21.85ms, mfu 0.09%
iter 1690: loss 1.6934, time 12.36ms, mfu 0.09%
iter 1700: loss 1.6287, time 12.93ms, mfu 0.09%
iter 1710: loss 1.7382, time 12.62ms, mfu 0.09%
iter 1720: loss 1.6277, time 12.40ms, mfu 0.09%
iter 1730: loss 1.5885, time 12.75ms, mfu 0.09%
iter 1740: loss 1.7526, time 12.73ms, mfu 0.10%
step 1750: train loss 1.6205, val loss 1.8011
saving checkpoint to runs/baseline_lr4e-3
iter 1750: loss 1.7170, time 1652.51ms, mfu 0.09%
iter 1760: loss 1.5310, time 13.09ms, mfu 0.09%
iter 1770: loss 1.5894, time 12.99ms, mfu 0.09%
iter 1780: loss 1.5898, time 12.84ms, mfu 0.09%
iter 1790: loss 1.5853, time 13.22ms, mfu 0.09%
iter 1800: loss 1.6397, time 12.50ms, mfu 0.09%
iter 1810: loss 1.6849, time 12.75ms, mfu 0.09%
iter 1820: loss 1.7036, time 12.97ms, mfu 0.09%
iter 1830: loss 1.5712, time 12.69ms, mfu 0.09%
iter 1840: loss 1.5184, time 12.49ms, mfu 0.09%
iter 1850: loss 1.7264, time 12.82ms, mfu 0.09%
iter 1860: loss 1.6195, time 12.97ms, mfu 0.10%
iter 1870: loss 1.6704, time 12.82ms, mfu 0.10%
iter 1880: loss 1.6508, time 12.81ms, mfu 0.10%
iter 1890: loss 1.5612, time 12.50ms, mfu 0.10%
iter 1900: loss 1.5975, time 12.97ms, mfu 0.10%
iter 1910: loss 1.6678, time 13.32ms, mfu 0.10%
iter 1920: loss 1.5061, time 17.40ms, mfu 0.09%
iter 1930: loss 1.6885, time 12.69ms, mfu 0.09%
iter 1940: loss 1.5809, time 12.15ms, mfu 0.10%
iter 1950: loss 1.6239, time 12.89ms, mfu 0.10%
iter 1960: loss 1.5309, time 12.98ms, mfu 0.10%
iter 1970: loss 1.6094, time 12.65ms, mfu 0.10%
iter 1980: loss 1.5746, time 12.71ms, mfu 0.10%
iter 1990: loss 1.5896, time 12.97ms, mfu 0.10%
step 2000: train loss 1.6002, val loss 1.7756
saving checkpoint to runs/baseline_lr4e-3
iter 2000: loss 1.5575, time 1652.99ms, mfu 0.09%
