Overriding config with config/train_shakespeare_char.py:
# train a miniature character-level shakespeare model
# good for debugging and playing on macbooks and such

out_dir = 'out-shakespeare-char'
eval_interval = 250 # keep frequent because we'll overfit
eval_iters = 200
log_interval = 10 # don't print too too often

# we expect to overfit on this small dataset, so only save when val improves
always_save_checkpoint = False

wandb_log = False # override via command line if you like
wandb_project = 'shakespeare-char'
wandb_run_name = 'mini-gpt'

dataset = 'shakespeare_char'
gradient_accumulation_steps = 1
batch_size = 64
block_size = 256 # context of up to 256 previous characters

# baby GPT model :)
n_layer = 6
n_head = 6
n_embd = 384
dropout = 0.2

learning_rate = 1e-3 # with baby networks can afford to go a bit higher
max_iters = 5000
lr_decay_iters = 5000 # make equal to max_iters usually
min_lr = 1e-4 # learning_rate / 10 usually
beta2 = 0.99 # make a bit bigger because number of tokens per iter is small

warmup_iters = 100 # not super necessary potentially

# on macbook also add
# device = 'cpu'  # run on cpu only
# compile = False # do not torch compile the model

Overriding: learning_rate = 0.001
Overriding: out_dir = runs_full/baseline_lr1e-3
tokens per iteration will be: 16,384
found vocab_size = 65 (inside data/shakespeare_char/meta.pkl)
Initializing a new model from scratch
number of parameters: 10.65M
/scratch/guo.jiayin/nanoGPT/train.py:203: FutureWarning: `torch.cuda.amp.GradScaler(args...)` is deprecated. Please use `torch.amp.GradScaler('cuda', args...)` instead.
  scaler = torch.cuda.amp.GradScaler(enabled=(dtype == 'float16'))
num decayed parameter tensors: 26, with 10,740,096 parameters
num non-decayed parameter tensors: 13, with 4,992 parameters
using fused AdamW: True
compiling the model... (takes a ~minute)
step 0: train loss 4.2874, val loss 4.2823
iter 0: loss 4.2654, time 17968.46ms, mfu -100.00%
iter 10: loss 3.1461, time 9.43ms, mfu 39.52%
iter 20: loss 2.7311, time 6.79ms, mfu 41.05%
iter 30: loss 2.6177, time 10.41ms, mfu 40.52%
iter 40: loss 2.5755, time 6.49ms, mfu 42.21%
iter 50: loss 2.5250, time 8.90ms, mfu 42.18%
iter 60: loss 2.5141, time 7.02ms, mfu 43.26%
iter 70: loss 2.4944, time 7.58ms, mfu 43.85%
iter 80: loss 2.4938, time 6.75ms, mfu 44.99%
iter 90: loss 2.4677, time 9.74ms, mfu 44.32%
iter 100: loss 2.4595, time 8.99ms, mfu 44.03%
iter 110: loss 2.4629, time 6.81ms, mfu 45.10%
iter 120: loss 2.4277, time 9.04ms, mfu 44.71%
iter 130: loss 2.4099, time 7.93ms, mfu 44.94%
iter 140: loss 2.4175, time 9.31ms, mfu 44.44%
iter 150: loss 2.4167, time 10.35ms, mfu 43.60%
iter 160: loss 2.3706, time 10.30ms, mfu 42.86%
iter 170: loss 2.3697, time 8.64ms, mfu 42.88%
iter 180: loss 2.3245, time 9.58ms, mfu 42.48%
iter 190: loss 2.2609, time 9.44ms, mfu 42.18%
iter 200: loss 2.2184, time 8.35ms, mfu 42.43%
iter 210: loss 2.1417, time 10.52ms, mfu 41.73%
iter 220: loss 2.1462, time 8.61ms, mfu 41.88%
iter 230: loss 2.0785, time 9.45ms, mfu 41.64%
iter 240: loss 2.0836, time 10.50ms, mfu 41.02%
step 250: train loss 1.9668, val loss 2.0632
saving checkpoint to runs_full/baseline_lr1e-3
iter 250: loss 2.0336, time 2534.55ms, mfu 36.93%
iter 260: loss 1.9817, time 8.42ms, mfu 37.67%
iter 270: loss 1.9845, time 8.03ms, mfu 38.54%
iter 280: loss 1.9793, time 7.63ms, mfu 39.57%
iter 290: loss 1.9156, time 8.27ms, mfu 40.12%
iter 300: loss 1.9039, time 9.55ms, mfu 40.01%
iter 310: loss 1.8642, time 7.76ms, mfu 40.81%
iter 320: loss 1.8521, time 7.94ms, mfu 41.42%
iter 330: loss 1.8169, time 8.07ms, mfu 41.90%
iter 340: loss 1.7874, time 7.77ms, mfu 42.50%
iter 350: loss 1.8324, time 9.04ms, mfu 42.37%
iter 360: loss 1.7767, time 8.96ms, mfu 42.30%
iter 370: loss 1.7506, time 7.86ms, mfu 42.80%
iter 380: loss 1.7271, time 7.62ms, mfu 43.42%
iter 390: loss 1.7329, time 8.11ms, mfu 43.67%
iter 400: loss 1.7752, time 7.49ms, mfu 44.28%
iter 410: loss 1.7015, time 7.64ms, mfu 44.73%
iter 420: loss 1.7158, time 7.68ms, mfu 45.11%
iter 430: loss 1.6860, time 7.86ms, mfu 45.33%
iter 440: loss 1.6550, time 7.58ms, mfu 45.72%
iter 450: loss 1.6527, time 7.93ms, mfu 45.84%
iter 460: loss 1.6000, time 8.71ms, mfu 45.53%
iter 470: loss 1.6476, time 8.10ms, mfu 45.58%
iter 480: loss 1.6157, time 7.72ms, mfu 45.85%
iter 490: loss 1.6014, time 8.43ms, mfu 45.69%
step 500: train loss 1.5233, val loss 1.7198
saving checkpoint to runs_full/baseline_lr1e-3
iter 500: loss 1.5980, time 2755.58ms, mfu 41.13%
iter 510: loss 1.6110, time 7.12ms, mfu 42.25%
iter 520: loss 1.5999, time 7.00ms, mfu 43.35%
iter 530: loss 1.5590, time 7.57ms, mfu 43.94%
iter 540: loss 1.6163, time 7.49ms, mfu 44.52%
iter 550: loss 1.5596, time 7.08ms, mfu 45.34%
iter 560: loss 1.5539, time 6.91ms, mfu 46.20%
iter 570: loss 1.5619, time 6.56ms, mfu 47.26%
iter 580: loss 1.5274, time 10.32ms, mfu 46.14%
iter 590: loss 1.4972, time 10.41ms, mfu 45.11%
iter 600: loss 1.5131, time 9.36ms, mfu 44.58%
iter 610: loss 1.5464, time 10.60ms, mfu 43.64%
iter 620: loss 1.5312, time 7.24ms, mfu 44.42%
iter 630: loss 1.5104, time 7.34ms, mfu 45.05%
iter 640: loss 1.4720, time 9.98ms, mfu 44.28%
iter 650: loss 1.5027, time 9.54ms, mfu 43.76%
iter 660: loss 1.5105, time 8.87ms, mfu 43.59%
iter 670: loss 1.4463, time 6.51ms, mfu 44.95%
iter 680: loss 1.5117, time 8.96ms, mfu 44.61%
iter 690: loss 1.4750, time 8.32ms, mfu 44.63%
iter 700: loss 1.4767, time 6.94ms, mfu 45.54%
iter 710: loss 1.4603, time 6.51ms, mfu 46.70%
iter 720: loss 1.4400, time 7.36ms, mfu 47.09%
iter 730: loss 1.4236, time 9.20ms, mfu 46.44%
iter 740: loss 1.4312, time 10.15ms, mfu 45.46%
step 750: train loss 1.3616, val loss 1.5920
saving checkpoint to runs_full/baseline_lr1e-3
iter 750: loss 1.4204, time 2463.51ms, mfu 40.93%
iter 760: loss 1.4465, time 10.30ms, mfu 40.46%
iter 770: loss 1.4310, time 10.91ms, mfu 39.83%
iter 780: loss 1.4181, time 10.28ms, mfu 39.47%
iter 790: loss 1.4174, time 9.84ms, mfu 39.31%
iter 800: loss 1.4361, time 8.62ms, mfu 39.71%
iter 810: loss 1.4036, time 10.47ms, mfu 39.29%
iter 820: loss 1.4057, time 7.41ms, mfu 40.39%
iter 830: loss 1.3933, time 10.91ms, mfu 39.77%
iter 840: loss 1.3962, time 9.29ms, mfu 39.80%
iter 850: loss 1.3903, time 10.89ms, mfu 39.25%
iter 860: loss 1.4004, time 8.65ms, mfu 39.63%
iter 870: loss 1.3976, time 10.90ms, mfu 39.08%
iter 880: loss 1.3699, time 9.69ms, mfu 39.02%
iter 890: loss 1.3905, time 10.74ms, mfu 38.59%
iter 900: loss 1.3654, time 9.23ms, mfu 38.77%
iter 910: loss 1.3233, time 9.16ms, mfu 38.96%
iter 920: loss 1.3654, time 10.79ms, mfu 38.51%
iter 930: loss 1.3511, time 8.49ms, mfu 39.05%
iter 940: loss 1.3440, time 10.23ms, mfu 38.79%
iter 950: loss 1.3496, time 9.38ms, mfu 38.88%
iter 960: loss 1.3613, time 8.21ms, mfu 39.53%
iter 970: loss 1.3591, time 10.89ms, mfu 39.00%
iter 980: loss 1.3517, time 8.20ms, mfu 39.65%
iter 990: loss 1.3393, time 8.81ms, mfu 39.91%
step 1000: train loss 1.2762, val loss 1.5238
saving checkpoint to runs_full/baseline_lr1e-3
iter 1000: loss 1.3383, time 2544.61ms, mfu 35.94%
iter 1010: loss 1.3414, time 6.82ms, mfu 37.81%
iter 1020: loss 1.3086, time 8.72ms, mfu 38.30%
iter 1030: loss 1.3398, time 8.64ms, mfu 38.78%
iter 1040: loss 1.3588, time 10.09ms, mfu 38.60%
iter 1050: loss 1.2942, time 7.65ms, mfu 39.61%
iter 1060: loss 1.3381, time 7.83ms, mfu 40.41%
iter 1070: loss 1.3261, time 10.29ms, mfu 39.99%
iter 1080: loss 1.3399, time 9.00ms, mfu 40.13%
iter 1090: loss 1.3503, time 10.90ms, mfu 39.54%
iter 1100: loss 1.3213, time 7.57ms, mfu 40.51%
iter 1110: loss 1.2951, time 7.73ms, mfu 41.28%
iter 1120: loss 1.2996, time 8.67ms, mfu 41.44%
iter 1130: loss 1.2918, time 8.35ms, mfu 41.76%
iter 1140: loss 1.2932, time 7.08ms, mfu 42.85%
iter 1150: loss 1.3069, time 9.24ms, mfu 42.59%
iter 1160: loss 1.3253, time 7.82ms, mfu 43.10%
iter 1170: loss 1.2955, time 7.45ms, mfu 43.79%
iter 1180: loss 1.3242, time 6.77ms, mfu 44.92%
iter 1190: loss 1.2645, time 7.17ms, mfu 45.62%
iter 1200: loss 1.2932, time 9.00ms, mfu 45.20%
iter 1210: loss 1.2671, time 10.47ms, mfu 44.24%
iter 1220: loss 1.3087, time 9.73ms, mfu 43.65%
iter 1230: loss 1.2988, time 6.95ms, mfu 44.65%
iter 1240: loss 1.2988, time 10.97ms, mfu 43.58%
step 1250: train loss 1.2060, val loss 1.4911
saving checkpoint to runs_full/baseline_lr1e-3
iter 1250: loss 1.2757, time 2561.15ms, mfu 39.23%
iter 1260: loss 1.2862, time 10.90ms, mfu 38.73%
iter 1270: loss 1.2648, time 6.73ms, mfu 40.39%
iter 1280: loss 1.2541, time 8.65ms, mfu 40.66%
iter 1290: loss 1.2831, time 10.83ms, mfu 40.04%
iter 1300: loss 1.3021, time 9.72ms, mfu 39.87%
iter 1310: loss 1.2345, time 10.85ms, mfu 39.31%
iter 1320: loss 1.3059, time 8.47ms, mfu 39.78%
iter 1330: loss 1.2704, time 10.90ms, mfu 39.22%
iter 1340: loss 1.3015, time 10.08ms, mfu 39.00%
iter 1350: loss 1.2530, time 10.92ms, mfu 38.51%
iter 1360: loss 1.2766, time 10.69ms, mfu 38.15%
iter 1370: loss 1.2620, time 10.36ms, mfu 37.93%
iter 1380: loss 1.2617, time 10.97ms, mfu 37.53%
iter 1390: loss 1.2444, time 10.55ms, mfu 37.31%
iter 1400: loss 1.2589, time 10.68ms, mfu 37.07%
iter 1410: loss 1.2523, time 10.92ms, mfu 36.77%
iter 1420: loss 1.2690, time 9.67ms, mfu 36.95%
iter 1430: loss 1.2433, time 10.95ms, mfu 36.66%
iter 1440: loss 1.2600, time 10.90ms, mfu 36.41%
iter 1450: loss 1.2394, time 9.88ms, mfu 36.54%
iter 1460: loss 1.2376, time 10.90ms, mfu 36.30%
iter 1470: loss 1.2264, time 10.93ms, mfu 36.08%
iter 1480: loss 1.2178, time 6.58ms, mfu 38.14%
iter 1490: loss 1.2382, time 10.29ms, mfu 37.95%
step 1500: train loss 1.1516, val loss 1.4792
saving checkpoint to runs_full/baseline_lr1e-3
iter 1500: loss 1.1824, time 2478.04ms, mfu 34.17%
iter 1510: loss 1.2301, time 10.08ms, mfu 34.45%
iter 1520: loss 1.2230, time 9.67ms, mfu 34.86%
iter 1530: loss 1.2574, time 10.05ms, mfu 35.08%
iter 1540: loss 1.1940, time 10.80ms, mfu 35.02%
iter 1550: loss 1.2342, time 9.52ms, mfu 35.43%
iter 1560: loss 1.2086, time 7.01ms, mfu 37.20%
iter 1570: loss 1.2321, time 7.07ms, mfu 38.76%
iter 1580: loss 1.2042, time 7.11ms, mfu 40.12%
iter 1590: loss 1.1893, time 8.23ms, mfu 40.64%
iter 1600: loss 1.1932, time 7.32ms, mfu 41.66%
iter 1610: loss 1.2342, time 6.98ms, mfu 42.84%
iter 1620: loss 1.1854, time 7.66ms, mfu 43.42%
iter 1630: loss 1.2075, time 7.36ms, mfu 44.14%
iter 1640: loss 1.1983, time 6.44ms, mfu 45.51%
iter 1650: loss 1.1819, time 10.10ms, mfu 44.64%
iter 1660: loss 1.2138, time 10.65ms, mfu 43.68%
iter 1670: loss 1.2047, time 10.47ms, mfu 42.87%
iter 1680: loss 1.2017, time 10.91ms, mfu 42.00%
iter 1690: loss 1.2004, time 10.00ms, mfu 41.53%
iter 1700: loss 1.1896, time 10.87ms, mfu 40.80%
iter 1710: loss 1.1793, time 6.97ms, mfu 42.07%
iter 1720: loss 1.1828, time 9.96ms, mfu 41.60%
iter 1730: loss 1.1970, time 10.35ms, mfu 41.04%
iter 1740: loss 1.1654, time 10.83ms, mfu 40.38%
step 1750: train loss 1.1064, val loss 1.4697
saving checkpoint to runs_full/baseline_lr1e-3
iter 1750: loss 1.1890, time 2535.44ms, mfu 36.36%
iter 1760: loss 1.1893, time 9.87ms, mfu 36.50%
iter 1770: loss 1.1945, time 10.27ms, mfu 36.48%
iter 1780: loss 1.2025, time 10.89ms, mfu 36.25%
iter 1790: loss 1.1984, time 10.29ms, mfu 36.24%
iter 1800: loss 1.1736, time 8.57ms, mfu 36.97%
iter 1810: loss 1.1548, time 7.17ms, mfu 38.47%
iter 1820: loss 1.1741, time 10.05ms, mfu 38.33%
iter 1830: loss 1.1731, time 10.61ms, mfu 38.01%
iter 1840: loss 1.1592, time 9.17ms, mfu 38.27%
iter 1850: loss 1.1609, time 10.46ms, mfu 38.01%
iter 1860: loss 1.1775, time 8.64ms, mfu 38.52%
iter 1870: loss 1.1419, time 10.20ms, mfu 38.32%
iter 1880: loss 1.1758, time 9.66ms, mfu 38.35%
iter 1890: loss 1.1835, time 9.70ms, mfu 38.35%
iter 1900: loss 1.1282, time 9.41ms, mfu 38.48%
iter 1910: loss 1.1687, time 9.45ms, mfu 38.57%
iter 1920: loss 1.1715, time 10.45ms, mfu 38.28%
iter 1930: loss 1.1471, time 9.94ms, mfu 38.20%
iter 1940: loss 1.1299, time 10.09ms, mfu 38.07%
iter 1950: loss 1.1355, time 9.96ms, mfu 38.01%
iter 1960: loss 1.1521, time 9.02ms, mfu 38.34%
iter 1970: loss 1.1546, time 10.78ms, mfu 37.96%
iter 1980: loss 1.1546, time 10.22ms, mfu 37.81%
iter 1990: loss 1.1501, time 10.92ms, mfu 37.44%
step 2000: train loss 1.0609, val loss 1.4781
iter 2000: loss 1.1377, time 2164.44ms, mfu 33.71%
iter 2010: loss 1.1297, time 9.97ms, mfu 34.08%
iter 2020: loss 1.1202, time 10.41ms, mfu 34.25%
iter 2030: loss 1.1585, time 7.72ms, mfu 35.65%
iter 2040: loss 1.1429, time 8.93ms, mfu 36.26%
iter 2050: loss 1.1168, time 10.01ms, mfu 36.35%
iter 2060: loss 1.1053, time 10.03ms, mfu 36.43%
iter 2070: loss 1.1272, time 10.67ms, mfu 36.28%
iter 2080: loss 1.1163, time 8.99ms, mfu 36.80%
iter 2090: loss 1.1288, time 10.50ms, mfu 36.67%
iter 2100: loss 1.1370, time 10.32ms, mfu 36.61%
iter 2110: loss 1.1275, time 10.92ms, mfu 36.36%
iter 2120: loss 1.1326, time 10.19ms, mfu 36.38%
iter 2130: loss 1.1403, time 10.91ms, mfu 36.16%
iter 2140: loss 1.1367, time 10.28ms, mfu 36.17%
iter 2150: loss 1.1255, time 10.15ms, mfu 36.22%
iter 2160: loss 1.1484, time 8.65ms, mfu 36.91%
iter 2170: loss 1.1342, time 10.63ms, mfu 36.72%
iter 2180: loss 1.1101, time 9.54ms, mfu 36.96%
iter 2190: loss 1.1073, time 10.03ms, mfu 36.97%
iter 2200: loss 1.1248, time 10.94ms, mfu 36.68%
iter 2210: loss 1.1228, time 11.02ms, mfu 36.39%
iter 2220: loss 1.1239, time 9.23ms, mfu 36.79%
iter 2230: loss 1.1214, time 9.97ms, mfu 36.85%
iter 2240: loss 1.1242, time 10.93ms, mfu 36.57%
step 2250: train loss 1.0137, val loss 1.4828
iter 2250: loss 1.1197, time 2204.93ms, mfu 32.93%
iter 2260: loss 1.1095, time 10.35ms, mfu 33.24%
iter 2270: loss 1.1386, time 10.00ms, mfu 33.64%
iter 2280: loss 1.1056, time 8.96ms, mfu 34.44%
iter 2290: loss 1.1428, time 8.96ms, mfu 35.15%
iter 2300: loss 1.1278, time 6.85ms, mfu 37.08%
iter 2310: loss 1.0959, time 10.90ms, mfu 36.79%
iter 2320: loss 1.0925, time 9.28ms, mfu 37.13%
iter 2330: loss 1.1027, time 9.26ms, mfu 37.44%
iter 2340: loss 1.1206, time 8.74ms, mfu 37.96%
iter 2350: loss 1.1100, time 8.89ms, mfu 38.36%
iter 2360: loss 1.1084, time 7.88ms, mfu 39.25%
iter 2370: loss 1.0918, time 10.47ms, mfu 38.88%
iter 2380: loss 1.0869, time 9.28ms, mfu 39.01%
iter 2390: loss 1.0841, time 8.37ms, mfu 39.56%
iter 2400: loss 1.0802, time 8.09ms, mfu 40.21%
iter 2410: loss 1.0693, time 7.51ms, mfu 41.15%
iter 2420: loss 1.0838, time 7.11ms, mfu 42.27%
iter 2430: loss 1.0611, time 7.16ms, mfu 43.25%
iter 2440: loss 1.0637, time 7.46ms, mfu 43.92%
iter 2450: loss 1.0688, time 7.36ms, mfu 44.59%
iter 2460: loss 1.0849, time 8.21ms, mfu 44.67%
iter 2470: loss 1.0892, time 7.25ms, mfu 45.34%
iter 2480: loss 1.0892, time 8.02ms, mfu 45.45%
iter 2490: loss 1.0550, time 9.80ms, mfu 44.71%
step 2500: train loss 0.9627, val loss 1.4881
iter 2500: loss 1.0809, time 2158.06ms, mfu 40.26%
iter 2510: loss 1.0667, time 10.26ms, mfu 39.87%
iter 2520: loss 1.0426, time 10.90ms, mfu 39.30%
iter 2530: loss 1.0508, time 9.24ms, mfu 39.40%
iter 2540: loss 1.0521, time 10.92ms, mfu 38.88%
iter 2550: loss 1.0676, time 9.17ms, mfu 39.05%
iter 2560: loss 1.0591, time 10.67ms, mfu 38.64%
iter 2570: loss 1.0750, time 10.68ms, mfu 38.26%
iter 2580: loss 1.0774, time 10.88ms, mfu 37.86%
iter 2590: loss 1.0691, time 10.89ms, mfu 37.50%
iter 2600: loss 1.0673, time 7.97ms, mfu 38.42%
iter 2610: loss 1.0487, time 10.66ms, mfu 38.07%
iter 2620: loss 1.0489, time 10.81ms, mfu 37.71%
iter 2630: loss 1.0287, time 10.48ms, mfu 37.50%
iter 2640: loss 1.0475, time 6.81ms, mfu 39.22%
iter 2650: loss 1.0756, time 10.91ms, mfu 38.71%
iter 2660: loss 1.0404, time 9.92ms, mfu 38.59%
iter 2670: loss 1.0164, time 10.29ms, mfu 38.36%
iter 2680: loss 1.0449, time 8.53ms, mfu 38.89%
iter 2690: loss 1.0528, time 9.06ms, mfu 39.11%
iter 2700: loss 1.0246, time 10.78ms, mfu 38.66%
iter 2710: loss 1.0487, time 10.91ms, mfu 38.21%
iter 2720: loss 1.0477, time 7.55ms, mfu 39.32%
iter 2730: loss 1.0625, time 7.13ms, mfu 40.62%
iter 2740: loss 1.0279, time 6.61ms, mfu 42.20%
step 2750: train loss 0.9163, val loss 1.5136
iter 2750: loss 1.0338, time 2164.16ms, mfu 37.99%
iter 2760: loss 1.0214, time 7.92ms, mfu 38.90%
iter 2770: loss 1.0262, time 7.57ms, mfu 39.94%
iter 2780: loss 1.0233, time 7.57ms, mfu 40.87%
iter 2790: loss 1.0429, time 7.26ms, mfu 41.91%
iter 2800: loss 1.0130, time 8.41ms, mfu 42.15%
iter 2810: loss 1.0469, time 7.76ms, mfu 42.74%
iter 2820: loss 1.0252, time 8.15ms, mfu 43.04%
iter 2830: loss 1.0352, time 6.97ms, mfu 44.08%
iter 2840: loss 0.9975, time 7.61ms, mfu 44.57%
iter 2850: loss 1.0294, time 7.08ms, mfu 45.38%
iter 2860: loss 1.0138, time 8.02ms, mfu 45.49%
iter 2870: loss 1.0052, time 7.04ms, mfu 46.23%
iter 2880: loss 1.0388, time 7.16ms, mfu 46.81%
iter 2890: loss 1.0040, time 7.33ms, mfu 47.22%
iter 2900: loss 0.9902, time 7.77ms, mfu 47.29%
iter 2910: loss 1.0367, time 8.13ms, mfu 47.15%
iter 2920: loss 1.0133, time 7.40ms, mfu 47.47%
iter 2930: loss 0.9992, time 6.99ms, mfu 48.05%
iter 2940: loss 0.9933, time 7.54ms, mfu 48.19%
iter 2950: loss 1.0257, time 7.66ms, mfu 48.24%
iter 2960: loss 0.9933, time 7.02ms, mfu 48.72%
iter 2970: loss 0.9884, time 7.16ms, mfu 49.05%
iter 2980: loss 1.0023, time 7.70ms, mfu 48.99%
iter 2990: loss 0.9854, time 7.41ms, mfu 49.12%
step 3000: train loss 0.8672, val loss 1.5217
iter 3000: loss 0.9874, time 2164.50ms, mfu 44.23%
iter 3010: loss 0.9969, time 7.43ms, mfu 44.81%
iter 3020: loss 0.9994, time 7.52ms, mfu 45.29%
iter 3030: loss 1.0088, time 7.62ms, mfu 45.65%
iter 3040: loss 1.0290, time 7.31ms, mfu 46.18%
iter 3050: loss 0.9920, time 7.22ms, mfu 46.72%
iter 3060: loss 1.0007, time 7.32ms, mfu 47.14%
iter 3070: loss 1.0215, time 7.02ms, mfu 47.74%
iter 3080: loss 0.9972, time 7.56ms, mfu 47.89%
iter 3090: loss 0.9914, time 7.65ms, mfu 47.97%
iter 3100: loss 0.9954, time 6.93ms, mfu 48.55%
iter 3110: loss 0.9768, time 8.08ms, mfu 48.30%
iter 3120: loss 0.9970, time 7.59ms, mfu 48.39%
iter 3130: loss 0.9819, time 7.45ms, mfu 48.55%
iter 3140: loss 0.9788, time 7.31ms, mfu 48.80%
iter 3150: loss 0.9989, time 7.16ms, mfu 49.12%
iter 3160: loss 1.0083, time 7.58ms, mfu 49.13%
iter 3170: loss 0.9590, time 7.15ms, mfu 49.42%
iter 3180: loss 0.9783, time 7.94ms, mfu 49.17%
iter 3190: loss 0.9991, time 6.86ms, mfu 49.69%
iter 3200: loss 0.9617, time 6.89ms, mfu 50.12%
iter 3210: loss 0.9656, time 6.78ms, mfu 50.61%
iter 3220: loss 0.9582, time 7.40ms, mfu 50.59%
iter 3230: loss 0.9572, time 7.15ms, mfu 50.74%
iter 3240: loss 0.9603, time 6.94ms, mfu 51.04%
step 3250: train loss 0.8252, val loss 1.5525
iter 3250: loss 0.9727, time 2155.13ms, mfu 45.95%
iter 3260: loss 0.9568, time 7.53ms, mfu 46.30%
iter 3270: loss 0.9749, time 7.70ms, mfu 46.51%
iter 3280: loss 0.9558, time 7.84ms, mfu 46.61%
iter 3290: loss 0.9482, time 7.62ms, mfu 46.84%
iter 3300: loss 0.9504, time 7.71ms, mfu 46.99%
iter 3310: loss 0.9530, time 7.04ms, mfu 47.58%
iter 3320: loss 0.9658, time 7.02ms, mfu 48.13%
iter 3330: loss 0.9609, time 7.52ms, mfu 48.27%
iter 3340: loss 0.9555, time 6.99ms, mfu 48.77%
iter 3350: loss 0.9596, time 7.35ms, mfu 48.97%
iter 3360: loss 0.9286, time 7.62ms, mfu 48.96%
iter 3370: loss 0.9595, time 7.26ms, mfu 49.20%
iter 3380: loss 0.9511, time 7.52ms, mfu 49.23%
iter 3390: loss 0.9551, time 6.90ms, mfu 49.71%
iter 3400: loss 0.9522, time 7.22ms, mfu 49.90%
iter 3410: loss 0.9398, time 6.83ms, mfu 50.37%
iter 3420: loss 0.9384, time 6.98ms, mfu 50.67%
iter 3430: loss 0.9465, time 7.30ms, mfu 50.70%
iter 3440: loss 0.9772, time 8.05ms, mfu 50.26%
iter 3450: loss 0.9614, time 7.11ms, mfu 50.48%
iter 3460: loss 0.9520, time 7.30ms, mfu 50.53%
iter 3470: loss 0.9406, time 6.96ms, mfu 50.84%
iter 3480: loss 0.9590, time 7.31ms, mfu 50.85%
iter 3490: loss 0.9177, time 7.93ms, mfu 50.46%
step 3500: train loss 0.7832, val loss 1.5746
iter 3500: loss 0.9125, time 2155.17ms, mfu 45.43%
iter 3510: loss 0.9222, time 7.31ms, mfu 45.99%
iter 3520: loss 0.9306, time 7.16ms, mfu 46.59%
iter 3530: loss 0.9550, time 7.62ms, mfu 46.82%
iter 3540: loss 0.9385, time 8.27ms, mfu 46.65%
iter 3550: loss 0.9338, time 7.60ms, mfu 46.88%
iter 3560: loss 0.9535, time 7.16ms, mfu 47.40%
iter 3570: loss 0.9463, time 7.49ms, mfu 47.63%
iter 3580: loss 0.9346, time 7.08ms, mfu 48.14%
iter 3590: loss 0.9239, time 7.48ms, mfu 48.30%
iter 3600: loss 0.9140, time 7.12ms, mfu 48.70%
iter 3610: loss 0.9198, time 7.06ms, mfu 49.11%
iter 3620: loss 0.9187, time 7.42ms, mfu 49.22%
iter 3630: loss 0.9283, time 6.87ms, mfu 49.72%
iter 3640: loss 0.9188, time 6.85ms, mfu 50.19%
iter 3650: loss 0.9197, time 7.15ms, mfu 50.38%
iter 3660: loss 0.9370, time 7.10ms, mfu 50.59%
iter 3670: loss 0.9346, time 7.56ms, mfu 50.46%
iter 3680: loss 0.9109, time 6.93ms, mfu 50.79%
iter 3690: loss 0.9420, time 7.84ms, mfu 50.47%
iter 3700: loss 0.8774, time 8.18ms, mfu 49.97%
iter 3710: loss 0.8869, time 7.53ms, mfu 49.92%
iter 3720: loss 0.9062, time 7.45ms, mfu 49.93%
iter 3730: loss 0.9059, time 7.78ms, mfu 49.73%
iter 3740: loss 0.9025, time 7.08ms, mfu 50.03%
step 3750: train loss 0.7467, val loss 1.5932
iter 3750: loss 0.9037, time 2227.81ms, mfu 45.04%
iter 3760: loss 0.9446, time 7.14ms, mfu 45.75%
iter 3770: loss 0.9310, time 7.33ms, mfu 46.26%
iter 3780: loss 0.9242, time 7.57ms, mfu 46.56%
iter 3790: loss 0.9060, time 7.31ms, mfu 47.00%
iter 3800: loss 0.9133, time 7.56ms, mfu 47.22%
iter 3810: loss 0.9225, time 6.95ms, mfu 47.86%
iter 3820: loss 0.8933, time 7.89ms, mfu 47.80%
iter 3830: loss 0.9086, time 8.48ms, mfu 47.41%
iter 3840: loss 0.8875, time 7.11ms, mfu 47.92%
iter 3850: loss 0.8941, time 8.31ms, mfu 47.61%
iter 3860: loss 0.8757, time 6.81ms, mfu 48.32%
iter 3870: loss 0.8919, time 7.06ms, mfu 48.77%
iter 3880: loss 0.8897, time 7.48ms, mfu 48.88%
iter 3890: loss 0.8888, time 7.19ms, mfu 49.17%
iter 3900: loss 0.8877, time 7.10ms, mfu 49.50%
iter 3910: loss 0.8874, time 7.18ms, mfu 49.73%
iter 3920: loss 0.8763, time 7.42ms, mfu 49.78%
iter 3930: loss 0.8944, time 8.34ms, mfu 49.27%
iter 3940: loss 0.8761, time 6.95ms, mfu 49.70%
iter 3950: loss 0.8774, time 7.32ms, mfu 49.82%
iter 3960: loss 0.9076, time 8.55ms, mfu 49.20%
iter 3970: loss 0.8991, time 7.28ms, mfu 49.39%
iter 3980: loss 0.9066, time 7.63ms, mfu 49.34%
iter 3990: loss 0.8752, time 6.86ms, mfu 49.84%
step 4000: train loss 0.7122, val loss 1.6224
iter 4000: loss 0.8633, time 2418.25ms, mfu 44.87%
iter 4010: loss 0.8871, time 6.87ms, mfu 45.81%
iter 4020: loss 0.8909, time 7.66ms, mfu 46.09%
iter 4030: loss 0.8758, time 8.15ms, mfu 46.05%
iter 4040: loss 0.8833, time 8.06ms, mfu 46.07%
iter 4050: loss 0.8708, time 7.33ms, mfu 46.55%
iter 4060: loss 0.8637, time 6.99ms, mfu 47.22%
iter 4070: loss 0.8619, time 7.08ms, mfu 47.76%
iter 4080: loss 0.8860, time 7.16ms, mfu 48.19%
iter 4090: loss 0.8597, time 7.37ms, mfu 48.42%
iter 4100: loss 0.9087, time 7.60ms, mfu 48.48%
iter 4110: loss 0.8716, time 7.94ms, mfu 48.33%
iter 4120: loss 0.8822, time 7.52ms, mfu 48.45%
iter 4130: loss 0.8659, time 7.11ms, mfu 48.85%
iter 4140: loss 0.8846, time 6.70ms, mfu 49.53%
iter 4150: loss 0.8710, time 7.18ms, mfu 49.76%
iter 4160: loss 0.8580, time 7.54ms, mfu 49.73%
iter 4170: loss 0.8687, time 7.28ms, mfu 49.87%
iter 4180: loss 0.8711, time 7.31ms, mfu 49.98%
iter 4190: loss 0.8752, time 8.18ms, mfu 49.54%
iter 4200: loss 0.8473, time 7.71ms, mfu 49.42%
iter 4210: loss 0.8785, time 7.78ms, mfu 49.27%
iter 4220: loss 0.8603, time 8.06ms, mfu 48.96%
iter 4230: loss 0.8812, time 7.20ms, mfu 49.24%
iter 4240: loss 0.8743, time 6.91ms, mfu 49.71%
step 4250: train loss 0.6821, val loss 1.6429
iter 4250: loss 0.8762, time 2152.99ms, mfu 44.75%
iter 4260: loss 0.8706, time 6.88ms, mfu 45.69%
iter 4270: loss 0.8728, time 7.22ms, mfu 46.28%
iter 4280: loss 0.8608, time 7.65ms, mfu 46.53%
iter 4290: loss 0.8390, time 7.06ms, mfu 47.15%
iter 4300: loss 0.8352, time 7.42ms, mfu 47.46%
iter 4310: loss 0.8577, time 6.92ms, mfu 48.10%
iter 4320: loss 0.8409, time 7.80ms, mfu 48.07%
iter 4330: loss 0.8588, time 7.07ms, mfu 48.54%
iter 4340: loss 0.8362, time 7.86ms, mfu 48.42%
iter 4350: loss 0.8445, time 6.71ms, mfu 49.14%
iter 4360: loss 0.8579, time 8.57ms, mfu 48.57%
iter 4370: loss 0.8533, time 6.93ms, mfu 49.10%
iter 4380: loss 0.8411, time 7.54ms, mfu 49.13%
iter 4390: loss 0.8661, time 7.88ms, mfu 48.95%
iter 4400: loss 0.8513, time 7.80ms, mfu 48.83%
iter 4410: loss 0.8578, time 7.26ms, mfu 49.08%
iter 4420: loss 0.8613, time 7.66ms, mfu 49.04%
iter 4430: loss 0.8458, time 6.94ms, mfu 49.50%
iter 4440: loss 0.8490, time 7.63ms, mfu 49.44%
iter 4450: loss 0.8504, time 6.80ms, mfu 49.97%
iter 4460: loss 0.8377, time 7.59ms, mfu 49.89%
iter 4470: loss 0.8575, time 7.21ms, mfu 50.06%
iter 4480: loss 0.8371, time 7.22ms, mfu 50.22%
iter 4490: loss 0.8452, time 7.44ms, mfu 50.21%
step 4500: train loss 0.6553, val loss 1.6696
iter 4500: loss 0.8652, time 2171.38ms, mfu 45.20%
iter 4510: loss 0.8539, time 7.53ms, mfu 45.63%
iter 4520: loss 0.8313, time 7.14ms, mfu 46.29%
iter 4530: loss 0.8578, time 6.87ms, mfu 47.08%
iter 4540: loss 0.8492, time 6.90ms, mfu 47.77%
iter 4550: loss 0.8716, time 7.18ms, mfu 48.19%
iter 4560: loss 0.8539, time 7.31ms, mfu 48.46%
iter 4570: loss 0.8466, time 7.35ms, mfu 48.69%
iter 4580: loss 0.8575, time 7.00ms, mfu 49.14%
iter 4590: loss 0.8594, time 7.33ms, mfu 49.31%
iter 4600: loss 0.8281, time 7.21ms, mfu 49.55%
iter 4610: loss 0.8682, time 7.04ms, mfu 49.89%
iter 4620: loss 0.8446, time 8.34ms, mfu 49.37%
iter 4630: loss 0.8197, time 7.26ms, mfu 49.57%
iter 4640: loss 0.8462, time 7.70ms, mfu 49.45%
iter 4650: loss 0.8589, time 7.09ms, mfu 49.76%
iter 4660: loss 0.8484, time 7.10ms, mfu 50.03%
iter 4670: loss 0.8461, time 6.87ms, mfu 50.46%
iter 4680: loss 0.8506, time 7.42ms, mfu 50.43%
iter 4690: loss 0.8484, time 7.59ms, mfu 50.30%
iter 4700: loss 0.8270, time 7.28ms, mfu 50.39%
iter 4710: loss 0.7867, time 7.56ms, mfu 50.28%
iter 4720: loss 0.8329, time 6.95ms, mfu 50.62%
iter 4730: loss 0.8229, time 7.21ms, mfu 50.72%
iter 4740: loss 0.8297, time 7.26ms, mfu 50.79%
step 4750: train loss 0.6396, val loss 1.6796
iter 4750: loss 0.8099, time 2126.67ms, mfu 45.73%
iter 4760: loss 0.8202, time 7.53ms, mfu 46.10%
iter 4770: loss 0.7965, time 7.41ms, mfu 46.52%
iter 4780: loss 0.8051, time 7.62ms, mfu 46.76%
iter 4790: loss 0.8379, time 7.38ms, mfu 47.13%
iter 4800: loss 0.8268, time 6.97ms, mfu 47.77%
iter 4810: loss 0.8430, time 7.87ms, mfu 47.73%
iter 4820: loss 0.8239, time 7.36ms, mfu 48.02%
iter 4830: loss 0.8222, time 7.11ms, mfu 48.45%
iter 4840: loss 0.8344, time 6.98ms, mfu 48.95%
iter 4850: loss 0.8282, time 7.54ms, mfu 48.99%
iter 4860: loss 0.8218, time 7.85ms, mfu 48.84%
iter 4870: loss 0.8176, time 7.23ms, mfu 49.11%
iter 4880: loss 0.8295, time 8.11ms, mfu 48.79%
iter 4890: loss 0.8120, time 6.94ms, mfu 49.28%
iter 4900: loss 0.8136, time 7.71ms, mfu 49.19%
iter 4910: loss 0.8280, time 7.05ms, mfu 49.56%
iter 4920: loss 0.8214, time 7.22ms, mfu 49.76%
iter 4930: loss 0.8145, time 7.80ms, mfu 49.56%
iter 4940: loss 0.8102, time 6.67ms, mfu 50.19%
iter 4950: loss 0.8289, time 6.92ms, mfu 50.56%
iter 4960: loss 0.8330, time 7.17ms, mfu 50.70%
iter 4970: loss 0.7875, time 7.13ms, mfu 50.85%
iter 4980: loss 0.7939, time 7.13ms, mfu 51.00%
iter 4990: loss 0.8277, time 7.64ms, mfu 50.78%
step 5000: train loss 0.6265, val loss 1.6949
iter 5000: loss 0.8285, time 2118.86ms, mfu 45.72%
