Overriding config with config/train_shakespeare_char.py:
# train a miniature character-level shakespeare model
# good for debugging and playing on macbooks and such

out_dir = 'out-shakespeare-char'
eval_interval = 250 # keep frequent because we'll overfit
eval_iters = 200
log_interval = 10 # don't print too too often

# we expect to overfit on this small dataset, so only save when val improves
always_save_checkpoint = False

wandb_log = False # override via command line if you like
wandb_project = 'shakespeare-char'
wandb_run_name = 'mini-gpt'

dataset = 'shakespeare_char'
gradient_accumulation_steps = 1
batch_size = 64
block_size = 256 # context of up to 256 previous characters

# baby GPT model :)
n_layer = 6
n_head = 6
n_embd = 384
dropout = 0.2

learning_rate = 1e-3 # with baby networks can afford to go a bit higher
max_iters = 5000
lr_decay_iters = 5000 # make equal to max_iters usually
min_lr = 1e-4 # learning_rate / 10 usually
beta2 = 0.99 # make a bit bigger because number of tokens per iter is small

warmup_iters = 100 # not super necessary potentially

# on macbook also add
# device = 'cpu'  # run on cpu only
# compile = False # do not torch compile the model

Overriding: device = cpu
Overriding: compile = False
Overriding: eval_iters = 200
Overriding: log_interval = 10
Overriding: block_size = 64
Overriding: batch_size = 12
Overriding: n_layer = 4
Overriding: n_head = 4
Overriding: n_embd = 128
Overriding: max_iters = 2000
Overriding: lr_decay_iters = 2000
Overriding: dropout = 0.0
Overriding: learning_rate = 0.004
Overriding: out_dir = runs/nope_lr4e-3
Overriding: pos_type = none
tokens per iteration will be: 768
found vocab_size = 65 (inside data/shakespeare_char/meta.pkl)
Initializing a new model from scratch
number of parameters: 0.80M
train.py:203: FutureWarning: `torch.cuda.amp.GradScaler(args...)` is deprecated. Please use `torch.amp.GradScaler('cuda', args...)` instead.
  scaler = torch.cuda.amp.GradScaler(enabled=(dtype == 'float16'))
.venv/lib/python3.13/site-packages/torch/cuda/amp/grad_scaler.py:31: UserWarning: torch.cuda.amp.GradScaler is enabled, but CUDA is not available.  Disabling.
  super().__init__(
num decayed parameter tensors: 17, with 794,752 parameters
num non-decayed parameter tensors: 9, with 1,152 parameters
using fused AdamW: False
step 0: train loss 4.1996, val loss 4.1984
iter 0: loss 4.1950, time 1461.52ms, mfu -100.00%
iter 10: loss 3.5092, time 12.12ms, mfu 0.10%
iter 20: loss 3.0812, time 13.07ms, mfu 0.10%
iter 30: loss 2.8356, time 12.75ms, mfu 0.10%
iter 40: loss 2.7213, time 12.30ms, mfu 0.10%
iter 50: loss 2.6688, time 12.40ms, mfu 0.10%
iter 60: loss 2.6678, time 12.31ms, mfu 0.10%
iter 70: loss 2.6165, time 16.32ms, mfu 0.10%
iter 80: loss 2.5866, time 12.30ms, mfu 0.10%
iter 90: loss 2.5373, time 12.44ms, mfu 0.10%
iter 100: loss 2.5379, time 12.45ms, mfu 0.10%
iter 110: loss 2.6043, time 11.64ms, mfu 0.10%
iter 120: loss 2.4979, time 11.95ms, mfu 0.10%
iter 130: loss 2.5223, time 12.46ms, mfu 0.10%
iter 140: loss 2.4783, time 11.73ms, mfu 0.10%
iter 150: loss 2.5733, time 13.27ms, mfu 0.10%
iter 160: loss 2.4825, time 16.57ms, mfu 0.10%
iter 170: loss 2.4794, time 12.46ms, mfu 0.10%
iter 180: loss 2.5006, time 11.88ms, mfu 0.10%
iter 190: loss 2.5389, time 12.01ms, mfu 0.10%
iter 200: loss 2.5252, time 15.95ms, mfu 0.10%
iter 210: loss 2.5510, time 12.39ms, mfu 0.10%
iter 220: loss 2.4694, time 12.84ms, mfu 0.10%
iter 230: loss 2.5258, time 12.39ms, mfu 0.10%
iter 240: loss 2.4184, time 11.89ms, mfu 0.10%
step 250: train loss 2.4891, val loss 2.4796
saving checkpoint to runs/nope_lr4e-3
iter 250: loss 2.4847, time 1464.47ms, mfu 0.09%
iter 260: loss 2.3794, time 12.46ms, mfu 0.09%
iter 270: loss 2.4771, time 12.01ms, mfu 0.09%
iter 280: loss 2.3882, time 12.46ms, mfu 0.09%
iter 290: loss 2.5137, time 12.61ms, mfu 0.09%
iter 300: loss 2.3872, time 12.46ms, mfu 0.10%
iter 310: loss 2.5057, time 12.04ms, mfu 0.10%
iter 320: loss 2.4197, time 12.02ms, mfu 0.10%
iter 330: loss 2.4104, time 12.35ms, mfu 0.10%
iter 340: loss 2.4469, time 12.08ms, mfu 0.10%
iter 350: loss 2.3790, time 21.11ms, mfu 0.09%
iter 360: loss 2.4447, time 12.53ms, mfu 0.10%
iter 370: loss 2.3353, time 12.75ms, mfu 0.10%
iter 380: loss 2.4655, time 12.73ms, mfu 0.10%
iter 390: loss 2.6176, time 12.28ms, mfu 0.10%
iter 400: loss 2.4766, time 12.03ms, mfu 0.10%
iter 410: loss 2.4161, time 12.06ms, mfu 0.10%
iter 420: loss 2.3555, time 12.12ms, mfu 0.10%
iter 430: loss 2.4718, time 12.49ms, mfu 0.10%
iter 440: loss 2.3392, time 13.03ms, mfu 0.10%
iter 450: loss 2.4683, time 12.13ms, mfu 0.10%
iter 460: loss 2.4687, time 12.61ms, mfu 0.10%
iter 470: loss 2.3714, time 12.04ms, mfu 0.10%
iter 480: loss 2.2914, time 12.56ms, mfu 0.10%
iter 490: loss 2.3838, time 12.47ms, mfu 0.10%
step 500: train loss 2.3688, val loss 2.4030
saving checkpoint to runs/nope_lr4e-3
iter 500: loss 2.3744, time 1494.33ms, mfu 0.09%
iter 510: loss 2.4073, time 12.73ms, mfu 0.09%
iter 520: loss 2.4266, time 12.36ms, mfu 0.09%
iter 530: loss 2.4000, time 11.98ms, mfu 0.09%
iter 540: loss 2.3394, time 12.15ms, mfu 0.10%
iter 550: loss 2.3934, time 12.37ms, mfu 0.10%
iter 560: loss 2.4383, time 12.63ms, mfu 0.10%
iter 570: loss 2.3769, time 11.85ms, mfu 0.10%
iter 580: loss 2.3065, time 13.67ms, mfu 0.10%
iter 590: loss 2.3946, time 14.56ms, mfu 0.10%
iter 600: loss 2.4434, time 15.18ms, mfu 0.09%
iter 610: loss 2.3501, time 13.00ms, mfu 0.10%
iter 620: loss 2.3091, time 12.65ms, mfu 0.10%
iter 630: loss 2.3449, time 12.42ms, mfu 0.10%
iter 640: loss 2.3418, time 12.61ms, mfu 0.10%
iter 650: loss 2.3323, time 11.98ms, mfu 0.10%
iter 660: loss 2.3659, time 12.72ms, mfu 0.10%
iter 670: loss 2.2800, time 12.45ms, mfu 0.10%
iter 680: loss 2.3204, time 12.51ms, mfu 0.10%
iter 690: loss 2.3119, time 12.26ms, mfu 0.10%
iter 700: loss 2.4220, time 12.42ms, mfu 0.10%
iter 710: loss 2.3780, time 12.34ms, mfu 0.10%
iter 720: loss 2.3057, time 12.23ms, mfu 0.10%
iter 730: loss 2.3242, time 12.81ms, mfu 0.10%
iter 740: loss 2.3357, time 12.62ms, mfu 0.10%
step 750: train loss 2.3137, val loss 2.3505
saving checkpoint to runs/nope_lr4e-3
iter 750: loss 2.2907, time 1481.27ms, mfu 0.09%
iter 760: loss 2.3102, time 12.58ms, mfu 0.09%
iter 770: loss 2.2780, time 12.18ms, mfu 0.09%
iter 780: loss 2.2417, time 12.22ms, mfu 0.09%
iter 790: loss 2.2485, time 12.66ms, mfu 0.09%
iter 800: loss 2.3252, time 12.61ms, mfu 0.10%
iter 810: loss 2.2287, time 12.53ms, mfu 0.10%
iter 820: loss 2.2342, time 11.81ms, mfu 0.10%
iter 830: loss 2.2493, time 12.24ms, mfu 0.10%
iter 840: loss 2.2259, time 12.18ms, mfu 0.10%
iter 850: loss 2.2668, time 11.83ms, mfu 0.10%
iter 860: loss 2.3316, time 12.53ms, mfu 0.10%
iter 870: loss 2.2414, time 12.81ms, mfu 0.10%
iter 880: loss 2.1239, time 15.41ms, mfu 0.10%
iter 890: loss 2.2837, time 12.25ms, mfu 0.10%
iter 900: loss 2.2860, time 12.08ms, mfu 0.10%
iter 910: loss 2.1736, time 12.25ms, mfu 0.10%
iter 920: loss 2.3223, time 12.60ms, mfu 0.10%
iter 930: loss 2.2914, time 12.87ms, mfu 0.10%
iter 940: loss 2.2162, time 12.98ms, mfu 0.10%
iter 950: loss 2.2060, time 12.21ms, mfu 0.10%
iter 960: loss 2.2497, time 11.99ms, mfu 0.10%
iter 970: loss 2.2484, time 12.36ms, mfu 0.10%
iter 980: loss 2.2353, time 12.27ms, mfu 0.10%
iter 990: loss 2.2372, time 12.26ms, mfu 0.10%
step 1000: train loss 2.2255, val loss 2.2576
saving checkpoint to runs/nope_lr4e-3
iter 1000: loss 2.1967, time 1521.09ms, mfu 0.09%
iter 1010: loss 2.3150, time 12.28ms, mfu 0.09%
iter 1020: loss 2.1969, time 13.12ms, mfu 0.09%
iter 1030: loss 2.2234, time 12.92ms, mfu 0.09%
iter 1040: loss 2.2175, time 13.01ms, mfu 0.09%
iter 1050: loss 2.2116, time 12.55ms, mfu 0.09%
iter 1060: loss 2.2165, time 12.25ms, mfu 0.10%
iter 1070: loss 2.2607, time 12.07ms, mfu 0.10%
iter 1080: loss 2.2409, time 12.09ms, mfu 0.10%
iter 1090: loss 2.1371, time 13.53ms, mfu 0.10%
iter 1100: loss 2.1610, time 12.27ms, mfu 0.10%
iter 1110: loss 2.1479, time 12.49ms, mfu 0.10%
iter 1120: loss 2.1910, time 12.42ms, mfu 0.10%
iter 1130: loss 2.1943, time 11.99ms, mfu 0.10%
iter 1140: loss 2.2174, time 12.00ms, mfu 0.10%
iter 1150: loss 2.2164, time 12.45ms, mfu 0.10%
iter 1160: loss 2.1243, time 12.28ms, mfu 0.10%
iter 1170: loss 2.0887, time 12.92ms, mfu 0.10%
iter 1180: loss 2.1925, time 12.76ms, mfu 0.10%
iter 1190: loss 2.1675, time 12.07ms, mfu 0.10%
iter 1200: loss 2.0782, time 12.26ms, mfu 0.10%
iter 1210: loss 2.0783, time 12.52ms, mfu 0.10%
iter 1220: loss 2.0759, time 12.50ms, mfu 0.10%
iter 1230: loss 2.1365, time 12.32ms, mfu 0.10%
iter 1240: loss 2.1522, time 12.45ms, mfu 0.10%
step 1250: train loss 2.1272, val loss 2.1818
saving checkpoint to runs/nope_lr4e-3
iter 1250: loss 2.1340, time 1473.34ms, mfu 0.09%
iter 1260: loss 2.0263, time 12.39ms, mfu 0.09%
iter 1270: loss 2.0639, time 11.97ms, mfu 0.09%
iter 1280: loss 2.1822, time 12.86ms, mfu 0.09%
iter 1290: loss 2.0363, time 16.39ms, mfu 0.09%
iter 1300: loss 2.0636, time 12.48ms, mfu 0.09%
iter 1310: loss 2.0659, time 11.87ms, mfu 0.10%
iter 1320: loss 2.1399, time 12.53ms, mfu 0.10%
iter 1330: loss 2.0502, time 12.34ms, mfu 0.10%
iter 1340: loss 1.9668, time 12.59ms, mfu 0.10%
iter 1350: loss 2.1088, time 12.18ms, mfu 0.10%
iter 1360: loss 2.0826, time 12.44ms, mfu 0.10%
iter 1370: loss 2.0849, time 12.41ms, mfu 0.10%
iter 1380: loss 2.0878, time 12.27ms, mfu 0.10%
iter 1390: loss 2.1700, time 12.26ms, mfu 0.10%
iter 1400: loss 2.1287, time 12.74ms, mfu 0.10%
iter 1410: loss 2.0640, time 12.45ms, mfu 0.10%
iter 1420: loss 2.0104, time 12.49ms, mfu 0.10%
iter 1430: loss 2.1370, time 12.53ms, mfu 0.10%
iter 1440: loss 2.0920, time 12.09ms, mfu 0.10%
iter 1450: loss 2.1451, time 12.65ms, mfu 0.10%
iter 1460: loss 2.0401, time 12.51ms, mfu 0.10%
iter 1470: loss 2.0789, time 12.81ms, mfu 0.10%
iter 1480: loss 2.0624, time 12.76ms, mfu 0.10%
iter 1490: loss 2.0012, time 14.59ms, mfu 0.10%
step 1500: train loss 2.0341, val loss 2.1128
saving checkpoint to runs/nope_lr4e-3
iter 1500: loss 1.9109, time 1485.15ms, mfu 0.09%
iter 1510: loss 2.0229, time 12.49ms, mfu 0.09%
iter 1520: loss 2.1112, time 12.47ms, mfu 0.09%
iter 1530: loss 1.9897, time 12.16ms, mfu 0.09%
iter 1540: loss 2.1292, time 14.97ms, mfu 0.09%
iter 1550: loss 2.0096, time 12.25ms, mfu 0.09%
iter 1560: loss 2.1325, time 12.66ms, mfu 0.09%
iter 1570: loss 2.0112, time 12.39ms, mfu 0.09%
iter 1580: loss 1.9900, time 12.25ms, mfu 0.10%
iter 1590: loss 1.9309, time 12.78ms, mfu 0.10%
iter 1600: loss 2.0820, time 13.24ms, mfu 0.10%
iter 1610: loss 2.0485, time 12.90ms, mfu 0.10%
iter 1620: loss 1.9056, time 12.97ms, mfu 0.10%
iter 1630: loss 2.0476, time 12.50ms, mfu 0.10%
iter 1640: loss 2.0252, time 12.06ms, mfu 0.10%
iter 1650: loss 2.0219, time 12.33ms, mfu 0.10%
iter 1660: loss 1.9097, time 12.16ms, mfu 0.10%
iter 1670: loss 1.9987, time 15.42ms, mfu 0.10%
iter 1680: loss 2.0562, time 12.61ms, mfu 0.10%
iter 1690: loss 2.0079, time 12.85ms, mfu 0.10%
iter 1700: loss 1.8879, time 12.70ms, mfu 0.10%
iter 1710: loss 2.0097, time 12.73ms, mfu 0.10%
iter 1720: loss 1.9500, time 12.49ms, mfu 0.10%
iter 1730: loss 2.0221, time 12.82ms, mfu 0.10%
iter 1740: loss 1.8710, time 12.44ms, mfu 0.10%
step 1750: train loss 1.9875, val loss 2.0760
saving checkpoint to runs/nope_lr4e-3
iter 1750: loss 1.9237, time 1484.04ms, mfu 0.09%
iter 1760: loss 1.9267, time 12.77ms, mfu 0.09%
iter 1770: loss 1.8906, time 12.49ms, mfu 0.09%
iter 1780: loss 2.0509, time 12.13ms, mfu 0.09%
iter 1790: loss 1.9107, time 12.15ms, mfu 0.09%
iter 1800: loss 2.0851, time 12.13ms, mfu 0.10%
iter 1810: loss 2.0669, time 12.52ms, mfu 0.10%
iter 1820: loss 2.0127, time 12.40ms, mfu 0.10%
iter 1830: loss 1.9715, time 12.89ms, mfu 0.10%
iter 1840: loss 2.0363, time 12.59ms, mfu 0.10%
iter 1850: loss 2.0318, time 13.21ms, mfu 0.10%
iter 1860: loss 1.9137, time 12.94ms, mfu 0.10%
iter 1870: loss 2.0036, time 12.49ms, mfu 0.10%
iter 1880: loss 2.0786, time 12.42ms, mfu 0.10%
iter 1890: loss 1.9271, time 12.35ms, mfu 0.10%
iter 1900: loss 2.0579, time 12.44ms, mfu 0.10%
iter 1910: loss 1.9701, time 12.63ms, mfu 0.10%
iter 1920: loss 2.0834, time 12.52ms, mfu 0.10%
iter 1930: loss 2.0068, time 12.36ms, mfu 0.10%
iter 1940: loss 2.0387, time 12.38ms, mfu 0.10%
iter 1950: loss 1.9780, time 12.19ms, mfu 0.10%
iter 1960: loss 1.9306, time 12.53ms, mfu 0.10%
iter 1970: loss 1.8954, time 12.96ms, mfu 0.10%
iter 1980: loss 1.9781, time 12.92ms, mfu 0.10%
iter 1990: loss 1.9468, time 12.60ms, mfu 0.10%
step 2000: train loss 1.9641, val loss 2.0507
saving checkpoint to runs/nope_lr4e-3
iter 2000: loss 1.9247, time 1471.88ms, mfu 0.09%
