Overriding config with config/train_shakespeare_char.py:
# train a miniature character-level shakespeare model
# good for debugging and playing on macbooks and such

out_dir = 'out-shakespeare-char'
eval_interval = 250 # keep frequent because we'll overfit
eval_iters = 200
log_interval = 10 # don't print too too often

# we expect to overfit on this small dataset, so only save when val improves
always_save_checkpoint = False

wandb_log = False # override via command line if you like
wandb_project = 'shakespeare-char'
wandb_run_name = 'mini-gpt'

dataset = 'shakespeare_char'
gradient_accumulation_steps = 1
batch_size = 64
block_size = 256 # context of up to 256 previous characters

# baby GPT model :)
n_layer = 6
n_head = 6
n_embd = 384
dropout = 0.2

learning_rate = 1e-3 # with baby networks can afford to go a bit higher
max_iters = 5000
lr_decay_iters = 5000 # make equal to max_iters usually
min_lr = 1e-4 # learning_rate / 10 usually
beta2 = 0.99 # make a bit bigger because number of tokens per iter is small

warmup_iters = 100 # not super necessary potentially

# on macbook also add
# device = 'cpu'  # run on cpu only
# compile = False # do not torch compile the model

Overriding: learning_rate = 0.001
Overriding: out_dir = runs_full/gqa_lr1e-3
Overriding: n_kv_head = 3
tokens per iteration will be: 16,384
found vocab_size = 65 (inside data/shakespeare_char/meta.pkl)
Initializing a new model from scratch
number of parameters: 9.76M
/scratch/guo.jiayin/nanoGPT/train.py:203: FutureWarning: `torch.cuda.amp.GradScaler(args...)` is deprecated. Please use `torch.amp.GradScaler('cuda', args...)` instead.
  scaler = torch.cuda.amp.GradScaler(enabled=(dtype == 'float16'))
num decayed parameter tensors: 26, with 9,855,360 parameters
num non-decayed parameter tensors: 13, with 4,992 parameters
using fused AdamW: True
compiling the model... (takes a ~minute)
step 0: train loss 4.2952, val loss 4.2869
iter 0: loss 4.2813, time 15597.90ms, mfu -100.00%
iter 10: loss 3.1088, time 11.59ms, mfu 29.74%
iter 20: loss 2.7581, time 10.86ms, mfu 29.94%
iter 30: loss 2.6098, time 11.11ms, mfu 30.05%
iter 40: loss 2.5784, time 10.85ms, mfu 30.22%
iter 50: loss 2.5327, time 10.85ms, mfu 30.38%
iter 60: loss 2.5095, time 10.84ms, mfu 30.52%
iter 70: loss 2.4972, time 10.84ms, mfu 30.65%
iter 80: loss 2.4892, time 10.97ms, mfu 30.73%
iter 90: loss 2.4586, time 10.85ms, mfu 30.83%
iter 100: loss 2.4559, time 8.16ms, mfu 31.97%
iter 110: loss 2.4413, time 10.87ms, mfu 31.95%
iter 120: loss 2.4381, time 10.84ms, mfu 31.93%
iter 130: loss 2.4215, time 10.86ms, mfu 31.92%
iter 140: loss 2.3999, time 10.86ms, mfu 31.90%
iter 150: loss 2.4051, time 10.83ms, mfu 31.89%
iter 160: loss 2.3464, time 11.08ms, mfu 31.81%
iter 170: loss 2.3587, time 10.85ms, mfu 31.81%
iter 180: loss 2.3073, time 8.96ms, mfu 32.48%
iter 190: loss 2.2972, time 8.77ms, mfu 33.16%
iter 200: loss 2.2315, time 10.83ms, mfu 33.02%
iter 210: loss 2.1861, time 9.64ms, mfu 33.30%
iter 220: loss 2.1569, time 10.84ms, mfu 33.15%
iter 230: loss 2.1432, time 10.85ms, mfu 33.01%
iter 240: loss 2.0706, time 11.21ms, mfu 32.78%
step 250: train loss 1.9736, val loss 2.0667
saving checkpoint to runs_full/gqa_lr1e-3
iter 250: loss 2.0389, time 2403.27ms, mfu 29.52%
iter 260: loss 1.9884, time 9.26ms, mfu 30.29%
iter 270: loss 1.9804, time 10.83ms, mfu 30.44%
iter 280: loss 1.9398, time 10.80ms, mfu 30.59%
iter 290: loss 1.9346, time 10.85ms, mfu 30.71%
iter 300: loss 1.9138, time 11.08ms, mfu 30.75%
iter 310: loss 1.9131, time 10.99ms, mfu 30.81%
iter 320: loss 1.8760, time 10.33ms, mfu 31.07%
iter 330: loss 1.8484, time 10.83ms, mfu 31.14%
iter 340: loss 1.8161, time 10.86ms, mfu 31.21%
iter 350: loss 1.7850, time 8.81ms, mfu 32.00%
iter 360: loss 1.8061, time 6.44ms, mfu 34.15%
iter 370: loss 1.7491, time 10.84ms, mfu 33.92%
iter 380: loss 1.7501, time 10.24ms, mfu 33.89%
iter 390: loss 1.7468, time 11.01ms, mfu 33.63%
iter 400: loss 1.6774, time 10.88ms, mfu 33.44%
iter 410: loss 1.7377, time 10.83ms, mfu 33.28%
iter 420: loss 1.6980, time 10.86ms, mfu 33.13%
iter 430: loss 1.7005, time 10.86ms, mfu 32.99%
iter 440: loss 1.6726, time 10.85ms, mfu 32.87%
iter 450: loss 1.6665, time 7.51ms, mfu 34.17%
iter 460: loss 1.6685, time 11.09ms, mfu 33.86%
iter 470: loss 1.6420, time 10.99ms, mfu 33.61%
iter 480: loss 1.6392, time 10.84ms, mfu 33.43%
iter 490: loss 1.6049, time 10.84ms, mfu 33.27%
step 500: train loss 1.5300, val loss 1.7247
saving checkpoint to runs_full/gqa_lr1e-3
iter 500: loss 1.6091, time 2427.32ms, mfu 29.95%
iter 510: loss 1.5941, time 9.93ms, mfu 30.43%
iter 520: loss 1.6062, time 7.59ms, mfu 31.93%
iter 530: loss 1.5708, time 8.78ms, mfu 32.66%
iter 540: loss 1.5749, time 10.87ms, mfu 32.57%
iter 550: loss 1.5871, time 10.31ms, mfu 32.66%
iter 560: loss 1.5454, time 10.81ms, mfu 32.58%
iter 570: loss 1.5402, time 10.41ms, mfu 32.64%
iter 580: loss 1.5195, time 10.85ms, mfu 32.55%
iter 590: loss 1.5343, time 11.12ms, mfu 32.40%
iter 600: loss 1.5501, time 10.73ms, mfu 32.37%
iter 610: loss 1.5336, time 10.85ms, mfu 32.31%
iter 620: loss 1.5628, time 10.52ms, mfu 32.36%
iter 630: loss 1.5142, time 10.84ms, mfu 32.30%
iter 640: loss 1.5049, time 10.94ms, mfu 32.22%
iter 650: loss 1.4943, time 10.87ms, mfu 32.17%
iter 660: loss 1.5124, time 10.83ms, mfu 32.14%
iter 670: loss 1.4642, time 10.86ms, mfu 32.10%
iter 680: loss 1.4346, time 10.85ms, mfu 32.07%
iter 690: loss 1.4636, time 11.05ms, mfu 31.98%
iter 700: loss 1.4491, time 10.80ms, mfu 31.97%
iter 710: loss 1.4412, time 8.37ms, mfu 32.89%
iter 720: loss 1.4508, time 10.15ms, mfu 33.00%
iter 730: loss 1.4320, time 10.57ms, mfu 32.97%
iter 740: loss 1.4431, time 10.41ms, mfu 32.98%
step 750: train loss 1.3645, val loss 1.5911
saving checkpoint to runs_full/gqa_lr1e-3
iter 750: loss 1.4542, time 2442.64ms, mfu 29.70%
iter 760: loss 1.4316, time 10.83ms, mfu 29.91%
iter 770: loss 1.4054, time 10.85ms, mfu 30.10%
iter 780: loss 1.4131, time 10.72ms, mfu 30.30%
iter 790: loss 1.3702, time 10.85ms, mfu 30.45%
iter 800: loss 1.3772, time 6.68ms, mfu 32.56%
iter 810: loss 1.3921, time 10.82ms, mfu 32.49%
iter 820: loss 1.4044, time 10.86ms, mfu 32.42%
iter 830: loss 1.4185, time 10.25ms, mfu 32.54%
iter 840: loss 1.4042, time 9.74ms, mfu 32.83%
iter 850: loss 1.3737, time 9.76ms, mfu 33.08%
iter 860: loss 1.3907, time 11.02ms, mfu 32.90%
iter 870: loss 1.3891, time 10.86ms, mfu 32.78%
iter 880: loss 1.3532, time 10.83ms, mfu 32.69%
iter 890: loss 1.4171, time 7.95ms, mfu 33.75%
iter 900: loss 1.3761, time 10.84ms, mfu 33.56%
iter 910: loss 1.3608, time 10.69ms, mfu 33.43%
iter 920: loss 1.4014, time 11.47ms, mfu 33.09%
iter 930: loss 1.3648, time 7.13ms, mfu 34.62%
iter 940: loss 1.3341, time 9.23ms, mfu 34.89%
iter 950: loss 1.3329, time 7.68ms, mfu 35.89%
iter 960: loss 1.3433, time 9.15ms, mfu 36.07%
iter 970: loss 1.3487, time 10.99ms, mfu 35.60%
iter 980: loss 1.3435, time 10.47ms, mfu 35.33%
iter 990: loss 1.3676, time 8.89ms, mfu 35.68%
step 1000: train loss 1.2716, val loss 1.5251
saving checkpoint to runs_full/gqa_lr1e-3
iter 1000: loss 1.3292, time 2548.77ms, mfu 32.12%
iter 1010: loss 1.3397, time 8.84ms, mfu 32.81%
iter 1020: loss 1.2990, time 10.71ms, mfu 32.75%
iter 1030: loss 1.3338, time 11.09ms, mfu 32.59%
iter 1040: loss 1.3139, time 10.87ms, mfu 32.50%
iter 1050: loss 1.3290, time 9.04ms, mfu 33.06%
iter 1060: loss 1.3018, time 10.79ms, mfu 32.95%
iter 1070: loss 1.3302, time 10.43ms, mfu 32.96%
iter 1080: loss 1.3116, time 10.86ms, mfu 32.84%
iter 1090: loss 1.3082, time 10.45ms, mfu 32.86%
iter 1100: loss 1.3008, time 10.85ms, mfu 32.75%
iter 1110: loss 1.3072, time 10.67ms, mfu 32.71%
iter 1120: loss 1.3413, time 9.23ms, mfu 33.17%
iter 1130: loss 1.3265, time 6.52ms, mfu 35.14%
iter 1140: loss 1.3137, time 7.63ms, mfu 36.14%
iter 1150: loss 1.3066, time 10.86ms, mfu 35.70%
iter 1160: loss 1.3061, time 10.85ms, mfu 35.31%
iter 1170: loss 1.2934, time 11.03ms, mfu 34.90%
iter 1180: loss 1.3001, time 10.86ms, mfu 34.59%
iter 1190: loss 1.2924, time 10.84ms, mfu 34.31%
iter 1200: loss 1.2885, time 10.62ms, mfu 34.13%
iter 1210: loss 1.2888, time 8.67ms, mfu 34.69%
iter 1220: loss 1.2808, time 6.99ms, mfu 36.16%
iter 1230: loss 1.2628, time 9.53ms, mfu 36.16%
iter 1240: loss 1.2783, time 8.31ms, mfu 36.69%
step 1250: train loss 1.2049, val loss 1.4999
saving checkpoint to runs_full/gqa_lr1e-3
iter 1250: loss 1.2467, time 2437.58ms, mfu 33.04%
iter 1260: loss 1.2919, time 10.84ms, mfu 32.92%
iter 1270: loss 1.2722, time 10.62ms, mfu 32.87%
iter 1280: loss 1.2729, time 9.32ms, mfu 33.28%
iter 1290: loss 1.2981, time 10.32ms, mfu 33.29%
iter 1300: loss 1.2878, time 10.87ms, mfu 33.14%
iter 1310: loss 1.2736, time 9.37ms, mfu 33.50%
iter 1320: loss 1.2341, time 7.85ms, mfu 34.54%
iter 1330: loss 1.2347, time 10.45ms, mfu 34.39%
iter 1340: loss 1.2651, time 8.78ms, mfu 34.87%
iter 1350: loss 1.2423, time 10.86ms, mfu 34.56%
iter 1360: loss 1.2416, time 10.83ms, mfu 34.29%
iter 1370: loss 1.2660, time 10.61ms, mfu 34.11%
iter 1380: loss 1.2343, time 10.88ms, mfu 33.87%
iter 1390: loss 1.2542, time 10.76ms, mfu 33.68%
iter 1400: loss 1.2504, time 10.59ms, mfu 33.57%
iter 1410: loss 1.2337, time 10.84ms, mfu 33.39%
iter 1420: loss 1.2325, time 10.84ms, mfu 33.23%
iter 1430: loss 1.2860, time 10.08ms, mfu 33.33%
iter 1440: loss 1.2263, time 7.88ms, mfu 34.37%
iter 1450: loss 1.2662, time 7.22ms, mfu 35.71%
iter 1460: loss 1.2213, time 10.05ms, mfu 35.57%
iter 1470: loss 1.2425, time 9.51ms, mfu 35.64%
iter 1480: loss 1.2171, time 10.85ms, mfu 35.25%
iter 1490: loss 1.2458, time 9.81ms, mfu 35.24%
step 1500: train loss 1.1505, val loss 1.4796
saving checkpoint to runs_full/gqa_lr1e-3
iter 1500: loss 1.2374, time 2529.73ms, mfu 31.73%
iter 1510: loss 1.2388, time 8.96ms, mfu 32.41%
iter 1520: loss 1.2277, time 6.83ms, mfu 34.22%
iter 1530: loss 1.1778, time 9.58ms, mfu 34.39%
iter 1540: loss 1.2214, time 9.38ms, mfu 34.63%
iter 1550: loss 1.2078, time 10.21ms, mfu 34.54%
iter 1560: loss 1.2310, time 8.21ms, mfu 35.29%
iter 1570: loss 1.2094, time 10.41ms, mfu 35.07%
iter 1580: loss 1.2068, time 9.12ms, mfu 35.34%
iter 1590: loss 1.2237, time 7.72ms, mfu 36.27%
iter 1600: loss 1.2148, time 7.62ms, mfu 37.17%
iter 1610: loss 1.1956, time 10.85ms, mfu 36.63%
iter 1620: loss 1.2009, time 6.70ms, mfu 38.12%
iter 1630: loss 1.1770, time 10.18ms, mfu 37.69%
iter 1640: loss 1.1923, time 9.36ms, mfu 37.61%
iter 1650: loss 1.2253, time 10.07ms, mfu 37.27%
iter 1660: loss 1.1988, time 8.22ms, mfu 37.74%
iter 1670: loss 1.2218, time 10.20ms, mfu 37.35%
iter 1680: loss 1.2011, time 10.28ms, mfu 36.96%
iter 1690: loss 1.1974, time 9.89ms, mfu 36.75%
iter 1700: loss 1.1648, time 8.51ms, mfu 37.13%
iter 1710: loss 1.2015, time 9.82ms, mfu 36.93%
iter 1720: loss 1.1983, time 10.41ms, mfu 36.55%
iter 1730: loss 1.1775, time 10.19ms, mfu 36.27%
iter 1740: loss 1.2266, time 10.98ms, mfu 35.78%
step 1750: train loss 1.1017, val loss 1.4744
saving checkpoint to runs_full/gqa_lr1e-3
iter 1750: loss 1.2065, time 2611.07ms, mfu 32.22%
iter 1760: loss 1.1952, time 6.90ms, mfu 34.00%
iter 1770: loss 1.1832, time 6.48ms, mfu 35.92%
iter 1780: loss 1.1810, time 9.73ms, mfu 35.87%
iter 1790: loss 1.1797, time 8.30ms, mfu 36.44%
iter 1800: loss 1.1661, time 7.17ms, mfu 37.61%
iter 1810: loss 1.1681, time 10.64ms, mfu 37.09%
iter 1820: loss 1.1771, time 7.24ms, mfu 38.14%
iter 1830: loss 1.1508, time 9.11ms, mfu 38.11%
iter 1840: loss 1.1790, time 8.80ms, mfu 38.22%
iter 1850: loss 1.1446, time 8.67ms, mfu 38.37%
iter 1860: loss 1.1634, time 9.29ms, mfu 38.24%
iter 1870: loss 1.1690, time 6.83ms, mfu 39.47%
iter 1880: loss 1.1465, time 8.65ms, mfu 39.51%
iter 1890: loss 1.1853, time 6.67ms, mfu 40.73%
iter 1900: loss 1.1637, time 9.21ms, mfu 40.40%
iter 1910: loss 1.1646, time 8.86ms, mfu 40.25%
iter 1920: loss 1.1668, time 7.22ms, mfu 41.00%
iter 1930: loss 1.1803, time 8.73ms, mfu 40.85%
iter 1940: loss 1.1489, time 7.16ms, mfu 41.58%
iter 1950: loss 1.1471, time 7.42ms, mfu 42.06%
iter 1960: loss 1.1285, time 9.91ms, mfu 41.34%
iter 1970: loss 1.1745, time 7.72ms, mfu 41.67%
iter 1980: loss 1.1143, time 7.85ms, mfu 41.89%
iter 1990: loss 1.1100, time 7.50ms, mfu 42.30%
step 2000: train loss 1.0558, val loss 1.4715
saving checkpoint to runs_full/gqa_lr1e-3
iter 2000: loss 1.1324, time 2798.76ms, mfu 38.08%
iter 2010: loss 1.1305, time 7.57ms, mfu 38.82%
iter 2020: loss 1.1453, time 9.70ms, mfu 38.50%
iter 2030: loss 1.1195, time 8.79ms, mfu 38.57%
iter 2040: loss 1.1287, time 9.69ms, mfu 38.27%
iter 2050: loss 1.1404, time 7.46ms, mfu 39.06%
iter 2060: loss 1.0997, time 10.42ms, mfu 38.46%
iter 2070: loss 1.1210, time 9.50ms, mfu 38.24%
iter 2080: loss 1.1087, time 10.02ms, mfu 37.86%
iter 2090: loss 1.1106, time 8.28ms, mfu 38.24%
iter 2100: loss 1.0836, time 9.22ms, mfu 38.15%
iter 2110: loss 1.1310, time 9.43ms, mfu 37.99%
iter 2120: loss 1.1051, time 10.07ms, mfu 37.62%
iter 2130: loss 1.1296, time 10.18ms, mfu 37.24%
iter 2140: loss 1.1558, time 7.27ms, mfu 38.26%
iter 2150: loss 1.1553, time 6.73ms, mfu 39.55%
iter 2160: loss 1.1220, time 9.04ms, mfu 39.41%
iter 2170: loss 1.1064, time 8.81ms, mfu 39.38%
iter 2180: loss 1.1140, time 9.46ms, mfu 39.09%
iter 2190: loss 1.1292, time 8.96ms, mfu 39.03%
iter 2200: loss 1.1176, time 9.47ms, mfu 38.77%
iter 2210: loss 1.1261, time 8.48ms, mfu 38.95%
iter 2220: loss 1.0828, time 7.60ms, mfu 39.60%
iter 2230: loss 1.1007, time 7.44ms, mfu 40.27%
iter 2240: loss 1.1244, time 9.58ms, mfu 39.84%
step 2250: train loss 1.0028, val loss 1.4788
iter 2250: loss 1.0982, time 2242.30ms, mfu 35.88%
iter 2260: loss 1.1128, time 9.05ms, mfu 36.10%
iter 2270: loss 1.1164, time 7.67ms, mfu 36.98%
iter 2280: loss 1.0946, time 8.10ms, mfu 37.54%
iter 2290: loss 1.0902, time 8.26ms, mfu 37.96%
iter 2300: loss 1.0756, time 10.84ms, mfu 37.35%
iter 2310: loss 1.0946, time 10.84ms, mfu 36.79%
iter 2320: loss 1.0901, time 10.84ms, mfu 36.30%
iter 2330: loss 1.0982, time 10.39ms, mfu 35.98%
iter 2340: loss 1.0857, time 9.85ms, mfu 35.89%
iter 2350: loss 1.1106, time 10.64ms, mfu 35.54%
iter 2360: loss 1.1163, time 10.85ms, mfu 35.16%
iter 2370: loss 1.1180, time 7.12ms, mfu 36.49%
iter 2380: loss 1.0837, time 7.12ms, mfu 37.69%
iter 2390: loss 1.1070, time 7.11ms, mfu 38.77%
iter 2400: loss 1.0525, time 7.44ms, mfu 39.53%
iter 2410: loss 1.0867, time 7.66ms, mfu 40.07%
iter 2420: loss 1.0868, time 7.61ms, mfu 40.59%
iter 2430: loss 1.0879, time 6.81ms, mfu 41.60%
iter 2440: loss 1.0648, time 7.32ms, mfu 42.15%
iter 2450: loss 1.0811, time 10.86ms, mfu 41.11%
iter 2460: loss 1.0574, time 7.82ms, mfu 41.40%
iter 2470: loss 1.0358, time 11.05ms, mfu 40.38%
iter 2480: loss 1.0845, time 10.78ms, mfu 39.54%
iter 2490: loss 1.0942, time 10.01ms, mfu 39.03%
step 2500: train loss 0.9580, val loss 1.5048
iter 2500: loss 1.0560, time 2191.89ms, mfu 35.14%
iter 2510: loss 1.0541, time 10.85ms, mfu 34.81%
iter 2520: loss 1.0755, time 9.72ms, mfu 34.87%
iter 2530: loss 1.0612, time 10.82ms, mfu 34.57%
iter 2540: loss 1.0329, time 6.94ms, mfu 36.08%
iter 2550: loss 1.0844, time 10.36ms, mfu 35.80%
iter 2560: loss 1.0629, time 10.57ms, mfu 35.48%
iter 2570: loss 1.0522, time 10.85ms, mfu 35.11%
iter 2580: loss 1.0471, time 10.84ms, mfu 34.78%
iter 2590: loss 1.0673, time 10.86ms, mfu 34.48%
iter 2600: loss 1.0607, time 10.84ms, mfu 34.21%
iter 2610: loss 1.0618, time 6.54ms, mfu 36.06%
iter 2620: loss 1.0299, time 9.75ms, mfu 35.99%
iter 2630: loss 1.0435, time 11.19ms, mfu 35.47%
iter 2640: loss 1.0218, time 11.06ms, mfu 35.04%
iter 2650: loss 1.0349, time 10.80ms, mfu 34.73%
iter 2660: loss 1.0408, time 10.69ms, mfu 34.48%
iter 2670: loss 1.0588, time 10.36ms, mfu 34.36%
iter 2680: loss 1.0535, time 10.92ms, mfu 34.08%
iter 2690: loss 1.0434, time 10.53ms, mfu 33.95%
iter 2700: loss 1.0155, time 10.85ms, mfu 33.73%
iter 2710: loss 1.0407, time 10.37ms, mfu 33.68%
iter 2720: loss 1.0342, time 11.34ms, mfu 33.35%
iter 2730: loss 1.0173, time 10.89ms, mfu 33.18%
iter 2740: loss 1.0423, time 10.40ms, mfu 33.18%
step 2750: train loss 0.9081, val loss 1.5168
iter 2750: loss 1.0013, time 2187.93ms, mfu 29.88%
iter 2760: loss 0.9969, time 10.79ms, mfu 30.08%
iter 2770: loss 1.0300, time 8.78ms, mfu 31.00%
iter 2780: loss 1.0217, time 9.32ms, mfu 31.60%
iter 2790: loss 1.0233, time 6.52ms, mfu 33.73%
iter 2800: loss 1.0487, time 9.33ms, mfu 34.05%
iter 2810: loss 1.0244, time 10.83ms, mfu 33.83%
iter 2820: loss 1.0472, time 9.88ms, mfu 33.94%
iter 2830: loss 1.0183, time 10.95ms, mfu 33.69%
iter 2840: loss 1.0157, time 10.42ms, mfu 33.63%
iter 2850: loss 1.0053, time 10.83ms, mfu 33.45%
iter 2860: loss 1.0131, time 10.83ms, mfu 33.29%
iter 2870: loss 0.9878, time 10.88ms, mfu 33.13%
iter 2880: loss 1.0154, time 9.71ms, mfu 33.36%
iter 2890: loss 1.0224, time 10.69ms, mfu 33.25%
iter 2900: loss 1.0027, time 10.73ms, mfu 33.14%
iter 2910: loss 1.0047, time 10.99ms, mfu 32.96%
iter 2920: loss 1.0364, time 10.68ms, mfu 32.89%
iter 2930: loss 0.9973, time 10.84ms, mfu 32.78%
iter 2940: loss 0.9980, time 10.86ms, mfu 32.68%
iter 2950: loss 1.0016, time 10.29ms, mfu 32.76%
iter 2960: loss 1.0086, time 10.86ms, mfu 32.66%
iter 2970: loss 0.9789, time 7.62ms, mfu 33.92%
iter 2980: loss 0.9978, time 9.33ms, mfu 34.22%
iter 2990: loss 1.0070, time 10.85ms, mfu 33.98%
step 3000: train loss 0.8652, val loss 1.5315
iter 3000: loss 0.9971, time 2206.84ms, mfu 30.59%
iter 3010: loss 0.9813, time 6.94ms, mfu 32.50%
iter 3020: loss 0.9891, time 10.99ms, mfu 32.39%
iter 3030: loss 1.0075, time 9.80ms, mfu 32.67%
iter 3040: loss 0.9960, time 9.49ms, mfu 33.03%
iter 3050: loss 1.0008, time 10.61ms, mfu 32.98%
iter 3060: loss 0.9811, time 10.85ms, mfu 32.86%
iter 3070: loss 0.9799, time 10.84ms, mfu 32.75%
iter 3080: loss 0.9967, time 10.83ms, mfu 32.66%
iter 3090: loss 0.9985, time 10.86ms, mfu 32.57%
iter 3100: loss 0.9835, time 10.87ms, mfu 32.48%
iter 3110: loss 1.0096, time 10.75ms, mfu 32.44%
iter 3120: loss 0.9622, time 8.93ms, mfu 33.06%
iter 3130: loss 0.9557, time 11.06ms, mfu 32.87%
iter 3140: loss 0.9471, time 10.86ms, mfu 32.76%
iter 3150: loss 1.0029, time 9.77ms, mfu 33.01%
iter 3160: loss 1.0024, time 10.85ms, mfu 32.89%
iter 3170: loss 0.9694, time 9.94ms, mfu 33.07%
iter 3180: loss 0.9657, time 10.87ms, mfu 32.93%
iter 3190: loss 0.9550, time 10.07ms, mfu 33.06%
iter 3200: loss 0.9600, time 10.85ms, mfu 32.93%
iter 3210: loss 0.9644, time 8.84ms, mfu 33.54%
iter 3220: loss 0.9667, time 8.92ms, mfu 34.05%
iter 3230: loss 0.9743, time 10.59ms, mfu 33.90%
iter 3240: loss 0.9645, time 10.86ms, mfu 33.68%
step 3250: train loss 0.8193, val loss 1.5548
iter 3250: loss 0.9572, time 2158.06ms, mfu 30.33%
iter 3260: loss 0.9555, time 10.65ms, mfu 30.54%
iter 3270: loss 0.9815, time 10.13ms, mfu 30.89%
iter 3280: loss 0.9651, time 9.49ms, mfu 31.43%
iter 3290: loss 0.9533, time 11.01ms, mfu 31.42%
iter 3300: loss 0.9816, time 10.86ms, mfu 31.45%
iter 3310: loss 0.9623, time 10.84ms, mfu 31.49%
iter 3320: loss 0.9568, time 10.94ms, mfu 31.49%
iter 3330: loss 0.9650, time 11.17ms, mfu 31.43%
iter 3340: loss 0.9511, time 11.77ms, mfu 31.22%
iter 3350: loss 0.9800, time 10.86ms, mfu 31.27%
iter 3360: loss 0.9386, time 10.85ms, mfu 31.32%
iter 3370: loss 0.9323, time 10.87ms, mfu 31.36%
iter 3380: loss 0.9770, time 10.84ms, mfu 31.41%
iter 3390: loss 0.9496, time 7.48ms, mfu 32.87%
iter 3400: loss 0.9439, time 11.40ms, mfu 32.61%
iter 3410: loss 0.9307, time 10.79ms, mfu 32.55%
iter 3420: loss 0.9403, time 11.00ms, mfu 32.43%
iter 3430: loss 0.9314, time 9.33ms, mfu 32.88%
iter 3440: loss 0.9537, time 10.85ms, mfu 32.77%
iter 3450: loss 0.9572, time 11.02ms, mfu 32.62%
iter 3460: loss 0.9365, time 10.45ms, mfu 32.66%
iter 3470: loss 0.9228, time 10.86ms, mfu 32.57%
iter 3480: loss 0.9228, time 11.00ms, mfu 32.44%
iter 3490: loss 0.9351, time 10.83ms, mfu 32.38%
step 3500: train loss 0.7811, val loss 1.5770
iter 3500: loss 0.9242, time 2160.32ms, mfu 29.16%
iter 3510: loss 0.9158, time 10.85ms, mfu 29.42%
iter 3520: loss 0.9336, time 10.84ms, mfu 29.66%
iter 3530: loss 0.9346, time 10.84ms, mfu 29.87%
iter 3540: loss 0.9194, time 7.00ms, mfu 31.81%
iter 3550: loss 0.9071, time 6.92ms, mfu 33.61%
iter 3560: loss 0.9166, time 7.35ms, mfu 34.94%
iter 3570: loss 0.9095, time 7.61ms, mfu 35.98%
iter 3580: loss 0.9138, time 7.00ms, mfu 37.30%
iter 3590: loss 0.9306, time 6.98ms, mfu 38.51%
iter 3600: loss 0.9119, time 7.11ms, mfu 39.50%
iter 3610: loss 0.9060, time 7.53ms, mfu 40.13%
iter 3620: loss 0.9318, time 7.51ms, mfu 40.71%
iter 3630: loss 0.9302, time 7.52ms, mfu 41.22%
iter 3640: loss 0.8897, time 6.91ms, mfu 42.09%
iter 3650: loss 0.9273, time 7.33ms, mfu 42.58%
iter 3660: loss 0.8835, time 7.20ms, mfu 43.12%
iter 3670: loss 0.9088, time 7.18ms, mfu 43.61%
iter 3680: loss 0.8911, time 7.65ms, mfu 43.75%
iter 3690: loss 0.9140, time 7.23ms, mfu 44.14%
iter 3700: loss 0.9211, time 7.07ms, mfu 44.61%
iter 3710: loss 0.9185, time 6.98ms, mfu 45.09%
iter 3720: loss 0.9007, time 7.65ms, mfu 45.09%
iter 3730: loss 0.9050, time 7.64ms, mfu 45.09%
iter 3740: loss 0.9118, time 7.19ms, mfu 45.38%
step 3750: train loss 0.7414, val loss 1.6007
iter 3750: loss 0.8958, time 2179.16ms, mfu 40.86%
iter 3760: loss 0.9212, time 9.40ms, mfu 40.44%
iter 3770: loss 0.9079, time 11.58ms, mfu 39.37%
iter 3780: loss 0.8946, time 10.83ms, mfu 38.62%
iter 3790: loss 0.9093, time 10.85ms, mfu 37.94%
iter 3800: loss 0.8853, time 10.86ms, mfu 37.32%
iter 3810: loss 0.9339, time 10.34ms, mfu 36.92%
iter 3820: loss 0.8945, time 7.86ms, mfu 37.61%
iter 3830: loss 0.8757, time 10.85ms, mfu 37.03%
iter 3840: loss 0.8989, time 10.85ms, mfu 36.50%
iter 3850: loss 0.9060, time 7.06ms, mfu 37.74%
iter 3860: loss 0.9120, time 7.36ms, mfu 38.65%
iter 3870: loss 0.8840, time 7.33ms, mfu 39.49%
iter 3880: loss 0.9007, time 8.08ms, mfu 39.81%
iter 3890: loss 0.8905, time 7.81ms, mfu 40.24%
iter 3900: loss 0.8787, time 7.15ms, mfu 41.04%
iter 3910: loss 0.8978, time 7.59ms, mfu 41.48%
iter 3920: loss 0.9130, time 7.16ms, mfu 42.15%
iter 3930: loss 0.8964, time 7.53ms, mfu 42.51%
iter 3940: loss 0.8770, time 7.34ms, mfu 42.95%
iter 3950: loss 0.8599, time 7.86ms, mfu 43.04%
iter 3960: loss 0.8828, time 7.08ms, mfu 43.61%
iter 3970: loss 0.8972, time 7.30ms, mfu 43.97%
iter 3980: loss 0.8742, time 6.98ms, mfu 44.51%
iter 3990: loss 0.8829, time 7.06ms, mfu 44.94%
step 4000: train loss 0.7069, val loss 1.6264
iter 4000: loss 0.8720, time 2146.36ms, mfu 40.47%
iter 4010: loss 0.8668, time 7.38ms, mfu 41.09%
iter 4020: loss 0.8615, time 7.48ms, mfu 41.59%
iter 4030: loss 0.8719, time 6.95ms, mfu 42.39%
iter 4040: loss 0.8777, time 7.18ms, mfu 42.95%
iter 4050: loss 0.8773, time 7.31ms, mfu 43.37%
iter 4060: loss 0.8976, time 7.07ms, mfu 43.92%
iter 4070: loss 0.8715, time 6.93ms, mfu 44.50%
iter 4080: loss 0.8593, time 7.95ms, mfu 44.38%
iter 4090: loss 0.8890, time 7.47ms, mfu 44.56%
iter 4100: loss 0.8769, time 7.27ms, mfu 44.85%
iter 4110: loss 0.8795, time 6.81ms, mfu 45.43%
iter 4120: loss 0.8812, time 7.23ms, mfu 45.65%
iter 4130: loss 0.8854, time 7.72ms, mfu 45.55%
iter 4140: loss 0.8673, time 7.78ms, mfu 45.43%
iter 4150: loss 0.8715, time 7.03ms, mfu 45.79%
iter 4160: loss 0.8784, time 6.82ms, mfu 46.26%
iter 4170: loss 0.8593, time 6.89ms, mfu 46.64%
iter 4180: loss 0.8758, time 7.38ms, mfu 46.64%
iter 4190: loss 0.8863, time 7.18ms, mfu 46.78%
iter 4200: loss 0.8440, time 7.04ms, mfu 47.00%
iter 4210: loss 0.8479, time 7.25ms, mfu 47.06%
iter 4220: loss 0.8458, time 7.29ms, mfu 47.08%
iter 4230: loss 0.8533, time 7.29ms, mfu 47.10%
iter 4240: loss 0.8524, time 7.44ms, mfu 47.02%
step 4250: train loss 0.6805, val loss 1.6394
iter 4250: loss 0.8764, time 2162.04ms, mfu 42.33%
iter 4260: loss 0.8450, time 10.84ms, mfu 41.28%
iter 4270: loss 0.8591, time 10.86ms, mfu 40.33%
iter 4280: loss 0.8378, time 10.87ms, mfu 39.47%
iter 4290: loss 0.8402, time 8.49ms, mfu 39.58%
iter 4300: loss 0.8370, time 10.84ms, mfu 38.80%
iter 4310: loss 0.8396, time 10.62ms, mfu 38.17%
iter 4320: loss 0.8257, time 6.49ms, mfu 39.66%
iter 4330: loss 0.8519, time 9.34ms, mfu 39.39%
iter 4340: loss 0.8362, time 10.88ms, mfu 38.62%
iter 4350: loss 0.8600, time 10.88ms, mfu 37.93%
iter 4360: loss 0.8658, time 10.84ms, mfu 37.31%
iter 4370: loss 0.8698, time 11.03ms, mfu 36.71%
iter 4380: loss 0.8483, time 10.71ms, mfu 36.26%
iter 4390: loss 0.8528, time 10.87ms, mfu 35.80%
iter 4400: loss 0.8355, time 10.78ms, mfu 35.42%
iter 4410: loss 0.8529, time 10.88ms, mfu 35.05%
iter 4420: loss 0.8644, time 10.87ms, mfu 34.72%
iter 4430: loss 0.8525, time 10.86ms, mfu 34.42%
iter 4440: loss 0.8798, time 10.85ms, mfu 34.16%
iter 4450: loss 0.8641, time 6.53ms, mfu 36.02%
iter 4460: loss 0.8448, time 8.86ms, mfu 36.31%
iter 4470: loss 0.8486, time 10.59ms, mfu 35.93%
iter 4480: loss 0.8438, time 7.82ms, mfu 36.74%
iter 4490: loss 0.8328, time 10.85ms, mfu 36.25%
step 4500: train loss 0.6555, val loss 1.6557
iter 4500: loss 0.8477, time 2145.96ms, mfu 32.64%
iter 4510: loss 0.8391, time 10.86ms, mfu 32.55%
iter 4520: loss 0.8608, time 11.03ms, mfu 32.42%
iter 4530: loss 0.8067, time 10.78ms, mfu 32.38%
iter 4540: loss 0.8354, time 9.87ms, mfu 32.63%
iter 4550: loss 0.8604, time 10.86ms, mfu 32.54%
iter 4560: loss 0.8334, time 10.85ms, mfu 32.47%
iter 4570: loss 0.8363, time 6.47ms, mfu 34.55%
iter 4580: loss 0.8499, time 10.87ms, mfu 34.27%
iter 4590: loss 0.8412, time 10.84ms, mfu 34.02%
iter 4600: loss 0.8229, time 10.84ms, mfu 33.80%
iter 4610: loss 0.8308, time 9.22ms, mfu 34.16%
iter 4620: loss 0.8237, time 11.58ms, mfu 33.72%
iter 4630: loss 0.8463, time 10.58ms, mfu 33.61%
iter 4640: loss 0.8434, time 10.88ms, mfu 33.41%
iter 4650: loss 0.8400, time 10.06ms, mfu 33.50%
iter 4660: loss 0.8379, time 10.82ms, mfu 33.34%
iter 4670: loss 0.8279, time 10.67ms, mfu 33.23%
iter 4680: loss 0.8313, time 10.83ms, mfu 33.09%
iter 4690: loss 0.8323, time 10.86ms, mfu 32.96%
iter 4700: loss 0.8272, time 10.50ms, mfu 32.95%
iter 4710: loss 0.8153, time 10.42ms, mfu 32.96%
iter 4720: loss 0.8370, time 10.85ms, mfu 32.84%
iter 4730: loss 0.8214, time 11.21ms, mfu 32.63%
iter 4740: loss 0.8283, time 10.86ms, mfu 32.54%
step 4750: train loss 0.6376, val loss 1.6731
iter 4750: loss 0.8241, time 2147.35ms, mfu 29.31%
iter 4760: loss 0.8388, time 11.00ms, mfu 29.51%
iter 4770: loss 0.8180, time 10.85ms, mfu 29.74%
iter 4780: loss 0.8158, time 10.84ms, mfu 29.94%
iter 4790: loss 0.8218, time 10.85ms, mfu 30.12%
iter 4800: loss 0.8202, time 10.85ms, mfu 30.29%
iter 4810: loss 0.8261, time 8.43ms, mfu 31.35%
iter 4820: loss 0.8513, time 10.85ms, mfu 31.39%
iter 4830: loss 0.8053, time 10.85ms, mfu 31.43%
iter 4840: loss 0.8127, time 11.22ms, mfu 31.36%
iter 4850: loss 0.8142, time 10.61ms, mfu 31.47%
iter 4860: loss 0.8366, time 10.56ms, mfu 31.59%
iter 4870: loss 0.8354, time 10.87ms, mfu 31.60%
iter 4880: loss 0.8048, time 10.29ms, mfu 31.79%
iter 4890: loss 0.7960, time 10.74ms, mfu 31.82%
iter 4900: loss 0.8335, time 8.31ms, mfu 32.79%
iter 4910: loss 0.8409, time 10.84ms, mfu 32.69%
iter 4920: loss 0.8384, time 9.26ms, mfu 33.14%
iter 4930: loss 0.8169, time 10.87ms, mfu 33.00%
iter 4940: loss 0.8288, time 10.88ms, mfu 32.87%
iter 4950: loss 0.8040, time 10.87ms, mfu 32.76%
iter 4960: loss 0.8077, time 6.62ms, mfu 34.69%
iter 4970: loss 0.8449, time 11.33ms, mfu 34.26%
iter 4980: loss 0.8136, time 11.03ms, mfu 33.96%
iter 4990: loss 0.8394, time 9.64ms, mfu 34.14%
step 5000: train loss 0.6229, val loss 1.6872
iter 5000: loss 0.8310, time 2158.89ms, mfu 30.74%
