Overriding config with config/train_shakespeare_char.py:
# train a miniature character-level shakespeare model
# good for debugging and playing on macbooks and such

out_dir = 'out-shakespeare-char'
eval_interval = 250 # keep frequent because we'll overfit
eval_iters = 200
log_interval = 10 # don't print too too often

# we expect to overfit on this small dataset, so only save when val improves
always_save_checkpoint = False

wandb_log = False # override via command line if you like
wandb_project = 'shakespeare-char'
wandb_run_name = 'mini-gpt'

dataset = 'shakespeare_char'
gradient_accumulation_steps = 1
batch_size = 64
block_size = 256 # context of up to 256 previous characters

# baby GPT model :)
n_layer = 6
n_head = 6
n_embd = 384
dropout = 0.2

learning_rate = 1e-3 # with baby networks can afford to go a bit higher
max_iters = 5000
lr_decay_iters = 5000 # make equal to max_iters usually
min_lr = 1e-4 # learning_rate / 10 usually
beta2 = 0.99 # make a bit bigger because number of tokens per iter is small

warmup_iters = 100 # not super necessary potentially

# on macbook also add
# device = 'cpu'  # run on cpu only
# compile = False # do not torch compile the model

Overriding: learning_rate = 0.002
Overriding: out_dir = runs_full/rmsnorm_lr2e-3
Overriding: norm_type = rmsnorm
tokens per iteration will be: 16,384
found vocab_size = 65 (inside data/shakespeare_char/meta.pkl)
Initializing a new model from scratch
number of parameters: 10.65M
/scratch/guo.jiayin/nanoGPT/train.py:203: FutureWarning: `torch.cuda.amp.GradScaler(args...)` is deprecated. Please use `torch.amp.GradScaler('cuda', args...)` instead.
  scaler = torch.cuda.amp.GradScaler(enabled=(dtype == 'float16'))
num decayed parameter tensors: 26, with 10,740,096 parameters
num non-decayed parameter tensors: 13, with 4,992 parameters
using fused AdamW: True
compiling the model... (takes a ~minute)
step 0: train loss 4.2773, val loss 4.2724
iter 0: loss 4.2586, time 11305.04ms, mfu -100.00%
iter 10: loss 3.0416, time 15.00ms, mfu 24.84%
iter 20: loss 2.6521, time 19.95ms, mfu 24.23%
iter 30: loss 2.5775, time 15.63ms, mfu 24.19%
iter 40: loss 2.5536, time 16.74ms, mfu 24.00%
iter 50: loss 2.5136, time 17.91ms, mfu 23.68%
iter 60: loss 2.4989, time 18.46ms, mfu 23.33%
iter 70: loss 2.4853, time 7.85ms, mfu 25.74%
iter 80: loss 2.4836, time 8.56ms, mfu 27.52%
iter 90: loss 2.4771, time 11.91ms, mfu 27.90%
iter 100: loss 2.4615, time 9.23ms, mfu 29.15%
iter 110: loss 2.4462, time 10.62ms, mfu 29.74%
iter 120: loss 2.4087, time 10.78ms, mfu 30.22%
iter 130: loss 2.4069, time 7.45ms, mfu 32.20%
iter 140: loss 2.3839, time 8.31ms, mfu 33.46%
iter 150: loss 2.3634, time 6.84ms, mfu 35.56%
iter 160: loss 2.2423, time 7.86ms, mfu 36.75%
iter 170: loss 2.2037, time 8.20ms, mfu 37.62%
iter 180: loss 2.1402, time 7.92ms, mfu 38.56%
iter 190: loss 2.0727, time 8.74ms, mfu 38.97%
iter 200: loss 2.0421, time 11.76ms, mfu 38.24%
iter 210: loss 1.9875, time 10.18ms, mfu 38.08%
iter 220: loss 2.0017, time 8.34ms, mfu 38.74%
iter 230: loss 1.9408, time 11.50ms, mfu 38.11%
iter 240: loss 1.9580, time 8.30ms, mfu 38.79%
step 250: train loss 1.8383, val loss 1.9874
saving checkpoint to runs_full/rmsnorm_lr2e-3
iter 250: loss 1.9191, time 6277.17ms, mfu 34.91%
iter 260: loss 1.8595, time 8.28ms, mfu 35.92%
iter 270: loss 1.8764, time 11.33ms, mfu 35.62%
iter 280: loss 1.8814, time 18.89ms, mfu 34.03%
iter 290: loss 1.8232, time 7.45ms, mfu 35.63%
iter 300: loss 1.8089, time 7.40ms, mfu 37.10%
iter 310: loss 1.7852, time 7.34ms, mfu 38.47%
iter 320: loss 1.7748, time 30.31ms, mfu 35.85%
iter 330: loss 1.7482, time 7.85ms, mfu 37.01%
iter 340: loss 1.7203, time 7.73ms, mfu 38.13%
iter 350: loss 1.7674, time 12.27ms, mfu 37.36%
iter 360: loss 1.7120, time 7.90ms, mfu 38.34%
iter 370: loss 1.6967, time 7.54ms, mfu 39.44%
iter 380: loss 1.6819, time 7.11ms, mfu 40.74%
iter 390: loss 1.6930, time 8.16ms, mfu 41.23%
iter 400: loss 1.7233, time 8.37ms, mfu 41.56%
iter 410: loss 1.6610, time 9.24ms, mfu 41.44%
iter 420: loss 1.6836, time 8.44ms, mfu 41.71%
iter 430: loss 1.6516, time 9.13ms, mfu 41.62%
iter 440: loss 1.6323, time 7.93ms, mfu 42.16%
iter 450: loss 1.6182, time 7.81ms, mfu 42.71%
iter 460: loss 1.5820, time 7.20ms, mfu 43.62%
iter 470: loss 1.6314, time 7.09ms, mfu 44.52%
iter 480: loss 1.6140, time 7.50ms, mfu 45.03%
iter 490: loss 1.5781, time 7.17ms, mfu 45.73%
step 500: train loss 1.5064, val loss 1.7107
saving checkpoint to runs_full/rmsnorm_lr2e-3
iter 500: loss 1.5862, time 5418.28ms, mfu 41.16%
iter 510: loss 1.5969, time 9.10ms, mfu 41.14%
iter 520: loss 1.5805, time 11.76ms, mfu 40.19%
iter 530: loss 1.5478, time 7.10ms, mfu 41.42%
iter 540: loss 1.6003, time 8.42ms, mfu 41.70%
iter 550: loss 1.5522, time 7.04ms, mfu 42.83%
iter 560: loss 1.5547, time 6.50ms, mfu 44.28%
iter 570: loss 1.5600, time 7.31ms, mfu 44.95%
iter 580: loss 1.5322, time 7.29ms, mfu 45.57%
iter 590: loss 1.4894, time 8.01ms, mfu 45.66%
iter 600: loss 1.5115, time 8.94ms, mfu 45.26%
iter 610: loss 1.5382, time 7.25ms, mfu 45.88%
iter 620: loss 1.5272, time 8.26ms, mfu 45.80%
iter 630: loss 1.5031, time 7.10ms, mfu 46.47%
iter 640: loss 1.4630, time 6.87ms, mfu 47.24%
iter 650: loss 1.5050, time 7.39ms, mfu 47.56%
iter 660: loss 1.5135, time 8.64ms, mfu 47.12%
iter 670: loss 1.4496, time 6.87ms, mfu 47.83%
iter 680: loss 1.5141, time 6.71ms, mfu 48.60%
iter 690: loss 1.4720, time 7.16ms, mfu 48.94%
iter 700: loss 1.4844, time 8.22ms, mfu 48.58%
iter 710: loss 1.4629, time 6.58ms, mfu 49.38%
iter 720: loss 1.4472, time 7.35ms, mfu 49.51%
iter 730: loss 1.4232, time 8.60ms, mfu 48.90%
iter 740: loss 1.4269, time 6.85ms, mfu 49.45%
step 750: train loss 1.3568, val loss 1.5867
saving checkpoint to runs_full/rmsnorm_lr2e-3
iter 750: loss 1.4239, time 5877.61ms, mfu 44.51%
iter 760: loss 1.4487, time 7.34ms, mfu 45.13%
iter 770: loss 1.4308, time 7.62ms, mfu 45.51%
iter 780: loss 1.4353, time 9.42ms, mfu 44.91%
iter 790: loss 1.4157, time 11.00ms, mfu 43.81%
iter 800: loss 1.4372, time 8.64ms, mfu 43.74%
iter 810: loss 1.4089, time 7.16ms, mfu 44.57%
iter 820: loss 1.4117, time 7.49ms, mfu 45.08%
iter 830: loss 1.3942, time 7.91ms, mfu 45.28%
iter 840: loss 1.4064, time 18.63ms, mfu 42.76%
iter 850: loss 1.3929, time 8.21ms, mfu 43.02%
iter 860: loss 1.4018, time 7.90ms, mfu 43.43%
iter 870: loss 1.3907, time 7.58ms, mfu 44.00%
iter 880: loss 1.3786, time 7.50ms, mfu 44.57%
iter 890: loss 1.3905, time 8.00ms, mfu 44.77%
iter 900: loss 1.3798, time 8.96ms, mfu 44.45%
iter 910: loss 1.3215, time 7.80ms, mfu 44.79%
iter 920: loss 1.3642, time 7.77ms, mfu 45.10%
iter 930: loss 1.3631, time 7.84ms, mfu 45.35%
iter 940: loss 1.3520, time 35.98ms, mfu 41.85%
iter 950: loss 1.3542, time 7.79ms, mfu 42.45%
iter 960: loss 1.3676, time 7.97ms, mfu 42.88%
iter 970: loss 1.3661, time 9.71ms, mfu 42.43%
iter 980: loss 1.3658, time 14.60ms, mfu 40.74%
iter 990: loss 1.3508, time 8.79ms, mfu 40.90%
step 1000: train loss 1.2721, val loss 1.5225
saving checkpoint to runs_full/rmsnorm_lr2e-3
iter 1000: loss 1.3470, time 6929.73ms, mfu 36.82%
iter 1010: loss 1.3447, time 22.11ms, mfu 34.82%
iter 1020: loss 1.3181, time 8.34ms, mfu 35.81%
iter 1030: loss 1.3374, time 9.16ms, mfu 36.29%
iter 1040: loss 1.3626, time 7.98ms, mfu 37.34%
iter 1050: loss 1.2962, time 9.04ms, mfu 37.72%
iter 1060: loss 1.3453, time 8.55ms, mfu 38.31%
iter 1070: loss 1.3399, time 8.87ms, mfu 38.68%
iter 1080: loss 1.3402, time 7.74ms, mfu 39.63%
iter 1090: loss 1.3619, time 15.40ms, mfu 38.09%
iter 1100: loss 1.3222, time 11.08ms, mfu 37.64%
iter 1110: loss 1.2980, time 18.08ms, mfu 35.94%
iter 1120: loss 1.3053, time 20.17ms, mfu 34.19%
iter 1130: loss 1.2949, time 9.86ms, mfu 34.55%
iter 1140: loss 1.3009, time 8.45ms, mfu 35.51%
iter 1150: loss 1.3167, time 20.73ms, mfu 33.75%
iter 1160: loss 1.3323, time 7.79ms, mfu 35.16%
iter 1170: loss 1.2980, time 8.79ms, mfu 35.88%
iter 1180: loss 1.3260, time 16.58ms, mfu 34.54%
iter 1190: loss 1.2717, time 8.07ms, mfu 35.70%
iter 1200: loss 1.2898, time 8.00ms, mfu 36.79%
iter 1210: loss 1.2612, time 7.33ms, mfu 38.20%
iter 1220: loss 1.3069, time 7.86ms, mfu 39.12%
iter 1230: loss 1.2973, time 6.83ms, mfu 40.66%
iter 1240: loss 1.3016, time 7.31ms, mfu 41.70%
step 1250: train loss 1.2045, val loss 1.4976
saving checkpoint to runs_full/rmsnorm_lr2e-3
iter 1250: loss 1.2785, time 7995.26ms, mfu 37.53%
iter 1260: loss 1.2765, time 8.38ms, mfu 38.23%
iter 1270: loss 1.2692, time 6.77ms, mfu 39.91%
iter 1280: loss 1.2566, time 6.95ms, mfu 41.28%
iter 1290: loss 1.2918, time 7.11ms, mfu 42.40%
iter 1300: loss 1.3000, time 8.97ms, mfu 42.31%
iter 1310: loss 1.2392, time 8.39ms, mfu 42.52%
iter 1320: loss 1.3112, time 7.48ms, mfu 43.25%
iter 1330: loss 1.2645, time 8.93ms, mfu 43.10%
iter 1340: loss 1.3039, time 7.29ms, mfu 43.90%
iter 1350: loss 1.2567, time 6.54ms, mfu 45.21%
iter 1360: loss 1.2789, time 7.68ms, mfu 45.54%
iter 1370: loss 1.2628, time 9.03ms, mfu 45.11%
iter 1380: loss 1.2676, time 7.73ms, mfu 45.42%
iter 1390: loss 1.2498, time 6.97ms, mfu 46.22%
iter 1400: loss 1.2702, time 6.79ms, mfu 47.08%
iter 1410: loss 1.2506, time 9.03ms, mfu 46.50%
iter 1420: loss 1.2740, time 8.51ms, mfu 46.23%
iter 1430: loss 1.2435, time 6.83ms, mfu 47.06%
iter 1440: loss 1.2546, time 7.19ms, mfu 47.54%
iter 1450: loss 1.2349, time 8.89ms, mfu 46.98%
iter 1460: loss 1.2375, time 7.77ms, mfu 47.07%
iter 1470: loss 1.2271, time 9.48ms, mfu 46.30%
iter 1480: loss 1.2112, time 7.40ms, mfu 46.70%
iter 1490: loss 1.2356, time 6.84ms, mfu 47.48%
step 1500: train loss 1.1555, val loss 1.4835
saving checkpoint to runs_full/rmsnorm_lr2e-3
iter 1500: loss 1.1806, time 6479.39ms, mfu 42.74%
iter 1510: loss 1.2420, time 7.34ms, mfu 43.54%
iter 1520: loss 1.2318, time 9.67ms, mfu 43.04%
iter 1530: loss 1.2648, time 6.92ms, mfu 44.12%
iter 1540: loss 1.1953, time 7.17ms, mfu 44.91%
iter 1550: loss 1.2363, time 7.91ms, mfu 45.13%
iter 1560: loss 1.2111, time 7.48ms, mfu 45.59%
iter 1570: loss 1.2385, time 9.64ms, mfu 44.90%
iter 1580: loss 1.2016, time 7.57ms, mfu 45.34%
iter 1590: loss 1.1949, time 7.06ms, mfu 46.08%
iter 1600: loss 1.2014, time 7.62ms, mfu 46.36%
iter 1610: loss 1.2447, time 7.04ms, mfu 47.01%
iter 1620: loss 1.1907, time 9.31ms, mfu 46.32%
iter 1630: loss 1.2105, time 7.79ms, mfu 46.47%
iter 1640: loss 1.2079, time 6.67ms, mfu 47.41%
iter 1650: loss 1.1834, time 6.83ms, mfu 48.12%
iter 1660: loss 1.2240, time 7.08ms, mfu 48.57%
iter 1670: loss 1.2002, time 7.57ms, mfu 48.64%
iter 1680: loss 1.2075, time 6.69ms, mfu 49.34%
iter 1690: loss 1.2056, time 7.44ms, mfu 49.42%
iter 1700: loss 1.1809, time 6.48ms, mfu 50.23%
iter 1710: loss 1.1783, time 6.73ms, mfu 50.74%
iter 1720: loss 1.1824, time 8.15ms, mfu 50.24%
iter 1730: loss 1.2023, time 6.91ms, mfu 50.61%
iter 1740: loss 1.1683, time 6.79ms, mfu 51.03%
step 1750: train loss 1.1060, val loss 1.4694
saving checkpoint to runs_full/rmsnorm_lr2e-3
iter 1750: loss 1.1890, time 13032.33ms, mfu 45.93%
iter 1760: loss 1.1884, time 56.14ms, mfu 42.00%
iter 1770: loss 1.2023, time 56.28ms, mfu 38.47%
iter 1780: loss 1.2051, time 273.41ms, mfu 34.76%
iter 1790: loss 1.1953, time 507.05ms, mfu 31.35%
iter 1800: loss 1.1802, time 93.99ms, mfu 28.61%
iter 1810: loss 1.1613, time 460.25ms, mfu 25.83%
iter 1820: loss 1.1663, time 423.92ms, mfu 23.34%
iter 1830: loss 1.1785, time 253.37ms, mfu 21.15%
iter 1840: loss 1.1654, time 395.66ms, mfu 19.13%
iter 1850: loss 1.1597, time 318.03ms, mfu 17.33%
iter 1860: loss 1.1765, time 66.02ms, mfu 16.17%
iter 1870: loss 1.1471, time 96.45ms, mfu 14.94%
iter 1880: loss 1.1816, time 93.43ms, mfu 13.84%
iter 1890: loss 1.1834, time 171.63ms, mfu 12.67%
iter 1900: loss 1.1283, time 147.35ms, mfu 11.66%
iter 1910: loss 1.1734, time 28.94ms, mfu 11.78%
iter 1920: loss 1.1701, time 48.92ms, mfu 11.36%
iter 1930: loss 1.1456, time 119.11ms, mfu 10.54%
iter 1940: loss 1.1260, time 194.23ms, mfu 9.68%
iter 1950: loss 1.1409, time 157.06ms, mfu 8.95%
iter 1960: loss 1.1524, time 227.85ms, mfu 8.22%
iter 1970: loss 1.1495, time 213.37ms, mfu 7.57%
iter 1980: loss 1.1563, time 344.76ms, mfu 6.92%
iter 1990: loss 1.1550, time 116.96ms, mfu 6.55%
step 2000: train loss 1.0593, val loss 1.4664
saving checkpoint to runs_full/rmsnorm_lr2e-3
iter 2000: loss 1.1304, time 7097.12ms, mfu 5.90%
iter 2010: loss 1.1300, time 8.58ms, mfu 9.65%
iter 2020: loss 1.1206, time 8.15ms, mfu 13.26%
iter 2030: loss 1.1579, time 9.75ms, mfu 15.75%
iter 2040: loss 1.1390, time 8.04ms, mfu 18.81%
iter 2050: loss 1.1147, time 8.21ms, mfu 21.47%
iter 2060: loss 1.0971, time 8.66ms, mfu 23.63%
iter 2070: loss 1.1339, time 8.74ms, mfu 25.53%
iter 2080: loss 1.1200, time 7.64ms, mfu 27.86%
iter 2090: loss 1.1282, time 9.50ms, mfu 28.99%
iter 2100: loss 1.1264, time 7.52ms, mfu 31.05%
iter 2110: loss 1.1345, time 8.60ms, mfu 32.27%
iter 2120: loss 1.1366, time 8.54ms, mfu 33.41%
iter 2130: loss 1.1381, time 8.52ms, mfu 34.44%
iter 2140: loss 1.1335, time 8.34ms, mfu 35.47%
iter 2150: loss 1.1252, time 9.14ms, mfu 36.00%
iter 2160: loss 1.1497, time 9.71ms, mfu 36.24%
iter 2170: loss 1.1354, time 9.73ms, mfu 36.44%
iter 2180: loss 1.1126, time 9.13ms, mfu 36.88%
iter 2190: loss 1.1085, time 7.49ms, mfu 38.17%
iter 2200: loss 1.1306, time 11.06ms, mfu 37.72%
iter 2210: loss 1.1067, time 9.01ms, mfu 38.08%
iter 2220: loss 1.1214, time 7.79ms, mfu 39.06%
iter 2230: loss 1.1238, time 8.46ms, mfu 39.56%
iter 2240: loss 1.1352, time 8.37ms, mfu 40.05%
step 2250: train loss 1.0119, val loss 1.4743
iter 2250: loss 1.1082, time 2961.13ms, mfu 36.06%
iter 2260: loss 1.1099, time 8.95ms, mfu 36.62%
iter 2270: loss 1.1369, time 9.23ms, mfu 36.99%
iter 2280: loss 1.0924, time 8.62ms, mfu 37.62%
iter 2290: loss 1.1431, time 9.52ms, mfu 37.77%
iter 2300: loss 1.1252, time 8.27ms, mfu 38.50%
iter 2310: loss 1.0995, time 9.01ms, mfu 38.78%
iter 2320: loss 1.0966, time 9.62ms, mfu 38.78%
iter 2330: loss 1.1017, time 8.89ms, mfu 39.09%
iter 2340: loss 1.1204, time 9.12ms, mfu 39.27%
iter 2350: loss 1.1082, time 10.61ms, mfu 38.85%
iter 2360: loss 1.1098, time 8.79ms, mfu 39.21%
iter 2370: loss 1.0908, time 8.95ms, mfu 39.45%
iter 2380: loss 1.0833, time 8.11ms, mfu 40.10%
iter 2390: loss 1.0808, time 8.59ms, mfu 40.43%
iter 2400: loss 1.0795, time 10.58ms, mfu 39.91%
iter 2410: loss 1.0678, time 8.99ms, mfu 40.06%
iter 2420: loss 1.0749, time 7.67ms, mfu 40.91%
iter 2430: loss 1.0558, time 7.74ms, mfu 41.63%
iter 2440: loss 1.0556, time 8.12ms, mfu 42.06%
iter 2450: loss 1.0732, time 7.56ms, mfu 42.78%
iter 2460: loss 1.0881, time 8.08ms, mfu 43.11%
iter 2470: loss 1.0893, time 7.02ms, mfu 44.11%
iter 2480: loss 1.0805, time 7.12ms, mfu 44.93%
iter 2490: loss 1.0480, time 8.30ms, mfu 44.93%
step 2500: train loss 0.9594, val loss 1.4851
iter 2500: loss 1.0766, time 3062.37ms, mfu 40.45%
iter 2510: loss 1.0658, time 9.62ms, mfu 40.28%
iter 2520: loss 1.0470, time 7.79ms, mfu 41.03%
iter 2530: loss 1.0473, time 8.19ms, mfu 41.47%
iter 2540: loss 1.0588, time 9.20ms, mfu 41.38%
iter 2550: loss 1.0713, time 8.18ms, mfu 41.79%
iter 2560: loss 1.0582, time 7.52ms, mfu 42.57%
iter 2570: loss 1.0732, time 7.23ms, mfu 43.47%
iter 2580: loss 1.0716, time 8.38ms, mfu 43.57%
iter 2590: loss 1.0725, time 9.50ms, mfu 43.14%
iter 2600: loss 1.0610, time 10.69ms, mfu 42.31%
iter 2610: loss 1.0464, time 8.91ms, mfu 42.26%
iter 2620: loss 1.0387, time 7.62ms, mfu 42.93%
iter 2630: loss 1.0150, time 7.70ms, mfu 43.48%
iter 2640: loss 1.0403, time 7.25ms, mfu 44.27%
iter 2650: loss 1.0622, time 8.69ms, mfu 44.13%
iter 2660: loss 1.0391, time 9.56ms, mfu 43.61%
iter 2670: loss 1.0135, time 7.61ms, mfu 44.15%
iter 2680: loss 1.0543, time 8.16ms, mfu 44.30%
iter 2690: loss 1.0531, time 7.94ms, mfu 44.57%
iter 2700: loss 1.0189, time 8.34ms, mfu 44.58%
iter 2710: loss 1.0456, time 8.54ms, mfu 44.48%
iter 2720: loss 1.0425, time 8.43ms, mfu 44.45%
iter 2730: loss 1.0572, time 8.40ms, mfu 44.45%
iter 2740: loss 1.0221, time 9.13ms, mfu 44.08%
step 2750: train loss 0.9127, val loss 1.5024
iter 2750: loss 1.0323, time 2894.51ms, mfu 39.69%
iter 2760: loss 1.0277, time 8.33ms, mfu 40.19%
iter 2770: loss 1.0213, time 7.27ms, mfu 41.30%
iter 2780: loss 1.0174, time 7.94ms, mfu 41.86%
iter 2790: loss 1.0390, time 8.53ms, mfu 42.04%
iter 2800: loss 1.0043, time 8.59ms, mfu 42.18%
iter 2810: loss 1.0351, time 9.03ms, mfu 42.09%
iter 2820: loss 1.0189, time 8.12ms, mfu 42.46%
iter 2830: loss 1.0252, time 8.45ms, mfu 42.63%
iter 2840: loss 0.9864, time 7.50ms, mfu 43.33%
iter 2850: loss 1.0249, time 8.44ms, mfu 43.42%
iter 2860: loss 1.0210, time 8.46ms, mfu 43.48%
iter 2870: loss 1.0046, time 8.16ms, mfu 43.70%
iter 2880: loss 1.0410, time 8.10ms, mfu 43.93%
iter 2890: loss 1.0027, time 7.63ms, mfu 44.42%
iter 2900: loss 0.9849, time 8.00ms, mfu 44.63%
iter 2910: loss 1.0332, time 7.10ms, mfu 45.42%
iter 2920: loss 1.0092, time 7.97ms, mfu 45.55%
iter 2930: loss 0.9915, time 8.14ms, mfu 45.57%
iter 2940: loss 0.9903, time 8.12ms, mfu 45.60%
iter 2950: loss 1.0197, time 7.22ms, mfu 46.21%
iter 2960: loss 0.9975, time 7.72ms, mfu 46.41%
iter 2970: loss 0.9887, time 7.95ms, mfu 46.46%
iter 2980: loss 0.9987, time 9.34ms, mfu 45.80%
iter 2990: loss 0.9768, time 8.01ms, mfu 45.87%
step 3000: train loss 0.8612, val loss 1.5270
iter 3000: loss 0.9749, time 2831.37ms, mfu 41.30%
iter 3010: loss 0.9809, time 7.64ms, mfu 42.04%
iter 3020: loss 1.0003, time 9.53ms, mfu 41.75%
iter 3030: loss 1.0022, time 9.50ms, mfu 41.50%
iter 3040: loss 1.0180, time 8.60ms, mfu 41.68%
iter 3050: loss 0.9810, time 10.29ms, mfu 41.13%
iter 3060: loss 0.9870, time 8.64ms, mfu 41.34%
iter 3070: loss 1.0108, time 7.58ms, mfu 42.12%
iter 3080: loss 0.9793, time 7.08ms, mfu 43.17%
iter 3090: loss 0.9788, time 7.06ms, mfu 44.13%
iter 3100: loss 0.9903, time 8.99ms, mfu 43.87%
iter 3110: loss 0.9631, time 7.68ms, mfu 44.33%
iter 3120: loss 0.9883, time 8.91ms, mfu 44.08%
iter 3130: loss 0.9690, time 7.19ms, mfu 44.85%
iter 3140: loss 0.9655, time 7.88ms, mfu 45.09%
iter 3150: loss 0.9858, time 7.52ms, mfu 45.54%
iter 3160: loss 1.0009, time 7.50ms, mfu 45.96%
iter 3170: loss 0.9609, time 7.96ms, mfu 46.04%
iter 3180: loss 0.9741, time 7.51ms, mfu 46.40%
iter 3190: loss 0.9892, time 8.03ms, mfu 46.40%
iter 3200: loss 0.9580, time 10.10ms, mfu 45.45%
iter 3210: loss 0.9551, time 8.06ms, mfu 45.53%
iter 3220: loss 0.9546, time 8.94ms, mfu 45.14%
iter 3230: loss 0.9432, time 8.32ms, mfu 45.11%
iter 3240: loss 0.9476, time 8.41ms, mfu 45.03%
step 3250: train loss 0.8126, val loss 1.5620
iter 3250: loss 0.9562, time 2905.66ms, mfu 40.54%
iter 3260: loss 0.9526, time 8.86ms, mfu 40.69%
iter 3270: loss 0.9636, time 7.91ms, mfu 41.33%
iter 3280: loss 0.9508, time 7.45ms, mfu 42.20%
iter 3290: loss 0.9349, time 7.99ms, mfu 42.64%
iter 3300: loss 0.9314, time 8.46ms, mfu 42.78%
iter 3310: loss 0.9396, time 7.79ms, mfu 43.29%
iter 3320: loss 0.9559, time 8.45ms, mfu 43.36%
iter 3330: loss 0.9508, time 8.15ms, mfu 43.60%
iter 3340: loss 0.9450, time 7.34ms, mfu 44.31%
iter 3350: loss 0.9490, time 7.47ms, mfu 44.87%
iter 3360: loss 0.9214, time 7.73ms, mfu 45.21%
iter 3370: loss 0.9433, time 7.95ms, mfu 45.37%
iter 3380: loss 0.9446, time 7.50ms, mfu 45.81%
iter 3390: loss 0.9445, time 7.62ms, mfu 46.12%
iter 3400: loss 0.9381, time 8.28ms, mfu 46.01%
iter 3410: loss 0.9338, time 8.50ms, mfu 45.79%
iter 3420: loss 0.9316, time 9.24ms, mfu 45.24%
iter 3430: loss 0.9391, time 8.38ms, mfu 45.16%
iter 3440: loss 0.9605, time 8.30ms, mfu 45.14%
iter 3450: loss 0.9358, time 7.95ms, mfu 45.31%
iter 3460: loss 0.9325, time 8.98ms, mfu 44.93%
iter 3470: loss 0.9243, time 9.53ms, mfu 44.35%
iter 3480: loss 0.9392, time 8.85ms, mfu 44.12%
iter 3490: loss 0.8981, time 7.85ms, mfu 44.46%
step 3500: train loss 0.7688, val loss 1.5781
iter 3500: loss 0.8935, time 3159.31ms, mfu 40.02%
iter 3510: loss 0.9010, time 7.81ms, mfu 40.79%
iter 3520: loss 0.9119, time 9.32ms, mfu 40.71%
iter 3530: loss 0.9411, time 9.16ms, mfu 40.71%
iter 3540: loss 0.9177, time 7.91ms, mfu 41.35%
iter 3550: loss 0.9068, time 9.96ms, mfu 40.95%
iter 3560: loss 0.9367, time 8.99ms, mfu 41.01%
iter 3570: loss 0.9214, time 8.55ms, mfu 41.27%
iter 3580: loss 0.9063, time 8.16ms, mfu 41.71%
iter 3590: loss 0.9113, time 7.71ms, mfu 42.37%
iter 3600: loss 0.9069, time 7.59ms, mfu 43.04%
iter 3610: loss 0.8914, time 7.52ms, mfu 43.69%
iter 3620: loss 0.8993, time 7.59ms, mfu 44.23%
iter 3630: loss 0.9126, time 10.07ms, mfu 43.51%
iter 3640: loss 0.9058, time 7.97ms, mfu 43.84%
iter 3650: loss 0.9059, time 8.40ms, mfu 43.89%
iter 3660: loss 0.9229, time 8.41ms, mfu 43.93%
iter 3670: loss 0.9228, time 9.20ms, mfu 43.58%
iter 3680: loss 0.8931, time 7.70ms, mfu 44.07%
iter 3690: loss 0.9202, time 7.40ms, mfu 44.69%
iter 3700: loss 0.8516, time 9.11ms, mfu 44.31%
iter 3710: loss 0.8684, time 9.50ms, mfu 43.81%
iter 3720: loss 0.8939, time 9.41ms, mfu 43.38%
iter 3730: loss 0.8820, time 7.79ms, mfu 43.83%
iter 3740: loss 0.8918, time 8.13ms, mfu 44.03%
step 3750: train loss 0.7261, val loss 1.6059
iter 3750: loss 0.8877, time 2936.26ms, mfu 39.64%
iter 3760: loss 0.9167, time 8.03ms, mfu 40.32%
iter 3770: loss 0.9098, time 10.68ms, mfu 39.77%
iter 3780: loss 0.9092, time 7.88ms, mfu 40.52%
iter 3790: loss 0.8865, time 8.70ms, mfu 40.75%
iter 3800: loss 0.9015, time 8.12ms, mfu 41.27%
iter 3810: loss 0.9058, time 8.72ms, mfu 41.41%
iter 3820: loss 0.8712, time 7.45ms, mfu 42.27%
iter 3830: loss 0.8783, time 9.04ms, mfu 42.17%
iter 3840: loss 0.8734, time 9.01ms, mfu 42.09%
iter 3850: loss 0.8680, time 9.44ms, mfu 41.82%
iter 3860: loss 0.8606, time 8.41ms, mfu 42.07%
iter 3870: loss 0.8743, time 9.01ms, mfu 42.00%
iter 3880: loss 0.8718, time 9.91ms, mfu 41.56%
iter 3890: loss 0.8719, time 9.25ms, mfu 41.43%
iter 3900: loss 0.8755, time 7.81ms, mfu 42.06%
iter 3910: loss 0.8797, time 9.60ms, mfu 41.73%
iter 3920: loss 0.8565, time 8.05ms, mfu 42.19%
iter 3930: loss 0.8797, time 7.77ms, mfu 42.77%
iter 3940: loss 0.8579, time 8.18ms, mfu 43.05%
iter 3950: loss 0.8660, time 8.12ms, mfu 43.33%
iter 3960: loss 0.8898, time 8.29ms, mfu 43.49%
iter 3970: loss 0.8790, time 7.29ms, mfu 44.25%
iter 3980: loss 0.8729, time 7.87ms, mfu 44.56%
iter 3990: loss 0.8609, time 10.32ms, mfu 43.72%
step 4000: train loss 0.6887, val loss 1.6455
iter 4000: loss 0.8351, time 6585.76ms, mfu 39.35%
iter 4010: loss 0.8710, time 8.86ms, mfu 39.62%
iter 4020: loss 0.8680, time 7.50ms, mfu 40.63%
iter 4030: loss 0.8657, time 7.66ms, mfu 41.43%
iter 4040: loss 0.8712, time 7.95ms, mfu 41.97%
iter 4050: loss 0.8527, time 7.84ms, mfu 42.52%
iter 4060: loss 0.8527, time 9.03ms, mfu 42.40%
iter 4070: loss 0.8462, time 8.34ms, mfu 42.63%
iter 4080: loss 0.8702, time 8.87ms, mfu 42.57%
iter 4090: loss 0.8276, time 9.12ms, mfu 42.39%
iter 4100: loss 0.8920, time 7.96ms, mfu 42.83%
iter 4110: loss 0.8615, time 7.70ms, mfu 43.39%
iter 4120: loss 0.8698, time 7.82ms, mfu 43.82%
iter 4130: loss 0.8415, time 7.95ms, mfu 44.12%
iter 4140: loss 0.8639, time 9.42ms, mfu 43.67%
iter 4150: loss 0.8596, time 7.86ms, mfu 44.04%
iter 4160: loss 0.8264, time 8.33ms, mfu 44.11%
iter 4170: loss 0.8560, time 7.91ms, mfu 44.41%
iter 4180: loss 0.8514, time 8.37ms, mfu 44.42%
iter 4190: loss 0.8584, time 7.92ms, mfu 44.68%
iter 4200: loss 0.8389, time 9.74ms, mfu 44.04%
iter 4210: loss 0.8527, time 7.41ms, mfu 44.66%
iter 4220: loss 0.8398, time 7.51ms, mfu 45.15%
iter 4230: loss 0.8594, time 9.29ms, mfu 44.65%
iter 4240: loss 0.8569, time 8.60ms, mfu 44.52%
step 4250: train loss 0.6606, val loss 1.6578
iter 4250: loss 0.8535, time 3121.17ms, mfu 40.08%
iter 4260: loss 0.8371, time 7.72ms, mfu 40.90%
iter 4270: loss 0.8425, time 7.49ms, mfu 41.78%
iter 4280: loss 0.8347, time 8.16ms, mfu 42.17%
iter 4290: loss 0.8165, time 8.18ms, mfu 42.51%
iter 4300: loss 0.8051, time 9.31ms, mfu 42.26%
iter 4310: loss 0.8295, time 7.26ms, mfu 43.17%
iter 4320: loss 0.8311, time 7.29ms, mfu 43.96%
iter 4330: loss 0.8397, time 7.91ms, mfu 44.27%
iter 4340: loss 0.8157, time 8.40ms, mfu 44.28%
iter 4350: loss 0.8233, time 7.92ms, mfu 44.56%
iter 4360: loss 0.8371, time 10.05ms, mfu 43.81%
iter 4370: loss 0.8309, time 8.29ms, mfu 43.92%
iter 4380: loss 0.8196, time 8.64ms, mfu 43.84%
iter 4390: loss 0.8516, time 8.38ms, mfu 43.90%
iter 4400: loss 0.8355, time 7.65ms, mfu 44.39%
iter 4410: loss 0.8421, time 8.23ms, mfu 44.47%
iter 4420: loss 0.8393, time 7.24ms, mfu 45.17%
iter 4430: loss 0.8236, time 6.97ms, mfu 46.00%
iter 4440: loss 0.8294, time 7.05ms, mfu 46.68%
iter 4450: loss 0.8329, time 7.70ms, mfu 46.85%
iter 4460: loss 0.8224, time 8.90ms, mfu 46.36%
iter 4470: loss 0.8340, time 8.46ms, mfu 46.12%
iter 4480: loss 0.8094, time 7.80ms, mfu 46.29%
iter 4490: loss 0.8310, time 7.83ms, mfu 46.42%
step 4500: train loss 0.6360, val loss 1.6804
iter 4500: loss 0.8434, time 3258.91ms, mfu 41.79%
iter 4510: loss 0.8281, time 8.08ms, mfu 42.22%
iter 4520: loss 0.8187, time 7.57ms, mfu 42.92%
iter 4530: loss 0.8227, time 9.28ms, mfu 42.65%
iter 4540: loss 0.8330, time 9.24ms, mfu 42.42%
iter 4550: loss 0.8598, time 7.25ms, mfu 43.31%
iter 4560: loss 0.8178, time 8.98ms, mfu 43.13%
iter 4570: loss 0.8277, time 8.44ms, mfu 43.23%
iter 4580: loss 0.8339, time 8.43ms, mfu 43.33%
iter 4590: loss 0.8384, time 7.42ms, mfu 44.02%
iter 4600: loss 0.8164, time 8.21ms, mfu 44.16%
iter 4610: loss 0.8467, time 8.06ms, mfu 44.36%
iter 4620: loss 0.8189, time 7.53ms, mfu 44.87%
iter 4630: loss 0.8045, time 7.59ms, mfu 45.29%
iter 4640: loss 0.8220, time 8.46ms, mfu 45.17%
iter 4650: loss 0.8329, time 7.40ms, mfu 45.69%
iter 4660: loss 0.8311, time 8.42ms, mfu 45.54%
iter 4670: loss 0.8209, time 9.26ms, mfu 45.01%
iter 4680: loss 0.8317, time 7.24ms, mfu 45.66%
iter 4690: loss 0.8253, time 7.88ms, mfu 45.83%
iter 4700: loss 0.8024, time 7.94ms, mfu 45.94%
iter 4710: loss 0.7822, time 9.08ms, mfu 45.45%
iter 4720: loss 0.8274, time 8.31ms, mfu 45.39%
iter 4730: loss 0.8078, time 8.49ms, mfu 45.24%
iter 4740: loss 0.8195, time 8.79ms, mfu 44.95%
step 4750: train loss 0.6202, val loss 1.6954
iter 4750: loss 0.7860, time 3160.99ms, mfu 40.47%
iter 4760: loss 0.8110, time 8.85ms, mfu 40.63%
iter 4770: loss 0.7891, time 9.71ms, mfu 40.41%
iter 4780: loss 0.7927, time 9.82ms, mfu 40.16%
iter 4790: loss 0.8253, time 10.04ms, mfu 39.86%
iter 4800: loss 0.8059, time 8.96ms, mfu 40.03%
iter 4810: loss 0.8331, time 8.84ms, mfu 40.24%
iter 4820: loss 0.8076, time 9.48ms, mfu 40.15%
iter 4830: loss 0.8101, time 8.05ms, mfu 40.76%
iter 4840: loss 0.8218, time 10.11ms, mfu 40.37%
iter 4850: loss 0.8071, time 9.37ms, mfu 40.31%
iter 4860: loss 0.8045, time 9.69ms, mfu 40.13%
iter 4870: loss 0.7999, time 8.27ms, mfu 40.62%
iter 4880: loss 0.8173, time 8.49ms, mfu 40.95%
iter 4890: loss 0.8002, time 8.66ms, mfu 41.16%
iter 4900: loss 0.7892, time 8.86ms, mfu 41.25%
iter 4910: loss 0.8116, time 7.89ms, mfu 41.84%
iter 4920: loss 0.8087, time 7.96ms, mfu 42.34%
iter 4930: loss 0.7899, time 9.26ms, mfu 42.13%
iter 4940: loss 0.7796, time 7.86ms, mfu 42.66%
iter 4950: loss 0.8107, time 8.92ms, mfu 42.57%
iter 4960: loss 0.8175, time 10.45ms, mfu 41.88%
iter 4970: loss 0.7734, time 9.37ms, mfu 41.67%
iter 4980: loss 0.7914, time 8.83ms, mfu 41.72%
iter 4990: loss 0.8203, time 8.79ms, mfu 41.79%
step 5000: train loss 0.6104, val loss 1.7076
iter 5000: loss 0.8066, time 3190.40ms, mfu 37.62%
