Overriding config with config/train_shakespeare_char.py:
# train a miniature character-level shakespeare model
# good for debugging and playing on macbooks and such

out_dir = 'out-shakespeare-char'
eval_interval = 250 # keep frequent because we'll overfit
eval_iters = 200
log_interval = 10 # don't print too too often

# we expect to overfit on this small dataset, so only save when val improves
always_save_checkpoint = False

wandb_log = False # override via command line if you like
wandb_project = 'shakespeare-char'
wandb_run_name = 'mini-gpt'

dataset = 'shakespeare_char'
gradient_accumulation_steps = 1
batch_size = 64
block_size = 256 # context of up to 256 previous characters

# baby GPT model :)
n_layer = 6
n_head = 6
n_embd = 384
dropout = 0.2

learning_rate = 1e-3 # with baby networks can afford to go a bit higher
max_iters = 5000
lr_decay_iters = 5000 # make equal to max_iters usually
min_lr = 1e-4 # learning_rate / 10 usually
beta2 = 0.99 # make a bit bigger because number of tokens per iter is small

warmup_iters = 100 # not super necessary potentially

# on macbook also add
# device = 'cpu'  # run on cpu only
# compile = False # do not torch compile the model

Overriding: learning_rate = 0.001
Overriding: out_dir = runs_full/nope_lr1e-3
Overriding: pos_type = none
tokens per iteration will be: 16,384
found vocab_size = 65 (inside data/shakespeare_char/meta.pkl)
Initializing a new model from scratch
number of parameters: 10.65M
/scratch/guo.jiayin/nanoGPT/train.py:203: FutureWarning: `torch.cuda.amp.GradScaler(args...)` is deprecated. Please use `torch.amp.GradScaler('cuda', args...)` instead.
  scaler = torch.cuda.amp.GradScaler(enabled=(dtype == 'float16'))
num decayed parameter tensors: 25, with 10,641,792 parameters
num non-decayed parameter tensors: 13, with 4,992 parameters
using fused AdamW: True
compiling the model... (takes a ~minute)
step 0: train loss 4.1954, val loss 4.2023
iter 0: loss 4.2122, time 15019.42ms, mfu -100.00%
iter 10: loss 3.0469, time 8.92ms, mfu 41.77%
iter 20: loss 2.6912, time 10.37ms, mfu 41.18%
iter 30: loss 2.5571, time 7.68ms, mfu 41.92%
iter 40: loss 2.5229, time 11.99ms, mfu 40.84%
iter 50: loss 2.5084, time 11.61ms, mfu 39.96%
iter 60: loss 2.4727, time 12.75ms, mfu 38.89%
iter 70: loss 2.4916, time 7.27ms, mfu 40.12%
iter 80: loss 2.4626, time 7.14ms, mfu 41.33%
iter 90: loss 2.4519, time 8.73ms, mfu 41.47%
iter 100: loss 2.4456, time 10.10ms, mfu 41.01%
iter 110: loss 2.4558, time 9.42ms, mfu 40.86%
iter 120: loss 2.4418, time 10.26ms, mfu 40.41%
iter 130: loss 2.4147, time 12.84ms, mfu 39.27%
iter 140: loss 2.4197, time 10.06ms, mfu 39.05%
iter 150: loss 2.4098, time 7.48ms, mfu 40.13%
iter 160: loss 2.4063, time 7.52ms, mfu 41.07%
iter 170: loss 2.3933, time 6.90ms, mfu 42.36%
iter 180: loss 2.3924, time 7.12ms, mfu 43.35%
iter 190: loss 2.3848, time 7.22ms, mfu 44.18%
iter 200: loss 2.3826, time 6.97ms, mfu 45.11%
iter 210: loss 2.3519, time 9.97ms, mfu 44.33%
iter 220: loss 2.3706, time 10.82ms, mfu 43.34%
iter 230: loss 2.3577, time 8.14ms, mfu 43.59%
iter 240: loss 2.3274, time 10.97ms, mfu 42.62%
step 250: train loss 2.2978, val loss 2.3772
saving checkpoint to runs_full/nope_lr1e-3
iter 250: loss 2.3338, time 2410.66ms, mfu 38.38%
iter 260: loss 2.3217, time 7.13ms, mfu 39.77%
iter 270: loss 2.3441, time 6.41ms, mfu 41.60%
iter 280: loss 2.3249, time 8.94ms, mfu 41.61%
iter 290: loss 2.3337, time 9.23ms, mfu 41.49%
iter 300: loss 2.3026, time 7.88ms, mfu 42.07%
iter 310: loss 2.2669, time 7.79ms, mfu 42.65%
iter 320: loss 2.3014, time 9.87ms, mfu 42.16%
iter 330: loss 2.2381, time 9.20ms, mfu 41.99%
iter 340: loss 2.2617, time 7.93ms, mfu 42.49%
iter 350: loss 2.2291, time 7.95ms, mfu 42.93%
iter 360: loss 2.2075, time 9.46ms, mfu 42.58%
iter 370: loss 2.2071, time 9.00ms, mfu 42.46%
iter 380: loss 2.2031, time 9.77ms, mfu 42.03%
iter 390: loss 2.1449, time 9.28ms, mfu 41.84%
iter 400: loss 2.0885, time 10.03ms, mfu 41.37%
iter 410: loss 2.1171, time 7.49ms, mfu 42.21%
iter 420: loss 2.0673, time 9.72ms, mfu 41.82%
iter 430: loss 2.0448, time 9.75ms, mfu 41.46%
iter 440: loss 2.0541, time 9.90ms, mfu 41.08%
iter 450: loss 2.0299, time 9.36ms, mfu 40.95%
iter 460: loss 1.9926, time 9.31ms, mfu 40.86%
iter 470: loss 1.9708, time 9.87ms, mfu 40.55%
iter 480: loss 1.9772, time 7.55ms, mfu 41.43%
iter 490: loss 1.9523, time 9.05ms, mfu 41.40%
step 500: train loss 1.8271, val loss 1.9828
saving checkpoint to runs_full/nope_lr1e-3
iter 500: loss 2.0195, time 2426.59ms, mfu 37.28%
iter 510: loss 1.9551, time 10.65ms, mfu 37.05%
iter 520: loss 1.9069, time 9.71ms, mfu 37.18%
iter 530: loss 1.8816, time 10.25ms, mfu 37.10%
iter 540: loss 1.8863, time 10.00ms, mfu 37.11%
iter 550: loss 1.8887, time 8.15ms, mfu 37.97%
iter 560: loss 1.8433, time 9.97ms, mfu 37.91%
iter 570: loss 1.8523, time 10.08ms, mfu 37.82%
iter 580: loss 1.8474, time 10.05ms, mfu 37.75%
iter 590: loss 1.8653, time 9.71ms, mfu 37.81%
iter 600: loss 1.8095, time 10.11ms, mfu 37.72%
iter 610: loss 1.7636, time 10.42ms, mfu 37.52%
iter 620: loss 1.7913, time 6.40ms, mfu 39.59%
iter 630: loss 1.8099, time 9.78ms, mfu 39.44%
iter 640: loss 1.7790, time 7.66ms, mfu 40.36%
iter 650: loss 1.7548, time 10.82ms, mfu 39.77%
iter 660: loss 1.7037, time 10.43ms, mfu 39.36%
iter 670: loss 1.7168, time 10.83ms, mfu 38.87%
iter 680: loss 1.6887, time 6.34ms, mfu 40.86%
iter 690: loss 1.7152, time 8.12ms, mfu 41.36%
iter 700: loss 1.6769, time 7.92ms, mfu 41.93%
iter 710: loss 1.6805, time 10.78ms, mfu 41.19%
iter 720: loss 1.7041, time 6.58ms, mfu 42.73%
iter 730: loss 1.7027, time 10.48ms, mfu 42.01%
iter 740: loss 1.7109, time 9.01ms, mfu 41.95%
step 750: train loss 1.5666, val loss 1.7679
saving checkpoint to runs_full/nope_lr1e-3
iter 750: loss 1.6248, time 2430.96ms, mfu 37.77%
iter 760: loss 1.6724, time 9.63ms, mfu 37.86%
iter 770: loss 1.6401, time 6.93ms, mfu 39.46%
iter 780: loss 1.6068, time 7.46ms, mfu 40.50%
iter 790: loss 1.6440, time 6.98ms, mfu 41.79%
iter 800: loss 1.6136, time 6.88ms, mfu 43.03%
iter 810: loss 1.6425, time 6.99ms, mfu 44.06%
iter 820: loss 1.6286, time 7.23ms, mfu 44.81%
iter 830: loss 1.5693, time 7.00ms, mfu 45.65%
iter 840: loss 1.5926, time 6.80ms, mfu 46.57%
iter 850: loss 1.6176, time 7.02ms, mfu 47.22%
iter 860: loss 1.5582, time 6.86ms, mfu 47.93%
iter 870: loss 1.5628, time 7.16ms, mfu 48.34%
iter 880: loss 1.5668, time 7.23ms, mfu 48.66%
iter 890: loss 1.5933, time 7.15ms, mfu 49.00%
iter 900: loss 1.5839, time 6.93ms, mfu 49.48%
iter 910: loss 1.5886, time 7.44ms, mfu 49.54%
iter 920: loss 1.5407, time 7.02ms, mfu 49.90%
iter 930: loss 1.5707, time 7.05ms, mfu 50.20%
iter 940: loss 1.5705, time 7.10ms, mfu 50.42%
iter 950: loss 1.5005, time 6.96ms, mfu 50.74%
iter 960: loss 1.5330, time 7.07ms, mfu 50.93%
iter 970: loss 1.5473, time 7.39ms, mfu 50.88%
iter 980: loss 1.5511, time 6.71ms, mfu 51.35%
iter 990: loss 1.5489, time 7.55ms, mfu 51.15%
step 1000: train loss 1.4384, val loss 1.6620
saving checkpoint to runs_full/nope_lr1e-3
iter 1000: loss 1.5362, time 2431.56ms, mfu 46.05%
iter 1010: loss 1.5260, time 8.75ms, mfu 45.70%
iter 1020: loss 1.5414, time 10.70ms, mfu 44.61%
iter 1030: loss 1.5543, time 10.84ms, mfu 43.59%
iter 1040: loss 1.4964, time 9.67ms, mfu 43.08%
iter 1050: loss 1.5311, time 8.67ms, mfu 43.07%
iter 1060: loss 1.5114, time 9.61ms, mfu 42.64%
iter 1070: loss 1.5412, time 10.31ms, mfu 41.99%
iter 1080: loss 1.5370, time 7.03ms, mfu 43.10%
iter 1090: loss 1.5013, time 10.07ms, mfu 42.49%
iter 1100: loss 1.4808, time 10.84ms, mfu 41.67%
iter 1110: loss 1.4888, time 8.68ms, mfu 41.80%
iter 1120: loss 1.4983, time 9.13ms, mfu 41.70%
iter 1130: loss 1.4615, time 7.43ms, mfu 42.55%
iter 1140: loss 1.5107, time 8.47ms, mfu 42.69%
iter 1150: loss 1.5308, time 8.43ms, mfu 42.84%
iter 1160: loss 1.4800, time 8.55ms, mfu 42.92%
iter 1170: loss 1.4705, time 10.76ms, mfu 42.09%
iter 1180: loss 1.4614, time 9.08ms, mfu 41.98%
iter 1190: loss 1.5038, time 10.83ms, mfu 41.23%
iter 1200: loss 1.4934, time 10.26ms, mfu 40.74%
iter 1210: loss 1.4563, time 10.26ms, mfu 40.30%
iter 1220: loss 1.4799, time 9.66ms, mfu 40.12%
iter 1230: loss 1.4130, time 8.84ms, mfu 40.33%
iter 1240: loss 1.4406, time 7.79ms, mfu 41.07%
step 1250: train loss 1.3685, val loss 1.6150
saving checkpoint to runs_full/nope_lr1e-3
iter 1250: loss 1.4467, time 2412.42ms, mfu 36.98%
iter 1260: loss 1.4679, time 9.19ms, mfu 37.34%
iter 1270: loss 1.4367, time 9.83ms, mfu 37.40%
iter 1280: loss 1.4653, time 9.91ms, mfu 37.42%
iter 1290: loss 1.4619, time 9.97ms, mfu 37.41%
iter 1300: loss 1.4300, time 8.03ms, mfu 38.32%
iter 1310: loss 1.4543, time 10.75ms, mfu 37.95%
iter 1320: loss 1.4605, time 10.71ms, mfu 37.63%
iter 1330: loss 1.4318, time 10.44ms, mfu 37.44%
iter 1340: loss 1.4577, time 9.70ms, mfu 37.54%
iter 1350: loss 1.4081, time 9.41ms, mfu 37.75%
iter 1360: loss 1.4388, time 6.70ms, mfu 39.54%
iter 1370: loss 1.4408, time 9.01ms, mfu 39.72%
iter 1380: loss 1.4025, time 6.69ms, mfu 41.31%
iter 1390: loss 1.4079, time 10.31ms, mfu 40.80%
iter 1400: loss 1.4197, time 9.48ms, mfu 40.65%
iter 1410: loss 1.4583, time 10.09ms, mfu 40.28%
iter 1420: loss 1.4381, time 10.23ms, mfu 39.89%
iter 1430: loss 1.4215, time 7.45ms, mfu 40.90%
iter 1440: loss 1.4305, time 10.83ms, mfu 40.25%
iter 1450: loss 1.4128, time 10.06ms, mfu 39.93%
iter 1460: loss 1.3982, time 6.89ms, mfu 41.35%
iter 1470: loss 1.4215, time 9.67ms, mfu 41.07%
iter 1480: loss 1.4226, time 10.07ms, mfu 40.66%
iter 1490: loss 1.4317, time 10.38ms, mfu 40.18%
step 1500: train loss 1.3220, val loss 1.5682
saving checkpoint to runs_full/nope_lr1e-3
iter 1500: loss 1.3912, time 2399.03ms, mfu 36.18%
iter 1510: loss 1.4117, time 9.68ms, mfu 36.41%
iter 1520: loss 1.4212, time 10.35ms, mfu 36.37%
iter 1530: loss 1.4041, time 8.81ms, mfu 36.97%
iter 1540: loss 1.4146, time 8.94ms, mfu 37.44%
iter 1550: loss 1.3901, time 7.34ms, mfu 38.77%
iter 1560: loss 1.4132, time 10.55ms, mfu 38.43%
iter 1570: loss 1.4170, time 10.82ms, mfu 38.03%
iter 1580: loss 1.3673, time 9.42ms, mfu 38.18%
iter 1590: loss 1.3769, time 10.58ms, mfu 37.89%
iter 1600: loss 1.3316, time 10.45ms, mfu 37.66%
iter 1610: loss 1.3725, time 10.83ms, mfu 37.34%
iter 1620: loss 1.3747, time 9.85ms, mfu 37.39%
iter 1630: loss 1.3948, time 10.31ms, mfu 37.27%
iter 1640: loss 1.3939, time 9.86ms, mfu 37.32%
iter 1650: loss 1.3973, time 7.22ms, mfu 38.75%
iter 1660: loss 1.3793, time 8.94ms, mfu 39.04%
iter 1670: loss 1.4068, time 7.07ms, mfu 40.41%
iter 1680: loss 1.3925, time 9.52ms, mfu 40.28%
iter 1690: loss 1.3639, time 10.78ms, mfu 39.71%
iter 1700: loss 1.3588, time 8.21ms, mfu 40.28%
iter 1710: loss 1.3692, time 9.26ms, mfu 40.27%
iter 1720: loss 1.3695, time 11.73ms, mfu 39.42%
iter 1730: loss 1.3375, time 11.00ms, mfu 38.87%
iter 1740: loss 1.3535, time 6.31ms, mfu 40.89%
step 1750: train loss 1.2989, val loss 1.5755
iter 1750: loss 1.3710, time 2120.34ms, mfu 36.82%
iter 1760: loss 1.3957, time 9.80ms, mfu 36.94%
iter 1770: loss 1.3528, time 10.36ms, mfu 36.84%
iter 1780: loss 1.3788, time 10.34ms, mfu 36.76%
iter 1790: loss 1.3715, time 10.24ms, mfu 36.72%
iter 1800: loss 1.3713, time 8.89ms, mfu 37.24%
iter 1810: loss 1.3685, time 10.65ms, mfu 37.02%
iter 1820: loss 1.3948, time 10.17ms, mfu 36.98%
iter 1830: loss 1.3416, time 7.67ms, mfu 38.14%
iter 1840: loss 1.3492, time 10.53ms, mfu 37.86%
iter 1850: loss 1.3649, time 6.63ms, mfu 39.70%
iter 1860: loss 1.3815, time 10.17ms, mfu 39.39%
iter 1870: loss 1.2906, time 9.59ms, mfu 39.34%
iter 1880: loss 1.3660, time 10.24ms, mfu 39.04%
iter 1890: loss 1.3243, time 10.85ms, mfu 38.57%
iter 1900: loss 1.3586, time 10.13ms, mfu 38.39%
iter 1910: loss 1.3651, time 10.14ms, mfu 38.23%
iter 1920: loss 1.3538, time 7.70ms, mfu 39.24%
iter 1930: loss 1.3411, time 10.58ms, mfu 38.84%
iter 1940: loss 1.3337, time 11.56ms, mfu 38.18%
iter 1950: loss 1.3613, time 6.52ms, mfu 40.08%
iter 1960: loss 1.3317, time 8.84ms, mfu 40.29%
iter 1970: loss 1.3436, time 8.70ms, mfu 40.54%
iter 1980: loss 1.3587, time 9.02ms, mfu 40.62%
iter 1990: loss 1.3440, time 9.82ms, mfu 40.35%
step 2000: train loss 1.2498, val loss 1.5576
saving checkpoint to runs_full/nope_lr1e-3
iter 2000: loss 1.3816, time 2450.20ms, mfu 36.33%
iter 2010: loss 1.3529, time 9.01ms, mfu 36.83%
iter 2020: loss 1.3346, time 10.46ms, mfu 36.71%
iter 2030: loss 1.3467, time 6.37ms, mfu 38.89%
iter 2040: loss 1.2954, time 10.01ms, mfu 38.73%
iter 2050: loss 1.3293, time 9.67ms, mfu 38.71%
iter 2060: loss 1.3189, time 10.48ms, mfu 38.39%
iter 2070: loss 1.3220, time 6.59ms, mfu 40.21%
iter 2080: loss 1.3224, time 9.95ms, mfu 39.93%
iter 2090: loss 1.3296, time 7.06ms, mfu 41.22%
iter 2100: loss 1.3518, time 8.92ms, mfu 41.27%
iter 2110: loss 1.3586, time 8.77ms, mfu 41.39%
iter 2120: loss 1.3075, time 9.82ms, mfu 41.05%
iter 2130: loss 1.2993, time 8.31ms, mfu 41.42%
iter 2140: loss 1.3142, time 8.14ms, mfu 41.86%
iter 2150: loss 1.3228, time 8.00ms, mfu 42.33%
iter 2160: loss 1.3070, time 9.56ms, mfu 42.00%
iter 2170: loss 1.3072, time 7.98ms, mfu 42.47%
iter 2180: loss 1.2991, time 10.01ms, mfu 41.94%
iter 2190: loss 1.3110, time 9.88ms, mfu 41.52%
iter 2200: loss 1.2925, time 6.98ms, mfu 42.71%
iter 2210: loss 1.2920, time 7.42ms, mfu 43.46%
iter 2220: loss 1.2908, time 8.20ms, mfu 43.66%
iter 2230: loss 1.3039, time 8.06ms, mfu 43.92%
iter 2240: loss 1.2974, time 7.36ms, mfu 44.59%
step 2250: train loss 1.2121, val loss 1.5310
saving checkpoint to runs_full/nope_lr1e-3
iter 2250: loss 1.2990, time 2704.51ms, mfu 40.14%
iter 2260: loss 1.2755, time 6.98ms, mfu 41.47%
iter 2270: loss 1.2967, time 6.70ms, mfu 42.88%
iter 2280: loss 1.2934, time 7.52ms, mfu 43.55%
iter 2290: loss 1.3024, time 7.08ms, mfu 44.46%
iter 2300: loss 1.2982, time 7.16ms, mfu 45.22%
iter 2310: loss 1.3222, time 7.91ms, mfu 45.40%
iter 2320: loss 1.2808, time 7.79ms, mfu 45.65%
iter 2330: loss 1.3047, time 9.34ms, mfu 45.07%
iter 2340: loss 1.2853, time 10.11ms, mfu 44.25%
iter 2350: loss 1.2892, time 6.73ms, mfu 45.37%
iter 2360: loss 1.3047, time 6.55ms, mfu 46.51%
iter 2370: loss 1.2913, time 7.41ms, mfu 46.89%
iter 2380: loss 1.2907, time 6.78ms, mfu 47.70%
iter 2390: loss 1.3095, time 6.74ms, mfu 48.46%
iter 2400: loss 1.2846, time 7.03ms, mfu 48.91%
iter 2410: loss 1.3060, time 7.02ms, mfu 49.33%
iter 2420: loss 1.2815, time 7.36ms, mfu 49.46%
iter 2430: loss 1.2721, time 7.61ms, mfu 49.41%
iter 2440: loss 1.2617, time 7.33ms, mfu 49.55%
iter 2450: loss 1.2480, time 6.52ms, mfu 50.31%
iter 2460: loss 1.2904, time 7.78ms, mfu 50.07%
iter 2470: loss 1.2594, time 7.19ms, mfu 50.24%
iter 2480: loss 1.2818, time 7.85ms, mfu 49.96%
iter 2490: loss 1.2604, time 6.92ms, mfu 50.35%
step 2500: train loss 1.1987, val loss 1.5332
iter 2500: loss 1.2708, time 2294.19ms, mfu 45.33%
iter 2510: loss 1.2966, time 6.93ms, mfu 46.18%
iter 2520: loss 1.2939, time 8.27ms, mfu 46.06%
iter 2530: loss 1.2893, time 7.59ms, mfu 46.37%
iter 2540: loss 1.2715, time 8.32ms, mfu 46.21%
iter 2550: loss 1.3043, time 6.56ms, mfu 47.27%
iter 2560: loss 1.2432, time 7.61ms, mfu 47.44%
iter 2570: loss 1.2762, time 7.40ms, mfu 47.73%
iter 2580: loss 1.2818, time 7.02ms, mfu 48.26%
iter 2590: loss 1.2800, time 6.50ms, mfu 49.17%
iter 2600: loss 1.2682, time 7.38ms, mfu 49.30%
iter 2610: loss 1.2886, time 7.02ms, mfu 49.68%
iter 2620: loss 1.2664, time 7.21ms, mfu 49.88%
iter 2630: loss 1.2600, time 6.75ms, mfu 50.42%
iter 2640: loss 1.2799, time 8.59ms, mfu 49.71%
iter 2650: loss 1.2391, time 7.59ms, mfu 49.65%
iter 2660: loss 1.2782, time 7.25ms, mfu 49.83%
iter 2670: loss 1.2938, time 7.63ms, mfu 49.73%
iter 2680: loss 1.2673, time 6.73ms, mfu 50.29%
iter 2690: loss 1.2764, time 7.24ms, mfu 50.41%
iter 2700: loss 1.2307, time 7.03ms, mfu 50.67%
iter 2710: loss 1.2569, time 6.78ms, mfu 51.10%
iter 2720: loss 1.2635, time 9.34ms, mfu 49.98%
iter 2730: loss 1.2522, time 8.22ms, mfu 49.51%
iter 2740: loss 1.2564, time 6.76ms, mfu 50.07%
step 2750: train loss 1.2137, val loss 1.5560
iter 2750: loss 1.2749, time 2185.14ms, mfu 45.08%
iter 2760: loss 1.2197, time 9.58ms, mfu 44.46%
iter 2770: loss 1.2720, time 9.02ms, mfu 44.15%
iter 2780: loss 1.2093, time 7.22ms, mfu 44.89%
iter 2790: loss 1.2484, time 7.66ms, mfu 45.27%
iter 2800: loss 1.2305, time 7.48ms, mfu 45.72%
iter 2810: loss 1.2726, time 7.15ms, mfu 46.36%
iter 2820: loss 1.2536, time 7.60ms, mfu 46.63%
iter 2830: loss 1.2337, time 7.51ms, mfu 46.93%
iter 2840: loss 1.2341, time 7.27ms, mfu 47.36%
iter 2850: loss 1.2554, time 8.21ms, mfu 47.16%
iter 2860: loss 1.2337, time 7.20ms, mfu 47.62%
iter 2870: loss 1.2509, time 7.87ms, mfu 47.60%
iter 2880: loss 1.2211, time 8.23ms, mfu 47.36%
iter 2890: loss 1.2707, time 10.06ms, mfu 46.33%
iter 2900: loss 1.2648, time 7.68ms, mfu 46.55%
iter 2910: loss 1.2443, time 6.45ms, mfu 47.67%
iter 2920: loss 1.2683, time 8.90ms, mfu 47.09%
iter 2930: loss 1.1975, time 8.79ms, mfu 46.62%
iter 2940: loss 1.2483, time 9.50ms, mfu 45.88%
iter 2950: loss 1.2721, time 10.07ms, mfu 44.99%
iter 2960: loss 1.2175, time 7.08ms, mfu 45.75%
iter 2970: loss 1.2358, time 6.51ms, mfu 46.90%
iter 2980: loss 1.2512, time 8.70ms, mfu 46.50%
iter 2990: loss 1.2146, time 7.65ms, mfu 46.72%
step 3000: train loss 1.1539, val loss 1.5328
iter 3000: loss 1.2437, time 2140.79ms, mfu 42.07%
iter 3010: loss 1.2252, time 6.98ms, mfu 43.20%
iter 3020: loss 1.2453, time 7.40ms, mfu 43.91%
iter 3030: loss 1.2377, time 7.91ms, mfu 44.23%
iter 3040: loss 1.2307, time 7.21ms, mfu 44.98%
iter 3050: loss 1.2309, time 7.70ms, mfu 45.32%
iter 3060: loss 1.2135, time 9.49ms, mfu 44.71%
iter 3070: loss 1.1939, time 7.14ms, mfu 45.46%
iter 3080: loss 1.2037, time 7.24ms, mfu 46.06%
iter 3090: loss 1.2256, time 7.31ms, mfu 46.56%
iter 3100: loss 1.2062, time 6.84ms, mfu 47.35%
iter 3110: loss 1.1954, time 6.95ms, mfu 47.98%
iter 3120: loss 1.2383, time 6.79ms, mfu 48.67%
iter 3130: loss 1.2043, time 9.15ms, mfu 47.87%
iter 3140: loss 1.1993, time 10.03ms, mfu 46.80%
iter 3150: loss 1.2285, time 8.59ms, mfu 46.45%
iter 3160: loss 1.2101, time 8.81ms, mfu 46.04%
iter 3170: loss 1.2171, time 7.69ms, mfu 46.28%
iter 3180: loss 1.2091, time 6.78ms, mfu 47.14%
iter 3190: loss 1.2184, time 9.20ms, mfu 46.48%
iter 3200: loss 1.1834, time 10.29ms, mfu 45.46%
iter 3210: loss 1.2190, time 9.91ms, mfu 44.67%
iter 3220: loss 1.1859, time 10.92ms, mfu 43.61%
iter 3230: loss 1.2105, time 9.93ms, mfu 43.01%
iter 3240: loss 1.2011, time 8.90ms, mfu 42.89%
step 3250: train loss 1.1913, val loss 1.5755
iter 3250: loss 1.2011, time 2133.98ms, mfu 38.62%
iter 3260: loss 1.1841, time 9.24ms, mfu 38.79%
iter 3270: loss 1.1711, time 6.44ms, mfu 40.70%
iter 3280: loss 1.1965, time 6.38ms, mfu 42.47%
iter 3290: loss 1.1924, time 13.30ms, mfu 41.03%
iter 3300: loss 1.1908, time 8.21ms, mfu 41.46%
iter 3310: loss 1.2088, time 9.33ms, mfu 41.31%
iter 3320: loss 1.2124, time 10.35ms, mfu 40.78%
iter 3330: loss 1.1957, time 7.84ms, mfu 41.45%
iter 3340: loss 1.1966, time 7.76ms, mfu 42.11%
iter 3350: loss 1.1770, time 8.10ms, mfu 42.50%
iter 3360: loss 1.1800, time 9.58ms, mfu 42.14%
iter 3370: loss 1.1451, time 8.72ms, mfu 42.20%
iter 3380: loss 1.2065, time 9.94ms, mfu 41.73%
iter 3390: loss 1.1832, time 8.28ms, mfu 42.05%
iter 3400: loss 1.1625, time 10.38ms, mfu 41.44%
iter 3410: loss 1.1870, time 9.60ms, mfu 41.17%
iter 3420: loss 1.2118, time 8.76ms, mfu 41.31%
iter 3430: loss 1.2236, time 9.74ms, mfu 41.01%
iter 3440: loss 1.1835, time 6.95ms, mfu 42.27%
iter 3450: loss 1.1818, time 6.85ms, mfu 43.48%
iter 3460: loss 1.1824, time 7.18ms, mfu 44.32%
iter 3470: loss 1.1619, time 10.32ms, mfu 43.50%
iter 3480: loss 1.1691, time 10.06ms, mfu 42.85%
iter 3490: loss 1.1938, time 10.95ms, mfu 41.97%
step 3500: train loss 1.2024, val loss 1.5995
iter 3500: loss 1.1678, time 2150.33ms, mfu 37.79%
iter 3510: loss 1.2245, time 9.20ms, mfu 38.06%
iter 3520: loss 1.1899, time 10.01ms, mfu 37.98%
iter 3530: loss 1.1643, time 6.47ms, mfu 39.94%
iter 3540: loss 1.2025, time 10.15ms, mfu 39.61%
iter 3550: loss 1.1665, time 9.02ms, mfu 39.78%
iter 3560: loss 1.1979, time 10.18ms, mfu 39.47%
iter 3570: loss 1.1956, time 7.67ms, mfu 40.38%
iter 3580: loss 1.1683, time 6.81ms, mfu 41.81%
iter 3590: loss 1.1612, time 8.50ms, mfu 42.01%
iter 3600: loss 1.1748, time 11.02ms, mfu 41.19%
iter 3610: loss 1.1773, time 9.95ms, mfu 40.82%
iter 3620: loss 1.1869, time 10.15ms, mfu 40.41%
iter 3630: loss 1.1921, time 8.67ms, mfu 40.67%
iter 3640: loss 1.1704, time 9.89ms, mfu 40.37%
iter 3650: loss 1.1848, time 8.85ms, mfu 40.54%
iter 3660: loss 1.1713, time 9.35ms, mfu 40.47%
iter 3670: loss 1.1704, time 8.19ms, mfu 40.98%
iter 3680: loss 1.1846, time 9.88ms, mfu 40.65%
iter 3690: loss 1.1954, time 11.50ms, mfu 39.82%
iter 3700: loss 1.1857, time 7.52ms, mfu 40.79%
iter 3710: loss 1.1867, time 7.06ms, mfu 41.99%
iter 3720: loss 1.1654, time 7.23ms, mfu 42.95%
iter 3730: loss 1.1786, time 6.87ms, mfu 44.08%
iter 3740: loss 1.1587, time 7.25ms, mfu 44.81%
step 3750: train loss 1.1707, val loss 1.5945
iter 3750: loss 1.1859, time 2175.90ms, mfu 40.35%
iter 3760: loss 1.1411, time 9.40ms, mfu 40.27%
iter 3770: loss 1.1611, time 10.04ms, mfu 39.96%
iter 3780: loss 1.1604, time 7.12ms, mfu 41.20%
iter 3790: loss 1.1479, time 8.61ms, mfu 41.41%
iter 3800: loss 1.1791, time 7.47ms, mfu 42.25%
iter 3810: loss 1.1775, time 7.57ms, mfu 42.95%
iter 3820: loss 1.1398, time 7.05ms, mfu 43.94%
iter 3830: loss 1.1521, time 7.25ms, mfu 44.69%
iter 3840: loss 1.1715, time 6.94ms, mfu 45.59%
iter 3850: loss 1.1533, time 8.86ms, mfu 45.23%
iter 3860: loss 1.1360, time 10.15ms, mfu 44.38%
iter 3870: loss 1.1622, time 7.39ms, mfu 44.99%
iter 3880: loss 1.1551, time 9.04ms, mfu 44.61%
iter 3890: loss 1.1665, time 8.18ms, mfu 44.71%
iter 3900: loss 1.1672, time 9.06ms, mfu 44.35%
iter 3910: loss 1.1831, time 9.72ms, mfu 43.75%
iter 3920: loss 1.1451, time 9.80ms, mfu 43.17%
iter 3930: loss 1.1564, time 9.31ms, mfu 42.86%
iter 3940: loss 1.1243, time 6.43ms, mfu 44.37%
iter 3950: loss 1.1488, time 6.34ms, mfu 45.81%
iter 3960: loss 1.1616, time 10.28ms, mfu 44.85%
iter 3970: loss 1.1494, time 9.67ms, mfu 44.22%
iter 3980: loss 1.1706, time 9.82ms, mfu 43.59%
iter 3990: loss 1.1286, time 9.35ms, mfu 43.22%
step 4000: train loss 1.1483, val loss 1.5889
iter 4000: loss 1.1440, time 2157.93ms, mfu 38.91%
iter 4010: loss 1.1790, time 8.15ms, mfu 39.59%
iter 4020: loss 1.1614, time 6.86ms, mfu 41.06%
iter 4030: loss 1.1527, time 6.48ms, mfu 42.70%
iter 4040: loss 1.1602, time 8.99ms, mfu 42.58%
iter 4050: loss 1.1356, time 6.61ms, mfu 43.96%
iter 4060: loss 1.1433, time 8.92ms, mfu 43.74%
iter 4070: loss 1.1744, time 6.68ms, mfu 44.94%
iter 4080: loss 1.1461, time 9.32ms, mfu 44.45%
iter 4090: loss 1.1818, time 6.40ms, mfu 45.82%
iter 4100: loss 1.1268, time 7.01ms, mfu 46.56%
iter 4110: loss 1.1451, time 6.49ms, mfu 47.65%
iter 4120: loss 1.1234, time 9.53ms, mfu 46.79%
iter 4130: loss 1.1289, time 9.10ms, mfu 46.21%
iter 4140: loss 1.1325, time 9.69ms, mfu 45.43%
iter 4150: loss 1.1646, time 10.08ms, mfu 44.59%
iter 4160: loss 1.1444, time 6.46ms, mfu 45.89%
iter 4170: loss 1.1022, time 8.62ms, mfu 45.63%
iter 4180: loss 1.1460, time 9.66ms, mfu 44.92%
iter 4190: loss 1.1417, time 9.28ms, mfu 44.45%
iter 4200: loss 1.1297, time 10.03ms, mfu 43.72%
iter 4210: loss 1.1497, time 7.74ms, mfu 44.16%
iter 4220: loss 1.1344, time 8.37ms, mfu 44.19%
iter 4230: loss 1.1377, time 7.52ms, mfu 44.73%
iter 4240: loss 1.1410, time 7.61ms, mfu 45.15%
step 4250: train loss 1.2081, val loss 1.6516
iter 4250: loss 1.1376, time 2201.25ms, mfu 40.66%
iter 4260: loss 1.1416, time 8.89ms, mfu 40.78%
iter 4270: loss 1.1479, time 8.66ms, mfu 41.01%
iter 4280: loss 1.1513, time 7.06ms, mfu 42.18%
iter 4290: loss 1.1374, time 7.60ms, mfu 42.86%
iter 4300: loss 1.1395, time 7.96ms, mfu 43.26%
iter 4310: loss 1.1020, time 9.86ms, mfu 42.71%
iter 4320: loss 1.1512, time 8.08ms, mfu 43.05%
iter 4330: loss 1.1369, time 7.29ms, mfu 43.86%
iter 4340: loss 1.1248, time 7.07ms, mfu 44.75%
iter 4350: loss 1.1318, time 7.91ms, mfu 44.98%
iter 4360: loss 1.1289, time 8.54ms, mfu 44.85%
iter 4370: loss 1.1260, time 8.71ms, mfu 44.64%
iter 4380: loss 1.1477, time 7.35ms, mfu 45.25%
iter 4390: loss 1.1157, time 8.25ms, mfu 45.24%
iter 4400: loss 1.1202, time 7.37ms, mfu 45.77%
iter 4410: loss 1.1610, time 8.31ms, mfu 45.68%
iter 4420: loss 1.1414, time 8.43ms, mfu 45.53%
iter 4430: loss 1.1191, time 8.03ms, mfu 45.62%
iter 4440: loss 1.1470, time 8.01ms, mfu 45.71%
iter 4450: loss 1.1602, time 7.74ms, mfu 45.95%
iter 4460: loss 1.1321, time 7.03ms, mfu 46.66%
iter 4470: loss 1.1204, time 7.38ms, mfu 47.04%
iter 4480: loss 1.1373, time 7.90ms, mfu 47.05%
iter 4490: loss 1.1215, time 7.35ms, mfu 47.42%
step 4500: train loss 1.1375, val loss 1.6141
iter 4500: loss 1.1689, time 2460.33ms, mfu 42.69%
iter 4510: loss 1.1083, time 7.34ms, mfu 43.50%
iter 4520: loss 1.0903, time 7.32ms, mfu 44.24%
iter 4530: loss 1.1182, time 7.79ms, mfu 44.60%
iter 4540: loss 1.1383, time 7.21ms, mfu 45.31%
iter 4550: loss 1.1133, time 7.17ms, mfu 45.97%
iter 4560: loss 1.1261, time 8.18ms, mfu 45.93%
iter 4570: loss 1.1457, time 8.96ms, mfu 45.50%
iter 4580: loss 1.1317, time 7.71ms, mfu 45.78%
iter 4590: loss 1.1304, time 7.52ms, mfu 46.16%
iter 4600: loss 1.1188, time 8.01ms, mfu 46.20%
iter 4610: loss 1.1262, time 7.95ms, mfu 46.27%
iter 4620: loss 1.1158, time 7.34ms, mfu 46.71%
iter 4630: loss 1.1081, time 7.36ms, mfu 47.10%
iter 4640: loss 1.1007, time 7.90ms, mfu 47.11%
iter 4650: loss 1.1120, time 6.93ms, mfu 47.77%
iter 4660: loss 1.1420, time 6.80ms, mfu 48.47%
iter 4670: loss 1.1251, time 8.34ms, mfu 48.09%
iter 4680: loss 1.1147, time 6.73ms, mfu 48.82%
iter 4690: loss 1.0990, time 7.95ms, mfu 48.63%
iter 4700: loss 1.1497, time 8.15ms, mfu 48.34%
iter 4710: loss 1.1252, time 8.04ms, mfu 48.14%
iter 4720: loss 1.1204, time 8.10ms, mfu 47.93%
iter 4730: loss 1.1124, time 9.37ms, mfu 47.11%
iter 4740: loss 1.0984, time 7.01ms, mfu 47.71%
step 4750: train loss 1.1218, val loss 1.6053
iter 4750: loss 1.1255, time 2197.89ms, mfu 42.96%
iter 4760: loss 1.1362, time 10.02ms, mfu 42.38%
iter 4770: loss 1.1115, time 9.21ms, mfu 42.19%
iter 4780: loss 1.1348, time 10.38ms, mfu 41.56%
iter 4790: loss 1.1073, time 7.33ms, mfu 42.49%
iter 4800: loss 1.1390, time 7.42ms, mfu 43.26%
iter 4810: loss 1.1034, time 10.67ms, mfu 42.43%
iter 4820: loss 1.1112, time 10.30ms, mfu 41.81%
iter 4830: loss 1.0996, time 7.47ms, mfu 42.61%
iter 4840: loss 1.0902, time 7.12ms, mfu 43.58%
iter 4850: loss 1.1237, time 7.55ms, mfu 44.16%
iter 4860: loss 1.1097, time 7.91ms, mfu 44.45%
iter 4870: loss 1.1182, time 6.88ms, mfu 45.42%
iter 4880: loss 1.1011, time 7.67ms, mfu 45.74%
iter 4890: loss 1.1473, time 7.70ms, mfu 46.01%
iter 4900: loss 1.1311, time 8.00ms, mfu 46.06%
iter 4910: loss 1.0874, time 7.99ms, mfu 46.12%
iter 4920: loss 1.0921, time 7.23ms, mfu 46.66%
iter 4930: loss 1.1170, time 7.49ms, mfu 46.97%
iter 4940: loss 1.1217, time 6.85ms, mfu 47.72%
iter 4950: loss 1.1238, time 9.48ms, mfu 46.87%
iter 4960: loss 1.0992, time 6.39ms, mfu 48.02%
iter 4970: loss 1.0858, time 7.84ms, mfu 47.97%
iter 4980: loss 1.1139, time 8.45ms, mfu 47.58%
iter 4990: loss 1.1201, time 7.79ms, mfu 47.61%
step 5000: train loss 1.1186, val loss 1.6091
iter 5000: loss 1.1124, time 2236.69ms, mfu 42.86%
