Overriding config with config/train_shakespeare_char.py:
# train a miniature character-level shakespeare model
# good for debugging and playing on macbooks and such

out_dir = 'out-shakespeare-char'
eval_interval = 250 # keep frequent because we'll overfit
eval_iters = 200
log_interval = 10 # don't print too too often

# we expect to overfit on this small dataset, so only save when val improves
always_save_checkpoint = False

wandb_log = False # override via command line if you like
wandb_project = 'shakespeare-char'
wandb_run_name = 'mini-gpt'

dataset = 'shakespeare_char'
gradient_accumulation_steps = 1
batch_size = 64
block_size = 256 # context of up to 256 previous characters

# baby GPT model :)
n_layer = 6
n_head = 6
n_embd = 384
dropout = 0.2

learning_rate = 1e-3 # with baby networks can afford to go a bit higher
max_iters = 5000
lr_decay_iters = 5000 # make equal to max_iters usually
min_lr = 1e-4 # learning_rate / 10 usually
beta2 = 0.99 # make a bit bigger because number of tokens per iter is small

warmup_iters = 100 # not super necessary potentially

# on macbook also add
# device = 'cpu'  # run on cpu only
# compile = False # do not torch compile the model

Overriding: device = cpu
Overriding: compile = False
Overriding: eval_iters = 200
Overriding: log_interval = 10
Overriding: block_size = 64
Overriding: batch_size = 12
Overriding: n_layer = 4
Overriding: n_head = 4
Overriding: n_embd = 128
Overriding: max_iters = 2000
Overriding: lr_decay_iters = 2000
Overriding: dropout = 0.0
Overriding: learning_rate = 0.0005
Overriding: out_dir = runs/swiglu_lr5e-4
Overriding: mlp_type = swiglu
tokens per iteration will be: 768
found vocab_size = 65 (inside data/shakespeare_char/meta.pkl)
Initializing a new model from scratch
number of parameters: 0.80M
train.py:203: FutureWarning: `torch.cuda.amp.GradScaler(args...)` is deprecated. Please use `torch.amp.GradScaler('cuda', args...)` instead.
  scaler = torch.cuda.amp.GradScaler(enabled=(dtype == 'float16'))
.venv/lib/python3.13/site-packages/torch/cuda/amp/grad_scaler.py:31: UserWarning: torch.cuda.amp.GradScaler is enabled, but CUDA is not available.  Disabling.
  super().__init__(
num decayed parameter tensors: 22, with 802,432 parameters
num non-decayed parameter tensors: 9, with 1,152 parameters
using fused AdamW: False
step 0: train loss 4.2241, val loss 4.2188
iter 0: loss 4.2318, time 1525.86ms, mfu -100.00%
iter 10: loss 4.0079, time 13.15ms, mfu 0.10%
iter 20: loss 3.6929, time 13.74ms, mfu 0.10%
iter 30: loss 3.5690, time 13.39ms, mfu 0.10%
iter 40: loss 3.4937, time 13.51ms, mfu 0.10%
iter 50: loss 3.3499, time 13.54ms, mfu 0.10%
iter 60: loss 3.1433, time 13.57ms, mfu 0.10%
iter 70: loss 3.0206, time 13.86ms, mfu 0.10%
iter 80: loss 2.9289, time 13.86ms, mfu 0.09%
iter 90: loss 2.8166, time 13.94ms, mfu 0.09%
iter 100: loss 2.6686, time 13.85ms, mfu 0.09%
iter 110: loss 2.6479, time 13.50ms, mfu 0.09%
iter 120: loss 2.6347, time 13.34ms, mfu 0.09%
iter 130: loss 2.5615, time 13.56ms, mfu 0.09%
iter 140: loss 2.5757, time 13.97ms, mfu 0.09%
iter 150: loss 2.5425, time 13.61ms, mfu 0.09%
iter 160: loss 2.5619, time 13.57ms, mfu 0.09%
iter 170: loss 2.4908, time 13.30ms, mfu 0.09%
iter 180: loss 2.4872, time 13.87ms, mfu 0.09%
iter 190: loss 2.4580, time 14.59ms, mfu 0.09%
iter 200: loss 2.4279, time 13.65ms, mfu 0.09%
iter 210: loss 2.4192, time 13.71ms, mfu 0.09%
iter 220: loss 2.4230, time 13.29ms, mfu 0.09%
iter 230: loss 2.4162, time 13.90ms, mfu 0.09%
iter 240: loss 2.3598, time 13.62ms, mfu 0.09%
step 250: train loss 2.4302, val loss 2.4484
saving checkpoint to runs/swiglu_lr5e-4
iter 250: loss 2.4360, time 1741.63ms, mfu 0.08%
iter 260: loss 2.4376, time 13.56ms, mfu 0.08%
iter 270: loss 2.4002, time 13.64ms, mfu 0.09%
iter 280: loss 2.3804, time 13.62ms, mfu 0.09%
iter 290: loss 2.4182, time 13.67ms, mfu 0.09%
iter 300: loss 2.3378, time 13.79ms, mfu 0.09%
iter 310: loss 2.4323, time 13.81ms, mfu 0.09%
iter 320: loss 2.3525, time 13.47ms, mfu 0.09%
iter 330: loss 2.4133, time 13.52ms, mfu 0.09%
iter 340: loss 2.3929, time 13.46ms, mfu 0.09%
iter 350: loss 2.3102, time 13.76ms, mfu 0.09%
iter 360: loss 2.3613, time 13.49ms, mfu 0.09%
iter 370: loss 2.3033, time 13.96ms, mfu 0.09%
iter 380: loss 2.2579, time 13.32ms, mfu 0.09%
iter 390: loss 2.2977, time 13.88ms, mfu 0.09%
iter 400: loss 2.3677, time 13.43ms, mfu 0.09%
iter 410: loss 2.3191, time 13.24ms, mfu 0.09%
iter 420: loss 2.2327, time 13.31ms, mfu 0.09%
iter 430: loss 2.2624, time 13.50ms, mfu 0.09%
iter 440: loss 2.3559, time 13.35ms, mfu 0.09%
iter 450: loss 2.2444, time 13.62ms, mfu 0.09%
iter 460: loss 2.2997, time 13.41ms, mfu 0.09%
iter 470: loss 2.2791, time 13.23ms, mfu 0.09%
iter 480: loss 2.2656, time 13.46ms, mfu 0.09%
iter 490: loss 2.1971, time 14.12ms, mfu 0.09%
step 500: train loss 2.2475, val loss 2.2810
saving checkpoint to runs/swiglu_lr5e-4
iter 500: loss 2.2248, time 1648.25ms, mfu 0.08%
iter 510: loss 2.2589, time 13.51ms, mfu 0.08%
iter 520: loss 2.3213, time 16.30ms, mfu 0.08%
iter 530: loss 2.1885, time 13.37ms, mfu 0.09%
iter 540: loss 2.1526, time 13.39ms, mfu 0.09%
iter 550: loss 2.1988, time 13.63ms, mfu 0.09%
iter 560: loss 2.2545, time 13.53ms, mfu 0.09%
iter 570: loss 2.2443, time 13.13ms, mfu 0.09%
iter 580: loss 2.2509, time 15.72ms, mfu 0.09%
iter 590: loss 2.1909, time 13.41ms, mfu 0.09%
iter 600: loss 2.1202, time 13.84ms, mfu 0.09%
iter 610: loss 2.1609, time 13.48ms, mfu 0.09%
iter 620: loss 2.2388, time 14.13ms, mfu 0.09%
iter 630: loss 2.2811, time 13.84ms, mfu 0.09%
iter 640: loss 2.2624, time 13.73ms, mfu 0.09%
iter 650: loss 2.2274, time 13.45ms, mfu 0.09%
iter 660: loss 2.2275, time 13.68ms, mfu 0.09%
iter 670: loss 2.1184, time 13.99ms, mfu 0.09%
iter 680: loss 2.1521, time 13.64ms, mfu 0.09%
iter 690: loss 2.1260, time 16.52ms, mfu 0.09%
iter 700: loss 2.0529, time 13.75ms, mfu 0.09%
iter 710: loss 2.1055, time 13.61ms, mfu 0.09%
iter 720: loss 2.1229, time 14.16ms, mfu 0.09%
iter 730: loss 2.1037, time 13.31ms, mfu 0.09%
iter 740: loss 2.0935, time 14.01ms, mfu 0.09%
step 750: train loss 2.0854, val loss 2.1302
saving checkpoint to runs/swiglu_lr5e-4
iter 750: loss 2.0854, time 1620.34ms, mfu 0.08%
iter 760: loss 2.1009, time 14.38ms, mfu 0.08%
iter 770: loss 2.1576, time 13.41ms, mfu 0.08%
iter 780: loss 2.0837, time 13.93ms, mfu 0.08%
iter 790: loss 2.1369, time 13.56ms, mfu 0.09%
iter 800: loss 2.0843, time 13.88ms, mfu 0.09%
iter 810: loss 2.1231, time 13.85ms, mfu 0.09%
iter 820: loss 2.0010, time 13.83ms, mfu 0.09%
iter 830: loss 2.1472, time 13.80ms, mfu 0.09%
iter 840: loss 2.0202, time 13.39ms, mfu 0.09%
iter 850: loss 2.0453, time 13.83ms, mfu 0.09%
iter 860: loss 2.0316, time 13.42ms, mfu 0.09%
iter 870: loss 2.0606, time 13.27ms, mfu 0.09%
iter 880: loss 2.0654, time 13.66ms, mfu 0.09%
iter 890: loss 1.9954, time 13.88ms, mfu 0.09%
iter 900: loss 1.9972, time 14.10ms, mfu 0.09%
iter 910: loss 1.9861, time 13.58ms, mfu 0.09%
iter 920: loss 2.0290, time 14.11ms, mfu 0.09%
iter 930: loss 2.0413, time 13.78ms, mfu 0.09%
iter 940: loss 1.9653, time 14.06ms, mfu 0.09%
iter 950: loss 1.9646, time 13.61ms, mfu 0.09%
iter 960: loss 2.0182, time 16.02ms, mfu 0.09%
iter 970: loss 1.9906, time 14.20ms, mfu 0.09%
iter 980: loss 1.8092, time 17.25ms, mfu 0.09%
iter 990: loss 1.9849, time 13.65ms, mfu 0.09%
step 1000: train loss 1.9535, val loss 2.0424
saving checkpoint to runs/swiglu_lr5e-4
iter 1000: loss 2.0113, time 1683.37ms, mfu 0.08%
iter 1010: loss 1.8705, time 13.84ms, mfu 0.08%
iter 1020: loss 1.9412, time 13.26ms, mfu 0.08%
iter 1030: loss 1.8716, time 15.71ms, mfu 0.08%
iter 1040: loss 1.9455, time 13.69ms, mfu 0.08%
iter 1050: loss 1.9252, time 13.96ms, mfu 0.08%
iter 1060: loss 1.9246, time 13.87ms, mfu 0.08%
iter 1070: loss 1.9039, time 13.52ms, mfu 0.09%
iter 1080: loss 1.9365, time 13.34ms, mfu 0.09%
iter 1090: loss 1.8501, time 13.57ms, mfu 0.09%
iter 1100: loss 1.9913, time 13.69ms, mfu 0.09%
iter 1110: loss 1.9552, time 13.86ms, mfu 0.09%
iter 1120: loss 1.8871, time 14.37ms, mfu 0.09%
iter 1130: loss 1.8872, time 13.14ms, mfu 0.09%
iter 1140: loss 1.8240, time 13.45ms, mfu 0.09%
iter 1150: loss 1.9443, time 13.44ms, mfu 0.09%
iter 1160: loss 1.9996, time 13.85ms, mfu 0.09%
iter 1170: loss 1.9225, time 13.55ms, mfu 0.09%
iter 1180: loss 1.9702, time 13.37ms, mfu 0.09%
iter 1190: loss 1.9577, time 13.91ms, mfu 0.09%
iter 1200: loss 1.9326, time 13.95ms, mfu 0.09%
iter 1210: loss 1.8523, time 13.93ms, mfu 0.09%
iter 1220: loss 1.8536, time 13.93ms, mfu 0.09%
iter 1230: loss 1.9225, time 13.86ms, mfu 0.09%
iter 1240: loss 1.8746, time 13.37ms, mfu 0.09%
step 1250: train loss 1.8559, val loss 1.9807
saving checkpoint to runs/swiglu_lr5e-4
iter 1250: loss 1.9530, time 1606.24ms, mfu 0.08%
iter 1260: loss 1.8761, time 13.37ms, mfu 0.08%
iter 1270: loss 1.8789, time 13.77ms, mfu 0.08%
iter 1280: loss 1.8616, time 13.80ms, mfu 0.09%
iter 1290: loss 1.8696, time 13.66ms, mfu 0.09%
iter 1300: loss 1.9113, time 14.16ms, mfu 0.09%
iter 1310: loss 1.8488, time 14.40ms, mfu 0.09%
iter 1320: loss 1.8656, time 13.84ms, mfu 0.09%
iter 1330: loss 1.7603, time 14.18ms, mfu 0.09%
iter 1340: loss 1.8142, time 14.04ms, mfu 0.09%
iter 1350: loss 1.8355, time 13.84ms, mfu 0.09%
iter 1360: loss 1.8134, time 13.69ms, mfu 0.09%
iter 1370: loss 1.8491, time 13.31ms, mfu 0.09%
iter 1380: loss 1.8765, time 13.60ms, mfu 0.09%
iter 1390: loss 1.8526, time 15.22ms, mfu 0.09%
iter 1400: loss 1.6888, time 13.89ms, mfu 0.09%
iter 1410: loss 1.8444, time 13.55ms, mfu 0.09%
iter 1420: loss 1.8099, time 13.47ms, mfu 0.09%
iter 1430: loss 1.9875, time 13.81ms, mfu 0.09%
iter 1440: loss 1.6575, time 13.60ms, mfu 0.09%
iter 1450: loss 1.8024, time 13.54ms, mfu 0.09%
iter 1460: loss 1.7732, time 13.68ms, mfu 0.09%
iter 1470: loss 1.7790, time 13.42ms, mfu 0.09%
iter 1480: loss 1.7838, time 13.55ms, mfu 0.09%
iter 1490: loss 1.8701, time 13.87ms, mfu 0.09%
step 1500: train loss 1.8015, val loss 1.9247
saving checkpoint to runs/swiglu_lr5e-4
iter 1500: loss 1.8549, time 1771.53ms, mfu 0.08%
iter 1510: loss 1.6801, time 17.68ms, mfu 0.08%
iter 1520: loss 1.8622, time 13.98ms, mfu 0.08%
iter 1530: loss 1.7640, time 13.49ms, mfu 0.08%
iter 1540: loss 1.8930, time 13.23ms, mfu 0.08%
iter 1550: loss 1.7956, time 13.42ms, mfu 0.09%
iter 1560: loss 1.7184, time 17.74ms, mfu 0.08%
iter 1570: loss 1.8158, time 15.27ms, mfu 0.08%
iter 1580: loss 1.8596, time 13.78ms, mfu 0.09%
iter 1590: loss 1.7534, time 16.59ms, mfu 0.08%
iter 1600: loss 1.8192, time 13.71ms, mfu 0.09%
iter 1610: loss 1.7231, time 13.77ms, mfu 0.09%
iter 1620: loss 1.7241, time 13.78ms, mfu 0.09%
iter 1630: loss 1.6606, time 16.89ms, mfu 0.09%
iter 1640: loss 1.6778, time 14.03ms, mfu 0.09%
iter 1650: loss 1.8162, time 14.09ms, mfu 0.09%
iter 1660: loss 1.7399, time 14.14ms, mfu 0.09%
iter 1670: loss 1.8114, time 13.81ms, mfu 0.09%
iter 1680: loss 1.7456, time 13.71ms, mfu 0.09%
iter 1690: loss 1.8053, time 14.05ms, mfu 0.09%
iter 1700: loss 1.7873, time 14.24ms, mfu 0.09%
iter 1710: loss 1.8379, time 14.01ms, mfu 0.09%
iter 1720: loss 1.7483, time 13.99ms, mfu 0.09%
iter 1730: loss 1.7303, time 14.18ms, mfu 0.09%
iter 1740: loss 1.7434, time 13.87ms, mfu 0.09%
step 1750: train loss 1.7512, val loss 1.8882
saving checkpoint to runs/swiglu_lr5e-4
iter 1750: loss 1.7464, time 1707.29ms, mfu 0.08%
iter 1760: loss 1.7813, time 14.07ms, mfu 0.08%
iter 1770: loss 1.8099, time 13.73ms, mfu 0.08%
iter 1780: loss 1.8046, time 13.39ms, mfu 0.08%
iter 1790: loss 1.7405, time 13.96ms, mfu 0.08%
iter 1800: loss 1.7780, time 14.25ms, mfu 0.08%
iter 1810: loss 1.7791, time 14.14ms, mfu 0.09%
iter 1820: loss 1.6979, time 13.50ms, mfu 0.09%
iter 1830: loss 1.6238, time 13.80ms, mfu 0.09%
iter 1840: loss 1.7053, time 13.53ms, mfu 0.09%
iter 1850: loss 1.9268, time 13.86ms, mfu 0.09%
iter 1860: loss 1.8321, time 13.64ms, mfu 0.09%
iter 1870: loss 1.7266, time 13.86ms, mfu 0.09%
iter 1880: loss 1.8031, time 13.54ms, mfu 0.09%
iter 1890: loss 1.8993, time 15.94ms, mfu 0.09%
iter 1900: loss 1.7138, time 13.96ms, mfu 0.09%
iter 1910: loss 1.6368, time 13.81ms, mfu 0.09%
iter 1920: loss 1.7499, time 13.94ms, mfu 0.09%
iter 1930: loss 1.6300, time 13.68ms, mfu 0.09%
iter 1940: loss 1.6867, time 14.21ms, mfu 0.09%
iter 1950: loss 1.7116, time 14.33ms, mfu 0.09%
iter 1960: loss 1.6767, time 13.94ms, mfu 0.09%
iter 1970: loss 1.7771, time 13.53ms, mfu 0.09%
iter 1980: loss 1.7317, time 14.00ms, mfu 0.09%
iter 1990: loss 1.7611, time 13.84ms, mfu 0.09%
step 2000: train loss 1.7245, val loss 1.8648
saving checkpoint to runs/swiglu_lr5e-4
iter 2000: loss 1.7638, time 1700.46ms, mfu 0.08%
