Overriding config with config/train_shakespeare_char.py:
# train a miniature character-level shakespeare model
# good for debugging and playing on macbooks and such

out_dir = 'out-shakespeare-char'
eval_interval = 250 # keep frequent because we'll overfit
eval_iters = 200
log_interval = 10 # don't print too too often

# we expect to overfit on this small dataset, so only save when val improves
always_save_checkpoint = False

wandb_log = False # override via command line if you like
wandb_project = 'shakespeare-char'
wandb_run_name = 'mini-gpt'

dataset = 'shakespeare_char'
gradient_accumulation_steps = 1
batch_size = 64
block_size = 256 # context of up to 256 previous characters

# baby GPT model :)
n_layer = 6
n_head = 6
n_embd = 384
dropout = 0.2

learning_rate = 1e-3 # with baby networks can afford to go a bit higher
max_iters = 5000
lr_decay_iters = 5000 # make equal to max_iters usually
min_lr = 1e-4 # learning_rate / 10 usually
beta2 = 0.99 # make a bit bigger because number of tokens per iter is small

warmup_iters = 100 # not super necessary potentially

# on macbook also add
# device = 'cpu'  # run on cpu only
# compile = False # do not torch compile the model

Overriding: device = cpu
Overriding: compile = False
Overriding: eval_iters = 200
Overriding: log_interval = 10
Overriding: block_size = 64
Overriding: batch_size = 12
Overriding: n_layer = 4
Overriding: n_head = 4
Overriding: n_embd = 128
Overriding: max_iters = 2000
Overriding: lr_decay_iters = 2000
Overriding: dropout = 0.0
Overriding: learning_rate = 0.004
Overriding: out_dir = runs/rope_lr4e-3
Overriding: pos_type = rope
tokens per iteration will be: 768
found vocab_size = 65 (inside data/shakespeare_char/meta.pkl)
Initializing a new model from scratch
number of parameters: 0.80M
train.py:203: FutureWarning: `torch.cuda.amp.GradScaler(args...)` is deprecated. Please use `torch.amp.GradScaler('cuda', args...)` instead.
  scaler = torch.cuda.amp.GradScaler(enabled=(dtype == 'float16'))
.venv/lib/python3.13/site-packages/torch/cuda/amp/grad_scaler.py:31: UserWarning: torch.cuda.amp.GradScaler is enabled, but CUDA is not available.  Disabling.
  super().__init__(
num decayed parameter tensors: 17, with 794,752 parameters
num non-decayed parameter tensors: 9, with 1,152 parameters
using fused AdamW: False
step 0: train loss 4.1996, val loss 4.1984
iter 0: loss 4.1948, time 2123.13ms, mfu -100.00%
iter 10: loss 3.5092, time 16.36ms, mfu 0.08%
iter 20: loss 3.0812, time 16.72ms, mfu 0.08%
iter 30: loss 2.8328, time 16.05ms, mfu 0.08%
iter 40: loss 2.6970, time 16.66ms, mfu 0.08%
iter 50: loss 2.5991, time 19.91ms, mfu 0.08%
iter 60: loss 2.5938, time 17.38ms, mfu 0.08%
iter 70: loss 2.4829, time 16.62ms, mfu 0.08%
iter 80: loss 2.4418, time 16.45ms, mfu 0.08%
iter 90: loss 2.3758, time 16.36ms, mfu 0.08%
iter 100: loss 2.3644, time 16.07ms, mfu 0.08%
iter 110: loss 2.4018, time 19.97ms, mfu 0.08%
iter 120: loss 2.3266, time 16.50ms, mfu 0.08%
iter 130: loss 2.3608, time 17.02ms, mfu 0.08%
iter 140: loss 2.3085, time 16.81ms, mfu 0.08%
iter 150: loss 2.3441, time 16.70ms, mfu 0.08%
iter 160: loss 2.2948, time 16.48ms, mfu 0.08%
iter 170: loss 2.2784, time 16.57ms, mfu 0.08%
iter 180: loss 2.2682, time 16.97ms, mfu 0.08%
iter 190: loss 2.2803, time 16.25ms, mfu 0.08%
iter 200: loss 2.2630, time 17.17ms, mfu 0.08%
iter 210: loss 2.2840, time 16.34ms, mfu 0.08%
iter 220: loss 2.2333, time 16.22ms, mfu 0.08%
iter 230: loss 2.2420, time 16.58ms, mfu 0.08%
iter 240: loss 2.1891, time 17.41ms, mfu 0.08%
step 250: train loss 2.2136, val loss 2.2232
saving checkpoint to runs/rope_lr4e-3
iter 250: loss 2.2395, time 2286.46ms, mfu 0.07%
iter 260: loss 2.0874, time 19.79ms, mfu 0.07%
iter 270: loss 2.1667, time 17.14ms, mfu 0.07%
iter 280: loss 2.1621, time 16.69ms, mfu 0.07%
iter 290: loss 2.2101, time 16.28ms, mfu 0.07%
iter 300: loss 2.0518, time 16.78ms, mfu 0.07%
iter 310: loss 2.1840, time 16.70ms, mfu 0.07%
iter 320: loss 2.1259, time 16.77ms, mfu 0.07%
iter 330: loss 2.0498, time 16.67ms, mfu 0.07%
iter 340: loss 2.0968, time 17.24ms, mfu 0.07%
iter 350: loss 2.0495, time 15.91ms, mfu 0.07%
iter 360: loss 2.1452, time 16.67ms, mfu 0.07%
iter 370: loss 1.9754, time 16.64ms, mfu 0.07%
iter 380: loss 2.1770, time 16.21ms, mfu 0.07%
iter 390: loss 2.2843, time 17.06ms, mfu 0.07%
iter 400: loss 2.1564, time 16.54ms, mfu 0.07%
iter 410: loss 2.0291, time 16.86ms, mfu 0.07%
iter 420: loss 2.0071, time 16.74ms, mfu 0.07%
iter 430: loss 2.1568, time 17.39ms, mfu 0.07%
iter 440: loss 1.9615, time 17.06ms, mfu 0.07%
iter 450: loss 2.0532, time 16.85ms, mfu 0.07%
iter 460: loss 2.0884, time 16.95ms, mfu 0.07%
iter 470: loss 2.0043, time 16.94ms, mfu 0.07%
iter 480: loss 1.9019, time 17.24ms, mfu 0.07%
iter 490: loss 1.9758, time 17.11ms, mfu 0.07%
step 500: train loss 2.0106, val loss 2.0842
saving checkpoint to runs/rope_lr4e-3
iter 500: loss 2.0507, time 2192.95ms, mfu 0.07%
iter 510: loss 2.0129, time 17.11ms, mfu 0.07%
iter 520: loss 2.0583, time 16.71ms, mfu 0.07%
iter 530: loss 1.8957, time 16.60ms, mfu 0.07%
iter 540: loss 1.9337, time 16.53ms, mfu 0.07%
iter 550: loss 1.9544, time 16.69ms, mfu 0.07%
iter 560: loss 2.0124, time 16.96ms, mfu 0.07%
iter 570: loss 2.0022, time 20.34ms, mfu 0.07%
iter 580: loss 1.9561, time 17.61ms, mfu 0.07%
iter 590: loss 2.0177, time 16.51ms, mfu 0.07%
iter 600: loss 2.0563, time 16.56ms, mfu 0.07%
iter 610: loss 1.8779, time 16.81ms, mfu 0.07%
iter 620: loss 1.8943, time 19.87ms, mfu 0.07%
iter 630: loss 1.8868, time 16.38ms, mfu 0.07%
iter 640: loss 1.9557, time 17.46ms, mfu 0.07%
iter 650: loss 1.9307, time 16.73ms, mfu 0.07%
iter 660: loss 1.9430, time 16.60ms, mfu 0.07%
iter 670: loss 1.9047, time 16.93ms, mfu 0.07%
iter 680: loss 1.9111, time 16.51ms, mfu 0.07%
iter 690: loss 1.8849, time 17.01ms, mfu 0.07%
iter 700: loss 1.9860, time 17.15ms, mfu 0.07%
iter 710: loss 1.9315, time 16.80ms, mfu 0.07%
iter 720: loss 1.8499, time 16.44ms, mfu 0.07%
iter 730: loss 1.8664, time 17.15ms, mfu 0.07%
iter 740: loss 1.8889, time 16.98ms, mfu 0.07%
step 750: train loss 1.8960, val loss 2.0048
saving checkpoint to runs/rope_lr4e-3
iter 750: loss 1.8675, time 2364.62ms, mfu 0.07%
iter 760: loss 1.8877, time 16.24ms, mfu 0.07%
iter 770: loss 1.8652, time 17.02ms, mfu 0.07%
iter 780: loss 1.8100, time 17.16ms, mfu 0.07%
iter 790: loss 1.7918, time 16.50ms, mfu 0.07%
iter 800: loss 1.9168, time 16.33ms, mfu 0.07%
iter 810: loss 1.8703, time 16.78ms, mfu 0.07%
iter 820: loss 1.8271, time 16.55ms, mfu 0.07%
iter 830: loss 1.8171, time 16.80ms, mfu 0.07%
iter 840: loss 1.7388, time 17.23ms, mfu 0.07%
iter 850: loss 1.8631, time 16.69ms, mfu 0.07%
iter 860: loss 1.9547, time 16.80ms, mfu 0.07%
iter 870: loss 1.8006, time 16.82ms, mfu 0.07%
iter 880: loss 1.7254, time 16.84ms, mfu 0.07%
iter 890: loss 1.8514, time 17.62ms, mfu 0.07%
iter 900: loss 1.9011, time 16.38ms, mfu 0.07%
iter 910: loss 1.6750, time 16.63ms, mfu 0.07%
iter 920: loss 2.0056, time 16.80ms, mfu 0.07%
iter 930: loss 1.8680, time 17.13ms, mfu 0.07%
iter 940: loss 1.8509, time 17.15ms, mfu 0.07%
iter 950: loss 1.8091, time 17.17ms, mfu 0.07%
iter 960: loss 1.7760, time 16.47ms, mfu 0.07%
iter 970: loss 1.8265, time 16.93ms, mfu 0.07%
iter 980: loss 1.7706, time 16.94ms, mfu 0.07%
iter 990: loss 1.8511, time 16.93ms, mfu 0.07%
step 1000: train loss 1.7976, val loss 1.9193
saving checkpoint to runs/rope_lr4e-3
iter 1000: loss 1.7774, time 2177.34ms, mfu 0.07%
iter 1010: loss 1.8918, time 16.41ms, mfu 0.07%
iter 1020: loss 1.7712, time 17.07ms, mfu 0.07%
iter 1030: loss 1.8157, time 16.91ms, mfu 0.07%
iter 1040: loss 1.7229, time 16.77ms, mfu 0.07%
iter 1050: loss 1.8024, time 16.32ms, mfu 0.07%
iter 1060: loss 1.8322, time 17.50ms, mfu 0.07%
iter 1070: loss 1.8595, time 16.77ms, mfu 0.07%
iter 1080: loss 1.8323, time 16.66ms, mfu 0.07%
iter 1090: loss 1.7314, time 16.80ms, mfu 0.07%
iter 1100: loss 1.7089, time 16.70ms, mfu 0.07%
iter 1110: loss 1.7236, time 16.72ms, mfu 0.07%
iter 1120: loss 1.7188, time 16.75ms, mfu 0.07%
iter 1130: loss 1.7909, time 16.88ms, mfu 0.07%
iter 1140: loss 1.8031, time 17.23ms, mfu 0.07%
iter 1150: loss 1.7820, time 16.64ms, mfu 0.07%
iter 1160: loss 1.6469, time 17.33ms, mfu 0.07%
iter 1170: loss 1.6679, time 17.28ms, mfu 0.07%
iter 1180: loss 1.7598, time 16.82ms, mfu 0.07%
iter 1190: loss 1.7103, time 16.76ms, mfu 0.07%
iter 1200: loss 1.6212, time 20.08ms, mfu 0.07%
iter 1210: loss 1.6207, time 17.13ms, mfu 0.07%
iter 1220: loss 1.5930, time 17.03ms, mfu 0.07%
iter 1230: loss 1.7495, time 16.42ms, mfu 0.07%
iter 1240: loss 1.6865, time 16.70ms, mfu 0.07%
step 1250: train loss 1.6995, val loss 1.8456
saving checkpoint to runs/rope_lr4e-3
iter 1250: loss 1.5660, time 2272.94ms, mfu 0.07%
iter 1260: loss 1.5526, time 17.05ms, mfu 0.07%
iter 1270: loss 1.6044, time 17.40ms, mfu 0.07%
iter 1280: loss 1.7426, time 16.74ms, mfu 0.07%
iter 1290: loss 1.5967, time 16.88ms, mfu 0.07%
iter 1300: loss 1.6200, time 17.24ms, mfu 0.07%
iter 1310: loss 1.6315, time 17.03ms, mfu 0.07%
iter 1320: loss 1.6954, time 17.05ms, mfu 0.07%
iter 1330: loss 1.6973, time 16.11ms, mfu 0.07%
iter 1340: loss 1.5954, time 17.26ms, mfu 0.07%
iter 1350: loss 1.7457, time 17.01ms, mfu 0.07%
iter 1360: loss 1.6744, time 16.99ms, mfu 0.07%
iter 1370: loss 1.6395, time 17.19ms, mfu 0.07%
iter 1380: loss 1.6691, time 16.58ms, mfu 0.07%
iter 1390: loss 1.7593, time 17.05ms, mfu 0.07%
iter 1400: loss 1.6712, time 19.26ms, mfu 0.07%
iter 1410: loss 1.6458, time 17.10ms, mfu 0.07%
iter 1420: loss 1.6226, time 16.93ms, mfu 0.07%
iter 1430: loss 1.6964, time 20.72ms, mfu 0.07%
iter 1440: loss 1.6566, time 17.36ms, mfu 0.07%
iter 1450: loss 1.7236, time 17.23ms, mfu 0.07%
iter 1460: loss 1.6675, time 17.33ms, mfu 0.07%
iter 1470: loss 1.6941, time 16.51ms, mfu 0.07%
iter 1480: loss 1.6334, time 18.23ms, mfu 0.07%
iter 1490: loss 1.6208, time 16.58ms, mfu 0.07%
step 1500: train loss 1.6272, val loss 1.8027
saving checkpoint to runs/rope_lr4e-3
iter 1500: loss 1.4932, time 2307.32ms, mfu 0.07%
iter 1510: loss 1.5794, time 16.11ms, mfu 0.07%
iter 1520: loss 1.7065, time 17.03ms, mfu 0.07%
iter 1530: loss 1.5497, time 17.15ms, mfu 0.07%
iter 1540: loss 1.6799, time 17.16ms, mfu 0.07%
iter 1550: loss 1.6041, time 16.89ms, mfu 0.07%
iter 1560: loss 1.7068, time 16.55ms, mfu 0.07%
iter 1570: loss 1.5842, time 16.67ms, mfu 0.07%
iter 1580: loss 1.4721, time 16.99ms, mfu 0.07%
iter 1590: loss 1.5435, time 17.28ms, mfu 0.07%
iter 1600: loss 1.6552, time 16.78ms, mfu 0.07%
iter 1610: loss 1.6356, time 16.39ms, mfu 0.07%
iter 1620: loss 1.5349, time 16.94ms, mfu 0.07%
iter 1630: loss 1.6033, time 17.02ms, mfu 0.07%
iter 1640: loss 1.6414, time 17.20ms, mfu 0.07%
iter 1650: loss 1.6497, time 17.00ms, mfu 0.07%
iter 1660: loss 1.6090, time 16.92ms, mfu 0.07%
iter 1670: loss 1.6463, time 16.81ms, mfu 0.07%
iter 1680: loss 1.6925, time 17.52ms, mfu 0.07%
iter 1690: loss 1.5660, time 16.91ms, mfu 0.07%
iter 1700: loss 1.4959, time 16.70ms, mfu 0.07%
iter 1710: loss 1.5706, time 16.54ms, mfu 0.07%
iter 1720: loss 1.5830, time 16.96ms, mfu 0.07%
iter 1730: loss 1.6064, time 16.80ms, mfu 0.07%
iter 1740: loss 1.4838, time 17.08ms, mfu 0.07%
step 1750: train loss 1.5859, val loss 1.7571
saving checkpoint to runs/rope_lr4e-3
iter 1750: loss 1.5567, time 2256.11ms, mfu 0.07%
iter 1760: loss 1.5472, time 17.35ms, mfu 0.07%
iter 1770: loss 1.4869, time 17.47ms, mfu 0.07%
iter 1780: loss 1.5962, time 16.83ms, mfu 0.07%
iter 1790: loss 1.5403, time 16.61ms, mfu 0.07%
iter 1800: loss 1.6955, time 16.93ms, mfu 0.07%
iter 1810: loss 1.6387, time 17.77ms, mfu 0.07%
iter 1820: loss 1.7042, time 20.54ms, mfu 0.07%
iter 1830: loss 1.5691, time 16.62ms, mfu 0.07%
iter 1840: loss 1.6274, time 17.18ms, mfu 0.07%
iter 1850: loss 1.6455, time 17.13ms, mfu 0.07%
iter 1860: loss 1.5513, time 17.68ms, mfu 0.07%
iter 1870: loss 1.6212, time 17.62ms, mfu 0.07%
iter 1880: loss 1.7202, time 18.28ms, mfu 0.07%
iter 1890: loss 1.4856, time 16.65ms, mfu 0.07%
iter 1900: loss 1.6862, time 17.49ms, mfu 0.07%
iter 1910: loss 1.6067, time 16.70ms, mfu 0.07%
iter 1920: loss 1.6126, time 16.97ms, mfu 0.07%
iter 1930: loss 1.5816, time 17.51ms, mfu 0.07%
iter 1940: loss 1.6726, time 16.81ms, mfu 0.07%
iter 1950: loss 1.5566, time 16.72ms, mfu 0.07%
iter 1960: loss 1.5368, time 16.77ms, mfu 0.07%
iter 1970: loss 1.5779, time 17.49ms, mfu 0.07%
iter 1980: loss 1.5361, time 17.08ms, mfu 0.07%
iter 1990: loss 1.5535, time 16.64ms, mfu 0.07%
step 2000: train loss 1.5626, val loss 1.7461
saving checkpoint to runs/rope_lr4e-3
iter 2000: loss 1.5191, time 2327.09ms, mfu 0.07%
