Overriding config with config/train_shakespeare_char.py:
# train a miniature character-level shakespeare model
# good for debugging and playing on macbooks and such

out_dir = 'out-shakespeare-char'
eval_interval = 250 # keep frequent because we'll overfit
eval_iters = 200
log_interval = 10 # don't print too too often

# we expect to overfit on this small dataset, so only save when val improves
always_save_checkpoint = False

wandb_log = False # override via command line if you like
wandb_project = 'shakespeare-char'
wandb_run_name = 'mini-gpt'

dataset = 'shakespeare_char'
gradient_accumulation_steps = 1
batch_size = 64
block_size = 256 # context of up to 256 previous characters

# baby GPT model :)
n_layer = 6
n_head = 6
n_embd = 384
dropout = 0.2

learning_rate = 1e-3 # with baby networks can afford to go a bit higher
max_iters = 5000
lr_decay_iters = 5000 # make equal to max_iters usually
min_lr = 1e-4 # learning_rate / 10 usually
beta2 = 0.99 # make a bit bigger because number of tokens per iter is small

warmup_iters = 100 # not super necessary potentially

# on macbook also add
# device = 'cpu'  # run on cpu only
# compile = False # do not torch compile the model

Overriding: device = cpu
Overriding: compile = False
Overriding: eval_iters = 200
Overriding: log_interval = 10
Overriding: block_size = 64
Overriding: batch_size = 12
Overriding: n_layer = 4
Overriding: n_head = 4
Overriding: n_embd = 128
Overriding: max_iters = 2000
Overriding: lr_decay_iters = 2000
Overriding: dropout = 0.0
Overriding: learning_rate = 0.002
Overriding: out_dir = runs/rope_lr2e-3
Overriding: pos_type = rope
tokens per iteration will be: 768
found vocab_size = 65 (inside data/shakespeare_char/meta.pkl)
Initializing a new model from scratch
number of parameters: 0.80M
train.py:203: FutureWarning: `torch.cuda.amp.GradScaler(args...)` is deprecated. Please use `torch.amp.GradScaler('cuda', args...)` instead.
  scaler = torch.cuda.amp.GradScaler(enabled=(dtype == 'float16'))
.venv/lib/python3.13/site-packages/torch/cuda/amp/grad_scaler.py:31: UserWarning: torch.cuda.amp.GradScaler is enabled, but CUDA is not available.  Disabling.
  super().__init__(
num decayed parameter tensors: 17, with 794,752 parameters
num non-decayed parameter tensors: 9, with 1,152 parameters
using fused AdamW: False
step 0: train loss 4.1996, val loss 4.1984
iter 0: loss 4.1948, time 2124.50ms, mfu -100.00%
iter 10: loss 3.6493, time 17.94ms, mfu 0.07%
iter 20: loss 3.2822, time 18.75ms, mfu 0.07%
iter 30: loss 3.0274, time 18.25ms, mfu 0.07%
iter 40: loss 2.8451, time 19.08ms, mfu 0.07%
iter 50: loss 2.7137, time 19.02ms, mfu 0.07%
iter 60: loss 2.6896, time 18.49ms, mfu 0.07%
iter 70: loss 2.5455, time 18.29ms, mfu 0.07%
iter 80: loss 2.5085, time 19.30ms, mfu 0.07%
iter 90: loss 2.3790, time 19.65ms, mfu 0.07%
iter 100: loss 2.3963, time 18.96ms, mfu 0.07%
iter 110: loss 2.4007, time 19.78ms, mfu 0.07%
iter 120: loss 2.3148, time 19.53ms, mfu 0.07%
iter 130: loss 2.3566, time 20.05ms, mfu 0.07%
iter 140: loss 2.2982, time 19.69ms, mfu 0.07%
iter 150: loss 2.3561, time 18.49ms, mfu 0.07%
iter 160: loss 2.2762, time 19.19ms, mfu 0.07%
iter 170: loss 2.2453, time 19.60ms, mfu 0.07%
iter 180: loss 2.2508, time 19.49ms, mfu 0.07%
iter 190: loss 2.2327, time 19.29ms, mfu 0.07%
iter 200: loss 2.2193, time 19.17ms, mfu 0.07%
iter 210: loss 2.2945, time 18.79ms, mfu 0.07%
iter 220: loss 2.2095, time 18.11ms, mfu 0.07%
iter 230: loss 2.2077, time 20.07ms, mfu 0.07%
iter 240: loss 2.1917, time 20.23ms, mfu 0.07%
step 250: train loss 2.1910, val loss 2.2031
saving checkpoint to runs/rope_lr2e-3
iter 250: loss 2.2106, time 2433.05ms, mfu 0.06%
iter 260: loss 2.0577, time 21.93ms, mfu 0.06%
iter 270: loss 2.0997, time 21.83ms, mfu 0.06%
iter 280: loss 2.1473, time 18.53ms, mfu 0.06%
iter 290: loss 2.1671, time 18.38ms, mfu 0.06%
iter 300: loss 2.0616, time 18.71ms, mfu 0.06%
iter 310: loss 2.1351, time 19.46ms, mfu 0.06%
iter 320: loss 2.0953, time 19.12ms, mfu 0.06%
iter 330: loss 2.0400, time 20.08ms, mfu 0.06%
iter 340: loss 2.1032, time 19.66ms, mfu 0.06%
iter 350: loss 2.0516, time 19.31ms, mfu 0.06%
iter 360: loss 2.0688, time 22.27ms, mfu 0.06%
iter 370: loss 1.9581, time 19.90ms, mfu 0.06%
iter 380: loss 2.1280, time 18.99ms, mfu 0.06%
iter 390: loss 2.2869, time 19.30ms, mfu 0.06%
iter 400: loss 2.1172, time 19.50ms, mfu 0.06%
iter 410: loss 2.0047, time 20.20ms, mfu 0.06%
iter 420: loss 1.9454, time 19.08ms, mfu 0.06%
iter 430: loss 2.1343, time 19.43ms, mfu 0.06%
iter 440: loss 1.9352, time 19.56ms, mfu 0.06%
iter 450: loss 2.0155, time 19.23ms, mfu 0.06%
iter 460: loss 2.0123, time 19.06ms, mfu 0.06%
iter 470: loss 1.9862, time 19.21ms, mfu 0.06%
iter 480: loss 1.9026, time 19.20ms, mfu 0.06%
iter 490: loss 1.9530, time 18.21ms, mfu 0.07%
step 500: train loss 1.9784, val loss 2.0668
saving checkpoint to runs/rope_lr2e-3
iter 500: loss 1.9984, time 2459.75ms, mfu 0.06%
iter 510: loss 1.9578, time 18.93ms, mfu 0.06%
iter 520: loss 1.9921, time 19.58ms, mfu 0.06%
iter 530: loss 1.9021, time 19.91ms, mfu 0.06%
iter 540: loss 1.9038, time 19.29ms, mfu 0.06%
iter 550: loss 1.9270, time 19.82ms, mfu 0.06%
iter 560: loss 1.9823, time 21.22ms, mfu 0.06%
iter 570: loss 1.9673, time 19.57ms, mfu 0.06%
iter 580: loss 1.9190, time 19.21ms, mfu 0.06%
iter 590: loss 2.0083, time 19.54ms, mfu 0.06%
iter 600: loss 2.0221, time 18.50ms, mfu 0.06%
iter 610: loss 1.8622, time 19.90ms, mfu 0.06%
iter 620: loss 1.8264, time 19.35ms, mfu 0.06%
iter 630: loss 1.8119, time 19.23ms, mfu 0.06%
iter 640: loss 1.9359, time 19.02ms, mfu 0.06%
iter 650: loss 1.8893, time 18.66ms, mfu 0.06%
iter 660: loss 1.8917, time 19.31ms, mfu 0.06%
iter 670: loss 1.8855, time 20.32ms, mfu 0.06%
iter 680: loss 1.8248, time 19.63ms, mfu 0.06%
iter 690: loss 1.8486, time 19.56ms, mfu 0.06%
iter 700: loss 1.9602, time 20.31ms, mfu 0.06%
iter 710: loss 1.9191, time 19.64ms, mfu 0.06%
iter 720: loss 1.8123, time 19.06ms, mfu 0.06%
iter 730: loss 1.8387, time 20.00ms, mfu 0.06%
iter 740: loss 1.8541, time 19.60ms, mfu 0.06%
step 750: train loss 1.8672, val loss 1.9878
saving checkpoint to runs/rope_lr2e-3
iter 750: loss 1.8117, time 2470.20ms, mfu 0.06%
iter 760: loss 1.8854, time 17.84ms, mfu 0.06%
iter 770: loss 1.8456, time 20.06ms, mfu 0.06%
iter 780: loss 1.7891, time 19.83ms, mfu 0.06%
iter 790: loss 1.7966, time 18.74ms, mfu 0.06%
iter 800: loss 1.9001, time 18.76ms, mfu 0.06%
iter 810: loss 1.8220, time 19.18ms, mfu 0.06%
iter 820: loss 1.8574, time 20.48ms, mfu 0.06%
iter 830: loss 1.8040, time 20.11ms, mfu 0.06%
iter 840: loss 1.7153, time 19.13ms, mfu 0.06%
iter 850: loss 1.8188, time 23.01ms, mfu 0.06%
iter 860: loss 1.9165, time 20.17ms, mfu 0.06%
iter 870: loss 1.7801, time 19.07ms, mfu 0.06%
iter 880: loss 1.7007, time 19.11ms, mfu 0.06%
iter 890: loss 1.8503, time 19.27ms, mfu 0.06%
iter 900: loss 1.8300, time 19.09ms, mfu 0.06%
iter 910: loss 1.6660, time 19.34ms, mfu 0.06%
iter 920: loss 1.9463, time 18.33ms, mfu 0.06%
iter 930: loss 1.8851, time 19.65ms, mfu 0.06%
iter 940: loss 1.8300, time 19.81ms, mfu 0.06%
iter 950: loss 1.7937, time 19.69ms, mfu 0.06%
iter 960: loss 1.7963, time 19.70ms, mfu 0.06%
iter 970: loss 1.8058, time 18.37ms, mfu 0.06%
iter 980: loss 1.7441, time 19.01ms, mfu 0.07%
iter 990: loss 1.8160, time 19.13ms, mfu 0.07%
step 1000: train loss 1.7747, val loss 1.9154
saving checkpoint to runs/rope_lr2e-3
iter 1000: loss 1.7604, time 2431.53ms, mfu 0.06%
iter 1010: loss 1.8580, time 18.88ms, mfu 0.06%
iter 1020: loss 1.7391, time 18.02ms, mfu 0.06%
iter 1030: loss 1.7703, time 19.05ms, mfu 0.06%
iter 1040: loss 1.7037, time 18.27ms, mfu 0.06%
iter 1050: loss 1.7245, time 19.24ms, mfu 0.06%
iter 1060: loss 1.8313, time 18.45ms, mfu 0.06%
iter 1070: loss 1.8423, time 18.62ms, mfu 0.06%
iter 1080: loss 1.8210, time 18.53ms, mfu 0.06%
iter 1090: loss 1.7214, time 18.42ms, mfu 0.06%
iter 1100: loss 1.7052, time 20.36ms, mfu 0.06%
iter 1110: loss 1.6925, time 19.71ms, mfu 0.06%
iter 1120: loss 1.6910, time 22.11ms, mfu 0.06%
iter 1130: loss 1.7621, time 18.71ms, mfu 0.06%
iter 1140: loss 1.7631, time 20.33ms, mfu 0.06%
iter 1150: loss 1.7791, time 18.90ms, mfu 0.06%
iter 1160: loss 1.6591, time 19.36ms, mfu 0.06%
iter 1170: loss 1.6781, time 19.29ms, mfu 0.06%
iter 1180: loss 1.7586, time 19.46ms, mfu 0.06%
iter 1190: loss 1.7054, time 20.10ms, mfu 0.06%
iter 1200: loss 1.5984, time 19.43ms, mfu 0.06%
iter 1210: loss 1.6135, time 19.33ms, mfu 0.06%
iter 1220: loss 1.5892, time 19.22ms, mfu 0.06%
iter 1230: loss 1.7199, time 18.37ms, mfu 0.07%
iter 1240: loss 1.6904, time 18.92ms, mfu 0.07%
step 1250: train loss 1.6896, val loss 1.8496
saving checkpoint to runs/rope_lr2e-3
iter 1250: loss 1.5986, time 2486.30ms, mfu 0.06%
iter 1260: loss 1.5676, time 19.26ms, mfu 0.06%
iter 1270: loss 1.5813, time 17.95ms, mfu 0.06%
iter 1280: loss 1.6990, time 19.59ms, mfu 0.06%
iter 1290: loss 1.6036, time 18.16ms, mfu 0.06%
iter 1300: loss 1.5878, time 18.84ms, mfu 0.06%
iter 1310: loss 1.6028, time 18.52ms, mfu 0.06%
iter 1320: loss 1.6785, time 18.33ms, mfu 0.06%
iter 1330: loss 1.6567, time 19.98ms, mfu 0.06%
iter 1340: loss 1.5980, time 18.80ms, mfu 0.06%
iter 1350: loss 1.7541, time 19.11ms, mfu 0.06%
iter 1360: loss 1.7151, time 19.53ms, mfu 0.06%
iter 1370: loss 1.6679, time 18.73ms, mfu 0.06%
iter 1380: loss 1.6314, time 17.59ms, mfu 0.07%
iter 1390: loss 1.7270, time 22.56ms, mfu 0.06%
iter 1400: loss 1.6770, time 19.14ms, mfu 0.06%
iter 1410: loss 1.5916, time 18.22ms, mfu 0.07%
iter 1420: loss 1.5908, time 18.49ms, mfu 0.07%
iter 1430: loss 1.7003, time 18.75ms, mfu 0.07%
iter 1440: loss 1.6582, time 18.55ms, mfu 0.07%
iter 1450: loss 1.7147, time 19.24ms, mfu 0.07%
iter 1460: loss 1.6680, time 19.69ms, mfu 0.07%
iter 1470: loss 1.6966, time 19.93ms, mfu 0.07%
iter 1480: loss 1.6507, time 19.94ms, mfu 0.07%
iter 1490: loss 1.6031, time 19.85ms, mfu 0.07%
step 1500: train loss 1.6258, val loss 1.8184
saving checkpoint to runs/rope_lr2e-3
iter 1500: loss 1.4807, time 2496.46ms, mfu 0.06%
iter 1510: loss 1.5660, time 16.89ms, mfu 0.06%
iter 1520: loss 1.6764, time 18.20ms, mfu 0.06%
iter 1530: loss 1.5616, time 17.90ms, mfu 0.06%
iter 1540: loss 1.6592, time 18.34ms, mfu 0.06%
iter 1550: loss 1.5818, time 18.28ms, mfu 0.06%
iter 1560: loss 1.7134, time 19.14ms, mfu 0.06%
iter 1570: loss 1.5993, time 18.13ms, mfu 0.06%
iter 1580: loss 1.4707, time 23.79ms, mfu 0.06%
iter 1590: loss 1.5431, time 20.04ms, mfu 0.06%
iter 1600: loss 1.6106, time 19.84ms, mfu 0.06%
iter 1610: loss 1.6413, time 19.53ms, mfu 0.06%
iter 1620: loss 1.5273, time 18.94ms, mfu 0.06%
iter 1630: loss 1.6122, time 19.20ms, mfu 0.06%
iter 1640: loss 1.6579, time 19.36ms, mfu 0.06%
iter 1650: loss 1.6620, time 19.44ms, mfu 0.06%
iter 1660: loss 1.6156, time 19.25ms, mfu 0.06%
iter 1670: loss 1.6384, time 18.80ms, mfu 0.07%
iter 1680: loss 1.7079, time 18.80ms, mfu 0.07%
iter 1690: loss 1.5919, time 18.11ms, mfu 0.07%
iter 1700: loss 1.5052, time 19.03ms, mfu 0.07%
iter 1710: loss 1.5812, time 18.35ms, mfu 0.07%
iter 1720: loss 1.5838, time 19.12ms, mfu 0.07%
iter 1730: loss 1.6285, time 16.95ms, mfu 0.07%
iter 1740: loss 1.4678, time 17.54ms, mfu 0.07%
step 1750: train loss 1.5924, val loss 1.7790
saving checkpoint to runs/rope_lr2e-3
iter 1750: loss 1.5851, time 2771.00ms, mfu 0.06%
iter 1760: loss 1.5614, time 17.31ms, mfu 0.06%
iter 1770: loss 1.5032, time 17.28ms, mfu 0.06%
iter 1780: loss 1.5982, time 16.84ms, mfu 0.06%
iter 1790: loss 1.5339, time 17.75ms, mfu 0.07%
iter 1800: loss 1.7112, time 17.06ms, mfu 0.07%
iter 1810: loss 1.6205, time 18.16ms, mfu 0.07%
iter 1820: loss 1.6895, time 17.93ms, mfu 0.07%
iter 1830: loss 1.5744, time 18.38ms, mfu 0.07%
iter 1840: loss 1.6063, time 18.83ms, mfu 0.07%
iter 1850: loss 1.6963, time 22.18ms, mfu 0.07%
iter 1860: loss 1.5793, time 18.18ms, mfu 0.07%
iter 1870: loss 1.6044, time 19.45ms, mfu 0.07%
iter 1880: loss 1.7088, time 19.00ms, mfu 0.07%
iter 1890: loss 1.4828, time 18.59ms, mfu 0.07%
iter 1900: loss 1.6960, time 21.81ms, mfu 0.07%
iter 1910: loss 1.5943, time 17.19ms, mfu 0.07%
iter 1920: loss 1.6055, time 18.85ms, mfu 0.07%
iter 1930: loss 1.6034, time 19.39ms, mfu 0.07%
iter 1940: loss 1.6578, time 18.06ms, mfu 0.07%
iter 1950: loss 1.5969, time 19.16ms, mfu 0.07%
iter 1960: loss 1.5440, time 18.67ms, mfu 0.07%
iter 1970: loss 1.5866, time 17.74ms, mfu 0.07%
iter 1980: loss 1.5459, time 17.92ms, mfu 0.07%
iter 1990: loss 1.5676, time 19.80ms, mfu 0.07%
step 2000: train loss 1.5683, val loss 1.7663
saving checkpoint to runs/rope_lr2e-3
iter 2000: loss 1.5470, time 2470.11ms, mfu 0.06%
