Overriding config with config/train_shakespeare_char.py:
# train a miniature character-level shakespeare model
# good for debugging and playing on macbooks and such

out_dir = 'out-shakespeare-char'
eval_interval = 250 # keep frequent because we'll overfit
eval_iters = 200
log_interval = 10 # don't print too too often

# we expect to overfit on this small dataset, so only save when val improves
always_save_checkpoint = False

wandb_log = False # override via command line if you like
wandb_project = 'shakespeare-char'
wandb_run_name = 'mini-gpt'

dataset = 'shakespeare_char'
gradient_accumulation_steps = 1
batch_size = 64
block_size = 256 # context of up to 256 previous characters

# baby GPT model :)
n_layer = 6
n_head = 6
n_embd = 384
dropout = 0.2

learning_rate = 1e-3 # with baby networks can afford to go a bit higher
max_iters = 5000
lr_decay_iters = 5000 # make equal to max_iters usually
min_lr = 1e-4 # learning_rate / 10 usually
beta2 = 0.99 # make a bit bigger because number of tokens per iter is small

warmup_iters = 100 # not super necessary potentially

# on macbook also add
# device = 'cpu'  # run on cpu only
# compile = False # do not torch compile the model

Overriding: device = cpu
Overriding: compile = False
Overriding: eval_iters = 200
Overriding: log_interval = 10
Overriding: block_size = 64
Overriding: batch_size = 12
Overriding: n_layer = 4
Overriding: n_head = 4
Overriding: n_embd = 128
Overriding: max_iters = 2000
Overriding: lr_decay_iters = 2000
Overriding: dropout = 0.0
Overriding: learning_rate = 0.001
Overriding: out_dir = runs/swiglu_lr1e-3
Overriding: mlp_type = swiglu
tokens per iteration will be: 768
found vocab_size = 65 (inside data/shakespeare_char/meta.pkl)
Initializing a new model from scratch
number of parameters: 0.80M
train.py:203: FutureWarning: `torch.cuda.amp.GradScaler(args...)` is deprecated. Please use `torch.amp.GradScaler('cuda', args...)` instead.
  scaler = torch.cuda.amp.GradScaler(enabled=(dtype == 'float16'))
.venv/lib/python3.13/site-packages/torch/cuda/amp/grad_scaler.py:31: UserWarning: torch.cuda.amp.GradScaler is enabled, but CUDA is not available.  Disabling.
  super().__init__(
num decayed parameter tensors: 22, with 802,432 parameters
num non-decayed parameter tensors: 9, with 1,152 parameters
using fused AdamW: False
step 0: train loss 4.2241, val loss 4.2188
iter 0: loss 4.2318, time 1557.60ms, mfu -100.00%
iter 10: loss 3.8520, time 13.62ms, mfu 0.09%
iter 20: loss 3.5789, time 13.25ms, mfu 0.09%
iter 30: loss 3.4144, time 13.36ms, mfu 0.09%
iter 40: loss 3.3274, time 13.49ms, mfu 0.09%
iter 50: loss 3.0788, time 13.34ms, mfu 0.09%
iter 60: loss 2.8601, time 13.41ms, mfu 0.09%
iter 70: loss 2.8077, time 13.44ms, mfu 0.09%
iter 80: loss 2.7132, time 13.45ms, mfu 0.09%
iter 90: loss 2.6796, time 15.68ms, mfu 0.09%
iter 100: loss 2.5387, time 13.45ms, mfu 0.09%
iter 110: loss 2.5341, time 13.50ms, mfu 0.09%
iter 120: loss 2.5319, time 13.17ms, mfu 0.09%
iter 130: loss 2.4969, time 13.83ms, mfu 0.09%
iter 140: loss 2.5136, time 13.63ms, mfu 0.09%
iter 150: loss 2.4839, time 13.28ms, mfu 0.09%
iter 160: loss 2.5150, time 13.55ms, mfu 0.09%
iter 170: loss 2.4469, time 16.44ms, mfu 0.09%
iter 180: loss 2.4474, time 13.85ms, mfu 0.09%
iter 190: loss 2.4043, time 13.54ms, mfu 0.09%
iter 200: loss 2.3817, time 13.70ms, mfu 0.09%
iter 210: loss 2.3832, time 13.83ms, mfu 0.09%
iter 220: loss 2.4120, time 13.92ms, mfu 0.09%
iter 230: loss 2.3945, time 13.51ms, mfu 0.09%
iter 240: loss 2.3376, time 13.33ms, mfu 0.09%
step 250: train loss 2.4219, val loss 2.4528
saving checkpoint to runs/swiglu_lr1e-3
iter 250: loss 2.4247, time 1588.41ms, mfu 0.08%
iter 260: loss 2.4201, time 13.46ms, mfu 0.08%
iter 270: loss 2.3714, time 13.35ms, mfu 0.09%
iter 280: loss 2.3190, time 13.50ms, mfu 0.09%
iter 290: loss 2.4519, time 13.57ms, mfu 0.09%
iter 300: loss 2.3275, time 13.93ms, mfu 0.09%
iter 310: loss 2.4254, time 13.75ms, mfu 0.09%
iter 320: loss 2.3576, time 14.06ms, mfu 0.09%
iter 330: loss 2.4096, time 13.84ms, mfu 0.09%
iter 340: loss 2.3445, time 13.72ms, mfu 0.09%
iter 350: loss 2.3027, time 13.60ms, mfu 0.09%
iter 360: loss 2.3677, time 13.58ms, mfu 0.09%
iter 370: loss 2.2787, time 13.51ms, mfu 0.09%
iter 380: loss 2.2249, time 13.39ms, mfu 0.09%
iter 390: loss 2.2657, time 13.28ms, mfu 0.09%
iter 400: loss 2.3025, time 13.86ms, mfu 0.09%
iter 410: loss 2.2837, time 13.25ms, mfu 0.09%
iter 420: loss 2.1836, time 13.73ms, mfu 0.09%
iter 430: loss 2.2052, time 13.51ms, mfu 0.09%
iter 440: loss 2.3096, time 13.72ms, mfu 0.09%
iter 450: loss 2.1724, time 13.67ms, mfu 0.09%
iter 460: loss 2.2509, time 13.89ms, mfu 0.09%
iter 470: loss 2.2331, time 13.70ms, mfu 0.09%
iter 480: loss 2.2075, time 13.63ms, mfu 0.09%
iter 490: loss 2.1103, time 13.76ms, mfu 0.09%
step 500: train loss 2.1806, val loss 2.2303
saving checkpoint to runs/swiglu_lr1e-3
iter 500: loss 2.1697, time 1569.41ms, mfu 0.08%
iter 510: loss 2.1984, time 13.71ms, mfu 0.08%
iter 520: loss 2.2298, time 13.49ms, mfu 0.09%
iter 530: loss 2.1135, time 14.03ms, mfu 0.09%
iter 540: loss 2.0667, time 13.36ms, mfu 0.09%
iter 550: loss 2.1122, time 13.63ms, mfu 0.09%
iter 560: loss 2.1373, time 13.69ms, mfu 0.09%
iter 570: loss 2.1713, time 14.14ms, mfu 0.09%
iter 580: loss 2.1319, time 13.93ms, mfu 0.09%
iter 590: loss 2.0809, time 13.79ms, mfu 0.09%
iter 600: loss 2.0035, time 13.68ms, mfu 0.09%
iter 610: loss 2.0542, time 13.85ms, mfu 0.09%
iter 620: loss 2.1560, time 13.71ms, mfu 0.09%
iter 630: loss 2.1752, time 13.88ms, mfu 0.09%
iter 640: loss 2.1427, time 13.88ms, mfu 0.09%
iter 650: loss 2.1332, time 13.67ms, mfu 0.09%
iter 660: loss 2.0876, time 13.54ms, mfu 0.09%
iter 670: loss 2.0481, time 13.86ms, mfu 0.09%
iter 680: loss 2.0826, time 13.48ms, mfu 0.09%
iter 690: loss 2.0169, time 13.38ms, mfu 0.09%
iter 700: loss 1.9801, time 13.39ms, mfu 0.09%
iter 710: loss 2.0330, time 13.58ms, mfu 0.09%
iter 720: loss 2.0382, time 13.58ms, mfu 0.09%
iter 730: loss 2.0095, time 13.57ms, mfu 0.09%
iter 740: loss 2.0239, time 14.07ms, mfu 0.09%
step 750: train loss 1.9996, val loss 2.0690
saving checkpoint to runs/swiglu_lr1e-3
iter 750: loss 1.9829, time 1621.71ms, mfu 0.08%
iter 760: loss 2.0315, time 13.41ms, mfu 0.08%
iter 770: loss 2.0856, time 13.43ms, mfu 0.09%
iter 780: loss 2.0172, time 13.69ms, mfu 0.09%
iter 790: loss 2.0647, time 13.44ms, mfu 0.09%
iter 800: loss 1.9937, time 12.98ms, mfu 0.09%
iter 810: loss 2.0367, time 13.82ms, mfu 0.09%
iter 820: loss 1.8850, time 14.06ms, mfu 0.09%
iter 830: loss 2.0691, time 13.65ms, mfu 0.09%
iter 840: loss 1.9582, time 13.76ms, mfu 0.09%
iter 850: loss 1.9318, time 13.59ms, mfu 0.09%
iter 860: loss 1.9467, time 13.72ms, mfu 0.09%
iter 870: loss 1.9933, time 13.54ms, mfu 0.09%
iter 880: loss 1.9618, time 13.66ms, mfu 0.09%
iter 890: loss 1.9103, time 13.36ms, mfu 0.09%
iter 900: loss 1.8989, time 13.38ms, mfu 0.09%
iter 910: loss 1.9363, time 13.66ms, mfu 0.09%
iter 920: loss 1.9439, time 14.07ms, mfu 0.09%
iter 930: loss 1.9503, time 13.55ms, mfu 0.09%
iter 940: loss 1.8918, time 14.18ms, mfu 0.09%
iter 950: loss 1.8884, time 13.35ms, mfu 0.09%
iter 960: loss 1.9617, time 13.73ms, mfu 0.09%
iter 970: loss 1.9241, time 13.82ms, mfu 0.09%
iter 980: loss 1.7077, time 13.51ms, mfu 0.09%
iter 990: loss 1.8926, time 13.87ms, mfu 0.09%
step 1000: train loss 1.8815, val loss 2.0003
saving checkpoint to runs/swiglu_lr1e-3
iter 1000: loss 1.9398, time 1653.48ms, mfu 0.08%
iter 1010: loss 1.7457, time 14.35ms, mfu 0.08%
iter 1020: loss 1.8526, time 13.80ms, mfu 0.08%
iter 1030: loss 1.8001, time 13.77ms, mfu 0.09%
iter 1040: loss 1.8591, time 13.79ms, mfu 0.09%
iter 1050: loss 1.8700, time 13.84ms, mfu 0.09%
iter 1060: loss 1.8356, time 13.51ms, mfu 0.09%
iter 1070: loss 1.8608, time 13.86ms, mfu 0.09%
iter 1080: loss 1.8821, time 13.98ms, mfu 0.09%
iter 1090: loss 1.8005, time 13.86ms, mfu 0.09%
iter 1100: loss 1.9096, time 13.65ms, mfu 0.09%
iter 1110: loss 1.8573, time 15.31ms, mfu 0.09%
iter 1120: loss 1.7948, time 14.20ms, mfu 0.09%
iter 1130: loss 1.8377, time 13.35ms, mfu 0.09%
iter 1140: loss 1.7172, time 13.98ms, mfu 0.09%
iter 1150: loss 1.8435, time 13.24ms, mfu 0.09%
iter 1160: loss 1.9229, time 14.10ms, mfu 0.09%
iter 1170: loss 1.8908, time 13.15ms, mfu 0.09%
iter 1180: loss 1.8572, time 14.14ms, mfu 0.09%
iter 1190: loss 1.8838, time 13.83ms, mfu 0.09%
iter 1200: loss 1.9075, time 14.25ms, mfu 0.09%
iter 1210: loss 1.7775, time 14.19ms, mfu 0.09%
iter 1220: loss 1.7580, time 13.70ms, mfu 0.09%
iter 1230: loss 1.8330, time 13.64ms, mfu 0.09%
iter 1240: loss 1.8019, time 13.97ms, mfu 0.09%
step 1250: train loss 1.7805, val loss 1.9286
saving checkpoint to runs/swiglu_lr1e-3
iter 1250: loss 1.8580, time 1621.25ms, mfu 0.08%
iter 1260: loss 1.7928, time 13.62ms, mfu 0.08%
iter 1270: loss 1.8052, time 13.78ms, mfu 0.08%
iter 1280: loss 1.7791, time 13.55ms, mfu 0.08%
iter 1290: loss 1.8036, time 13.78ms, mfu 0.09%
iter 1300: loss 1.8128, time 13.29ms, mfu 0.09%
iter 1310: loss 1.8256, time 14.02ms, mfu 0.09%
iter 1320: loss 1.7586, time 13.38ms, mfu 0.09%
iter 1330: loss 1.6602, time 13.42ms, mfu 0.09%
iter 1340: loss 1.7432, time 14.34ms, mfu 0.09%
iter 1350: loss 1.7558, time 13.92ms, mfu 0.09%
iter 1360: loss 1.7357, time 13.61ms, mfu 0.09%
iter 1370: loss 1.7857, time 13.57ms, mfu 0.09%
iter 1380: loss 1.8108, time 13.50ms, mfu 0.09%
iter 1390: loss 1.7521, time 13.92ms, mfu 0.09%
iter 1400: loss 1.6205, time 13.38ms, mfu 0.09%
iter 1410: loss 1.7709, time 13.84ms, mfu 0.09%
iter 1420: loss 1.7386, time 13.71ms, mfu 0.09%
iter 1430: loss 1.9251, time 13.62ms, mfu 0.09%
iter 1440: loss 1.5692, time 14.13ms, mfu 0.09%
iter 1450: loss 1.7242, time 13.87ms, mfu 0.09%
iter 1460: loss 1.6841, time 13.85ms, mfu 0.09%
iter 1470: loss 1.6845, time 13.25ms, mfu 0.09%
iter 1480: loss 1.7463, time 13.57ms, mfu 0.09%
iter 1490: loss 1.7999, time 13.79ms, mfu 0.09%
step 1500: train loss 1.7274, val loss 1.8671
saving checkpoint to runs/swiglu_lr1e-3
iter 1500: loss 1.7944, time 1682.57ms, mfu 0.08%
iter 1510: loss 1.5820, time 13.41ms, mfu 0.08%
iter 1520: loss 1.8275, time 13.71ms, mfu 0.08%
iter 1530: loss 1.6825, time 14.14ms, mfu 0.09%
iter 1540: loss 1.8021, time 13.68ms, mfu 0.09%
iter 1550: loss 1.7337, time 13.81ms, mfu 0.09%
iter 1560: loss 1.6344, time 13.66ms, mfu 0.09%
iter 1570: loss 1.7271, time 13.75ms, mfu 0.09%
iter 1580: loss 1.7760, time 14.06ms, mfu 0.09%
iter 1590: loss 1.6791, time 13.73ms, mfu 0.09%
iter 1600: loss 1.7255, time 15.74ms, mfu 0.09%
iter 1610: loss 1.6328, time 17.41ms, mfu 0.09%
iter 1620: loss 1.6476, time 13.89ms, mfu 0.09%
iter 1630: loss 1.6126, time 13.24ms, mfu 0.09%
iter 1640: loss 1.5941, time 14.10ms, mfu 0.09%
iter 1650: loss 1.7164, time 13.57ms, mfu 0.09%
iter 1660: loss 1.6213, time 14.01ms, mfu 0.09%
iter 1670: loss 1.7107, time 13.37ms, mfu 0.09%
iter 1680: loss 1.6835, time 13.80ms, mfu 0.09%
iter 1690: loss 1.7049, time 13.47ms, mfu 0.09%
iter 1700: loss 1.7090, time 13.41ms, mfu 0.09%
iter 1710: loss 1.7294, time 13.52ms, mfu 0.09%
iter 1720: loss 1.6780, time 13.52ms, mfu 0.09%
iter 1730: loss 1.6496, time 13.97ms, mfu 0.09%
iter 1740: loss 1.6826, time 13.84ms, mfu 0.09%
step 1750: train loss 1.6814, val loss 1.8315
saving checkpoint to runs/swiglu_lr1e-3
iter 1750: loss 1.7064, time 1607.93ms, mfu 0.08%
iter 1760: loss 1.6735, time 17.15ms, mfu 0.08%
iter 1770: loss 1.7520, time 13.65ms, mfu 0.08%
iter 1780: loss 1.7201, time 13.81ms, mfu 0.08%
iter 1790: loss 1.6657, time 13.24ms, mfu 0.08%
iter 1800: loss 1.7107, time 13.64ms, mfu 0.09%
iter 1810: loss 1.7318, time 13.74ms, mfu 0.09%
iter 1820: loss 1.6264, time 13.61ms, mfu 0.09%
iter 1830: loss 1.5191, time 18.07ms, mfu 0.09%
iter 1840: loss 1.6273, time 13.61ms, mfu 0.09%
iter 1850: loss 1.8335, time 13.59ms, mfu 0.09%
iter 1860: loss 1.7588, time 13.42ms, mfu 0.09%
iter 1870: loss 1.6606, time 13.56ms, mfu 0.09%
iter 1880: loss 1.7665, time 13.51ms, mfu 0.09%
iter 1890: loss 1.8308, time 13.60ms, mfu 0.09%
iter 1900: loss 1.6143, time 13.95ms, mfu 0.09%
iter 1910: loss 1.5878, time 13.81ms, mfu 0.09%
iter 1920: loss 1.6497, time 13.82ms, mfu 0.09%
iter 1930: loss 1.5763, time 13.78ms, mfu 0.09%
iter 1940: loss 1.6109, time 13.72ms, mfu 0.09%
iter 1950: loss 1.6586, time 13.85ms, mfu 0.09%
iter 1960: loss 1.5922, time 13.85ms, mfu 0.09%
iter 1970: loss 1.7103, time 13.69ms, mfu 0.09%
iter 1980: loss 1.6407, time 13.73ms, mfu 0.09%
iter 1990: loss 1.7310, time 13.64ms, mfu 0.09%
step 2000: train loss 1.6511, val loss 1.8084
saving checkpoint to runs/swiglu_lr1e-3
iter 2000: loss 1.6916, time 1587.35ms, mfu 0.08%
