Overriding config with config/train_shakespeare_char.py:
# train a miniature character-level shakespeare model
# good for debugging and playing on macbooks and such

out_dir = 'out-shakespeare-char'
eval_interval = 250 # keep frequent because we'll overfit
eval_iters = 200
log_interval = 10 # don't print too too often

# we expect to overfit on this small dataset, so only save when val improves
always_save_checkpoint = False

wandb_log = False # override via command line if you like
wandb_project = 'shakespeare-char'
wandb_run_name = 'mini-gpt'

dataset = 'shakespeare_char'
gradient_accumulation_steps = 1
batch_size = 64
block_size = 256 # context of up to 256 previous characters

# baby GPT model :)
n_layer = 6
n_head = 6
n_embd = 384
dropout = 0.2

learning_rate = 1e-3 # with baby networks can afford to go a bit higher
max_iters = 5000
lr_decay_iters = 5000 # make equal to max_iters usually
min_lr = 1e-4 # learning_rate / 10 usually
beta2 = 0.99 # make a bit bigger because number of tokens per iter is small

warmup_iters = 100 # not super necessary potentially

# on macbook also add
# device = 'cpu'  # run on cpu only
# compile = False # do not torch compile the model

Overriding: device = cpu
Overriding: compile = False
Overriding: eval_iters = 200
Overriding: log_interval = 10
Overriding: block_size = 64
Overriding: batch_size = 12
Overriding: n_layer = 4
Overriding: n_head = 4
Overriding: n_embd = 128
Overriding: max_iters = 2000
Overriding: lr_decay_iters = 2000
Overriding: dropout = 0.0
Overriding: learning_rate = 0.002
Overriding: out_dir = runs/rmsnorm_lr2e-3
Overriding: norm_type = rmsnorm
tokens per iteration will be: 768
found vocab_size = 65 (inside data/shakespeare_char/meta.pkl)
Initializing a new model from scratch
number of parameters: 0.80M
train.py:203: FutureWarning: `torch.cuda.amp.GradScaler(args...)` is deprecated. Please use `torch.amp.GradScaler('cuda', args...)` instead.
  scaler = torch.cuda.amp.GradScaler(enabled=(dtype == 'float16'))
.venv/lib/python3.13/site-packages/torch/cuda/amp/grad_scaler.py:31: UserWarning: torch.cuda.amp.GradScaler is enabled, but CUDA is not available.  Disabling.
  super().__init__(
num decayed parameter tensors: 18, with 802,944 parameters
num non-decayed parameter tensors: 9, with 1,152 parameters
using fused AdamW: False
step 0: train loss 4.1721, val loss 4.1685
iter 0: loss 4.1857, time 1596.40ms, mfu -100.00%
iter 10: loss 3.6754, time 14.49ms, mfu 0.09%
iter 20: loss 3.3529, time 14.44ms, mfu 0.09%
iter 30: loss 3.0545, time 14.53ms, mfu 0.09%
iter 40: loss 2.9373, time 14.61ms, mfu 0.09%
iter 50: loss 2.8634, time 14.91ms, mfu 0.09%
iter 60: loss 2.6393, time 14.53ms, mfu 0.09%
iter 70: loss 2.5792, time 14.82ms, mfu 0.09%
iter 80: loss 2.5941, time 14.55ms, mfu 0.09%
iter 90: loss 2.5779, time 14.77ms, mfu 0.09%
iter 100: loss 2.6127, time 15.06ms, mfu 0.09%
iter 110: loss 2.6914, time 14.85ms, mfu 0.09%
iter 120: loss 2.5904, time 14.42ms, mfu 0.09%
iter 130: loss 2.5273, time 14.56ms, mfu 0.09%
iter 140: loss 2.5387, time 14.22ms, mfu 0.09%
iter 150: loss 2.5061, time 15.12ms, mfu 0.09%
iter 160: loss 2.4823, time 14.45ms, mfu 0.09%
iter 170: loss 2.5374, time 14.58ms, mfu 0.09%
iter 180: loss 2.5449, time 14.93ms, mfu 0.09%
iter 190: loss 2.5202, time 14.34ms, mfu 0.09%
iter 200: loss 2.4725, time 14.67ms, mfu 0.09%
iter 210: loss 2.5199, time 14.66ms, mfu 0.09%
iter 220: loss 2.3795, time 14.86ms, mfu 0.09%
iter 230: loss 2.3940, time 14.81ms, mfu 0.09%
iter 240: loss 2.4813, time 14.80ms, mfu 0.09%
step 250: train loss 2.4543, val loss 2.4670
saving checkpoint to runs/rmsnorm_lr2e-3
iter 250: loss 2.4943, time 1707.84ms, mfu 0.08%
iter 260: loss 2.4774, time 14.82ms, mfu 0.08%
iter 270: loss 2.3980, time 14.36ms, mfu 0.08%
iter 280: loss 2.4744, time 14.22ms, mfu 0.08%
iter 290: loss 2.4556, time 15.42ms, mfu 0.08%
iter 300: loss 2.3499, time 14.95ms, mfu 0.08%
iter 310: loss 2.3962, time 14.79ms, mfu 0.08%
iter 320: loss 2.4179, time 14.54ms, mfu 0.08%
iter 330: loss 2.3964, time 15.09ms, mfu 0.08%
iter 340: loss 2.3774, time 14.62ms, mfu 0.08%
iter 350: loss 2.3977, time 14.35ms, mfu 0.08%
iter 360: loss 2.3890, time 14.38ms, mfu 0.08%
iter 370: loss 2.2740, time 14.76ms, mfu 0.08%
iter 380: loss 2.3940, time 14.22ms, mfu 0.08%
iter 390: loss 2.4255, time 16.81ms, mfu 0.08%
iter 400: loss 2.2781, time 15.10ms, mfu 0.08%
iter 410: loss 2.3306, time 14.20ms, mfu 0.08%
iter 420: loss 2.2113, time 14.99ms, mfu 0.08%
iter 430: loss 2.3188, time 14.33ms, mfu 0.08%
iter 440: loss 2.2512, time 14.30ms, mfu 0.09%
iter 450: loss 2.1964, time 14.75ms, mfu 0.09%
iter 460: loss 2.2113, time 14.92ms, mfu 0.09%
iter 470: loss 2.1907, time 14.61ms, mfu 0.09%
iter 480: loss 2.2944, time 14.77ms, mfu 0.09%
iter 490: loss 2.1800, time 14.62ms, mfu 0.09%
step 500: train loss 2.2133, val loss 2.2321
saving checkpoint to runs/rmsnorm_lr2e-3
iter 500: loss 2.0843, time 1786.52ms, mfu 0.08%
iter 510: loss 2.3130, time 14.95ms, mfu 0.08%
iter 520: loss 2.2348, time 14.57ms, mfu 0.08%
iter 530: loss 2.1439, time 14.45ms, mfu 0.08%
iter 540: loss 2.1651, time 14.99ms, mfu 0.08%
iter 550: loss 2.1927, time 15.15ms, mfu 0.08%
iter 560: loss 2.0671, time 14.68ms, mfu 0.08%
iter 570: loss 2.1414, time 14.92ms, mfu 0.08%
iter 580: loss 2.1740, time 15.16ms, mfu 0.08%
iter 590: loss 2.0570, time 14.62ms, mfu 0.08%
iter 600: loss 2.1730, time 14.80ms, mfu 0.08%
iter 610: loss 2.1728, time 14.98ms, mfu 0.08%
iter 620: loss 2.0795, time 14.96ms, mfu 0.08%
iter 630: loss 2.1435, time 15.28ms, mfu 0.08%
iter 640: loss 2.1092, time 14.96ms, mfu 0.08%
iter 650: loss 2.0828, time 15.08ms, mfu 0.08%
iter 660: loss 1.9976, time 14.62ms, mfu 0.08%
iter 670: loss 2.0310, time 14.88ms, mfu 0.08%
iter 680: loss 2.0063, time 14.52ms, mfu 0.08%
iter 690: loss 2.0437, time 14.59ms, mfu 0.08%
iter 700: loss 2.0939, time 14.62ms, mfu 0.08%
iter 710: loss 1.9844, time 14.59ms, mfu 0.09%
iter 720: loss 2.0609, time 14.80ms, mfu 0.09%
iter 730: loss 2.0824, time 14.76ms, mfu 0.09%
iter 740: loss 1.9691, time 14.48ms, mfu 0.09%
step 750: train loss 2.0257, val loss 2.0758
saving checkpoint to runs/rmsnorm_lr2e-3
iter 750: loss 2.0611, time 1687.78ms, mfu 0.08%
iter 760: loss 1.9244, time 14.58ms, mfu 0.08%
iter 770: loss 2.1024, time 14.27ms, mfu 0.08%
iter 780: loss 1.9221, time 14.51ms, mfu 0.08%
iter 790: loss 2.0616, time 14.96ms, mfu 0.08%
iter 800: loss 2.0819, time 14.77ms, mfu 0.08%
iter 810: loss 1.8893, time 14.14ms, mfu 0.08%
iter 820: loss 2.0095, time 14.76ms, mfu 0.08%
iter 830: loss 1.9345, time 15.08ms, mfu 0.08%
iter 840: loss 1.8828, time 15.18ms, mfu 0.08%
iter 850: loss 1.9475, time 14.92ms, mfu 0.08%
iter 860: loss 1.8769, time 14.87ms, mfu 0.08%
iter 870: loss 1.9819, time 14.60ms, mfu 0.08%
iter 880: loss 1.8970, time 14.91ms, mfu 0.08%
iter 890: loss 2.0488, time 15.13ms, mfu 0.08%
iter 900: loss 1.9559, time 15.28ms, mfu 0.08%
iter 910: loss 1.9141, time 14.85ms, mfu 0.08%
iter 920: loss 1.9549, time 14.41ms, mfu 0.08%
iter 930: loss 1.8567, time 15.08ms, mfu 0.08%
iter 940: loss 1.8610, time 14.53ms, mfu 0.08%
iter 950: loss 1.9204, time 14.70ms, mfu 0.08%
iter 960: loss 1.8845, time 15.04ms, mfu 0.08%
iter 970: loss 1.8512, time 14.91ms, mfu 0.08%
iter 980: loss 1.9571, time 14.36ms, mfu 0.09%
iter 990: loss 1.8814, time 14.16ms, mfu 0.09%
step 1000: train loss 1.8838, val loss 1.9902
saving checkpoint to runs/rmsnorm_lr2e-3
iter 1000: loss 1.9302, time 1725.35ms, mfu 0.08%
iter 1010: loss 2.0065, time 14.59ms, mfu 0.08%
iter 1020: loss 2.0089, time 15.36ms, mfu 0.08%
iter 1030: loss 1.8730, time 14.65ms, mfu 0.08%
iter 1040: loss 1.9580, time 14.79ms, mfu 0.08%
iter 1050: loss 1.8009, time 14.67ms, mfu 0.08%
iter 1060: loss 1.9075, time 14.64ms, mfu 0.08%
iter 1070: loss 1.8110, time 14.47ms, mfu 0.08%
iter 1080: loss 1.8998, time 15.09ms, mfu 0.08%
iter 1090: loss 1.8366, time 14.59ms, mfu 0.08%
iter 1100: loss 1.8106, time 14.61ms, mfu 0.08%
iter 1110: loss 1.8675, time 14.89ms, mfu 0.08%
iter 1120: loss 1.7691, time 19.46ms, mfu 0.08%
iter 1130: loss 1.8072, time 15.25ms, mfu 0.08%
iter 1140: loss 1.8817, time 15.13ms, mfu 0.08%
iter 1150: loss 1.8493, time 14.84ms, mfu 0.08%
iter 1160: loss 1.7867, time 14.96ms, mfu 0.08%
iter 1170: loss 1.8337, time 14.85ms, mfu 0.08%
iter 1180: loss 1.7950, time 14.89ms, mfu 0.08%
iter 1190: loss 1.8565, time 14.82ms, mfu 0.08%
iter 1200: loss 1.9329, time 15.21ms, mfu 0.08%
iter 1210: loss 1.7404, time 14.71ms, mfu 0.08%
iter 1220: loss 1.8571, time 16.98ms, mfu 0.08%
iter 1230: loss 1.8393, time 14.70ms, mfu 0.08%
iter 1240: loss 1.7346, time 15.04ms, mfu 0.08%
step 1250: train loss 1.8018, val loss 1.9388
saving checkpoint to runs/rmsnorm_lr2e-3
iter 1250: loss 1.9209, time 1715.88ms, mfu 0.08%
iter 1260: loss 1.6749, time 14.74ms, mfu 0.08%
iter 1270: loss 1.8464, time 15.05ms, mfu 0.08%
iter 1280: loss 1.7670, time 14.89ms, mfu 0.08%
iter 1290: loss 1.8358, time 14.74ms, mfu 0.08%
iter 1300: loss 1.8848, time 14.73ms, mfu 0.08%
iter 1310: loss 1.8431, time 15.02ms, mfu 0.08%
iter 1320: loss 1.7532, time 14.54ms, mfu 0.08%
iter 1330: loss 1.6876, time 14.49ms, mfu 0.08%
iter 1340: loss 1.8108, time 14.72ms, mfu 0.08%
iter 1350: loss 1.7329, time 14.65ms, mfu 0.08%
iter 1360: loss 1.7480, time 14.21ms, mfu 0.08%
iter 1370: loss 1.8873, time 14.51ms, mfu 0.08%
iter 1380: loss 1.7681, time 14.30ms, mfu 0.08%
iter 1390: loss 1.8088, time 14.57ms, mfu 0.08%
iter 1400: loss 1.7254, time 15.24ms, mfu 0.08%
iter 1410: loss 1.7875, time 15.15ms, mfu 0.08%
iter 1420: loss 1.8227, time 14.28ms, mfu 0.08%
iter 1430: loss 1.6304, time 14.51ms, mfu 0.09%
iter 1440: loss 1.7418, time 14.63ms, mfu 0.09%
iter 1450: loss 1.6376, time 14.78ms, mfu 0.09%
iter 1460: loss 1.7606, time 14.62ms, mfu 0.09%
iter 1470: loss 1.7922, time 15.32ms, mfu 0.09%
iter 1480: loss 1.7601, time 14.88ms, mfu 0.09%
iter 1490: loss 1.8271, time 14.70ms, mfu 0.09%
step 1500: train loss 1.7316, val loss 1.8730
saving checkpoint to runs/rmsnorm_lr2e-3
iter 1500: loss 1.7712, time 1711.95ms, mfu 0.08%
iter 1510: loss 1.6561, time 14.68ms, mfu 0.08%
iter 1520: loss 1.7862, time 15.42ms, mfu 0.08%
iter 1530: loss 1.6810, time 15.05ms, mfu 0.08%
iter 1540: loss 1.6385, time 15.31ms, mfu 0.08%
iter 1550: loss 1.7351, time 14.91ms, mfu 0.08%
iter 1560: loss 1.6556, time 15.48ms, mfu 0.08%
iter 1570: loss 1.7006, time 14.59ms, mfu 0.08%
iter 1580: loss 1.6734, time 14.71ms, mfu 0.08%
iter 1590: loss 1.6672, time 14.84ms, mfu 0.08%
iter 1600: loss 1.6033, time 14.63ms, mfu 0.08%
iter 1610: loss 1.8039, time 14.25ms, mfu 0.08%
iter 1620: loss 1.6519, time 14.85ms, mfu 0.08%
iter 1630: loss 1.6636, time 14.39ms, mfu 0.08%
iter 1640: loss 1.6382, time 14.77ms, mfu 0.08%
iter 1650: loss 1.8636, time 14.97ms, mfu 0.08%
iter 1660: loss 1.7264, time 14.87ms, mfu 0.08%
iter 1670: loss 1.6995, time 14.94ms, mfu 0.08%
iter 1680: loss 1.6217, time 15.16ms, mfu 0.08%
iter 1690: loss 1.7628, time 14.67ms, mfu 0.08%
iter 1700: loss 1.6667, time 15.74ms, mfu 0.08%
iter 1710: loss 1.7992, time 14.60ms, mfu 0.08%
iter 1720: loss 1.6985, time 15.07ms, mfu 0.08%
iter 1730: loss 1.6377, time 14.77ms, mfu 0.08%
iter 1740: loss 1.8142, time 14.47ms, mfu 0.08%
step 1750: train loss 1.6832, val loss 1.8400
saving checkpoint to runs/rmsnorm_lr2e-3
iter 1750: loss 1.7873, time 1705.69ms, mfu 0.08%
iter 1760: loss 1.6028, time 14.85ms, mfu 0.08%
iter 1770: loss 1.6288, time 17.11ms, mfu 0.08%
iter 1780: loss 1.6611, time 14.27ms, mfu 0.08%
iter 1790: loss 1.6582, time 14.60ms, mfu 0.08%
iter 1800: loss 1.6984, time 15.91ms, mfu 0.08%
iter 1810: loss 1.7448, time 14.67ms, mfu 0.08%
iter 1820: loss 1.7420, time 14.80ms, mfu 0.08%
iter 1830: loss 1.6235, time 14.61ms, mfu 0.08%
iter 1840: loss 1.5843, time 14.72ms, mfu 0.08%
iter 1850: loss 1.7776, time 15.02ms, mfu 0.08%
iter 1860: loss 1.6481, time 14.76ms, mfu 0.08%
iter 1870: loss 1.7355, time 15.09ms, mfu 0.08%
iter 1880: loss 1.6995, time 14.80ms, mfu 0.08%
iter 1890: loss 1.6406, time 15.17ms, mfu 0.08%
iter 1900: loss 1.6432, time 15.03ms, mfu 0.08%
iter 1910: loss 1.7076, time 14.69ms, mfu 0.08%
iter 1920: loss 1.5839, time 14.95ms, mfu 0.08%
iter 1930: loss 1.7360, time 15.29ms, mfu 0.08%
iter 1940: loss 1.6643, time 14.52ms, mfu 0.08%
iter 1950: loss 1.6769, time 14.78ms, mfu 0.08%
iter 1960: loss 1.6025, time 14.78ms, mfu 0.08%
iter 1970: loss 1.6639, time 14.46ms, mfu 0.08%
iter 1980: loss 1.6281, time 14.77ms, mfu 0.08%
iter 1990: loss 1.6791, time 14.46ms, mfu 0.09%
step 2000: train loss 1.6558, val loss 1.8263
saving checkpoint to runs/rmsnorm_lr2e-3
iter 2000: loss 1.6109, time 1739.08ms, mfu 0.08%
