Overriding config with config/train_shakespeare_char.py:
# train a miniature character-level shakespeare model
# good for debugging and playing on macbooks and such

out_dir = 'out-shakespeare-char'
eval_interval = 250 # keep frequent because we'll overfit
eval_iters = 200
log_interval = 10 # don't print too too often

# we expect to overfit on this small dataset, so only save when val improves
always_save_checkpoint = False

wandb_log = False # override via command line if you like
wandb_project = 'shakespeare-char'
wandb_run_name = 'mini-gpt'

dataset = 'shakespeare_char'
gradient_accumulation_steps = 1
batch_size = 64
block_size = 256 # context of up to 256 previous characters

# baby GPT model :)
n_layer = 6
n_head = 6
n_embd = 384
dropout = 0.2

learning_rate = 1e-3 # with baby networks can afford to go a bit higher
max_iters = 5000
lr_decay_iters = 5000 # make equal to max_iters usually
min_lr = 1e-4 # learning_rate / 10 usually
beta2 = 0.99 # make a bit bigger because number of tokens per iter is small

warmup_iters = 100 # not super necessary potentially

# on macbook also add
# device = 'cpu'  # run on cpu only
# compile = False # do not torch compile the model

Overriding: device = cpu
Overriding: compile = False
Overriding: eval_iters = 200
Overriding: log_interval = 10
Overriding: block_size = 64
Overriding: batch_size = 12
Overriding: n_layer = 4
Overriding: n_head = 4
Overriding: n_embd = 128
Overriding: max_iters = 2000
Overriding: lr_decay_iters = 2000
Overriding: dropout = 0.0
Overriding: learning_rate = 0.002
Overriding: out_dir = runs/swiglu_lr2e-3
Overriding: mlp_type = swiglu
tokens per iteration will be: 768
found vocab_size = 65 (inside data/shakespeare_char/meta.pkl)
Initializing a new model from scratch
number of parameters: 0.80M
train.py:203: FutureWarning: `torch.cuda.amp.GradScaler(args...)` is deprecated. Please use `torch.amp.GradScaler('cuda', args...)` instead.
  scaler = torch.cuda.amp.GradScaler(enabled=(dtype == 'float16'))
.venv/lib/python3.13/site-packages/torch/cuda/amp/grad_scaler.py:31: UserWarning: torch.cuda.amp.GradScaler is enabled, but CUDA is not available.  Disabling.
  super().__init__(
num decayed parameter tensors: 22, with 802,432 parameters
num non-decayed parameter tensors: 9, with 1,152 parameters
using fused AdamW: False
step 0: train loss 4.2241, val loss 4.2188
iter 0: loss 4.2318, time 1534.26ms, mfu -100.00%
iter 10: loss 3.7156, time 13.30ms, mfu 0.10%
iter 20: loss 3.4422, time 17.09ms, mfu 0.09%
iter 30: loss 3.2454, time 14.37ms, mfu 0.09%
iter 40: loss 3.0318, time 13.24ms, mfu 0.09%
iter 50: loss 2.8245, time 13.47ms, mfu 0.09%
iter 60: loss 2.7030, time 13.41ms, mfu 0.09%
iter 70: loss 2.7081, time 13.84ms, mfu 0.09%
iter 80: loss 2.6080, time 13.45ms, mfu 0.09%
iter 90: loss 2.6292, time 13.29ms, mfu 0.09%
iter 100: loss 2.4835, time 13.91ms, mfu 0.09%
iter 110: loss 2.4975, time 13.67ms, mfu 0.09%
iter 120: loss 2.5223, time 13.43ms, mfu 0.09%
iter 130: loss 2.4885, time 13.86ms, mfu 0.09%
iter 140: loss 2.5187, time 13.60ms, mfu 0.09%
iter 150: loss 2.5074, time 13.60ms, mfu 0.09%
iter 160: loss 2.4959, time 13.11ms, mfu 0.09%
iter 170: loss 2.4496, time 13.44ms, mfu 0.09%
iter 180: loss 2.4595, time 16.77ms, mfu 0.09%
iter 190: loss 2.4251, time 13.78ms, mfu 0.09%
iter 200: loss 2.3772, time 15.62ms, mfu 0.09%
iter 210: loss 2.3705, time 20.30ms, mfu 0.09%
iter 220: loss 2.4095, time 13.81ms, mfu 0.09%
iter 230: loss 2.4197, time 13.87ms, mfu 0.09%
iter 240: loss 2.3343, time 14.69ms, mfu 0.09%
step 250: train loss 2.4180, val loss 2.4413
saving checkpoint to runs/swiglu_lr2e-3
iter 250: loss 2.4360, time 2125.94ms, mfu 0.08%
iter 260: loss 2.4498, time 14.89ms, mfu 0.08%
iter 270: loss 2.4008, time 14.30ms, mfu 0.08%
iter 280: loss 2.3551, time 13.73ms, mfu 0.08%
iter 290: loss 2.4345, time 14.04ms, mfu 0.08%
iter 300: loss 2.3321, time 13.71ms, mfu 0.08%
iter 310: loss 2.4047, time 14.25ms, mfu 0.08%
iter 320: loss 2.3005, time 14.24ms, mfu 0.09%
iter 330: loss 2.3777, time 14.54ms, mfu 0.09%
iter 340: loss 2.3135, time 14.21ms, mfu 0.09%
iter 350: loss 2.3094, time 17.68ms, mfu 0.08%
iter 360: loss 2.3124, time 13.93ms, mfu 0.09%
iter 370: loss 2.2329, time 15.73ms, mfu 0.08%
iter 380: loss 2.1824, time 14.67ms, mfu 0.08%
iter 390: loss 2.2005, time 16.28ms, mfu 0.08%
iter 400: loss 2.2673, time 14.00ms, mfu 0.08%
iter 410: loss 2.2254, time 14.21ms, mfu 0.09%
iter 420: loss 2.1194, time 14.32ms, mfu 0.09%
iter 430: loss 2.1595, time 14.10ms, mfu 0.09%
iter 440: loss 2.2498, time 14.78ms, mfu 0.09%
iter 450: loss 2.1135, time 14.53ms, mfu 0.09%
iter 460: loss 2.1518, time 14.04ms, mfu 0.09%
iter 470: loss 2.1822, time 14.99ms, mfu 0.09%
iter 480: loss 2.1536, time 13.97ms, mfu 0.09%
iter 490: loss 2.0870, time 14.00ms, mfu 0.09%
step 500: train loss 2.1143, val loss 2.1763
saving checkpoint to runs/swiglu_lr2e-3
iter 500: loss 2.1031, time 1849.36ms, mfu 0.08%
iter 510: loss 2.1173, time 14.38ms, mfu 0.08%
iter 520: loss 2.1595, time 14.08ms, mfu 0.08%
iter 530: loss 2.0079, time 16.15ms, mfu 0.08%
iter 540: loss 1.9994, time 17.46ms, mfu 0.08%
iter 550: loss 2.0485, time 14.48ms, mfu 0.08%
iter 560: loss 2.0674, time 14.51ms, mfu 0.08%
iter 570: loss 2.0956, time 14.63ms, mfu 0.08%
iter 580: loss 2.0387, time 13.87ms, mfu 0.08%
iter 590: loss 2.0147, time 14.44ms, mfu 0.08%
iter 600: loss 1.9584, time 14.55ms, mfu 0.08%
iter 610: loss 2.0358, time 16.85ms, mfu 0.08%
iter 620: loss 2.0693, time 14.92ms, mfu 0.08%
iter 630: loss 2.1221, time 14.23ms, mfu 0.08%
iter 640: loss 2.0704, time 14.17ms, mfu 0.08%
iter 650: loss 2.0442, time 16.82ms, mfu 0.08%
iter 660: loss 2.0006, time 14.09ms, mfu 0.08%
iter 670: loss 1.9856, time 14.25ms, mfu 0.08%
iter 680: loss 2.0256, time 14.40ms, mfu 0.09%
iter 690: loss 1.9326, time 13.92ms, mfu 0.09%
iter 700: loss 1.9060, time 13.61ms, mfu 0.09%
iter 710: loss 1.9648, time 15.26ms, mfu 0.09%
iter 720: loss 1.9420, time 14.08ms, mfu 0.09%
iter 730: loss 1.9365, time 13.99ms, mfu 0.09%
iter 740: loss 1.9450, time 14.43ms, mfu 0.09%
step 750: train loss 1.9296, val loss 2.0259
saving checkpoint to runs/swiglu_lr2e-3
iter 750: loss 1.9015, time 1748.05ms, mfu 0.08%
iter 760: loss 1.9355, time 14.93ms, mfu 0.08%
iter 770: loss 1.9278, time 14.68ms, mfu 0.08%
iter 780: loss 1.9275, time 14.34ms, mfu 0.08%
iter 790: loss 2.0010, time 14.02ms, mfu 0.08%
iter 800: loss 1.8939, time 14.23ms, mfu 0.08%
iter 810: loss 1.9721, time 14.55ms, mfu 0.08%
iter 820: loss 1.8025, time 14.66ms, mfu 0.08%
iter 830: loss 2.0273, time 13.83ms, mfu 0.08%
iter 840: loss 1.8738, time 13.47ms, mfu 0.09%
iter 850: loss 1.8412, time 14.50ms, mfu 0.09%
iter 860: loss 1.8218, time 14.30ms, mfu 0.09%
iter 870: loss 1.8866, time 14.46ms, mfu 0.09%
iter 880: loss 1.8579, time 14.58ms, mfu 0.09%
iter 890: loss 1.8274, time 14.10ms, mfu 0.09%
iter 900: loss 1.8340, time 13.81ms, mfu 0.09%
iter 910: loss 1.8724, time 14.41ms, mfu 0.09%
iter 920: loss 1.8993, time 13.91ms, mfu 0.09%
iter 930: loss 1.8779, time 19.44ms, mfu 0.09%
iter 940: loss 1.8405, time 15.98ms, mfu 0.08%
iter 950: loss 1.8068, time 14.72ms, mfu 0.08%
iter 960: loss 1.8661, time 14.81ms, mfu 0.09%
iter 970: loss 1.8405, time 14.11ms, mfu 0.09%
iter 980: loss 1.6349, time 14.11ms, mfu 0.09%
iter 990: loss 1.8301, time 13.97ms, mfu 0.09%
step 1000: train loss 1.8022, val loss 1.9429
saving checkpoint to runs/swiglu_lr2e-3
iter 1000: loss 1.8579, time 1702.96ms, mfu 0.08%
iter 1010: loss 1.6295, time 14.34ms, mfu 0.08%
iter 1020: loss 1.8239, time 13.91ms, mfu 0.08%
iter 1030: loss 1.7593, time 14.25ms, mfu 0.08%
iter 1040: loss 1.8117, time 15.41ms, mfu 0.08%
iter 1050: loss 1.7938, time 20.24ms, mfu 0.08%
iter 1060: loss 1.7499, time 14.65ms, mfu 0.08%
iter 1070: loss 1.8060, time 14.20ms, mfu 0.08%
iter 1080: loss 1.8378, time 13.71ms, mfu 0.08%
iter 1090: loss 1.7043, time 13.75ms, mfu 0.08%
iter 1100: loss 1.8170, time 14.51ms, mfu 0.08%
iter 1110: loss 1.7615, time 15.11ms, mfu 0.08%
iter 1120: loss 1.7522, time 14.34ms, mfu 0.08%
iter 1130: loss 1.7876, time 14.30ms, mfu 0.08%
iter 1140: loss 1.6323, time 13.52ms, mfu 0.09%
iter 1150: loss 1.7800, time 14.52ms, mfu 0.09%
iter 1160: loss 1.8126, time 14.27ms, mfu 0.09%
iter 1170: loss 1.8047, time 13.95ms, mfu 0.09%
iter 1180: loss 1.7989, time 14.37ms, mfu 0.09%
iter 1190: loss 1.8152, time 15.09ms, mfu 0.09%
iter 1200: loss 1.8547, time 13.98ms, mfu 0.09%
iter 1210: loss 1.7375, time 14.18ms, mfu 0.09%
iter 1220: loss 1.7001, time 18.03ms, mfu 0.09%
iter 1230: loss 1.7609, time 13.80ms, mfu 0.09%
iter 1240: loss 1.7200, time 13.80ms, mfu 0.09%
step 1250: train loss 1.7084, val loss 1.8766
saving checkpoint to runs/swiglu_lr2e-3
iter 1250: loss 1.7704, time 1782.69ms, mfu 0.08%
iter 1260: loss 1.7057, time 14.05ms, mfu 0.08%
iter 1270: loss 1.7397, time 14.56ms, mfu 0.08%
iter 1280: loss 1.7052, time 13.67ms, mfu 0.08%
iter 1290: loss 1.7394, time 14.20ms, mfu 0.08%
iter 1300: loss 1.7283, time 14.24ms, mfu 0.08%
iter 1310: loss 1.7551, time 13.86ms, mfu 0.08%
iter 1320: loss 1.7412, time 14.96ms, mfu 0.08%
iter 1330: loss 1.6092, time 14.23ms, mfu 0.08%
iter 1340: loss 1.7093, time 14.89ms, mfu 0.08%
iter 1350: loss 1.6993, time 14.21ms, mfu 0.09%
iter 1360: loss 1.6289, time 14.39ms, mfu 0.09%
iter 1370: loss 1.7150, time 14.55ms, mfu 0.09%
iter 1380: loss 1.7047, time 14.24ms, mfu 0.09%
iter 1390: loss 1.6827, time 14.69ms, mfu 0.09%
iter 1400: loss 1.4987, time 14.40ms, mfu 0.09%
iter 1410: loss 1.6992, time 14.01ms, mfu 0.09%
iter 1420: loss 1.6740, time 14.16ms, mfu 0.09%
iter 1430: loss 1.8376, time 13.62ms, mfu 0.09%
iter 1440: loss 1.5163, time 14.09ms, mfu 0.09%
iter 1450: loss 1.6454, time 15.56ms, mfu 0.09%
iter 1460: loss 1.6414, time 14.18ms, mfu 0.09%
iter 1470: loss 1.6211, time 13.86ms, mfu 0.09%
iter 1480: loss 1.6803, time 14.34ms, mfu 0.09%
iter 1490: loss 1.7533, time 13.90ms, mfu 0.09%
step 1500: train loss 1.6614, val loss 1.8141
saving checkpoint to runs/swiglu_lr2e-3
iter 1500: loss 1.7109, time 1768.59ms, mfu 0.08%
iter 1510: loss 1.4900, time 13.93ms, mfu 0.08%
iter 1520: loss 1.7389, time 14.75ms, mfu 0.08%
iter 1530: loss 1.6070, time 14.21ms, mfu 0.08%
iter 1540: loss 1.7255, time 14.49ms, mfu 0.08%
iter 1550: loss 1.6693, time 14.40ms, mfu 0.08%
iter 1560: loss 1.6138, time 14.13ms, mfu 0.08%
iter 1570: loss 1.6562, time 14.33ms, mfu 0.08%
iter 1580: loss 1.7075, time 14.04ms, mfu 0.09%
iter 1590: loss 1.5903, time 17.76ms, mfu 0.08%
iter 1600: loss 1.6389, time 14.58ms, mfu 0.08%
iter 1610: loss 1.5982, time 13.85ms, mfu 0.08%
iter 1620: loss 1.5798, time 14.23ms, mfu 0.09%
iter 1630: loss 1.5591, time 13.34ms, mfu 0.09%
iter 1640: loss 1.5452, time 14.24ms, mfu 0.09%
iter 1650: loss 1.6633, time 14.66ms, mfu 0.09%
iter 1660: loss 1.5803, time 13.51ms, mfu 0.09%
iter 1670: loss 1.6211, time 14.47ms, mfu 0.09%
iter 1680: loss 1.6237, time 13.60ms, mfu 0.09%
iter 1690: loss 1.6450, time 15.02ms, mfu 0.09%
iter 1700: loss 1.6145, time 13.57ms, mfu 0.09%
iter 1710: loss 1.6867, time 13.84ms, mfu 0.09%
iter 1720: loss 1.6066, time 14.32ms, mfu 0.09%
iter 1730: loss 1.5891, time 14.35ms, mfu 0.09%
iter 1740: loss 1.6140, time 14.24ms, mfu 0.09%
step 1750: train loss 1.6162, val loss 1.7836
saving checkpoint to runs/swiglu_lr2e-3
iter 1750: loss 1.6419, time 1737.02ms, mfu 0.08%
iter 1760: loss 1.5900, time 14.89ms, mfu 0.08%
iter 1770: loss 1.6657, time 14.22ms, mfu 0.08%
iter 1780: loss 1.6282, time 17.74ms, mfu 0.08%
iter 1790: loss 1.6302, time 15.20ms, mfu 0.08%
iter 1800: loss 1.6205, time 13.91ms, mfu 0.08%
iter 1810: loss 1.6989, time 14.91ms, mfu 0.08%
iter 1820: loss 1.6058, time 14.36ms, mfu 0.08%
iter 1830: loss 1.4911, time 14.39ms, mfu 0.08%
iter 1840: loss 1.5662, time 14.39ms, mfu 0.08%
iter 1850: loss 1.7720, time 14.37ms, mfu 0.08%
iter 1860: loss 1.7069, time 15.06ms, mfu 0.08%
iter 1870: loss 1.5847, time 14.27ms, mfu 0.08%
iter 1880: loss 1.6963, time 13.81ms, mfu 0.09%
iter 1890: loss 1.7535, time 14.31ms, mfu 0.09%
iter 1900: loss 1.5694, time 14.47ms, mfu 0.09%
iter 1910: loss 1.5264, time 14.46ms, mfu 0.09%
iter 1920: loss 1.5936, time 14.51ms, mfu 0.09%
iter 1930: loss 1.5197, time 13.96ms, mfu 0.09%
iter 1940: loss 1.5623, time 13.95ms, mfu 0.09%
iter 1950: loss 1.5768, time 15.04ms, mfu 0.09%
iter 1960: loss 1.5311, time 14.47ms, mfu 0.09%
iter 1970: loss 1.6455, time 14.55ms, mfu 0.09%
iter 1980: loss 1.5789, time 14.50ms, mfu 0.09%
iter 1990: loss 1.6373, time 14.29ms, mfu 0.09%
step 2000: train loss 1.5963, val loss 1.7556
saving checkpoint to runs/swiglu_lr2e-3
iter 2000: loss 1.6461, time 1767.64ms, mfu 0.08%
