Overriding config with config/train_shakespeare_char.py:
# train a miniature character-level shakespeare model
# good for debugging and playing on macbooks and such

out_dir = 'out-shakespeare-char'
eval_interval = 250 # keep frequent because we'll overfit
eval_iters = 200
log_interval = 10 # don't print too too often

# we expect to overfit on this small dataset, so only save when val improves
always_save_checkpoint = False

wandb_log = False # override via command line if you like
wandb_project = 'shakespeare-char'
wandb_run_name = 'mini-gpt'

dataset = 'shakespeare_char'
gradient_accumulation_steps = 1
batch_size = 64
block_size = 256 # context of up to 256 previous characters

# baby GPT model :)
n_layer = 6
n_head = 6
n_embd = 384
dropout = 0.2

learning_rate = 1e-3 # with baby networks can afford to go a bit higher
max_iters = 5000
lr_decay_iters = 5000 # make equal to max_iters usually
min_lr = 1e-4 # learning_rate / 10 usually
beta2 = 0.99 # make a bit bigger because number of tokens per iter is small

warmup_iters = 100 # not super necessary potentially

# on macbook also add
# device = 'cpu'  # run on cpu only
# compile = False # do not torch compile the model

Overriding: device = cpu
Overriding: compile = False
Overriding: eval_iters = 200
Overriding: log_interval = 10
Overriding: block_size = 64
Overriding: batch_size = 12
Overriding: n_layer = 4
Overriding: n_head = 4
Overriding: n_embd = 128
Overriding: max_iters = 2000
Overriding: lr_decay_iters = 2000
Overriding: dropout = 0.0
Overriding: learning_rate = 0.001
Overriding: out_dir = runs/gqa_lr1e-3
Overriding: n_kv_head = 2
tokens per iteration will be: 768
found vocab_size = 65 (inside data/shakespeare_char/meta.pkl)
Initializing a new model from scratch
number of parameters: 0.73M
train.py:203: FutureWarning: `torch.cuda.amp.GradScaler(args...)` is deprecated. Please use `torch.amp.GradScaler('cuda', args...)` instead.
  scaler = torch.cuda.amp.GradScaler(enabled=(dtype == 'float16'))
.venv/lib/python3.13/site-packages/torch/cuda/amp/grad_scaler.py:31: UserWarning: torch.cuda.amp.GradScaler is enabled, but CUDA is not available.  Disabling.
  super().__init__(
num decayed parameter tensors: 18, with 737,408 parameters
num non-decayed parameter tensors: 9, with 1,152 parameters
using fused AdamW: False
step 0: train loss 4.1958, val loss 4.1940
iter 0: loss 4.1979, time 1491.84ms, mfu -100.00%
iter 10: loss 3.7241, time 12.55ms, mfu 0.09%
iter 20: loss 3.5164, time 12.66ms, mfu 0.09%
iter 30: loss 3.2086, time 13.75ms, mfu 0.09%
iter 40: loss 2.9980, time 12.83ms, mfu 0.09%
iter 50: loss 2.8760, time 13.36ms, mfu 0.09%
iter 60: loss 2.7569, time 12.78ms, mfu 0.09%
iter 70: loss 2.6801, time 12.92ms, mfu 0.09%
iter 80: loss 2.6405, time 13.12ms, mfu 0.09%
iter 90: loss 2.6311, time 13.10ms, mfu 0.09%
iter 100: loss 2.6344, time 12.83ms, mfu 0.09%
iter 110: loss 2.5422, time 13.31ms, mfu 0.09%
iter 120: loss 2.5051, time 12.75ms, mfu 0.09%
iter 130: loss 2.5196, time 13.04ms, mfu 0.09%
iter 140: loss 2.5020, time 12.81ms, mfu 0.09%
iter 150: loss 2.5435, time 13.21ms, mfu 0.09%
iter 160: loss 2.4694, time 16.31ms, mfu 0.09%
iter 170: loss 2.4877, time 12.86ms, mfu 0.09%
iter 180: loss 2.5572, time 12.77ms, mfu 0.09%
iter 190: loss 2.5321, time 13.09ms, mfu 0.09%
iter 200: loss 2.4477, time 13.22ms, mfu 0.09%
iter 210: loss 2.4732, time 13.07ms, mfu 0.09%
iter 220: loss 2.4378, time 12.51ms, mfu 0.09%
iter 230: loss 2.4303, time 12.74ms, mfu 0.09%
iter 240: loss 2.4944, time 13.10ms, mfu 0.09%
step 250: train loss 2.4506, val loss 2.4710
saving checkpoint to runs/gqa_lr1e-3
iter 250: loss 2.4046, time 1587.80ms, mfu 0.08%
iter 260: loss 2.5012, time 13.26ms, mfu 0.08%
iter 270: loss 2.4574, time 13.41ms, mfu 0.08%
iter 280: loss 2.4804, time 13.52ms, mfu 0.08%
iter 290: loss 2.3834, time 13.08ms, mfu 0.08%
iter 300: loss 2.3524, time 13.29ms, mfu 0.08%
iter 310: loss 2.4207, time 13.14ms, mfu 0.08%
iter 320: loss 2.4208, time 13.40ms, mfu 0.09%
iter 330: loss 2.5075, time 13.27ms, mfu 0.09%
iter 340: loss 2.4262, time 12.83ms, mfu 0.09%
iter 350: loss 2.3706, time 12.98ms, mfu 0.09%
iter 360: loss 2.3876, time 14.70ms, mfu 0.09%
iter 370: loss 2.4023, time 12.96ms, mfu 0.09%
iter 380: loss 2.3841, time 13.07ms, mfu 0.09%
iter 390: loss 2.3332, time 12.92ms, mfu 0.09%
iter 400: loss 2.3340, time 13.05ms, mfu 0.09%
iter 410: loss 2.3178, time 12.83ms, mfu 0.09%
iter 420: loss 2.3096, time 13.32ms, mfu 0.09%
iter 430: loss 2.2742, time 13.09ms, mfu 0.09%
iter 440: loss 2.2058, time 13.28ms, mfu 0.09%
iter 450: loss 2.3298, time 13.08ms, mfu 0.09%
iter 460: loss 2.2657, time 12.94ms, mfu 0.09%
iter 470: loss 2.3877, time 13.41ms, mfu 0.09%
iter 480: loss 2.2385, time 12.61ms, mfu 0.09%
iter 490: loss 2.3673, time 12.82ms, mfu 0.09%
step 500: train loss 2.3048, val loss 2.3133
saving checkpoint to runs/gqa_lr1e-3
iter 500: loss 2.3411, time 1596.63ms, mfu 0.08%
iter 510: loss 2.3198, time 15.96ms, mfu 0.08%
iter 520: loss 2.2826, time 13.41ms, mfu 0.08%
iter 530: loss 2.2990, time 13.03ms, mfu 0.08%
iter 540: loss 2.3165, time 13.02ms, mfu 0.08%
iter 550: loss 2.2607, time 13.62ms, mfu 0.08%
iter 560: loss 2.2572, time 12.93ms, mfu 0.08%
iter 570: loss 2.1479, time 13.65ms, mfu 0.08%
iter 580: loss 2.2240, time 18.52ms, mfu 0.08%
iter 590: loss 2.2476, time 13.69ms, mfu 0.08%
iter 600: loss 2.2004, time 13.58ms, mfu 0.08%
iter 610: loss 2.2431, time 13.28ms, mfu 0.08%
iter 620: loss 2.2694, time 13.09ms, mfu 0.08%
iter 630: loss 2.2475, time 13.44ms, mfu 0.08%
iter 640: loss 2.1647, time 13.23ms, mfu 0.08%
iter 650: loss 2.2134, time 13.16ms, mfu 0.09%
iter 660: loss 2.2800, time 13.95ms, mfu 0.09%
iter 670: loss 2.2054, time 13.16ms, mfu 0.09%
iter 680: loss 2.1956, time 12.85ms, mfu 0.09%
iter 690: loss 2.1014, time 13.25ms, mfu 0.09%
iter 700: loss 2.1728, time 12.91ms, mfu 0.09%
iter 710: loss 2.2521, time 13.55ms, mfu 0.09%
iter 720: loss 2.1344, time 15.34ms, mfu 0.09%
iter 730: loss 2.2246, time 15.32ms, mfu 0.08%
iter 740: loss 2.1174, time 13.29ms, mfu 0.09%
step 750: train loss 2.1538, val loss 2.1982
saving checkpoint to runs/gqa_lr1e-3
iter 750: loss 2.1757, time 1665.54ms, mfu 0.08%
iter 760: loss 2.2131, time 13.29ms, mfu 0.08%
iter 770: loss 2.2087, time 12.91ms, mfu 0.08%
iter 780: loss 2.1180, time 13.23ms, mfu 0.08%
iter 790: loss 2.1153, time 13.06ms, mfu 0.08%
iter 800: loss 2.0709, time 13.12ms, mfu 0.08%
iter 810: loss 2.0285, time 13.01ms, mfu 0.08%
iter 820: loss 2.0611, time 12.79ms, mfu 0.08%
iter 830: loss 2.0919, time 13.57ms, mfu 0.08%
iter 840: loss 2.1235, time 13.40ms, mfu 0.08%
iter 850: loss 2.1954, time 13.26ms, mfu 0.08%
iter 860: loss 2.1031, time 13.18ms, mfu 0.09%
iter 870: loss 2.1813, time 13.69ms, mfu 0.09%
iter 880: loss 2.0917, time 13.26ms, mfu 0.09%
iter 890: loss 2.0765, time 13.30ms, mfu 0.09%
iter 900: loss 2.1005, time 13.08ms, mfu 0.09%
iter 910: loss 2.0317, time 13.32ms, mfu 0.09%
iter 920: loss 2.0181, time 13.11ms, mfu 0.09%
iter 930: loss 2.1383, time 13.84ms, mfu 0.09%
iter 940: loss 2.0465, time 13.54ms, mfu 0.09%
iter 950: loss 2.0493, time 13.48ms, mfu 0.09%
iter 960: loss 2.0106, time 13.87ms, mfu 0.09%
iter 970: loss 2.0808, time 13.38ms, mfu 0.09%
iter 980: loss 2.1024, time 12.92ms, mfu 0.09%
iter 990: loss 2.0681, time 13.63ms, mfu 0.09%
step 1000: train loss 2.0315, val loss 2.0960
saving checkpoint to runs/gqa_lr1e-3
iter 1000: loss 1.9728, time 1656.19ms, mfu 0.08%
iter 1010: loss 2.0223, time 13.19ms, mfu 0.08%
iter 1020: loss 1.9901, time 13.02ms, mfu 0.08%
iter 1030: loss 2.1486, time 13.33ms, mfu 0.08%
iter 1040: loss 1.9718, time 13.57ms, mfu 0.08%
iter 1050: loss 2.0084, time 13.23ms, mfu 0.08%
iter 1060: loss 2.0321, time 12.81ms, mfu 0.08%
iter 1070: loss 1.9793, time 13.27ms, mfu 0.08%
iter 1080: loss 2.0753, time 13.05ms, mfu 0.08%
iter 1090: loss 1.9622, time 13.17ms, mfu 0.09%
iter 1100: loss 1.9695, time 13.01ms, mfu 0.09%
iter 1110: loss 1.9839, time 12.98ms, mfu 0.09%
iter 1120: loss 1.9458, time 13.16ms, mfu 0.09%
iter 1130: loss 2.0354, time 13.52ms, mfu 0.09%
iter 1140: loss 1.9229, time 12.96ms, mfu 0.09%
iter 1150: loss 2.0754, time 13.54ms, mfu 0.09%
iter 1160: loss 1.9013, time 13.33ms, mfu 0.09%
iter 1170: loss 1.9192, time 13.31ms, mfu 0.09%
iter 1180: loss 1.9611, time 13.25ms, mfu 0.09%
iter 1190: loss 1.9178, time 13.31ms, mfu 0.09%
iter 1200: loss 1.9185, time 13.35ms, mfu 0.09%
iter 1210: loss 2.0681, time 15.62ms, mfu 0.09%
iter 1220: loss 1.9361, time 13.20ms, mfu 0.09%
iter 1230: loss 1.8009, time 14.44ms, mfu 0.09%
iter 1240: loss 2.0381, time 12.75ms, mfu 0.09%
step 1250: train loss 1.9349, val loss 2.0215
saving checkpoint to runs/gqa_lr1e-3
iter 1250: loss 1.9030, time 1679.43ms, mfu 0.08%
iter 1260: loss 1.9560, time 13.34ms, mfu 0.08%
iter 1270: loss 2.0617, time 13.64ms, mfu 0.08%
iter 1280: loss 1.9782, time 15.70ms, mfu 0.08%
iter 1290: loss 1.8275, time 13.41ms, mfu 0.08%
iter 1300: loss 2.0170, time 13.43ms, mfu 0.08%
iter 1310: loss 1.8825, time 13.00ms, mfu 0.08%
iter 1320: loss 1.9207, time 13.07ms, mfu 0.08%
iter 1330: loss 1.9588, time 12.73ms, mfu 0.08%
iter 1340: loss 1.9085, time 12.81ms, mfu 0.08%
iter 1350: loss 1.9788, time 13.38ms, mfu 0.08%
iter 1360: loss 1.8612, time 12.84ms, mfu 0.09%
iter 1370: loss 1.8952, time 13.30ms, mfu 0.09%
iter 1380: loss 1.8132, time 13.15ms, mfu 0.09%
iter 1390: loss 1.8977, time 13.35ms, mfu 0.09%
iter 1400: loss 1.8973, time 12.69ms, mfu 0.09%
iter 1410: loss 1.8571, time 13.05ms, mfu 0.09%
iter 1420: loss 1.7858, time 13.11ms, mfu 0.09%
iter 1430: loss 1.9128, time 12.87ms, mfu 0.09%
iter 1440: loss 1.8383, time 13.48ms, mfu 0.09%
iter 1450: loss 1.7864, time 13.31ms, mfu 0.09%
iter 1460: loss 1.8639, time 13.23ms, mfu 0.09%
iter 1470: loss 1.9088, time 13.09ms, mfu 0.09%
iter 1480: loss 1.8428, time 13.18ms, mfu 0.09%
iter 1490: loss 1.9175, time 13.07ms, mfu 0.09%
step 1500: train loss 1.8734, val loss 1.9680
saving checkpoint to runs/gqa_lr1e-3
iter 1500: loss 1.8241, time 1658.22ms, mfu 0.08%
iter 1510: loss 1.9221, time 13.23ms, mfu 0.08%
iter 1520: loss 1.7959, time 13.32ms, mfu 0.08%
iter 1530: loss 1.7928, time 12.79ms, mfu 0.08%
iter 1540: loss 1.8156, time 13.63ms, mfu 0.08%
iter 1550: loss 1.8676, time 13.08ms, mfu 0.08%
iter 1560: loss 1.9025, time 13.10ms, mfu 0.08%
iter 1570: loss 1.8190, time 13.29ms, mfu 0.08%
iter 1580: loss 1.8769, time 13.48ms, mfu 0.08%
iter 1590: loss 1.8400, time 13.29ms, mfu 0.09%
iter 1600: loss 1.8387, time 13.00ms, mfu 0.09%
iter 1610: loss 1.8347, time 13.69ms, mfu 0.09%
iter 1620: loss 1.8322, time 21.07ms, mfu 0.08%
iter 1630: loss 1.9013, time 13.46ms, mfu 0.08%
iter 1640: loss 1.7829, time 12.62ms, mfu 0.08%
iter 1650: loss 1.9135, time 13.06ms, mfu 0.08%
iter 1660: loss 1.8899, time 12.84ms, mfu 0.09%
iter 1670: loss 1.8706, time 13.00ms, mfu 0.09%
iter 1680: loss 1.7352, time 13.42ms, mfu 0.09%
iter 1690: loss 1.7332, time 12.94ms, mfu 0.09%
iter 1700: loss 1.8511, time 15.19ms, mfu 0.09%
iter 1710: loss 1.6843, time 13.42ms, mfu 0.09%
iter 1720: loss 1.8887, time 13.59ms, mfu 0.09%
iter 1730: loss 1.8529, time 13.14ms, mfu 0.09%
iter 1740: loss 1.9482, time 12.87ms, mfu 0.09%
step 1750: train loss 1.8214, val loss 1.9316
saving checkpoint to runs/gqa_lr1e-3
iter 1750: loss 1.7410, time 1662.34ms, mfu 0.08%
iter 1760: loss 1.8936, time 13.61ms, mfu 0.08%
iter 1770: loss 1.8150, time 13.58ms, mfu 0.08%
iter 1780: loss 1.8049, time 13.24ms, mfu 0.08%
iter 1790: loss 1.8559, time 13.24ms, mfu 0.08%
iter 1800: loss 1.8242, time 13.04ms, mfu 0.08%
iter 1810: loss 1.7314, time 13.11ms, mfu 0.08%
iter 1820: loss 1.7349, time 12.59ms, mfu 0.08%
iter 1830: loss 1.9737, time 13.04ms, mfu 0.08%
iter 1840: loss 1.7029, time 13.55ms, mfu 0.08%
iter 1850: loss 1.7502, time 13.13ms, mfu 0.09%
iter 1860: loss 1.7801, time 13.54ms, mfu 0.09%
iter 1870: loss 1.8691, time 13.03ms, mfu 0.09%
iter 1880: loss 1.8704, time 13.62ms, mfu 0.09%
iter 1890: loss 1.8346, time 13.49ms, mfu 0.09%
iter 1900: loss 1.7970, time 13.82ms, mfu 0.09%
iter 1910: loss 1.7993, time 13.41ms, mfu 0.09%
iter 1920: loss 1.8004, time 13.48ms, mfu 0.09%
iter 1930: loss 1.7696, time 13.71ms, mfu 0.09%
iter 1940: loss 1.8701, time 13.44ms, mfu 0.09%
iter 1950: loss 1.7983, time 13.21ms, mfu 0.09%
iter 1960: loss 1.8336, time 13.38ms, mfu 0.09%
iter 1970: loss 1.7660, time 13.14ms, mfu 0.09%
iter 1980: loss 1.7796, time 13.63ms, mfu 0.09%
iter 1990: loss 1.8560, time 13.29ms, mfu 0.09%
step 2000: train loss 1.7942, val loss 1.9113
saving checkpoint to runs/gqa_lr1e-3
iter 2000: loss 1.8341, time 1685.22ms, mfu 0.08%
